interactions:
- request:
    body: null
    headers:
      Connection: [keep-alive]
      Content-Length: ['0']
      User-Agent: [Azure-Storage/0.37.0-0.36.0 (Python CPython 2.7.10; Darwin 16.7.0)]
      x-ms-client-request-id: [03d7264f-a7af-11e7-a1eb-b8e8564491f6]
      x-ms-date: ['Mon, 02 Oct 2017 20:19:38 GMT']
      x-ms-version: ['2017-04-17']
    method: PUT
    uri: https://storagename.file.core.windows.net/share213d0f61?restype=share
  response:
    body: {string: !!python/unicode ''}
    headers:
      date: ['Mon, 02 Oct 2017 20:19:39 GMT']
      etag: ['"0x8D509D2E8D40F0C"']
      last-modified: ['Mon, 02 Oct 2017 20:19:39 GMT']
      server: [Windows-Azure-File/1.0 Microsoft-HTTPAPI/2.0]
      transfer-encoding: [chunked]
      x-ms-request-id: [7b67b2f0-001a-006b-52bb-3b0982000000]
      x-ms-version: ['2017-04-17']
    status: {code: 201, message: Created}
- request:
    body: null
    headers:
      Connection: [keep-alive]
      Content-Length: ['0']
      User-Agent: [Azure-Storage/0.37.0-0.36.0 (Python CPython 2.7.10; Darwin 16.7.0)]
      x-ms-client-request-id: [03eeab68-a7af-11e7-8c19-b8e8564491f6]
      x-ms-date: ['Mon, 02 Oct 2017 20:19:38 GMT']
      x-ms-version: ['2017-04-17']
    method: PUT
    uri: https://storagename.file.core.windows.net/share213d0f61?comp=snapshot&restype=share
  response:
    body: {string: !!python/unicode ''}
    headers:
      date: ['Mon, 02 Oct 2017 20:19:39 GMT']
      etag: ['"0x8D509D2E8D40F0C"']
      last-modified: ['Mon, 02 Oct 2017 20:19:39 GMT']
      server: [Windows-Azure-File/1.0 Microsoft-HTTPAPI/2.0]
      transfer-encoding: [chunked]
      x-ms-request-id: [7b67b2f3-001a-006b-53bb-3b0982000000]
      x-ms-snapshot: ['2017-10-02T20:19:39.0000000Z']
      x-ms-version: ['2017-04-17']
    status: {code: 201, message: Created}
- request:
    body: null
    headers:
      Connection: [keep-alive]
      User-Agent: [Azure-Storage/0.37.0-0.36.0 (Python CPython 2.7.10; Darwin 16.7.0)]
      x-ms-client-request-id: [03f66330-a7af-11e7-8194-b8e8564491f6]
      x-ms-date: ['Mon, 02 Oct 2017 20:19:38 GMT']
      x-ms-version: ['2017-04-17']
    method: GET
    uri: https://storagename.file.core.windows.net/share213d0f61?sharesnapshot=2017-10-02T20%3A19%3A39.0000000Z&restype=share
  response:
    body: {string: !!python/unicode ''}
    headers:
      date: ['Mon, 02 Oct 2017 20:19:39 GMT']
      etag: ['"0x8D509D2E8D40F0C"']
      last-modified: ['Mon, 02 Oct 2017 20:19:39 GMT']
      server: [Windows-Azure-File/1.0 Microsoft-HTTPAPI/2.0]
      transfer-encoding: [chunked]
      x-ms-request-id: [7b67b2f4-001a-006b-54bb-3b0982000000]
      x-ms-share-quota: ['5120']
      x-ms-version: ['2017-04-17']
    status: {code: 200, message: OK}
version: 1
