interactions:
- request:
    body: null
    headers:
      Connection: [keep-alive]
      Content-Length: ['0']
      User-Agent: [Azure-Storage/0.35.1 (Python CPython 3.6.1; Darwin 16.6.0)]
      x-ms-client-request-id: [7bf55588-68f5-11e7-b3bf-b8e8564491f6]
      x-ms-date: ['Sat, 15 Jul 2017 00:35:21 GMT']
      x-ms-version: ['2017-04-17']
    method: PUT
    uri: https://storagename.blob.core.windows.net/containere54813d5?restype=container
  response:
    body: {string: ''}
    headers:
      Date: ['Sat, 15 Jul 2017 00:35:22 GMT']
      ETag: ['"0x8D4CB196135B233"']
      Last-Modified: ['Sat, 15 Jul 2017 00:35:23 GMT']
      Server: [Windows-Azure-Blob/1.0 Microsoft-HTTPAPI/2.0]
      Transfer-Encoding: [chunked]
      x-ms-request-id: [e420a51a-0001-0011-1e02-fd63cf000000]
      x-ms-version: ['2017-04-17']
    status: {code: 201, message: Created}
- request:
    body: hello world
    headers:
      Connection: [keep-alive]
      Content-Length: ['11']
      User-Agent: [Azure-Storage/0.35.1 (Python CPython 3.6.1; Darwin 16.6.0)]
      x-ms-blob-type: [BlockBlob]
      x-ms-client-request-id: [7c0958da-68f5-11e7-8b9f-b8e8564491f6]
      x-ms-date: ['Sat, 15 Jul 2017 00:35:21 GMT']
      x-ms-meta-status: [original]
      x-ms-version: ['2017-04-17']
    method: PUT
    uri: https://storagename.blob.core.windows.net/containere54813d5/blob1
  response:
    body: {string: ''}
    headers:
      Content-MD5: [XrY7u+Ae7tCTyyK7j1rNww==]
      Date: ['Sat, 15 Jul 2017 00:35:22 GMT']
      ETag: ['"0x8D4CB1960C478B8"']
      Last-Modified: ['Sat, 15 Jul 2017 00:35:22 GMT']
      Server: [Windows-Azure-Blob/1.0 Microsoft-HTTPAPI/2.0]
      Transfer-Encoding: [chunked]
      x-ms-request-id: [e420a52a-0001-0011-2a02-fd63cf000000]
      x-ms-request-server-encrypted: ['true']
      x-ms-version: ['2017-04-17']
    status: {code: 201, message: Created}
- request:
    body: null
    headers:
      Connection: [keep-alive]
      Content-Length: ['0']
      User-Agent: [Azure-Storage/0.35.1 (Python CPython 3.6.1; Darwin 16.6.0)]
      x-ms-client-request-id: [7c104c26-68f5-11e7-b5bf-b8e8564491f6]
      x-ms-copy-source: ['https://xclientdev3.blob.core.windows.net/containere54813d5/blob1']
      x-ms-date: ['Sat, 15 Jul 2017 00:35:21 GMT']
      x-ms-meta-status: [copy]
      x-ms-version: ['2017-04-17']
    method: PUT
    uri: https://storagename.blob.core.windows.net/containere54813d5/blob1copy
  response:
    body: {string: ''}
    headers:
      Date: ['Sat, 15 Jul 2017 00:35:22 GMT']
      ETag: ['"0x8D4CB1960CCB79F"']
      Last-Modified: ['Sat, 15 Jul 2017 00:35:22 GMT']
      Server: [Windows-Azure-Blob/1.0 Microsoft-HTTPAPI/2.0]
      Transfer-Encoding: [chunked]
      x-ms-copy-id: [376bfc6e-5546-4440-9c28-865106e0d95e]
      x-ms-copy-status: [success]
      x-ms-request-id: [e420a53f-0001-0011-3d02-fd63cf000000]
      x-ms-version: ['2017-04-17']
    status: {code: 202, message: Accepted}
- request:
    body: null
    headers:
      Connection: [keep-alive]
      User-Agent: [Azure-Storage/0.35.1 (Python CPython 3.6.1; Darwin 16.6.0)]
      x-ms-client-request-id: [7c175f5c-68f5-11e7-ac39-b8e8564491f6]
      x-ms-date: ['Sat, 15 Jul 2017 00:35:21 GMT']
      x-ms-version: ['2017-04-17']
    method: GET
    uri: https://storagename.blob.core.windows.net/containere54813d5?restype=container&comp=list&include=copy
  response:
    body: {string: "\uFEFF<?xml version=\"1.0\" encoding=\"utf-8\"?><EnumerationResults\
        \ ServiceEndpoint=\"https://storagename.blob.core.windows.net/\" ContainerName=\"\
        containere54813d5\"><Blobs><Blob><Name>blob1</Name><Properties><Last-Modified>Sat,\
        \ 15 Jul 2017 00:35:22 GMT</Last-Modified><Etag>0x8D4CB1960C478B8</Etag><Content-Length>11</Content-Length><Content-Type>application/octet-stream</Content-Type><Content-Encoding\
        \ /><Content-Language /><Content-MD5>XrY7u+Ae7tCTyyK7j1rNww==</Content-MD5><Cache-Control\
        \ /><Content-Disposition /><BlobType>BlockBlob</BlobType><LeaseStatus>unlocked</LeaseStatus><LeaseState>available</LeaseState><ServerEncrypted>true</ServerEncrypted></Properties></Blob><Blob><Name>blob1copy</Name><Properties><Last-Modified>Sat,\
        \ 15 Jul 2017 00:35:22 GMT</Last-Modified><Etag>0x8D4CB1960CCB79F</Etag><Content-Length>11</Content-Length><Content-Type>application/octet-stream</Content-Type><Content-Encoding\
        \ /><Content-Language /><Content-MD5>XrY7u+Ae7tCTyyK7j1rNww==</Content-MD5><Cache-Control\
        \ /><Content-Disposition /><BlobType>BlockBlob</BlobType><LeaseStatus>unlocked</LeaseStatus><LeaseState>available</LeaseState><CopyId>376bfc6e-5546-4440-9c28-865106e0d95e</CopyId><CopySource>https://storagename.blob.core.windows.net/containere54813d5/blob1</CopySource><CopyStatus>success</CopyStatus><CopyProgress>11/11</CopyProgress><CopyCompletionTime>Sat,\
        \ 15 Jul 2017 00:35:23 GMT</CopyCompletionTime><ServerEncrypted>true</ServerEncrypted></Properties></Blob></Blobs><NextMarker\
        \ /></EnumerationResults>"}
    headers:
      Content-Type: [application/xml]
      Date: ['Sat, 15 Jul 2017 00:35:22 GMT']
      Server: [Windows-Azure-Blob/1.0 Microsoft-HTTPAPI/2.0]
      Transfer-Encoding: [chunked]
      Vary: [Origin]
      x-ms-request-id: [e420a54f-0001-0011-4a02-fd63cf000000]
      x-ms-version: ['2017-04-17']
    status: {code: 200, message: OK}
version: 1
