interactions:
- request:
    body: null
    headers:
      Connection: [keep-alive]
      Content-Length: ['0']
      User-Agent: [Azure-Storage/0.37.0-0.36.0 (Python CPython 2.7.10; Darwin 16.7.0)]
      x-ms-client-request-id: [0226f18c-a7af-11e7-aff0-b8e8564491f6]
      x-ms-date: ['Mon, 02 Oct 2017 20:19:35 GMT']
      x-ms-version: ['2017-04-17']
    method: PUT
    uri: https://storagename.file.core.windows.net/sharebd7817d1?restype=share
  response:
    body: {string: !!python/unicode ''}
    headers:
      date: ['Mon, 02 Oct 2017 20:19:36 GMT']
      etag: ['"0x8D509D2E715B5FE"']
      last-modified: ['Mon, 02 Oct 2017 20:19:36 GMT']
      server: [Windows-Azure-File/1.0 Microsoft-HTTPAPI/2.0]
      transfer-encoding: [chunked]
      x-ms-request-id: [6a101594-001a-00f7-40bb-3b723f000000]
      x-ms-version: ['2017-04-17']
    status: {code: 201, message: Created}
- request:
    body: !!python/unicode '<?xml version=''1.0'' encoding=''utf-8''?>

      <SignedIdentifiers><SignedIdentifier><Id>empty</Id><AccessPolicy /></SignedIdentifier></SignedIdentifiers>'
    headers:
      Connection: [keep-alive]
      Content-Length: ['145']
      User-Agent: [Azure-Storage/0.37.0-0.36.0 (Python CPython 2.7.10; Darwin 16.7.0)]
      x-ms-client-request-id: [023babe8-a7af-11e7-bf25-b8e8564491f6]
      x-ms-date: ['Mon, 02 Oct 2017 20:19:35 GMT']
      x-ms-version: ['2017-04-17']
    method: PUT
    uri: https://storagename.file.core.windows.net/sharebd7817d1?comp=acl&restype=share
  response:
    body: {string: !!python/unicode ''}
    headers:
      date: ['Mon, 02 Oct 2017 20:19:36 GMT']
      etag: ['"0x8D509D2E73FD561"']
      last-modified: ['Mon, 02 Oct 2017 20:19:37 GMT']
      server: [Windows-Azure-File/1.0 Microsoft-HTTPAPI/2.0]
      transfer-encoding: [chunked]
      x-ms-request-id: [6a101597-001a-00f7-41bb-3b723f000000]
      x-ms-version: ['2017-04-17']
    status: {code: 200, message: OK}
- request:
    body: null
    headers:
      Connection: [keep-alive]
      User-Agent: [Azure-Storage/0.37.0-0.36.0 (Python CPython 2.7.10; Darwin 16.7.0)]
      x-ms-client-request-id: [024235ee-a7af-11e7-8cc8-b8e8564491f6]
      x-ms-date: ['Mon, 02 Oct 2017 20:19:35 GMT']
      x-ms-version: ['2017-04-17']
    method: GET
    uri: https://storagename.file.core.windows.net/sharebd7817d1?comp=acl&restype=share
  response:
    body: {string: "\uFEFF<?xml version=\"1.0\" encoding=\"utf-8\"?><SignedIdentifiers><SignedIdentifier><Id>empty</Id></SignedIdentifier></SignedIdentifiers>"}
    headers:
      content-type: [application/xml]
      date: ['Mon, 02 Oct 2017 20:19:36 GMT']
      etag: ['"0x8D509D2E73FD561"']
      last-modified: ['Mon, 02 Oct 2017 20:19:37 GMT']
      server: [Windows-Azure-File/1.0 Microsoft-HTTPAPI/2.0]
      transfer-encoding: [chunked]
      x-ms-request-id: [6a101598-001a-00f7-42bb-3b723f000000]
      x-ms-version: ['2017-04-17']
    status: {code: 200, message: OK}
version: 1
