interactions:
- request:
    body: null
    headers:
      Accept-Encoding: ['gzip, deflate']
      Connection: [keep-alive]
      Content-Length: ['0']
      Content-Type: [application/octet-stream Charset=UTF-8]
      User-Agent: [pyazure/0.20.0]
      x-ms-date: ['Tue, 21 Jul 2015 20:10:43 GMT']
      x-ms-version: ['2014-02-14']
    method: PUT
    uri: https://storagename.file.core.windows.net/utshare619110b3?restype=share
  response:
    body: {string: ''}
    headers:
      Date: ['Tue, 21 Jul 2015 20:10:43 GMT']
      ETag: ['"0x8D29208754BFCD1"']
      Last-Modified: ['Tue, 21 Jul 2015 20:10:43 GMT']
      Server: [Windows-Azure-File/1.0 Microsoft-HTTPAPI/2.0]
      Transfer-Encoding: [chunked]
      x-ms-request-id: [ed6e6268-001a-0067-7ef1-c34cad000000]
      x-ms-version: ['2014-02-14']
    status: {code: 201, message: Created}
- request:
    body: null
    headers:
      Accept-Encoding: ['gzip, deflate']
      Connection: [keep-alive]
      Content-Length: ['0']
      Content-Type: [application/octet-stream Charset=UTF-8]
      User-Agent: [pyazure/0.20.0]
      x-ms-date: ['Tue, 21 Jul 2015 20:10:43 GMT']
      x-ms-meta-hello: [world]
      x-ms-meta-number: ['42']
      x-ms-version: ['2014-02-14']
    method: PUT
    uri: https://storagename.file.core.windows.net/utshare619110b3?restype=share&comp=metadata
  response:
    body: {string: ''}
    headers:
      Date: ['Tue, 21 Jul 2015 20:10:43 GMT']
      ETag: ['"0x8D292087595CE57"']
      Last-Modified: ['Tue, 21 Jul 2015 20:10:44 GMT']
      Server: [Windows-Azure-File/1.0 Microsoft-HTTPAPI/2.0]
      Transfer-Encoding: [chunked]
      x-ms-request-id: [ed6e626a-001a-0067-7ff1-c34cad000000]
      x-ms-version: ['2014-02-14']
    status: {code: 200, message: OK}
- request:
    body: null
    headers:
      Accept-Encoding: ['gzip, deflate']
      Connection: [keep-alive]
      Content-Type: [application/octet-stream Charset=UTF-8]
      User-Agent: [pyazure/0.20.0]
      x-ms-date: ['Tue, 21 Jul 2015 20:10:43 GMT']
      x-ms-version: ['2014-02-14']
    method: GET
    uri: https://storagename.file.core.windows.net/utshare619110b3?restype=share&comp=metadata
  response:
    body: {string: ''}
    headers:
      Date: ['Tue, 21 Jul 2015 20:10:43 GMT']
      ETag: ['"0x8D292087595CE57"']
      Last-Modified: ['Tue, 21 Jul 2015 20:10:44 GMT']
      Server: [Windows-Azure-File/1.0 Microsoft-HTTPAPI/2.0]
      Transfer-Encoding: [chunked]
      Vary: [Origin]
      x-ms-meta-hello: [world]
      x-ms-meta-number: ['42']
      x-ms-request-id: [ed6e626b-001a-0067-80f1-c34cad000000]
      x-ms-version: ['2014-02-14']
    status: {code: 200, message: OK}
version: 1
