interactions:
- request:
    body: null
    headers:
      Connection: [keep-alive]
      Content-Length: ['0']
      User-Agent: [Azure-Storage/0.37.0-0.36.0 (Python CPython 2.7.10; Darwin 16.7.0)]
      x-ms-client-request-id: [a6a860fa-a896-11e7-9d29-b8e8564491f6]
      x-ms-date: ['Tue, 03 Oct 2017 23:57:45 GMT']
      x-ms-version: ['2017-04-17']
    method: PUT
    uri: https://blobstoragename.blob.core.windows.net/utcontainer21831965?restype=container
  response:
    body: {string: "\uFEFF<?xml version=\"1.0\" encoding=\"utf-8\"?><Error><Code>ContainerAlreadyExists</Code><Message>The\
        \ specified container already exists.\nRequestId:a2d178af-001e-001c-52a3-3c1fc0000000\n\
        Time:2017-10-03T23:57:45.2569608Z</Message></Error>"}
    headers:
      content-length: ['230']
      content-type: [application/xml]
      date: ['Tue, 03 Oct 2017 23:57:44 GMT']
      server: [Windows-Azure-Blob/1.0 Microsoft-HTTPAPI/2.0]
      x-ms-request-id: [a2d178af-001e-001c-52a3-3c1fc0000000]
      x-ms-version: ['2017-04-17']
    status: {code: 409, message: The specified container already exists.}
- request:
    body: !!python/unicode 'hello world'
    headers:
      Connection: [keep-alive]
      Content-Length: ['11']
      User-Agent: [Azure-Storage/0.37.0-0.36.0 (Python CPython 2.7.10; Darwin 16.7.0)]
      x-ms-blob-type: [BlockBlob]
      x-ms-client-request-id: [a6e0c8dc-a896-11e7-8e9a-b8e8564491f6]
      x-ms-date: ['Tue, 03 Oct 2017 23:57:45 GMT']
      x-ms-version: ['2017-04-17']
    method: PUT
    uri: https://blobstoragename.blob.core.windows.net/utcontainer21831965/blob21831965
  response:
    body: {string: !!python/unicode ''}
    headers:
      content-md5: [XrY7u+Ae7tCTyyK7j1rNww==]
      date: ['Tue, 03 Oct 2017 23:57:44 GMT']
      etag: ['"0x8D50ABA8B512ABB"']
      last-modified: ['Tue, 03 Oct 2017 23:57:46 GMT']
      server: [Windows-Azure-Blob/1.0 Microsoft-HTTPAPI/2.0]
      transfer-encoding: [chunked]
      x-ms-request-id: [a2d178b2-001e-001c-53a3-3c1fc0000000]
      x-ms-request-server-encrypted: ['true']
      x-ms-version: ['2017-04-17']
    status: {code: 201, message: Created}
- request:
    body: null
    headers:
      Connection: [keep-alive]
      Content-Length: ['0']
      User-Agent: [Azure-Storage/0.37.0-0.36.0 (Python CPython 2.7.10; Darwin 16.7.0)]
      x-ms-access-tier: [Archive]
      x-ms-client-request-id: [a6eeb9ba-a896-11e7-9de2-b8e8564491f6]
      x-ms-date: ['Tue, 03 Oct 2017 23:57:45 GMT']
      x-ms-version: ['2017-04-17']
    method: PUT
    uri: https://blobstoragename.blob.core.windows.net/utcontainer21831965/blob21831965?comp=tier
  response:
    body: {string: !!python/unicode ''}
    headers:
      date: ['Tue, 03 Oct 2017 23:57:45 GMT']
      server: [Windows-Azure-Blob/1.0 Microsoft-HTTPAPI/2.0]
      transfer-encoding: [chunked]
      x-ms-request-id: [a2d178bc-001e-001c-5ca3-3c1fc0000000]
      x-ms-version: ['2017-04-17']
    status: {code: 200, message: OK}
- request:
    body: null
    headers:
      Connection: [keep-alive]
      User-Agent: [Azure-Storage/0.37.0-0.36.0 (Python CPython 2.7.10; Darwin 16.7.0)]
      x-ms-client-request-id: [a6fc4768-a896-11e7-9486-b8e8564491f6]
      x-ms-date: ['Tue, 03 Oct 2017 23:57:45 GMT']
      x-ms-version: ['2017-04-17']
    method: HEAD
    uri: https://blobstoragename.blob.core.windows.net/utcontainer21831965/blob21831965
  response:
    body: {string: !!python/unicode ''}
    headers:
      accept-ranges: [bytes]
      content-length: ['11']
      content-md5: [XrY7u+Ae7tCTyyK7j1rNww==]
      content-type: [application/octet-stream]
      date: ['Tue, 03 Oct 2017 23:57:45 GMT']
      etag: ['"0x8D50ABA8B512ABB"']
      last-modified: ['Tue, 03 Oct 2017 23:57:46 GMT']
      server: [Windows-Azure-Blob/1.0 Microsoft-HTTPAPI/2.0]
      x-ms-access-tier: [Archive]
      x-ms-access-tier-change-time: ['Tue, 03 Oct 2017 23:57:46 GMT']
      x-ms-blob-type: [BlockBlob]
      x-ms-lease-state: [available]
      x-ms-lease-status: [unlocked]
      x-ms-request-id: [a2d178bf-001e-001c-5fa3-3c1fc0000000]
      x-ms-server-encrypted: ['true']
      x-ms-version: ['2017-04-17']
    status: {code: 200, message: OK}
- request:
    body: null
    headers:
      Connection: [keep-alive]
      User-Agent: [Azure-Storage/0.37.0-0.36.0 (Python CPython 2.7.10; Darwin 16.7.0)]
      x-ms-client-request-id: [a70a3173-a896-11e7-ad92-b8e8564491f6]
      x-ms-date: ['Tue, 03 Oct 2017 23:57:45 GMT']
      x-ms-version: ['2017-04-17']
    method: GET
    uri: https://blobstoragename.blob.core.windows.net/utcontainer21831965?comp=list&restype=container
  response:
    body: {string: "\uFEFF<?xml version=\"1.0\" encoding=\"utf-8\"?><EnumerationResults\
        \ ServiceEndpoint=\"https://blobstoragename.blob.core.windows.net/\" ContainerName=\"\
        utcontainer21831965\"><Blobs><Blob><Name>blob21831965</Name><Properties><Last-Modified>Tue,\
        \ 03 Oct 2017 23:57:46 GMT</Last-Modified><Etag>0x8D50ABA8B512ABB</Etag><Content-Length>11</Content-Length><Content-Type>application/octet-stream</Content-Type><Content-Encoding\
        \ /><Content-Language /><Content-MD5>XrY7u+Ae7tCTyyK7j1rNww==</Content-MD5><Cache-Control\
        \ /><Content-Disposition /><BlobType>BlockBlob</BlobType><AccessTier>Archive</AccessTier><AccessTierChangeTime>Tue,\
        \ 03 Oct 2017 23:57:46 GMT</AccessTierChangeTime><LeaseStatus>unlocked</LeaseStatus><LeaseState>available</LeaseState><ServerEncrypted>true</ServerEncrypted></Properties></Blob></Blobs><NextMarker\
        \ /></EnumerationResults>"}
    headers:
      content-type: [application/xml]
      date: ['Tue, 03 Oct 2017 23:57:45 GMT']
      server: [Windows-Azure-Blob/1.0 Microsoft-HTTPAPI/2.0]
      transfer-encoding: [chunked]
      x-ms-request-id: [a2d178c5-001e-001c-64a3-3c1fc0000000]
      x-ms-version: ['2017-04-17']
    status: {code: 200, message: OK}
- request:
    body: null
    headers:
      Connection: [keep-alive]
      Content-Length: ['0']
      User-Agent: [Azure-Storage/0.37.0-0.36.0 (Python CPython 2.7.10; Darwin 16.7.0)]
      x-ms-client-request-id: [a7183057-a896-11e7-9809-b8e8564491f6]
      x-ms-date: ['Tue, 03 Oct 2017 23:57:46 GMT']
      x-ms-version: ['2017-04-17']
    method: DELETE
    uri: https://blobstoragename.blob.core.windows.net/utcontainer21831965/blob21831965
  response:
    body: {string: !!python/unicode ''}
    headers:
      date: ['Tue, 03 Oct 2017 23:57:45 GMT']
      server: [Windows-Azure-Blob/1.0 Microsoft-HTTPAPI/2.0]
      transfer-encoding: [chunked]
      x-ms-request-id: [a2d178cb-001e-001c-6aa3-3c1fc0000000]
      x-ms-version: ['2017-04-17']
    status: {code: 202, message: Accepted}
- request:
    body: !!python/unicode 'hello world'
    headers:
      Connection: [keep-alive]
      Content-Length: ['11']
      User-Agent: [Azure-Storage/0.37.0-0.36.0 (Python CPython 2.7.10; Darwin 16.7.0)]
      x-ms-blob-type: [BlockBlob]
      x-ms-client-request-id: [a725b582-a896-11e7-8802-b8e8564491f6]
      x-ms-date: ['Tue, 03 Oct 2017 23:57:46 GMT']
      x-ms-version: ['2017-04-17']
    method: PUT
    uri: https://blobstoragename.blob.core.windows.net/utcontainer21831965/blob21831965
  response:
    body: {string: !!python/unicode ''}
    headers:
      content-md5: [XrY7u+Ae7tCTyyK7j1rNww==]
      date: ['Tue, 03 Oct 2017 23:57:45 GMT']
      etag: ['"0x8D50ABA8B95E176"']
      last-modified: ['Tue, 03 Oct 2017 23:57:46 GMT']
      server: [Windows-Azure-Blob/1.0 Microsoft-HTTPAPI/2.0]
      transfer-encoding: [chunked]
      x-ms-request-id: [a2d178d4-001e-001c-73a3-3c1fc0000000]
      x-ms-request-server-encrypted: ['true']
      x-ms-version: ['2017-04-17']
    status: {code: 201, message: Created}
- request:
    body: null
    headers:
      Connection: [keep-alive]
      Content-Length: ['0']
      User-Agent: [Azure-Storage/0.37.0-0.36.0 (Python CPython 2.7.10; Darwin 16.7.0)]
      x-ms-access-tier: [Cool]
      x-ms-client-request-id: [a733b880-a896-11e7-8517-b8e8564491f6]
      x-ms-date: ['Tue, 03 Oct 2017 23:57:46 GMT']
      x-ms-version: ['2017-04-17']
    method: PUT
    uri: https://blobstoragename.blob.core.windows.net/utcontainer21831965/blob21831965?comp=tier
  response:
    body: {string: !!python/unicode ''}
    headers:
      date: ['Tue, 03 Oct 2017 23:57:45 GMT']
      server: [Windows-Azure-Blob/1.0 Microsoft-HTTPAPI/2.0]
      transfer-encoding: [chunked]
      x-ms-request-id: [a2d178e4-001e-001c-02a3-3c1fc0000000]
      x-ms-version: ['2017-04-17']
    status: {code: 200, message: OK}
- request:
    body: null
    headers:
      Connection: [keep-alive]
      User-Agent: [Azure-Storage/0.37.0-0.36.0 (Python CPython 2.7.10; Darwin 16.7.0)]
      x-ms-client-request-id: [a7416226-a896-11e7-846e-b8e8564491f6]
      x-ms-date: ['Tue, 03 Oct 2017 23:57:46 GMT']
      x-ms-version: ['2017-04-17']
    method: HEAD
    uri: https://blobstoragename.blob.core.windows.net/utcontainer21831965/blob21831965
  response:
    body: {string: !!python/unicode ''}
    headers:
      accept-ranges: [bytes]
      content-length: ['11']
      content-md5: [XrY7u+Ae7tCTyyK7j1rNww==]
      content-type: [application/octet-stream]
      date: ['Tue, 03 Oct 2017 23:57:45 GMT']
      etag: ['"0x8D50ABA8B95E176"']
      last-modified: ['Tue, 03 Oct 2017 23:57:46 GMT']
      server: [Windows-Azure-Blob/1.0 Microsoft-HTTPAPI/2.0]
      x-ms-access-tier: [Cool]
      x-ms-access-tier-change-time: ['Tue, 03 Oct 2017 23:57:46 GMT']
      x-ms-blob-type: [BlockBlob]
      x-ms-lease-state: [available]
      x-ms-lease-status: [unlocked]
      x-ms-request-id: [a2d178ec-001e-001c-0aa3-3c1fc0000000]
      x-ms-server-encrypted: ['true']
      x-ms-version: ['2017-04-17']
    status: {code: 200, message: OK}
- request:
    body: null
    headers:
      Connection: [keep-alive]
      User-Agent: [Azure-Storage/0.37.0-0.36.0 (Python CPython 2.7.10; Darwin 16.7.0)]
      x-ms-client-request-id: [a74ec791-a896-11e7-8a29-b8e8564491f6]
      x-ms-date: ['Tue, 03 Oct 2017 23:57:46 GMT']
      x-ms-version: ['2017-04-17']
    method: GET
    uri: https://blobstoragename.blob.core.windows.net/utcontainer21831965?comp=list&restype=container
  response:
    body: {string: "\uFEFF<?xml version=\"1.0\" encoding=\"utf-8\"?><EnumerationResults\
        \ ServiceEndpoint=\"https://blobstoragename.blob.core.windows.net/\" ContainerName=\"\
        utcontainer21831965\"><Blobs><Blob><Name>blob21831965</Name><Properties><Last-Modified>Tue,\
        \ 03 Oct 2017 23:57:46 GMT</Last-Modified><Etag>0x8D50ABA8B95E176</Etag><Content-Length>11</Content-Length><Content-Type>application/octet-stream</Content-Type><Content-Encoding\
        \ /><Content-Language /><Content-MD5>XrY7u+Ae7tCTyyK7j1rNww==</Content-MD5><Cache-Control\
        \ /><Content-Disposition /><BlobType>BlockBlob</BlobType><AccessTier>Cool</AccessTier><AccessTierChangeTime>Tue,\
        \ 03 Oct 2017 23:57:46 GMT</AccessTierChangeTime><LeaseStatus>unlocked</LeaseStatus><LeaseState>available</LeaseState><ServerEncrypted>true</ServerEncrypted></Properties></Blob></Blobs><NextMarker\
        \ /></EnumerationResults>"}
    headers:
      content-type: [application/xml]
      date: ['Tue, 03 Oct 2017 23:57:45 GMT']
      server: [Windows-Azure-Blob/1.0 Microsoft-HTTPAPI/2.0]
      transfer-encoding: [chunked]
      x-ms-request-id: [a2d178f0-001e-001c-0ea3-3c1fc0000000]
      x-ms-version: ['2017-04-17']
    status: {code: 200, message: OK}
- request:
    body: null
    headers:
      Connection: [keep-alive]
      Content-Length: ['0']
      User-Agent: [Azure-Storage/0.37.0-0.36.0 (Python CPython 2.7.10; Darwin 16.7.0)]
      x-ms-client-request-id: [a75c0e51-a896-11e7-a29f-b8e8564491f6]
      x-ms-date: ['Tue, 03 Oct 2017 23:57:46 GMT']
      x-ms-version: ['2017-04-17']
    method: DELETE
    uri: https://blobstoragename.blob.core.windows.net/utcontainer21831965/blob21831965
  response:
    body: {string: !!python/unicode ''}
    headers:
      date: ['Tue, 03 Oct 2017 23:57:45 GMT']
      server: [Windows-Azure-Blob/1.0 Microsoft-HTTPAPI/2.0]
      transfer-encoding: [chunked]
      x-ms-request-id: [a2d178f4-001e-001c-11a3-3c1fc0000000]
      x-ms-version: ['2017-04-17']
    status: {code: 202, message: Accepted}
- request:
    body: !!python/unicode 'hello world'
    headers:
      Connection: [keep-alive]
      Content-Length: ['11']
      User-Agent: [Azure-Storage/0.37.0-0.36.0 (Python CPython 2.7.10; Darwin 16.7.0)]
      x-ms-blob-type: [BlockBlob]
      x-ms-client-request-id: [a769a742-a896-11e7-9395-b8e8564491f6]
      x-ms-date: ['Tue, 03 Oct 2017 23:57:46 GMT']
      x-ms-version: ['2017-04-17']
    method: PUT
    uri: https://blobstoragename.blob.core.windows.net/utcontainer21831965/blob21831965
  response:
    body: {string: !!python/unicode ''}
    headers:
      content-md5: [XrY7u+Ae7tCTyyK7j1rNww==]
      date: ['Tue, 03 Oct 2017 23:57:45 GMT']
      etag: ['"0x8D50ABA8BD9FBD8"']
      last-modified: ['Tue, 03 Oct 2017 23:57:46 GMT']
      server: [Windows-Azure-Blob/1.0 Microsoft-HTTPAPI/2.0]
      transfer-encoding: [chunked]
      x-ms-request-id: [a2d178f9-001e-001c-15a3-3c1fc0000000]
      x-ms-request-server-encrypted: ['true']
      x-ms-version: ['2017-04-17']
    status: {code: 201, message: Created}
- request:
    body: null
    headers:
      Connection: [keep-alive]
      Content-Length: ['0']
      User-Agent: [Azure-Storage/0.37.0-0.36.0 (Python CPython 2.7.10; Darwin 16.7.0)]
      x-ms-access-tier: [Hot]
      x-ms-client-request-id: [a777f30f-a896-11e7-bec2-b8e8564491f6]
      x-ms-date: ['Tue, 03 Oct 2017 23:57:46 GMT']
      x-ms-version: ['2017-04-17']
    method: PUT
    uri: https://blobstoragename.blob.core.windows.net/utcontainer21831965/blob21831965?comp=tier
  response:
    body: {string: !!python/unicode ''}
    headers:
      date: ['Tue, 03 Oct 2017 23:57:45 GMT']
      server: [Windows-Azure-Blob/1.0 Microsoft-HTTPAPI/2.0]
      transfer-encoding: [chunked]
      x-ms-request-id: [a2d178fc-001e-001c-17a3-3c1fc0000000]
      x-ms-version: ['2017-04-17']
    status: {code: 200, message: OK}
- request:
    body: null
    headers:
      Connection: [keep-alive]
      User-Agent: [Azure-Storage/0.37.0-0.36.0 (Python CPython 2.7.10; Darwin 16.7.0)]
      x-ms-client-request-id: [a785627a-a896-11e7-b044-b8e8564491f6]
      x-ms-date: ['Tue, 03 Oct 2017 23:57:46 GMT']
      x-ms-version: ['2017-04-17']
    method: HEAD
    uri: https://blobstoragename.blob.core.windows.net/utcontainer21831965/blob21831965
  response:
    body: {string: !!python/unicode ''}
    headers:
      accept-ranges: [bytes]
      content-length: ['11']
      content-md5: [XrY7u+Ae7tCTyyK7j1rNww==]
      content-type: [application/octet-stream]
      date: ['Tue, 03 Oct 2017 23:57:46 GMT']
      etag: ['"0x8D50ABA8BD9FBD8"']
      last-modified: ['Tue, 03 Oct 2017 23:57:46 GMT']
      server: [Windows-Azure-Blob/1.0 Microsoft-HTTPAPI/2.0]
      x-ms-access-tier: [Hot]
      x-ms-access-tier-change-time: ['Tue, 03 Oct 2017 23:57:47 GMT']
      x-ms-blob-type: [BlockBlob]
      x-ms-lease-state: [available]
      x-ms-lease-status: [unlocked]
      x-ms-request-id: [a2d178fe-001e-001c-19a3-3c1fc0000000]
      x-ms-server-encrypted: ['true']
      x-ms-version: ['2017-04-17']
    status: {code: 200, message: OK}
- request:
    body: null
    headers:
      Connection: [keep-alive]
      User-Agent: [Azure-Storage/0.37.0-0.36.0 (Python CPython 2.7.10; Darwin 16.7.0)]
      x-ms-client-request-id: [a7934305-a896-11e7-bf4d-b8e8564491f6]
      x-ms-date: ['Tue, 03 Oct 2017 23:57:46 GMT']
      x-ms-version: ['2017-04-17']
    method: GET
    uri: https://blobstoragename.blob.core.windows.net/utcontainer21831965?comp=list&restype=container
  response:
    body: {string: "\uFEFF<?xml version=\"1.0\" encoding=\"utf-8\"?><EnumerationResults\
        \ ServiceEndpoint=\"https://blobstoragename.blob.core.windows.net/\" ContainerName=\"\
        utcontainer21831965\"><Blobs><Blob><Name>blob21831965</Name><Properties><Last-Modified>Tue,\
        \ 03 Oct 2017 23:57:46 GMT</Last-Modified><Etag>0x8D50ABA8BD9FBD8</Etag><Content-Length>11</Content-Length><Content-Type>application/octet-stream</Content-Type><Content-Encoding\
        \ /><Content-Language /><Content-MD5>XrY7u+Ae7tCTyyK7j1rNww==</Content-MD5><Cache-Control\
        \ /><Content-Disposition /><BlobType>BlockBlob</BlobType><AccessTier>Hot</AccessTier><AccessTierChangeTime>Tue,\
        \ 03 Oct 2017 23:57:47 GMT</AccessTierChangeTime><LeaseStatus>unlocked</LeaseStatus><LeaseState>available</LeaseState><ServerEncrypted>true</ServerEncrypted></Properties></Blob></Blobs><NextMarker\
        \ /></EnumerationResults>"}
    headers:
      content-type: [application/xml]
      date: ['Tue, 03 Oct 2017 23:57:46 GMT']
      server: [Windows-Azure-Blob/1.0 Microsoft-HTTPAPI/2.0]
      transfer-encoding: [chunked]
      x-ms-request-id: [a2d17906-001e-001c-20a3-3c1fc0000000]
      x-ms-version: ['2017-04-17']
    status: {code: 200, message: OK}
- request:
    body: null
    headers:
      Connection: [keep-alive]
      Content-Length: ['0']
      User-Agent: [Azure-Storage/0.37.0-0.36.0 (Python CPython 2.7.10; Darwin 16.7.0)]
      x-ms-client-request-id: [a7a09a7d-a896-11e7-8a12-b8e8564491f6]
      x-ms-date: ['Tue, 03 Oct 2017 23:57:46 GMT']
      x-ms-version: ['2017-04-17']
    method: DELETE
    uri: https://blobstoragename.blob.core.windows.net/utcontainer21831965/blob21831965
  response:
    body: {string: !!python/unicode ''}
    headers:
      date: ['Tue, 03 Oct 2017 23:57:46 GMT']
      server: [Windows-Azure-Blob/1.0 Microsoft-HTTPAPI/2.0]
      transfer-encoding: [chunked]
      x-ms-request-id: [a2d17913-001e-001c-2ca3-3c1fc0000000]
      x-ms-version: ['2017-04-17']
    status: {code: 202, message: Accepted}
version: 1
