interactions:
- request:
    body: null
    headers:
      Connection: [keep-alive]
      Content-Length: ['0']
      User-Agent: [Azure-Storage/0.34.0 (Python CPython 3.5.2; Windows 10)]
      x-ms-client-request-id: [061c2ce8-f4aa-11e6-b1d5-64510640cc62]
      x-ms-content-length: ['26']
      x-ms-date: ['Fri, 17 Feb 2017 00:42:56 GMT']
      x-ms-type: [file]
      x-ms-version: ['2016-05-31']
    method: PUT
    uri: https://storagename.file.core.windows.net/utsharede221370/utdirde221370/filede221370
  response:
    body: {string: ''}
    headers:
      Date: ['Fri, 17 Feb 2017 00:42:55 GMT']
      ETag: ['"0x8D456CDEA5D7B30"']
      Last-Modified: ['Fri, 17 Feb 2017 00:42:56 GMT']
      Server: [Windows-Azure-File/1.0 Microsoft-HTTPAPI/2.0]
      Transfer-Encoding: [chunked]
      x-ms-request-id: [11a8bd03-001a-0021-44b6-88b640000000]
      x-ms-version: ['2016-05-31']
    status: {code: 201, message: Created}
- request:
    body: "hello world\u554A\u9F44\u4E02\u72DB\u72DC"
    headers:
      Connection: [keep-alive]
      Content-Length: ['26']
      User-Agent: [Azure-Storage/0.34.0 (Python CPython 3.5.2; Windows 10)]
      x-ms-client-request-id: [0652ea3a-f4aa-11e6-b016-64510640cc62]
      x-ms-date: ['Fri, 17 Feb 2017 00:42:56 GMT']
      x-ms-range: [bytes=0-25]
      x-ms-version: ['2016-05-31']
      x-ms-write: [update]
    method: PUT
    uri: https://storagename.file.core.windows.net/utsharede221370/utdirde221370/filede221370?comp=range
  response:
    body: {string: ''}
    headers:
      Content-MD5: [aFkhSeVIRnJoB2MmKjC25w==]
      Date: ['Fri, 17 Feb 2017 00:42:55 GMT']
      ETag: ['"0x8D456CDEA6BD35B"']
      Last-Modified: ['Fri, 17 Feb 2017 00:42:56 GMT']
      Server: [Windows-Azure-File/1.0 Microsoft-HTTPAPI/2.0]
      Transfer-Encoding: [chunked]
      x-ms-request-id: [11a8bd06-001a-0021-46b6-88b640000000]
      x-ms-version: ['2016-05-31']
    status: {code: 201, message: Created}
- request:
    body: null
    headers:
      Connection: [keep-alive]
      User-Agent: [Azure-Storage/0.34.0 (Python CPython 3.5.2; Windows 10)]
      x-ms-client-request-id: [06611d26-f4aa-11e6-93db-64510640cc62]
      x-ms-date: ['Fri, 17 Feb 2017 00:42:57 GMT']
      x-ms-range: [bytes=0-32767]
      x-ms-version: ['2016-05-31']
    method: GET
    uri: https://storagename.file.core.windows.net/utsharede221370/utdirde221370/filede221370
  response:
    body: {string: "hello world\u554A\u9F44\u4E02\u72DB\u72DC"}
    headers:
      Accept-Ranges: [bytes]
      Content-Length: ['26']
      Content-Range: [bytes 0-25/26]
      Content-Type: [application/octet-stream]
      Date: ['Fri, 17 Feb 2017 00:42:56 GMT']
      ETag: ['"0x8D456CDEA6BD35B"']
      Last-Modified: ['Fri, 17 Feb 2017 00:42:56 GMT']
      Server: [Windows-Azure-File/1.0 Microsoft-HTTPAPI/2.0]
      x-ms-request-id: [11a8bd07-001a-0021-47b6-88b640000000]
      x-ms-type: [File]
      x-ms-version: ['2016-05-31']
    status: {code: 206, message: Partial Content}
version: 1
