interactions:
- request:
    body: null
    headers:
      Connection: [keep-alive]
      Content-Length: ['0']
      User-Agent: [Azure-Storage/1.0.0-1.0.0 (Python CPython 3.6.3; Darwin 17.3.0)]
      x-ms-client-request-id: [3a38a4f8-fc9b-11e7-a12b-b8e8564491f6]
      x-ms-date: ['Thu, 18 Jan 2018 22:02:08 GMT']
      x-ms-version: ['2017-04-17']
    method: PUT
    uri: https://storagename.blob.core.windows.net/container22000f2d?restype=container
  response:
    body: {string: ''}
    headers:
      Date: ['Thu, 18 Jan 2018 22:02:07 GMT']
      ETag: ['"0x8D55EBF1E75809E"']
      Last-Modified: ['Thu, 18 Jan 2018 22:02:08 GMT']
      Server: [Windows-Azure-Blob/1.0 Microsoft-HTTPAPI/2.0]
      Transfer-Encoding: [chunked]
      x-ms-request-id: [1ad61184-001e-002c-07a7-90d6e9000000]
      x-ms-version: ['2017-04-17']
    status: {code: 201, message: Created}
- request:
    body: null
    headers:
      Connection: [keep-alive]
      Content-Length: ['0']
      User-Agent: [Azure-Storage/1.0.0-1.0.0 (Python CPython 3.6.3; Darwin 17.3.0)]
      x-ms-client-request-id: [3a4d06a8-fc9b-11e7-af60-b8e8564491f6]
      x-ms-date: ['Thu, 18 Jan 2018 22:02:08 GMT']
      x-ms-version: ['2017-04-17']
    method: PUT
    uri: https://storagename.blob.core.windows.net/container22000f2d?restype=container&comp=acl
  response:
    body: {string: ''}
    headers:
      Date: ['Thu, 18 Jan 2018 22:02:07 GMT']
      ETag: ['"0x8D55EBF1E920EAB"']
      Last-Modified: ['Thu, 18 Jan 2018 22:02:08 GMT']
      Server: [Windows-Azure-Blob/1.0 Microsoft-HTTPAPI/2.0]
      Transfer-Encoding: [chunked]
      x-ms-request-id: [1ad61191-001e-002c-12a7-90d6e9000000]
      x-ms-version: ['2017-04-17']
    status: {code: 200, message: OK}
- request:
    body: null
    headers:
      Connection: [keep-alive]
      User-Agent: [Azure-Storage/1.0.0-1.0.0 (Python CPython 3.6.3; Darwin 17.3.0)]
      x-ms-client-request-id: [3a52bf34-fc9b-11e7-85c6-b8e8564491f6]
      x-ms-date: ['Thu, 18 Jan 2018 22:02:08 GMT']
      x-ms-version: ['2017-04-17']
    method: GET
    uri: https://storagename.blob.core.windows.net/container22000f2d?restype=container&comp=acl
  response:
    body: {string: "\uFEFF<?xml version=\"1.0\" encoding=\"utf-8\"?><SignedIdentifiers
        />"}
    headers:
      Content-Type: [application/xml]
      Date: ['Thu, 18 Jan 2018 22:02:07 GMT']
      ETag: ['"0x8D55EBF1E920EAB"']
      Last-Modified: ['Thu, 18 Jan 2018 22:02:08 GMT']
      Server: [Windows-Azure-Blob/1.0 Microsoft-HTTPAPI/2.0]
      Transfer-Encoding: [chunked]
      Vary: [Origin]
      x-ms-request-id: [1ad611a2-001e-002c-23a7-90d6e9000000]
      x-ms-version: ['2017-04-17']
    status: {code: 200, message: OK}
version: 1
