interactions:
- request:
    body: null
    headers:
      Connection: [keep-alive]
      User-Agent: [Azure-Storage/0.37.0-0.36.0 (Python CPython 2.7.10; Darwin 16.7.0)]
      x-ms-client-request-id: [8b3eda00-a897-11e7-be77-b8e8564491f6]
      x-ms-date: ['Wed, 04 Oct 2017 00:04:08 GMT']
      x-ms-version: ['2017-04-17']
    method: GET
    uri: https://storagename.blob.core.windows.net/?comp=list&prefix=lock
  response:
    body: {string: "\uFEFF<?xml version=\"1.0\" encoding=\"utf-8\"?><EnumerationResults\
        \ ServiceEndpoint=\"https://storagename.blob.core.windows.net/\"><Prefix>lock</Prefix><Containers\
        \ /><NextMarker /></EnumerationResults>"}
    headers:
      content-type: [application/xml]
      date: ['Wed, 04 Oct 2017 00:04:08 GMT']
      server: [Windows-Azure-Blob/1.0 Microsoft-HTTPAPI/2.0]
      transfer-encoding: [chunked]
      vary: [Origin]
      x-ms-request-id: [e00f92c8-001e-012d-33a4-3c9141000000]
      x-ms-version: ['2017-04-17']
    status: {code: 200, message: OK}
- request:
    body: null
    headers:
      Connection: [keep-alive]
      User-Agent: [Azure-Storage/0.37.0-0.36.0 (Python CPython 2.7.10; Darwin 16.7.0)]
      x-ms-client-request-id: [8b3eda00-a897-11e7-be77-b8e8564491f6]
      x-ms-date: ['Wed, 04 Oct 2017 00:04:10 GMT']
      x-ms-version: ['2017-04-17']
    method: GET
    uri: https://storagename-secondary.blob.core.windows.net/?comp=list&prefix=lock
  response:
    body: {string: "\uFEFF<?xml version=\"1.0\" encoding=\"utf-8\"?><EnumerationResults\
        \ ServiceEndpoint=\"https://storagename-secondary.blob.core.windows.net/\"\
        ><Prefix>lock</Prefix><Containers /><NextMarker /></EnumerationResults>"}
    headers:
      content-type: [application/xml]
      date: ['Wed, 04 Oct 2017 00:04:10 GMT']
      server: [Windows-Azure-Blob/1.0 Microsoft-HTTPAPI/2.0]
      transfer-encoding: [chunked]
      vary: [Origin]
      x-ms-request-id: [aa316dbe-001e-00fd-26a4-3c4617000000]
      x-ms-version: ['2017-04-17']
    status: {code: 200, message: OK}
- request:
    body: null
    headers:
      Connection: [keep-alive]
      User-Agent: [Azure-Storage/0.37.0-0.36.0 (Python CPython 2.7.10; Darwin 16.7.0)]
      x-ms-client-request-id: [8c572333-a897-11e7-b914-b8e8564491f6]
      x-ms-date: ['Wed, 04 Oct 2017 00:04:10 GMT']
      x-ms-version: ['2017-04-17']
    method: GET
    uri: https://storagename-secondary.blob.core.windows.net/?comp=list&prefix=lock
  response:
    body: {string: "\uFEFF<?xml version=\"1.0\" encoding=\"utf-8\"?><EnumerationResults\
        \ ServiceEndpoint=\"https://storagename-secondary.blob.core.windows.net/\"\
        ><Prefix>lock</Prefix><Containers /><NextMarker /></EnumerationResults>"}
    headers:
      content-type: [application/xml]
      date: ['Wed, 04 Oct 2017 00:04:10 GMT']
      server: [Windows-Azure-Blob/1.0 Microsoft-HTTPAPI/2.0]
      transfer-encoding: [chunked]
      vary: [Origin]
      x-ms-request-id: [aa316dc1-001e-00fd-28a4-3c4617000000]
      x-ms-version: ['2017-04-17']
    status: {code: 200, message: OK}
version: 1
