interactions:
- request:
    body: "hello \u554A\u9F44\u4E02\u72DB\u72DC world"
    headers:
      Connection: [keep-alive]
      Content-Length: ['27']
      User-Agent: [Azure-Storage/1.2.0rc1-1.2.0rc1 (Python CPython 3.6.4; Darwin 17.5.0)]
      x-ms-blob-type: [BlockBlob]
      x-ms-client-request-id: [0f36951e-5e17-11e8-b82c-b8e8564491f6]
      x-ms-date: ['Tue, 22 May 2018 23:22:56 GMT']
      x-ms-version: ['2017-11-09']
    method: PUT
    uri: https://storagename.blob.core.windows.net/utcontainer6e12111f/blob6e12111f
  response:
    body: {string: ''}
    headers:
      Content-MD5: [1dmqejQJFCXZC/Jqkmc1Lw==]
      Date: ['Tue, 22 May 2018 23:22:55 GMT']
      ETag: ['"0x8D5C03AF3804581"']
      Last-Modified: ['Tue, 22 May 2018 23:22:56 GMT']
      Server: [Windows-Azure-Blob/1.0 Microsoft-HTTPAPI/2.0]
      Transfer-Encoding: [chunked]
      x-ms-request-id: [fec29f18-b01e-00c0-6f23-f2de90000000]
      x-ms-request-server-encrypted: ['true']
      x-ms-version: ['2017-11-09']
    status: {code: 201, message: Created}
- request:
    body: null
    headers:
      Connection: [keep-alive]
      User-Agent: [Azure-Storage/1.2.0rc1-1.2.0rc1 (Python CPython 3.6.4; Darwin 17.5.0)]
      x-ms-client-request-id: [0f4bdd40-5e17-11e8-b185-b8e8564491f6]
      x-ms-date: ['Tue, 22 May 2018 23:22:56 GMT']
      x-ms-version: ['2017-11-09']
    method: HEAD
    uri: https://storagename.blob.core.windows.net/utcontainer6e12111f/blob6e12111f
  response:
    body: {string: ''}
    headers:
      Accept-Ranges: [bytes]
      Content-Length: ['27']
      Content-MD5: [1dmqejQJFCXZC/Jqkmc1Lw==]
      Content-Type: [application/octet-stream]
      Date: ['Tue, 22 May 2018 23:22:56 GMT']
      ETag: ['"0x8D5C03AF3804581"']
      Last-Modified: ['Tue, 22 May 2018 23:22:56 GMT']
      Server: [Windows-Azure-Blob/1.0 Microsoft-HTTPAPI/2.0]
      Vary: [Origin]
      x-ms-access-tier: [Hot]
      x-ms-access-tier-inferred: ['true']
      x-ms-blob-type: [BlockBlob]
      x-ms-creation-time: ['Tue, 22 May 2018 23:22:56 GMT']
      x-ms-lease-state: [available]
      x-ms-lease-status: [unlocked]
      x-ms-request-id: [fec29f2e-b01e-00c0-0223-f2de90000000]
      x-ms-server-encrypted: ['true']
      x-ms-version: ['2017-11-09']
    status: {code: 200, message: OK}
- request:
    body: null
    headers:
      Connection: [keep-alive]
      User-Agent: [Azure-Storage/1.2.0rc1-1.2.0rc1 (Python CPython 3.6.4; Darwin 17.5.0)]
      x-ms-client-request-id: [0f518aba-5e17-11e8-8240-b8e8564491f6]
      x-ms-date: ['Tue, 22 May 2018 23:22:56 GMT']
      x-ms-range: [bytes=0-33554431]
      x-ms-version: ['2017-11-09']
    method: GET
    uri: https://storagename.blob.core.windows.net/utcontainer6e12111f/blob6e12111f
  response:
    body: {string: "hello \u554A\u9F44\u4E02\u72DB\u72DC world"}
    headers:
      Accept-Ranges: [bytes]
      Content-Length: ['27']
      Content-Range: [bytes 0-26/27]
      Content-Type: [application/octet-stream]
      Date: ['Tue, 22 May 2018 23:22:56 GMT']
      ETag: ['"0x8D5C03AF3804581"']
      Last-Modified: ['Tue, 22 May 2018 23:22:56 GMT']
      Server: [Windows-Azure-Blob/1.0 Microsoft-HTTPAPI/2.0]
      Vary: [Origin]
      x-ms-blob-content-md5: [1dmqejQJFCXZC/Jqkmc1Lw==]
      x-ms-blob-type: [BlockBlob]
      x-ms-creation-time: ['Tue, 22 May 2018 23:22:56 GMT']
      x-ms-lease-state: [available]
      x-ms-lease-status: [unlocked]
      x-ms-request-id: [fec29f36-b01e-00c0-0923-f2de90000000]
      x-ms-server-encrypted: ['true']
      x-ms-version: ['2017-11-09']
    status: {code: 206, message: Partial Content}
version: 1
