interactions:
- request:
    body: null
    headers:
      Connection: [keep-alive]
      Content-Length: ['0']
      User-Agent: [Azure-Storage/0.37.0-0.36.0 (Python CPython 2.7.10; Darwin 16.7.0)]
      x-ms-client-request-id: [37853c47-a7ae-11e7-ae6d-b8e8564491f6]
      x-ms-date: ['Mon, 02 Oct 2017 20:13:55 GMT']
      x-ms-version: ['2017-04-17']
    method: PUT
    uri: https://storagename.blob.core.windows.net/container4ef015fd?restype=container
  response:
    body: {string: !!python/unicode ''}
    headers:
      date: ['Mon, 02 Oct 2017 20:13:55 GMT']
      etag: ['"0x8D509D21C469C7A"']
      last-modified: ['Mon, 02 Oct 2017 20:13:56 GMT']
      server: [Windows-Azure-Blob/1.0 Microsoft-HTTPAPI/2.0]
      transfer-encoding: [chunked]
      x-ms-request-id: [b1930bc9-001e-00ac-60ba-3b7543000000]
      x-ms-version: ['2017-04-17']
    status: {code: 201, message: Created}
- request:
    body: !!python/unicode 'hello world'
    headers:
      Connection: [keep-alive]
      Content-Length: ['11']
      User-Agent: [Azure-Storage/0.37.0-0.36.0 (Python CPython 2.7.10; Darwin 16.7.0)]
      x-ms-blob-type: [BlockBlob]
      x-ms-client-request-id: [379b0907-a7ae-11e7-9b12-b8e8564491f6]
      x-ms-date: ['Mon, 02 Oct 2017 20:13:55 GMT']
      x-ms-version: ['2017-04-17']
    method: PUT
    uri: https://storagename.blob.core.windows.net/container4ef015fd/blob1
  response:
    body: {string: !!python/unicode ''}
    headers:
      content-md5: [XrY7u+Ae7tCTyyK7j1rNww==]
      date: ['Mon, 02 Oct 2017 20:13:55 GMT']
      etag: ['"0x8D509D21C8D8EBE"']
      last-modified: ['Mon, 02 Oct 2017 20:13:56 GMT']
      server: [Windows-Azure-Blob/1.0 Microsoft-HTTPAPI/2.0]
      transfer-encoding: [chunked]
      x-ms-request-id: [b1930bdb-001e-00ac-6fba-3b7543000000]
      x-ms-request-server-encrypted: ['true']
      x-ms-version: ['2017-04-17']
    status: {code: 201, message: Created}
- request:
    body: !!python/unicode 'hello world'
    headers:
      Connection: [keep-alive]
      Content-Length: ['11']
      User-Agent: [Azure-Storage/0.37.0-0.36.0 (Python CPython 2.7.10; Darwin 16.7.0)]
      x-ms-blob-type: [BlockBlob]
      x-ms-client-request-id: [37a175e8-a7ae-11e7-9048-b8e8564491f6]
      x-ms-date: ['Mon, 02 Oct 2017 20:13:55 GMT']
      x-ms-version: ['2017-04-17']
    method: PUT
    uri: https://storagename.blob.core.windows.net/container4ef015fd/blob2
  response:
    body: {string: !!python/unicode ''}
    headers:
      content-md5: [XrY7u+Ae7tCTyyK7j1rNww==]
      date: ['Mon, 02 Oct 2017 20:13:55 GMT']
      etag: ['"0x8D509D21C95CDAA"']
      last-modified: ['Mon, 02 Oct 2017 20:13:57 GMT']
      server: [Windows-Azure-Blob/1.0 Microsoft-HTTPAPI/2.0]
      transfer-encoding: [chunked]
      x-ms-request-id: [b1930bf2-001e-00ac-04ba-3b7543000000]
      x-ms-request-server-encrypted: ['true']
      x-ms-version: ['2017-04-17']
    status: {code: 201, message: Created}
- request:
    body: null
    headers:
      Connection: [keep-alive]
      Content-Length: ['0']
      User-Agent: [Azure-Storage/0.37.0-0.36.0 (Python CPython 2.7.10; Darwin 16.7.0)]
      x-ms-client-request-id: [37aa14c0-a7ae-11e7-a183-b8e8564491f6]
      x-ms-date: ['Mon, 02 Oct 2017 20:13:55 GMT']
      x-ms-version: ['2017-04-17']
    method: PUT
    uri: https://storagename.blob.core.windows.net/container4ef015fd/blob1?comp=snapshot
  response:
    body: {string: !!python/unicode ''}
    headers:
      date: ['Mon, 02 Oct 2017 20:13:55 GMT']
      etag: ['"0x8D509D21C8D8EBE"']
      last-modified: ['Mon, 02 Oct 2017 20:13:56 GMT']
      server: [Windows-Azure-Blob/1.0 Microsoft-HTTPAPI/2.0]
      transfer-encoding: [chunked]
      x-ms-request-id: [b1930c04-001e-00ac-12ba-3b7543000000]
      x-ms-snapshot: ['2017-10-02T20:13:57.0585241Z']
      x-ms-version: ['2017-04-17']
    status: {code: 201, message: Created}
- request:
    body: null
    headers:
      Connection: [keep-alive]
      User-Agent: [Azure-Storage/0.37.0-0.36.0 (Python CPython 2.7.10; Darwin 16.7.0)]
      x-ms-client-request-id: [37b04af0-a7ae-11e7-8786-b8e8564491f6]
      x-ms-date: ['Mon, 02 Oct 2017 20:13:55 GMT']
      x-ms-version: ['2017-04-17']
    method: GET
    uri: https://storagename.blob.core.windows.net/container4ef015fd?comp=list&include=snapshots&restype=container
  response:
    body: {string: "\uFEFF<?xml version=\"1.0\" encoding=\"utf-8\"?><EnumerationResults\
        \ ServiceEndpoint=\"https://storagename.blob.core.windows.net/\" ContainerName=\"\
        container4ef015fd\"><Blobs><Blob><Name>blob1</Name><Snapshot>2017-10-02T20:13:57.0585241Z</Snapshot><Properties><Last-Modified>Mon,\
        \ 02 Oct 2017 20:13:56 GMT</Last-Modified><Etag>0x8D509D21C8D8EBE</Etag><Content-Length>11</Content-Length><Content-Type>application/octet-stream</Content-Type><Content-Encoding\
        \ /><Content-Language /><Content-MD5>XrY7u+Ae7tCTyyK7j1rNww==</Content-MD5><Cache-Control\
        \ /><Content-Disposition /><BlobType>BlockBlob</BlobType><ServerEncrypted>true</ServerEncrypted></Properties></Blob><Blob><Name>blob1</Name><Properties><Last-Modified>Mon,\
        \ 02 Oct 2017 20:13:56 GMT</Last-Modified><Etag>0x8D509D21C8D8EBE</Etag><Content-Length>11</Content-Length><Content-Type>application/octet-stream</Content-Type><Content-Encoding\
        \ /><Content-Language /><Content-MD5>XrY7u+Ae7tCTyyK7j1rNww==</Content-MD5><Cache-Control\
        \ /><Content-Disposition /><BlobType>BlockBlob</BlobType><LeaseStatus>unlocked</LeaseStatus><LeaseState>available</LeaseState><ServerEncrypted>true</ServerEncrypted></Properties></Blob><Blob><Name>blob2</Name><Properties><Last-Modified>Mon,\
        \ 02 Oct 2017 20:13:57 GMT</Last-Modified><Etag>0x8D509D21C95CDAA</Etag><Content-Length>11</Content-Length><Content-Type>application/octet-stream</Content-Type><Content-Encoding\
        \ /><Content-Language /><Content-MD5>XrY7u+Ae7tCTyyK7j1rNww==</Content-MD5><Cache-Control\
        \ /><Content-Disposition /><BlobType>BlockBlob</BlobType><LeaseStatus>unlocked</LeaseStatus><LeaseState>available</LeaseState><ServerEncrypted>true</ServerEncrypted></Properties></Blob></Blobs><NextMarker\
        \ /></EnumerationResults>"}
    headers:
      content-type: [application/xml]
      date: ['Mon, 02 Oct 2017 20:13:55 GMT']
      server: [Windows-Azure-Blob/1.0 Microsoft-HTTPAPI/2.0]
      transfer-encoding: [chunked]
      vary: [Origin]
      x-ms-request-id: [b1930c22-001e-00ac-2cba-3b7543000000]
      x-ms-version: ['2017-04-17']
    status: {code: 200, message: OK}
version: 1
