interactions:
- request:
    body: null
    headers:
      Connection: [keep-alive]
      Content-Length: ['0']
      User-Agent: [Azure-Storage/0.35.1 (Python CPython 3.6.1; Darwin 16.6.0)]
      x-ms-client-request-id: [7b590f28-68f5-11e7-99de-b8e8564491f6]
      x-ms-date: ['Sat, 15 Jul 2017 00:35:20 GMT']
      x-ms-version: ['2017-04-17']
    method: PUT
    uri: https://storagename.blob.core.windows.net/container73941128?restype=container
  response:
    body: {string: ''}
    headers:
      Date: ['Sat, 15 Jul 2017 00:35:20 GMT']
      ETag: ['"0x8D4CB19604BEA96"']
      Last-Modified: ['Sat, 15 Jul 2017 00:35:21 GMT']
      Server: [Windows-Azure-Blob/1.0 Microsoft-HTTPAPI/2.0]
      Transfer-Encoding: [chunked]
      x-ms-request-id: [9627bab3-0001-0039-4e02-fd1470000000]
      x-ms-version: ['2017-04-17']
    status: {code: 201, message: Created}
- request:
    body: hello world
    headers:
      Connection: [keep-alive]
      Content-Length: ['11']
      User-Agent: [Azure-Storage/0.35.1 (Python CPython 3.6.1; Darwin 16.6.0)]
      x-ms-blob-type: [BlockBlob]
      x-ms-client-request-id: [7b6edea4-68f5-11e7-8c9f-b8e8564491f6]
      x-ms-date: ['Sat, 15 Jul 2017 00:35:20 GMT']
      x-ms-version: ['2017-04-17']
    method: PUT
    uri: https://storagename.blob.core.windows.net/container73941128/blob1
  response:
    body: {string: ''}
    headers:
      Content-MD5: [XrY7u+Ae7tCTyyK7j1rNww==]
      Date: ['Sat, 15 Jul 2017 00:35:20 GMT']
      ETag: ['"0x8D4CB19602A1813"']
      Last-Modified: ['Sat, 15 Jul 2017 00:35:21 GMT']
      Server: [Windows-Azure-Blob/1.0 Microsoft-HTTPAPI/2.0]
      Transfer-Encoding: [chunked]
      x-ms-request-id: [9627bac1-0001-0039-5802-fd1470000000]
      x-ms-request-server-encrypted: ['true']
      x-ms-version: ['2017-04-17']
    status: {code: 201, message: Created}
- request:
    body: null
    headers:
      Connection: [keep-alive]
      Content-Length: ['0']
      User-Agent: [Azure-Storage/0.35.1 (Python CPython 3.6.1; Darwin 16.6.0)]
      x-ms-client-request-id: [7b74960a-68f5-11e7-a77a-b8e8564491f6]
      x-ms-date: ['Sat, 15 Jul 2017 00:35:20 GMT']
      x-ms-lease-action: [acquire]
      x-ms-lease-duration: ['-1']
      x-ms-version: ['2017-04-17']
    method: PUT
    uri: https://storagename.blob.core.windows.net/container73941128/blob1?comp=lease
  response:
    body: {string: ''}
    headers:
      Date: ['Sat, 15 Jul 2017 00:35:20 GMT']
      ETag: ['"0x8D4CB19602A1813"']
      Last-Modified: ['Sat, 15 Jul 2017 00:35:21 GMT']
      Server: [Windows-Azure-Blob/1.0 Microsoft-HTTPAPI/2.0]
      Transfer-Encoding: [chunked]
      x-ms-lease-id: [7f21db3e-5a73-4469-bfbc-019b6ef9e359]
      x-ms-request-id: [9627bac5-0001-0039-5c02-fd1470000000]
      x-ms-version: ['2017-04-17']
    status: {code: 201, message: Created}
- request:
    body: null
    headers:
      Connection: [keep-alive]
      User-Agent: [Azure-Storage/0.35.1 (Python CPython 3.6.1; Darwin 16.6.0)]
      x-ms-client-request-id: [7b7ab85a-68f5-11e7-b91d-b8e8564491f6]
      x-ms-date: ['Sat, 15 Jul 2017 00:35:20 GMT']
      x-ms-version: ['2017-04-17']
    method: GET
    uri: https://storagename.blob.core.windows.net/container73941128?restype=container&comp=list
  response:
    body: {string: "\uFEFF<?xml version=\"1.0\" encoding=\"utf-8\"?><EnumerationResults\
        \ ServiceEndpoint=\"https://storagename.blob.core.windows.net/\" ContainerName=\"\
        container73941128\"><Blobs><Blob><Name>blob1</Name><Properties><Last-Modified>Sat,\
        \ 15 Jul 2017 00:35:21 GMT</Last-Modified><Etag>0x8D4CB19602A1813</Etag><Content-Length>11</Content-Length><Content-Type>application/octet-stream</Content-Type><Content-Encoding\
        \ /><Content-Language /><Content-MD5>XrY7u+Ae7tCTyyK7j1rNww==</Content-MD5><Cache-Control\
        \ /><Content-Disposition /><BlobType>BlockBlob</BlobType><LeaseStatus>locked</LeaseStatus><LeaseState>leased</LeaseState><LeaseDuration>infinite</LeaseDuration><ServerEncrypted>true</ServerEncrypted></Properties></Blob></Blobs><NextMarker\
        \ /></EnumerationResults>"}
    headers:
      Content-Type: [application/xml]
      Date: ['Sat, 15 Jul 2017 00:35:20 GMT']
      Server: [Windows-Azure-Blob/1.0 Microsoft-HTTPAPI/2.0]
      Transfer-Encoding: [chunked]
      Vary: [Origin]
      x-ms-request-id: [9627bad4-0001-0039-6802-fd1470000000]
      x-ms-version: ['2017-04-17']
    status: {code: 200, message: OK}
version: 1
