interactions:
- request:
    body: null
    headers:
      Connection: [keep-alive]
      Content-Length: ['0']
      User-Agent: [Azure-Storage/1.2.0rc1-1.2.0rc1 (Python CPython 3.6.4; Darwin 17.5.0)]
      x-ms-client-request-id: [afac88ba-5e18-11e8-b02d-b8e8564491f6]
      x-ms-date: ['Tue, 22 May 2018 23:34:35 GMT']
      x-ms-version: ['2017-11-09']
    method: PUT
    uri: https://storagename.queue.core.windows.net/listqueue0560410cb
  response:
    body: {string: ''}
    headers:
      Date: ['Tue, 22 May 2018 23:34:35 GMT']
      Server: [Windows-Azure-Queue/1.0 Microsoft-HTTPAPI/2.0]
      Transfer-Encoding: [chunked]
      x-ms-request-id: [4eab75ca-5003-000d-1925-f2bbd8000000]
      x-ms-version: ['2017-11-09']
    status: {code: 201, message: Created}
- request:
    body: null
    headers:
      Connection: [keep-alive]
      Content-Length: ['0']
      User-Agent: [Azure-Storage/1.2.0rc1-1.2.0rc1 (Python CPython 3.6.4; Darwin 17.5.0)]
      x-ms-client-request-id: [afc0c546-5e18-11e8-b38d-b8e8564491f6]
      x-ms-date: ['Tue, 22 May 2018 23:34:35 GMT']
      x-ms-version: ['2017-11-09']
    method: PUT
    uri: https://storagename.queue.core.windows.net/listqueue1560410cb
  response:
    body: {string: ''}
    headers:
      Date: ['Tue, 22 May 2018 23:34:35 GMT']
      Server: [Windows-Azure-Queue/1.0 Microsoft-HTTPAPI/2.0]
      Transfer-Encoding: [chunked]
      x-ms-request-id: [4eab75cf-5003-000d-1c25-f2bbd8000000]
      x-ms-version: ['2017-11-09']
    status: {code: 201, message: Created}
- request:
    body: null
    headers:
      Connection: [keep-alive]
      Content-Length: ['0']
      User-Agent: [Azure-Storage/1.2.0rc1-1.2.0rc1 (Python CPython 3.6.4; Darwin 17.5.0)]
      x-ms-client-request-id: [afc6c31a-5e18-11e8-94c2-b8e8564491f6]
      x-ms-date: ['Tue, 22 May 2018 23:34:35 GMT']
      x-ms-version: ['2017-11-09']
    method: PUT
    uri: https://storagename.queue.core.windows.net/listqueue2560410cb
  response:
    body: {string: ''}
    headers:
      Date: ['Tue, 22 May 2018 23:34:35 GMT']
      Server: [Windows-Azure-Queue/1.0 Microsoft-HTTPAPI/2.0]
      Transfer-Encoding: [chunked]
      x-ms-request-id: [4eab75d9-5003-000d-2525-f2bbd8000000]
      x-ms-version: ['2017-11-09']
    status: {code: 201, message: Created}
- request:
    body: null
    headers:
      Connection: [keep-alive]
      Content-Length: ['0']
      User-Agent: [Azure-Storage/1.2.0rc1-1.2.0rc1 (Python CPython 3.6.4; Darwin 17.5.0)]
      x-ms-client-request-id: [afcca758-5e18-11e8-bc39-b8e8564491f6]
      x-ms-date: ['Tue, 22 May 2018 23:34:35 GMT']
      x-ms-version: ['2017-11-09']
    method: PUT
    uri: https://storagename.queue.core.windows.net/listqueue3560410cb
  response:
    body: {string: ''}
    headers:
      Date: ['Tue, 22 May 2018 23:34:35 GMT']
      Server: [Windows-Azure-Queue/1.0 Microsoft-HTTPAPI/2.0]
      Transfer-Encoding: [chunked]
      x-ms-request-id: [4eab75e0-5003-000d-2b25-f2bbd8000000]
      x-ms-version: ['2017-11-09']
    status: {code: 201, message: Created}
- request:
    body: null
    headers:
      Connection: [keep-alive]
      User-Agent: [Azure-Storage/1.2.0rc1-1.2.0rc1 (Python CPython 3.6.4; Darwin 17.5.0)]
      x-ms-client-request-id: [afd2561c-5e18-11e8-9586-b8e8564491f6]
      x-ms-date: ['Tue, 22 May 2018 23:34:35 GMT']
      x-ms-version: ['2017-11-09']
    method: GET
    uri: https://storagename.queue.core.windows.net/?comp=list&prefix=listqueue&maxresults=3
  response:
    body: {string: "\uFEFF<?xml version=\"1.0\" encoding=\"utf-8\"?><EnumerationResults
        ServiceEndpoint=\"https://storagename.queue.core.windows.net/\"><Prefix>listqueue</Prefix><MaxResults>3</MaxResults><Queues><Queue><Name>listqueue0560410cb</Name></Queue><Queue><Name>listqueue1560410cb</Name></Queue><Queue><Name>listqueue2560410cb</Name></Queue></Queues><NextMarker>/storagename/listqueue3560410cb</NextMarker></EnumerationResults>"}
    headers:
      Cache-Control: [no-cache]
      Content-Type: [application/xml]
      Date: ['Tue, 22 May 2018 23:34:35 GMT']
      Server: [Windows-Azure-Queue/1.0 Microsoft-HTTPAPI/2.0]
      Transfer-Encoding: [chunked]
      x-ms-request-id: [4eab75e8-5003-000d-3125-f2bbd8000000]
      x-ms-version: ['2017-11-09']
    status: {code: 200, message: OK}
- request:
    body: null
    headers:
      Connection: [keep-alive]
      User-Agent: [Azure-Storage/1.2.0rc1-1.2.0rc1 (Python CPython 3.6.4; Darwin 17.5.0)]
      x-ms-client-request-id: [afd7c44c-5e18-11e8-97ee-b8e8564491f6]
      x-ms-date: ['Tue, 22 May 2018 23:34:35 GMT']
      x-ms-version: ['2017-11-09']
    method: GET
    uri: https://storagename.queue.core.windows.net/?comp=list&prefix=listqueue&marker=%2Fstoragename%2Flistqueue3560410cb&include=metadata
  response:
    body: {string: "\uFEFF<?xml version=\"1.0\" encoding=\"utf-8\"?><EnumerationResults
        ServiceEndpoint=\"https://storagename.queue.core.windows.net/\"><Prefix>listqueue</Prefix><Marker>/storagename/listqueue3560410cb</Marker><Queues><Queue><Name>listqueue3560410cb</Name><Metadata
        /></Queue></Queues><NextMarker /></EnumerationResults>"}
    headers:
      Cache-Control: [no-cache]
      Content-Type: [application/xml]
      Date: ['Tue, 22 May 2018 23:34:35 GMT']
      Server: [Windows-Azure-Queue/1.0 Microsoft-HTTPAPI/2.0]
      Transfer-Encoding: [chunked]
      x-ms-request-id: [4eab75e9-5003-000d-3225-f2bbd8000000]
      x-ms-version: ['2017-11-09']
    status: {code: 200, message: OK}
version: 1
