interactions:
- request:
    body: null
    headers:
      Connection: [keep-alive]
      Content-Length: ['0']
      User-Agent: [Azure-Storage/0.36.0 (Python CPython 3.6.1; Darwin 16.7.0)]
      x-ms-client-request-id: [6c743168-8786-11e7-a186-b8e8564491f6]
      x-ms-date: ['Tue, 22 Aug 2017 22:08:27 GMT']
      x-ms-version: ['2017-04-17']
    method: PUT
    uri: https://storagename.file.core.windows.net/sharef877141f?restype=share
  response:
    body: {string: ''}
    headers:
      Date: ['Tue, 22 Aug 2017 22:08:26 GMT']
      ETag: ['"0x8D4E9AA509437E1"']
      Last-Modified: ['Tue, 22 Aug 2017 22:08:27 GMT']
      Server: [Windows-Azure-File/1.0 Microsoft-HTTPAPI/2.0]
      Transfer-Encoding: [chunked]
      x-ms-request-id: [cea20505-001a-0139-6793-1b5225000000]
      x-ms-version: ['2017-04-17']
    status: {code: 201, message: Created}
- request:
    body: null
    headers:
      Connection: [keep-alive]
      Content-Length: ['0']
      User-Agent: [Azure-Storage/0.36.0 (Python CPython 3.6.1; Darwin 16.7.0)]
      x-ms-client-request-id: [6c980d68-8786-11e7-b43a-b8e8564491f6]
      x-ms-date: ['Tue, 22 Aug 2017 22:08:27 GMT']
      x-ms-meta-hello: [world]
      x-ms-meta-number: ['42']
      x-ms-version: ['2017-04-17']
    method: PUT
    uri: https://storagename.file.core.windows.net/sharef877141f?restype=share&comp=metadata
  response:
    body: {string: ''}
    headers:
      Date: ['Tue, 22 Aug 2017 22:08:27 GMT']
      ETag: ['"0x8D4E9AA50A3BD33"']
      Last-Modified: ['Tue, 22 Aug 2017 22:08:27 GMT']
      Server: [Windows-Azure-File/1.0 Microsoft-HTTPAPI/2.0]
      Transfer-Encoding: [chunked]
      x-ms-request-id: [cea20508-001a-0139-6893-1b5225000000]
      x-ms-version: ['2017-04-17']
    status: {code: 200, message: OK}
- request:
    body: null
    headers:
      Connection: [keep-alive]
      User-Agent: [Azure-Storage/0.36.0 (Python CPython 3.6.1; Darwin 16.7.0)]
      x-ms-client-request-id: [6cab427a-8786-11e7-82d9-b8e8564491f6]
      x-ms-date: ['Tue, 22 Aug 2017 22:08:27 GMT']
      x-ms-version: ['2017-04-17']
    method: GET
    uri: https://storagename.file.core.windows.net/?comp=list&prefix=sharef877141f&include=metadata
  response:
    body: {string: "\uFEFF<?xml version=\"1.0\" encoding=\"utf-8\"?><EnumerationResults\
        \ ServiceEndpoint=\"https://storagename.file.core.windows.net/\"><Prefix>sharef877141f</Prefix><Shares><Share><Name>sharef877141f</Name><Properties><Last-Modified>Tue,\
        \ 22 Aug 2017 22:08:27 GMT</Last-Modified><Etag>\"0x8D4E9AA50A3BD33\"</Etag><Quota>5120</Quota></Properties><Metadata><hello>world</hello><number>42</number></Metadata></Share></Shares><NextMarker\
        \ /></EnumerationResults>"}
    headers:
      Content-Type: [application/xml]
      Date: ['Tue, 22 Aug 2017 22:08:27 GMT']
      Server: [Windows-Azure-File/1.0 Microsoft-HTTPAPI/2.0]
      Transfer-Encoding: [chunked]
      x-ms-request-id: [cea20509-001a-0139-6993-1b5225000000]
      x-ms-version: ['2017-04-17']
    status: {code: 200, message: OK}
version: 1
