interactions:
- request:
    body: null
    headers:
      Connection: [keep-alive]
      Content-Length: ['0']
      User-Agent: [Azure-Storage/1.0.0-1.0.0 (Python CPython 3.6.3; Darwin 17.3.0)]
      x-ms-client-request-id: [1688fe9c-fc9e-11e7-9094-b8e8564491f6]
      x-ms-date: ['Thu, 18 Jan 2018 22:22:37 GMT']
      x-ms-version: ['2017-04-17']
    method: PUT
    uri: https://storagename.file.core.windows.net/share213d0f61?restype=share
  response:
    body: {string: ''}
    headers:
      Date: ['Thu, 18 Jan 2018 22:22:36 GMT']
      ETag: ['"0x8D55EC1FAB0C718"']
      Last-Modified: ['Thu, 18 Jan 2018 22:22:37 GMT']
      Server: [Windows-Azure-File/1.0 Microsoft-HTTPAPI/2.0]
      Transfer-Encoding: [chunked]
      x-ms-request-id: [42fc26a4-001a-010d-48aa-90fd8d000000]
      x-ms-version: ['2017-04-17']
    status: {code: 201, message: Created}
- request:
    body: null
    headers:
      Connection: [keep-alive]
      Content-Length: ['0']
      User-Agent: [Azure-Storage/1.0.0-1.0.0 (Python CPython 3.6.3; Darwin 17.3.0)]
      x-ms-client-request-id: [16a01f78-fc9e-11e7-b09b-b8e8564491f6]
      x-ms-date: ['Thu, 18 Jan 2018 22:22:37 GMT']
      x-ms-version: ['2017-04-17']
    method: PUT
    uri: https://storagename.file.core.windows.net/share213d0f61?restype=share&comp=snapshot
  response:
    body: {string: ''}
    headers:
      Date: ['Thu, 18 Jan 2018 22:22:36 GMT']
      ETag: ['"0x8D55EC1FAB0C718"']
      Last-Modified: ['Thu, 18 Jan 2018 22:22:37 GMT']
      Server: [Windows-Azure-File/1.0 Microsoft-HTTPAPI/2.0]
      Transfer-Encoding: [chunked]
      x-ms-request-id: [42fc26a7-001a-010d-49aa-90fd8d000000]
      x-ms-snapshot: ['2018-01-18T22:22:36.0000000Z']
      x-ms-version: ['2017-04-17']
    status: {code: 201, message: Created}
- request:
    body: null
    headers:
      Connection: [keep-alive]
      User-Agent: [Azure-Storage/1.0.0-1.0.0 (Python CPython 3.6.3; Darwin 17.3.0)]
      x-ms-client-request-id: [16d5c2d8-fc9e-11e7-874a-b8e8564491f6]
      x-ms-date: ['Thu, 18 Jan 2018 22:22:37 GMT']
      x-ms-version: ['2017-04-17']
    method: GET
    uri: https://storagename.file.core.windows.net/share213d0f61?restype=share&sharesnapshot=2018-01-18T22%3A22%3A36.0000000Z
  response:
    body: {string: ''}
    headers:
      Date: ['Thu, 18 Jan 2018 22:22:36 GMT']
      ETag: ['"0x8D55EC1FAB0C718"']
      Last-Modified: ['Thu, 18 Jan 2018 22:22:37 GMT']
      Server: [Windows-Azure-File/1.0 Microsoft-HTTPAPI/2.0]
      Transfer-Encoding: [chunked]
      x-ms-request-id: [42fc26a8-001a-010d-4aaa-90fd8d000000]
      x-ms-share-quota: ['5120']
      x-ms-version: ['2017-04-17']
    status: {code: 200, message: OK}
version: 1
