interactions:
- request:
    body: null
    headers:
      Connection: [keep-alive]
      Content-Length: ['0']
      User-Agent: [Azure-Storage/1.2.0rc1-1.2.0rc1 (Python CPython 3.6.4; Darwin 17.5.0)]
      x-ms-client-request-id: [a8209d7a-5e18-11e8-bd41-b8e8564491f6]
      x-ms-date: ['Tue, 22 May 2018 23:34:22 GMT']
      x-ms-version: ['2017-11-09']
    method: PUT
    uri: https://storagename.file.core.windows.net/share213d0f61?restype=share
  response:
    body: {string: ''}
    headers:
      Date: ['Tue, 22 May 2018 23:34:22 GMT']
      ETag: ['"0x8D5C03C8C6579F9"']
      Last-Modified: ['Tue, 22 May 2018 23:34:22 GMT']
      Server: [Windows-Azure-File/1.0 Microsoft-HTTPAPI/2.0]
      Transfer-Encoding: [chunked]
      x-ms-request-id: [2fbefdde-e01a-0139-7d25-f25225000000]
      x-ms-version: ['2017-11-09']
    status: {code: 201, message: Created}
- request:
    body: null
    headers:
      Connection: [keep-alive]
      Content-Length: ['0']
      User-Agent: [Azure-Storage/1.2.0rc1-1.2.0rc1 (Python CPython 3.6.4; Darwin 17.5.0)]
      x-ms-client-request-id: [a833d6f6-5e18-11e8-b404-b8e8564491f6]
      x-ms-date: ['Tue, 22 May 2018 23:34:22 GMT']
      x-ms-version: ['2017-11-09']
    method: PUT
    uri: https://storagename.file.core.windows.net/share213d0f61?restype=share&comp=snapshot
  response:
    body: {string: ''}
    headers:
      Date: ['Tue, 22 May 2018 23:34:23 GMT']
      ETag: ['"0x8D5C03C8C6579F9"']
      Last-Modified: ['Tue, 22 May 2018 23:34:22 GMT']
      Server: [Windows-Azure-File/1.0 Microsoft-HTTPAPI/2.0]
      Transfer-Encoding: [chunked]
      x-ms-request-id: [2fbefde1-e01a-0139-7e25-f25225000000]
      x-ms-snapshot: ['2018-05-22T23:34:23.0000000Z']
      x-ms-version: ['2017-11-09']
    status: {code: 201, message: Created}
- request:
    body: null
    headers:
      Connection: [keep-alive]
      User-Agent: [Azure-Storage/1.2.0rc1-1.2.0rc1 (Python CPython 3.6.4; Darwin 17.5.0)]
      x-ms-client-request-id: [a899dc94-5e18-11e8-b530-b8e8564491f6]
      x-ms-date: ['Tue, 22 May 2018 23:34:23 GMT']
      x-ms-version: ['2017-11-09']
    method: GET
    uri: https://storagename.file.core.windows.net/share213d0f61?restype=share&sharesnapshot=2018-05-22T23%3A34%3A23.0000000Z
  response:
    body: {string: ''}
    headers:
      Date: ['Tue, 22 May 2018 23:34:23 GMT']
      ETag: ['"0x8D5C03C8C6579F9"']
      Last-Modified: ['Tue, 22 May 2018 23:34:22 GMT']
      Server: [Windows-Azure-File/1.0 Microsoft-HTTPAPI/2.0]
      Transfer-Encoding: [chunked]
      x-ms-has-immutability-policy: ['false']
      x-ms-has-legal-hold: ['false']
      x-ms-request-id: [2fbefde3-e01a-0139-7f25-f25225000000]
      x-ms-share-quota: ['5120']
      x-ms-version: ['2017-11-09']
    status: {code: 200, message: OK}
version: 1
