interactions:
- request:
    body: null
    headers:
      Connection: [keep-alive]
      Content-Length: ['0']
      User-Agent: [Azure-Storage/0.34.3 (Python CPython 3.6.1; Windows 10)]
      x-ms-client-request-id: [11e3ccb4-50c9-11e7-a03f-705a0f3d3f8d]
      x-ms-date: ['Wed, 14 Jun 2017 06:16:57 GMT']
      x-ms-version: ['2016-05-31']
    method: PUT
    uri: https://storagename.queue.core.windows.net/queue74f61174
  response:
    body: {string: ''}
    headers:
      Date: ['Wed, 14 Jun 2017 06:16:56 GMT']
      Server: [Windows-Azure-Queue/1.0 Microsoft-HTTPAPI/2.0]
      Transfer-Encoding: [chunked]
      x-ms-request-id: [a735bc1c-0003-0106-78d5-e4e5f9000000]
      x-ms-version: ['2016-05-31']
    status: {code: 201, message: Created}
- request:
    body: '<?xml version=''1.0'' encoding=''utf-8''?>

      <QueueMessage><MessageText>message1</MessageText></QueueMessage>'
    headers:
      Connection: [keep-alive]
      Content-Length: ['103']
      User-Agent: [Azure-Storage/0.34.3 (Python CPython 3.6.1; Windows 10)]
      x-ms-client-request-id: [11f57752-50c9-11e7-8a69-705a0f3d3f8d]
      x-ms-date: ['Wed, 14 Jun 2017 06:16:57 GMT']
      x-ms-version: ['2016-05-31']
    method: POST
    uri: https://storagename.queue.core.windows.net/queue74f61174/messages
  response:
    body: {string: "\uFEFF<?xml version=\"1.0\" encoding=\"utf-8\"?><QueueMessagesList><QueueMessage><MessageId>b833b328-1953-4c44-abad-1b1d20b4be09</MessageId><InsertionTime>Wed,\
        \ 14 Jun 2017 06:16:57 GMT</InsertionTime><ExpirationTime>Wed, 21 Jun 2017\
        \ 06:16:57 GMT</ExpirationTime><PopReceipt>AgAAAAMAAAAAAAAAI17I09Xk0gE=</PopReceipt><TimeNextVisible>Wed,\
        \ 14 Jun 2017 06:16:57 GMT</TimeNextVisible></QueueMessage></QueueMessagesList>"}
    headers:
      Content-Type: [application/xml]
      Date: ['Wed, 14 Jun 2017 06:16:56 GMT']
      Server: [Windows-Azure-Queue/1.0 Microsoft-HTTPAPI/2.0]
      Transfer-Encoding: [chunked]
      x-ms-request-id: [a735bc29-0003-0106-02d5-e4e5f9000000]
      x-ms-version: ['2016-05-31']
    status: {code: 201, message: Created}
- request:
    body: '<?xml version=''1.0'' encoding=''utf-8''?>

      <QueueMessage><MessageText>message2</MessageText></QueueMessage>'
    headers:
      Connection: [keep-alive]
      Content-Length: ['103']
      User-Agent: [Azure-Storage/0.34.3 (Python CPython 3.6.1; Windows 10)]
      x-ms-client-request-id: [11f9fed4-50c9-11e7-bf76-705a0f3d3f8d]
      x-ms-date: ['Wed, 14 Jun 2017 06:16:57 GMT']
      x-ms-version: ['2016-05-31']
    method: POST
    uri: https://storagename.queue.core.windows.net/queue74f61174/messages
  response:
    body: {string: "\uFEFF<?xml version=\"1.0\" encoding=\"utf-8\"?><QueueMessagesList><QueueMessage><MessageId>75d73b74-d8bc-4553-b96e-a7bfe4e38467</MessageId><InsertionTime>Wed,\
        \ 14 Jun 2017 06:16:57 GMT</InsertionTime><ExpirationTime>Wed, 21 Jun 2017\
        \ 06:16:57 GMT</ExpirationTime><PopReceipt>AgAAAAMAAAAAAAAAmivO09Xk0gE=</PopReceipt><TimeNextVisible>Wed,\
        \ 14 Jun 2017 06:16:57 GMT</TimeNextVisible></QueueMessage></QueueMessagesList>"}
    headers:
      Content-Type: [application/xml]
      Date: ['Wed, 14 Jun 2017 06:16:56 GMT']
      Server: [Windows-Azure-Queue/1.0 Microsoft-HTTPAPI/2.0]
      Transfer-Encoding: [chunked]
      x-ms-request-id: [a735bc3b-0003-0106-14d5-e4e5f9000000]
      x-ms-version: ['2016-05-31']
    status: {code: 201, message: Created}
- request:
    body: '<?xml version=''1.0'' encoding=''utf-8''?>

      <QueueMessage><MessageText>message3</MessageText></QueueMessage>'
    headers:
      Connection: [keep-alive]
      Content-Length: ['103']
      User-Agent: [Azure-Storage/0.34.3 (Python CPython 3.6.1; Windows 10)]
      x-ms-client-request-id: [11ffc5b6-50c9-11e7-b16c-705a0f3d3f8d]
      x-ms-date: ['Wed, 14 Jun 2017 06:16:57 GMT']
      x-ms-version: ['2016-05-31']
    method: POST
    uri: https://storagename.queue.core.windows.net/queue74f61174/messages
  response:
    body: {string: "\uFEFF<?xml version=\"1.0\" encoding=\"utf-8\"?><QueueMessagesList><QueueMessage><MessageId>a4c78c5e-37cb-461c-ad2f-fbb006809fad</MessageId><InsertionTime>Wed,\
        \ 14 Jun 2017 06:16:58 GMT</InsertionTime><ExpirationTime>Wed, 21 Jun 2017\
        \ 06:16:58 GMT</ExpirationTime><PopReceipt>AgAAAAMAAAAAAAAACkvS09Xk0gE=</PopReceipt><TimeNextVisible>Wed,\
        \ 14 Jun 2017 06:16:58 GMT</TimeNextVisible></QueueMessage></QueueMessagesList>"}
    headers:
      Content-Type: [application/xml]
      Date: ['Wed, 14 Jun 2017 06:16:56 GMT']
      Server: [Windows-Azure-Queue/1.0 Microsoft-HTTPAPI/2.0]
      Transfer-Encoding: [chunked]
      x-ms-request-id: [a735bc4f-0003-0106-28d5-e4e5f9000000]
      x-ms-version: ['2016-05-31']
    status: {code: 201, message: Created}
- request:
    body: '<?xml version=''1.0'' encoding=''utf-8''?>

      <QueueMessage><MessageText>message4</MessageText></QueueMessage>'
    headers:
      Connection: [keep-alive]
      Content-Length: ['103']
      User-Agent: [Azure-Storage/0.34.3 (Python CPython 3.6.1; Windows 10)]
      x-ms-client-request-id: [1203f70c-50c9-11e7-baeb-705a0f3d3f8d]
      x-ms-date: ['Wed, 14 Jun 2017 06:16:57 GMT']
      x-ms-version: ['2016-05-31']
    method: POST
    uri: https://storagename.queue.core.windows.net/queue74f61174/messages
  response:
    body: {string: "\uFEFF<?xml version=\"1.0\" encoding=\"utf-8\"?><QueueMessagesList><QueueMessage><MessageId>5aef7876-18ee-431a-8d58-94acf95549d1</MessageId><InsertionTime>Wed,\
        \ 14 Jun 2017 06:16:58 GMT</InsertionTime><ExpirationTime>Wed, 21 Jun 2017\
        \ 06:16:58 GMT</ExpirationTime><PopReceipt>AgAAAAMAAAAAAAAAlJHW09Xk0gE=</PopReceipt><TimeNextVisible>Wed,\
        \ 14 Jun 2017 06:16:58 GMT</TimeNextVisible></QueueMessage></QueueMessagesList>"}
    headers:
      Content-Type: [application/xml]
      Date: ['Wed, 14 Jun 2017 06:16:56 GMT']
      Server: [Windows-Azure-Queue/1.0 Microsoft-HTTPAPI/2.0]
      Transfer-Encoding: [chunked]
      x-ms-request-id: [a735bc5c-0003-0106-35d5-e4e5f9000000]
      x-ms-version: ['2016-05-31']
    status: {code: 201, message: Created}
- request:
    body: null
    headers:
      Connection: [keep-alive]
      User-Agent: [Azure-Storage/0.34.3 (Python CPython 3.6.1; Windows 10)]
      x-ms-client-request-id: [120863f6-50c9-11e7-a83d-705a0f3d3f8d]
      x-ms-date: ['Wed, 14 Jun 2017 06:16:57 GMT']
      x-ms-version: ['2016-05-31']
    method: GET
    uri: https://storagename.queue.core.windows.net/queue74f61174/messages?peekonly=true&numofmessages=4
  response:
    body: {string: "\uFEFF<?xml version=\"1.0\" encoding=\"utf-8\"?><QueueMessagesList><QueueMessage><MessageId>b833b328-1953-4c44-abad-1b1d20b4be09</MessageId><InsertionTime>Wed,\
        \ 14 Jun 2017 06:16:57 GMT</InsertionTime><ExpirationTime>Wed, 21 Jun 2017\
        \ 06:16:57 GMT</ExpirationTime><DequeueCount>0</DequeueCount><MessageText>message1</MessageText></QueueMessage><QueueMessage><MessageId>75d73b74-d8bc-4553-b96e-a7bfe4e38467</MessageId><InsertionTime>Wed,\
        \ 14 Jun 2017 06:16:57 GMT</InsertionTime><ExpirationTime>Wed, 21 Jun 2017\
        \ 06:16:57 GMT</ExpirationTime><DequeueCount>0</DequeueCount><MessageText>message2</MessageText></QueueMessage><QueueMessage><MessageId>a4c78c5e-37cb-461c-ad2f-fbb006809fad</MessageId><InsertionTime>Wed,\
        \ 14 Jun 2017 06:16:58 GMT</InsertionTime><ExpirationTime>Wed, 21 Jun 2017\
        \ 06:16:58 GMT</ExpirationTime><DequeueCount>0</DequeueCount><MessageText>message3</MessageText></QueueMessage><QueueMessage><MessageId>5aef7876-18ee-431a-8d58-94acf95549d1</MessageId><InsertionTime>Wed,\
        \ 14 Jun 2017 06:16:58 GMT</InsertionTime><ExpirationTime>Wed, 21 Jun 2017\
        \ 06:16:58 GMT</ExpirationTime><DequeueCount>0</DequeueCount><MessageText>message4</MessageText></QueueMessage></QueueMessagesList>"}
    headers:
      Cache-Control: [no-cache]
      Content-Type: [application/xml]
      Date: ['Wed, 14 Jun 2017 06:16:56 GMT']
      Server: [Windows-Azure-Queue/1.0 Microsoft-HTTPAPI/2.0]
      Transfer-Encoding: [chunked]
      x-ms-request-id: [a735bc67-0003-0106-40d5-e4e5f9000000]
      x-ms-version: ['2016-05-31']
    status: {code: 200, message: OK}
version: 1
