interactions:
- request:
    body: null
    headers:
      Connection: [keep-alive]
      Content-Length: ['0']
      User-Agent: [Azure-Storage/0.37.0-0.36.0 (Python CPython 2.7.10; Darwin 16.7.0)]
      x-ms-client-request-id: [7f5c1dd1-a7ad-11e7-bcdc-b8e8564491f6]
      x-ms-date: ['Mon, 02 Oct 2017 20:08:46 GMT']
      x-ms-version: ['2017-04-17']
    method: PUT
    uri: https://storagename.blob.core.windows.net/utcontainer50c01dd4?restype=container
  response:
    body: {string: !!python/unicode ''}
    headers:
      date: ['Mon, 02 Oct 2017 20:08:47 GMT']
      etag: ['"0x8D509D16465D2F2"']
      last-modified: ['Mon, 02 Oct 2017 20:08:48 GMT']
      server: [Windows-Azure-Blob/1.0 Microsoft-HTTPAPI/2.0]
      transfer-encoding: [chunked]
      x-ms-request-id: [140d41b1-001e-012f-0cba-3b93bb000000]
      x-ms-version: ['2017-04-17']
    status: {code: 201, message: Created}
- request:
    body: null
    headers:
      Connection: [keep-alive]
      Content-Length: ['0']
      If-Modified-Since: ['Mon, 02 Oct 2017 19:53:46 GMT']
      User-Agent: [Azure-Storage/0.37.0-0.36.0 (Python CPython 2.7.10; Darwin 16.7.0)]
      x-ms-client-request-id: [7f6ffdfa-a7ad-11e7-965b-b8e8564491f6]
      x-ms-date: ['Mon, 02 Oct 2017 20:08:46 GMT']
      x-ms-lease-action: [acquire]
      x-ms-lease-duration: ['-1']
      x-ms-version: ['2017-04-17']
    method: PUT
    uri: https://storagename.blob.core.windows.net/utcontainer50c01dd4?comp=lease&restype=container
  response:
    body: {string: !!python/unicode ''}
    headers:
      date: ['Mon, 02 Oct 2017 20:08:47 GMT']
      etag: ['"0x8D509D16465D2F2"']
      last-modified: ['Mon, 02 Oct 2017 20:08:48 GMT']
      server: [Windows-Azure-Blob/1.0 Microsoft-HTTPAPI/2.0]
      transfer-encoding: [chunked]
      x-ms-lease-id: [8ad978c5-e5ee-418f-8454-d4c4323102ac]
      x-ms-request-id: [140d41c5-001e-012f-1cba-3b93bb000000]
      x-ms-version: ['2017-04-17']
    status: {code: 201, message: Created}
- request:
    body: null
    headers:
      Connection: [keep-alive]
      Content-Length: ['0']
      User-Agent: [Azure-Storage/0.37.0-0.36.0 (Python CPython 2.7.10; Darwin 16.7.0)]
      x-ms-client-request-id: [7f7828f5-a7ad-11e7-ae5c-b8e8564491f6]
      x-ms-date: ['Mon, 02 Oct 2017 20:08:46 GMT']
      x-ms-lease-action: [break]
      x-ms-version: ['2017-04-17']
    method: PUT
    uri: https://storagename.blob.core.windows.net/utcontainer50c01dd4?comp=lease&restype=container
  response:
    body: {string: !!python/unicode ''}
    headers:
      date: ['Mon, 02 Oct 2017 20:08:48 GMT']
      etag: ['"0x8D509D16465D2F2"']
      last-modified: ['Mon, 02 Oct 2017 20:08:48 GMT']
      server: [Windows-Azure-Blob/1.0 Microsoft-HTTPAPI/2.0]
      transfer-encoding: [chunked]
      x-ms-lease-time: ['0']
      x-ms-request-id: [140d41ce-001e-012f-25ba-3b93bb000000]
      x-ms-version: ['2017-04-17']
    status: {code: 202, message: Accepted}
version: 1
