interactions:
- request:
    body: AAA
    headers:
      Connection: [keep-alive]
      Content-Length: ['3']
      User-Agent: [Azure-Storage/1.2.0rc1-1.2.0rc1 (Python CPython 3.6.4; Darwin 17.5.0)]
      x-ms-client-request-id: [263ef9d8-5e17-11e8-b96e-b8e8564491f6]
      x-ms-date: ['Tue, 22 May 2018 23:23:35 GMT']
      x-ms-version: ['2017-11-09']
    method: PUT
    uri: https://storagename.blob.core.windows.net/utcontainer32b01530/blob32b01530?comp=block&blockid=MQ%3D%3D
  response:
    body: {string: ''}
    headers:
      Content-MD5: [4fr/s+YU5sL7p0KWliOGtw==]
      Date: ['Tue, 22 May 2018 23:23:34 GMT']
      Server: [Windows-Azure-Blob/1.0 Microsoft-HTTPAPI/2.0]
      Transfer-Encoding: [chunked]
      x-ms-request-id: [1017a04f-a01e-00fd-1723-f26bb6000000]
      x-ms-request-server-encrypted: ['true']
      x-ms-version: ['2017-11-09']
    status: {code: 201, message: Created}
- request:
    body: BBB
    headers:
      Connection: [keep-alive]
      Content-Length: ['3']
      User-Agent: [Azure-Storage/1.2.0rc1-1.2.0rc1 (Python CPython 3.6.4; Darwin 17.5.0)]
      x-ms-client-request-id: [2652512c-5e17-11e8-afdd-b8e8564491f6]
      x-ms-date: ['Tue, 22 May 2018 23:23:35 GMT']
      x-ms-version: ['2017-11-09']
    method: PUT
    uri: https://storagename.blob.core.windows.net/utcontainer32b01530/blob32b01530?comp=block&blockid=Mg%3D%3D
  response:
    body: {string: ''}
    headers:
      Content-MD5: [K7Il8LqaWJMHV6ho7VfZow==]
      Date: ['Tue, 22 May 2018 23:23:34 GMT']
      Server: [Windows-Azure-Blob/1.0 Microsoft-HTTPAPI/2.0]
      Transfer-Encoding: [chunked]
      x-ms-request-id: [1017a054-a01e-00fd-1a23-f26bb6000000]
      x-ms-request-server-encrypted: ['true']
      x-ms-version: ['2017-11-09']
    status: {code: 201, message: Created}
- request:
    body: CCC
    headers:
      Connection: [keep-alive]
      Content-Length: ['3']
      User-Agent: [Azure-Storage/1.2.0rc1-1.2.0rc1 (Python CPython 3.6.4; Darwin 17.5.0)]
      x-ms-client-request-id: [2657f598-5e17-11e8-8635-b8e8564491f6]
      x-ms-date: ['Tue, 22 May 2018 23:23:35 GMT']
      x-ms-version: ['2017-11-09']
    method: PUT
    uri: https://storagename.blob.core.windows.net/utcontainer32b01530/blob32b01530?comp=block&blockid=Mw%3D%3D
  response:
    body: {string: ''}
    headers:
      Content-MD5: [3vuZ5pqfH24G8VAGsfFmrg==]
      Date: ['Tue, 22 May 2018 23:23:34 GMT']
      Server: [Windows-Azure-Blob/1.0 Microsoft-HTTPAPI/2.0]
      Transfer-Encoding: [chunked]
      x-ms-request-id: [1017a05e-a01e-00fd-2123-f26bb6000000]
      x-ms-request-server-encrypted: ['true']
      x-ms-version: ['2017-11-09']
    status: {code: 201, message: Created}
- request:
    body: '<?xml version=''1.0'' encoding=''utf-8''?>

      <BlockList><Latest>MQ==</Latest><Latest>Mg==</Latest><Latest>NA==</Latest></BlockList>'
    headers:
      Connection: [keep-alive]
      Content-Length: ['125']
      User-Agent: [Azure-Storage/1.2.0rc1-1.2.0rc1 (Python CPython 3.6.4; Darwin 17.5.0)]
      x-ms-client-request-id: [265da464-5e17-11e8-8c9e-b8e8564491f6]
      x-ms-date: ['Tue, 22 May 2018 23:23:35 GMT']
      x-ms-version: ['2017-11-09']
    method: PUT
    uri: https://storagename.blob.core.windows.net/utcontainer32b01530/blob32b01530?comp=blocklist
  response:
    body: {string: "\uFEFF<?xml version=\"1.0\" encoding=\"utf-8\"?><Error><Code>InvalidBlockList</Code><Message>The
        specified block list is invalid.\nRequestId:1017a063-a01e-00fd-2623-f26bb6000000\nTime:2018-05-22T23:23:35.6318609Z</Message></Error>"}
    headers:
      Content-Length: ['221']
      Content-Type: [application/xml]
      Date: ['Tue, 22 May 2018 23:23:34 GMT']
      Server: [Windows-Azure-Blob/1.0 Microsoft-HTTPAPI/2.0]
      x-ms-error-code: [InvalidBlockList]
      x-ms-request-id: [1017a063-a01e-00fd-2623-f26bb6000000]
      x-ms-version: ['2017-11-09']
    status: {code: 400, message: The specified block list is invalid.}
version: 1
