interactions:
- request:
    body: null
    headers:
      Accept-Encoding: [identity]
      Connection: [keep-alive]
      Content-Length: ['0']
      User-Agent: [Azure-Storage/0.20.2 (Python CPython 3.4.3; Windows 8)]
      x-ms-date: ['Mon, 25 Jan 2016 19:01:45 GMT']
      x-ms-version: ['2015-04-05']
    method: PUT
    uri: https://storagename.file.core.windows.net/utshare14f20f16/dir1?restype=directory
  response:
    body: {string: ''}
    headers:
      Date: ['Mon, 25 Jan 2016 19:01:45 GMT']
      ETag: ['"0x8D325B9F82F2E91"']
      Last-Modified: ['Mon, 25 Jan 2016 19:01:45 GMT']
      Server: [Windows-Azure-File/1.0 Microsoft-HTTPAPI/2.0]
      Transfer-Encoding: [chunked]
      x-ms-request-id: [16ae9f69-001a-0082-3ca2-575e5a000000]
      x-ms-version: ['2015-04-05']
    status: {code: 201, message: Created}
- request:
    body: null
    headers:
      Accept-Encoding: [identity]
      Connection: [keep-alive]
      User-Agent: [Azure-Storage/0.20.2 (Python CPython 3.4.3; Windows 8)]
      x-ms-date: ['Mon, 25 Jan 2016 19:01:45 GMT']
      x-ms-version: ['2015-04-05']
    method: GET
    uri: https://storagename.file.core.windows.net/utshare14f20f16/dir1?restype=directory
  response:
    body: {string: ''}
    headers:
      Date: ['Mon, 25 Jan 2016 19:01:45 GMT']
      ETag: ['"0x8D325B9F82F2E91"']
      Last-Modified: ['Mon, 25 Jan 2016 19:01:45 GMT']
      Server: [Windows-Azure-File/1.0 Microsoft-HTTPAPI/2.0]
      Transfer-Encoding: [chunked]
      x-ms-request-id: [16ae9f6a-001a-0082-3da2-575e5a000000]
      x-ms-version: ['2015-04-05']
    status: {code: 200, message: OK}
- request:
    body: null
    headers:
      Accept-Encoding: [identity]
      Connection: [keep-alive]
      Content-Length: ['0']
      User-Agent: [Azure-Storage/0.20.2 (Python CPython 3.4.3; Windows 8)]
      x-ms-date: ['Mon, 25 Jan 2016 19:25:35 GMT']
      x-ms-version: ['2015-04-05']
    method: PUT
    uri: https://storagename.file.core.windows.net/utshare14f20f16/dir1?restype=directory
  response:
    body: {string: ''}
    headers:
      Date: ['Mon, 25 Jan 2016 19:25:37 GMT']
      ETag: ['"0x8D325BD4D58D460"']
      Last-Modified: ['Mon, 25 Jan 2016 19:25:36 GMT']
      Server: [Windows-Azure-File/1.0 Microsoft-HTTPAPI/2.0]
      Transfer-Encoding: [chunked]
      x-ms-request-id: [ceaf47e8-001a-0067-1ba6-574cad000000]
      x-ms-version: ['2015-04-05']
    status: {code: 201, message: Created}
- request:
    body: null
    headers:
      Accept-Encoding: [identity]
      Connection: [keep-alive]
      User-Agent: [Azure-Storage/0.20.2 (Python CPython 3.4.3; Windows 8)]
      x-ms-date: ['Mon, 25 Jan 2016 19:25:36 GMT']
      x-ms-version: ['2015-04-05']
    method: GET
    uri: https://storagename.file.core.windows.net/utshare14f20f16/dir1?restype=directory
  response:
    body: {string: ''}
    headers:
      Date: ['Mon, 25 Jan 2016 19:25:37 GMT']
      ETag: ['"0x8D325BD4D58D460"']
      Last-Modified: ['Mon, 25 Jan 2016 19:25:36 GMT']
      Server: [Windows-Azure-File/1.0 Microsoft-HTTPAPI/2.0]
      Transfer-Encoding: [chunked]
      x-ms-request-id: [ceaf47ea-001a-0067-1ca6-574cad000000]
      x-ms-version: ['2015-04-05']
    status: {code: 200, message: OK}
version: 1
