interactions:
- request:
    body: '{"TableName": "tableb9bd17bb"}'
    headers:
      Accept: [application/json;odata=minimalmetadata]
      Connection: [keep-alive]
      Content-Length: ['30']
      Content-Type: [application/json]
      DataServiceVersion: [3.0;NetFx]
      MaxDataServiceVersion: ['3.0']
      Prefer: [return-no-content]
      User-Agent: [Azure-Storage/0.35.0 (Python CPython 3.6.1; Darwin 16.6.0)]
      x-ms-client-request-id: [899395c8-67fc-11e7-86a7-b8e8564491f6]
      x-ms-date: ['Thu, 13 Jul 2017 18:53:19 GMT']
      x-ms-version: ['2017-04-17']
    method: POST
    uri: https://storagename.table.core.windows.net/Tables
  response:
    body: {string: ''}
    headers:
      Cache-Control: [no-cache]
      Content-Length: ['0']
      DataServiceId: ['https://storagename.table.core.windows.net/Tables(''tableb9bd17bb'')']
      Date: ['Thu, 13 Jul 2017 18:53:19 GMT']
      Location: ['https://storagename.table.core.windows.net/Tables(''tableb9bd17bb'')']
      Preference-Applied: [return-no-content]
      Server: [Windows-Azure-Table/1.0 Microsoft-HTTPAPI/2.0]
      X-Content-Type-Options: [nosniff]
      x-ms-request-id: [eec7ac24-0002-0072-0109-fc25ea000000]
      x-ms-version: ['2017-04-17']
    status: {code: 204, message: No Content}
- request:
    body: '<?xml version=''1.0'' encoding=''utf-8''?>

      <SignedIdentifiers><SignedIdentifier><Id>empty</Id><AccessPolicy /></SignedIdentifier></SignedIdentifiers>'
    headers:
      Connection: [keep-alive]
      Content-Length: ['145']
      DataServiceVersion: [3.0;NetFx]
      MaxDataServiceVersion: ['3.0']
      User-Agent: [Azure-Storage/0.35.0 (Python CPython 3.6.1; Darwin 16.6.0)]
      x-ms-client-request-id: [89a7189e-67fc-11e7-b9b7-b8e8564491f6]
      x-ms-date: ['Thu, 13 Jul 2017 18:53:19 GMT']
      x-ms-version: ['2017-04-17']
    method: PUT
    uri: https://storagename.table.core.windows.net/tableb9bd17bb?comp=acl
  response:
    body: {string: ''}
    headers:
      Content-Length: ['0']
      Date: ['Thu, 13 Jul 2017 18:53:19 GMT']
      Server: [Windows-Azure-Table/1.0 Microsoft-HTTPAPI/2.0]
      x-ms-request-id: [eec7ac2c-0002-0072-0709-fc25ea000000]
      x-ms-version: ['2017-04-17']
    status: {code: 204, message: No Content}
- request:
    body: null
    headers:
      Connection: [keep-alive]
      DataServiceVersion: [3.0;NetFx]
      MaxDataServiceVersion: ['3.0']
      User-Agent: [Azure-Storage/0.35.0 (Python CPython 3.6.1; Darwin 16.6.0)]
      x-ms-client-request-id: [89c619ee-67fc-11e7-955b-b8e8564491f6]
      x-ms-date: ['Thu, 13 Jul 2017 18:53:19 GMT']
      x-ms-version: ['2017-04-17']
    method: GET
    uri: https://storagename.table.core.windows.net/tableb9bd17bb?comp=acl
  response:
    body: {string: "\uFEFF<?xml version=\"1.0\" encoding=\"utf-8\"?><SignedIdentifiers><SignedIdentifier><Id>empty</Id></SignedIdentifier></SignedIdentifiers>"}
    headers:
      Content-Type: [application/xml]
      Date: ['Thu, 13 Jul 2017 18:53:19 GMT']
      Server: [Windows-Azure-Table/1.0 Microsoft-HTTPAPI/2.0]
      Transfer-Encoding: [chunked]
      x-ms-request-id: [eec7ac3d-0002-0072-1609-fc25ea000000]
      x-ms-version: ['2017-04-17']
    status: {code: 200, message: OK}
version: 1
