interactions:
- request:
    body: '{"PartitionKey": "pkbe9d1303", "RowKey": "rkbe9d1303fullmetadata", "age":
      "39", "age@odata.type": "Edm.Int64", "sex": "EsFybnB5+zCnfVU3lvy8xw==", "sex@odata.type":
      "Edm.Binary", "name": "FYvcpD7miJ2OWizhad8Z+Q==", "name@odata.type": "Edm.Binary",
      "married": true, "deceased": false, "optional": null, "evenratio": 3.0, "ratio":
      3.1, "large": "933311100", "large@odata.type": "Edm.Int64", "Birthday": "1973-10-04T00:00:00Z",
      "Birthday@odata.type": "Edm.DateTime", "birthday": "1970-10-04T00:00:00Z", "birthday@odata.type":
      "Edm.DateTime", "binary": "YmluYXJ5", "binary@odata.type": "Edm.Binary", "other":
      20, "clsid": "c9da6455-213d-42c9-9a79-3e9149a57833", "clsid@odata.type": "Edm.Guid",
      "_ClientEncryptionMetadata2": "zAj3EHDjDIXQzAW5McuXmQ==", "_ClientEncryptionMetadata2@odata.type":
      "Edm.Binary", "_ClientEncryptionMetadata1": "{\"WrappedContentKey\": {\"KeyId\":
      \"key1\", \"EncryptedKey\": \"5+chcxvwWAmU3b1SwuhFgk4HkD3g/zgm3ypUeksFWTr8yfSD39eZ6A==\",
      \"Algorithm\": \"A256KW\"}, \"EncryptionAgent\": {\"Protocol\": \"1.0\", \"EncryptionAlgorithm\":
      \"AES_CBC_256\"}, \"ContentEncryptionIV\": \"jxIYP7ct7vBKYHJnqAGXvQ==\", \"KeyWrappingMetadata\":
      {\"EncryptionLibrary\": \"Python 0.35.0\"}}"}'
    headers:
      Accept: [application/json;odata=minimalmetadata]
      Connection: [keep-alive]
      Content-Length: ['1200']
      Content-Type: [application/json]
      DataServiceVersion: [3.0;NetFx]
      MaxDataServiceVersion: ['3.0']
      Prefer: [return-no-content]
      User-Agent: [Azure-Storage/0.35.0 (Python CPython 3.6.1; Darwin 16.6.0)]
      x-ms-client-request-id: [9546f4e6-67fc-11e7-8792-b8e8564491f6]
      x-ms-date: ['Thu, 13 Jul 2017 18:53:39 GMT']
      x-ms-version: ['2017-04-17']
    method: POST
    uri: https://storagename.table.core.windows.net/uttablebe9d1303
  response:
    body: {string: ''}
    headers:
      Cache-Control: [no-cache]
      Content-Length: ['0']
      DataServiceId: ['https://storagename.table.core.windows.net/uttablebe9d1303(PartitionKey=''pkbe9d1303'',RowKey=''rkbe9d1303fullmetadata'')']
      Date: ['Thu, 13 Jul 2017 18:53:38 GMT']
      ETag: [W/"datetime'2017-07-13T18%3A53%3A38.8177394Z'"]
      Location: ['https://storagename.table.core.windows.net/uttablebe9d1303(PartitionKey=''pkbe9d1303'',RowKey=''rkbe9d1303fullmetadata'')']
      Preference-Applied: [return-no-content]
      Server: [Windows-Azure-Table/1.0 Microsoft-HTTPAPI/2.0]
      X-Content-Type-Options: [nosniff]
      x-ms-request-id: [e031cce3-0002-00ea-1209-fcabd5000000]
      x-ms-version: ['2017-04-17']
    status: {code: 204, message: No Content}
- request:
    body: null
    headers:
      Accept: [application/json;odata=fullmetadata]
      Connection: [keep-alive]
      DataServiceVersion: [3.0;NetFx]
      MaxDataServiceVersion: ['3.0']
      User-Agent: [Azure-Storage/0.35.0 (Python CPython 3.6.1; Darwin 16.6.0)]
      x-ms-client-request-id: [955b9400-67fc-11e7-b0d4-b8e8564491f6]
      x-ms-date: ['Thu, 13 Jul 2017 18:53:39 GMT']
      x-ms-version: ['2017-04-17']
    method: GET
    uri: https://storagename.table.core.windows.net/uttablebe9d1303(PartitionKey='pkbe9d1303',RowKey='rkbe9d1303fullmetadata')
  response:
    body: {string: '{"odata.metadata":"https://storagename.table.core.windows.net/$metadata#uttablebe9d1303/@Element","odata.type":"storagename.uttablebe9d1303","odata.id":"https://storagename.table.core.windows.net/uttablebe9d1303(PartitionKey=''pkbe9d1303'',RowKey=''rkbe9d1303fullmetadata'')","odata.etag":"W/\"datetime''2017-07-13T18%3A53%3A38.8177394Z''\"","odata.editLink":"uttablebe9d1303(PartitionKey=''pkbe9d1303'',RowKey=''rkbe9d1303fullmetadata'')","PartitionKey":"pkbe9d1303","RowKey":"rkbe9d1303fullmetadata","Timestamp@odata.type":"Edm.DateTime","Timestamp":"2017-07-13T18:53:38.8177394Z","age@odata.type":"Edm.Int64","age":"39","sex@odata.type":"Edm.Binary","sex":"EsFybnB5+zCnfVU3lvy8xw==","name@odata.type":"Edm.Binary","name":"FYvcpD7miJ2OWizhad8Z+Q==","married":true,"deceased":false,"evenratio":3.0,"ratio":3.1,"large@odata.type":"Edm.Int64","large":"933311100","Birthday@odata.type":"Edm.DateTime","Birthday":"1973-10-04T00:00:00Z","birthday@odata.type":"Edm.DateTime","birthday":"1970-10-04T00:00:00Z","binary@odata.type":"Edm.Binary","binary":"YmluYXJ5","other":20,"clsid@odata.type":"Edm.Guid","clsid":"c9da6455-213d-42c9-9a79-3e9149a57833","_ClientEncryptionMetadata2@odata.type":"Edm.Binary","_ClientEncryptionMetadata2":"zAj3EHDjDIXQzAW5McuXmQ==","_ClientEncryptionMetadata1":"{\"WrappedContentKey\":
        {\"KeyId\": \"key1\", \"EncryptedKey\": \"5+chcxvwWAmU3b1SwuhFgk4HkD3g/zgm3ypUeksFWTr8yfSD39eZ6A==\",
        \"Algorithm\": \"A256KW\"}, \"EncryptionAgent\": {\"Protocol\": \"1.0\", \"EncryptionAlgorithm\":
        \"AES_CBC_256\"}, \"ContentEncryptionIV\": \"jxIYP7ct7vBKYHJnqAGXvQ==\", \"KeyWrappingMetadata\":
        {\"EncryptionLibrary\": \"Python 0.35.0\"}}"}'}
    headers:
      Cache-Control: [no-cache]
      Content-Type: [application/json;odata=fullmetadata;streaming=true;charset=utf-8]
      Date: ['Thu, 13 Jul 2017 18:53:38 GMT']
      ETag: [W/"datetime'2017-07-13T18%3A53%3A38.8177394Z'"]
      Server: [Windows-Azure-Table/1.0 Microsoft-HTTPAPI/2.0]
      Transfer-Encoding: [chunked]
      X-Content-Type-Options: [nosniff]
      x-ms-request-id: [e031cd1c-0002-00ea-4609-fcabd5000000]
      x-ms-version: ['2017-04-17']
    status: {code: 200, message: OK}
- request:
    body: '{"PartitionKey": "pkbe9d1303", "RowKey": "rkbe9d1303minimalmetadata", "age":
      "39", "age@odata.type": "Edm.Int64", "sex": "bJzjj1+pW1QqRhIbgF7hVA==", "sex@odata.type":
      "Edm.Binary", "name": "GJtaY9UrpuvEN+Et2fx0hQ==", "name@odata.type": "Edm.Binary",
      "married": true, "deceased": false, "optional": null, "evenratio": 3.0, "ratio":
      3.1, "large": "933311100", "large@odata.type": "Edm.Int64", "Birthday": "1973-10-04T00:00:00Z",
      "Birthday@odata.type": "Edm.DateTime", "birthday": "1970-10-04T00:00:00Z", "birthday@odata.type":
      "Edm.DateTime", "binary": "YmluYXJ5", "binary@odata.type": "Edm.Binary", "other":
      20, "clsid": "c9da6455-213d-42c9-9a79-3e9149a57833", "clsid@odata.type": "Edm.Guid",
      "_ClientEncryptionMetadata2": "mbe6Ac5FDVQCf7MKssdyVg==", "_ClientEncryptionMetadata2@odata.type":
      "Edm.Binary", "_ClientEncryptionMetadata1": "{\"WrappedContentKey\": {\"KeyId\":
      \"key1\", \"EncryptedKey\": \"pQ3F0p0CieFOh/ze05JQj2ESE5WqeFotA/xBGxXgcSJrMoL6lH9fcA==\",
      \"Algorithm\": \"A256KW\"}, \"EncryptionAgent\": {\"Protocol\": \"1.0\", \"EncryptionAlgorithm\":
      \"AES_CBC_256\"}, \"ContentEncryptionIV\": \"6JzrMqjlfzNRKj+n+1qMJQ==\", \"KeyWrappingMetadata\":
      {\"EncryptionLibrary\": \"Python 0.35.0\"}}"}'
    headers:
      Accept: [application/json;odata=minimalmetadata]
      Connection: [keep-alive]
      Content-Length: ['1203']
      Content-Type: [application/json]
      DataServiceVersion: [3.0;NetFx]
      MaxDataServiceVersion: ['3.0']
      Prefer: [return-no-content]
      User-Agent: [Azure-Storage/0.35.0 (Python CPython 3.6.1; Darwin 16.6.0)]
      x-ms-client-request-id: [956c08c6-67fc-11e7-b037-b8e8564491f6]
      x-ms-date: ['Thu, 13 Jul 2017 18:53:39 GMT']
      x-ms-version: ['2017-04-17']
    method: POST
    uri: https://storagename.table.core.windows.net/uttablebe9d1303
  response:
    body: {string: ''}
    headers:
      Cache-Control: [no-cache]
      Content-Length: ['0']
      DataServiceId: ['https://storagename.table.core.windows.net/uttablebe9d1303(PartitionKey=''pkbe9d1303'',RowKey=''rkbe9d1303minimalmetadata'')']
      Date: ['Thu, 13 Jul 2017 18:53:38 GMT']
      ETag: [W/"datetime'2017-07-13T18%3A53%3A38.9598404Z'"]
      Location: ['https://storagename.table.core.windows.net/uttablebe9d1303(PartitionKey=''pkbe9d1303'',RowKey=''rkbe9d1303minimalmetadata'')']
      Preference-Applied: [return-no-content]
      Server: [Windows-Azure-Table/1.0 Microsoft-HTTPAPI/2.0]
      X-Content-Type-Options: [nosniff]
      x-ms-request-id: [e031cd2c-0002-00ea-5609-fcabd5000000]
      x-ms-version: ['2017-04-17']
    status: {code: 204, message: No Content}
- request:
    body: null
    headers:
      Accept: [application/json;odata=minimalmetadata]
      Connection: [keep-alive]
      DataServiceVersion: [3.0;NetFx]
      MaxDataServiceVersion: ['3.0']
      User-Agent: [Azure-Storage/0.35.0 (Python CPython 3.6.1; Darwin 16.6.0)]
      x-ms-client-request-id: [95715718-67fc-11e7-b821-b8e8564491f6]
      x-ms-date: ['Thu, 13 Jul 2017 18:53:39 GMT']
      x-ms-version: ['2017-04-17']
    method: GET
    uri: https://storagename.table.core.windows.net/uttablebe9d1303(PartitionKey='pkbe9d1303',RowKey='rkbe9d1303minimalmetadata')
  response:
    body: {string: '{"odata.metadata":"https://storagename.table.core.windows.net/$metadata#uttablebe9d1303/@Element","odata.etag":"W/\"datetime''2017-07-13T18%3A53%3A38.9598404Z''\"","PartitionKey":"pkbe9d1303","RowKey":"rkbe9d1303minimalmetadata","Timestamp":"2017-07-13T18:53:38.9598404Z","age@odata.type":"Edm.Int64","age":"39","sex@odata.type":"Edm.Binary","sex":"bJzjj1+pW1QqRhIbgF7hVA==","name@odata.type":"Edm.Binary","name":"GJtaY9UrpuvEN+Et2fx0hQ==","married":true,"deceased":false,"evenratio":3.0,"ratio":3.1,"large@odata.type":"Edm.Int64","large":"933311100","Birthday@odata.type":"Edm.DateTime","Birthday":"1973-10-04T00:00:00Z","birthday@odata.type":"Edm.DateTime","birthday":"1970-10-04T00:00:00Z","binary@odata.type":"Edm.Binary","binary":"YmluYXJ5","other":20,"clsid@odata.type":"Edm.Guid","clsid":"c9da6455-213d-42c9-9a79-3e9149a57833","_ClientEncryptionMetadata2@odata.type":"Edm.Binary","_ClientEncryptionMetadata2":"mbe6Ac5FDVQCf7MKssdyVg==","_ClientEncryptionMetadata1":"{\"WrappedContentKey\":
        {\"KeyId\": \"key1\", \"EncryptedKey\": \"pQ3F0p0CieFOh/ze05JQj2ESE5WqeFotA/xBGxXgcSJrMoL6lH9fcA==\",
        \"Algorithm\": \"A256KW\"}, \"EncryptionAgent\": {\"Protocol\": \"1.0\", \"EncryptionAlgorithm\":
        \"AES_CBC_256\"}, \"ContentEncryptionIV\": \"6JzrMqjlfzNRKj+n+1qMJQ==\", \"KeyWrappingMetadata\":
        {\"EncryptionLibrary\": \"Python 0.35.0\"}}"}'}
    headers:
      Cache-Control: [no-cache]
      Content-Type: [application/json;odata=minimalmetadata;streaming=true;charset=utf-8]
      Date: ['Thu, 13 Jul 2017 18:53:38 GMT']
      ETag: [W/"datetime'2017-07-13T18%3A53%3A38.9598404Z'"]
      Server: [Windows-Azure-Table/1.0 Microsoft-HTTPAPI/2.0]
      Transfer-Encoding: [chunked]
      X-Content-Type-Options: [nosniff]
      x-ms-request-id: [e031cd3d-0002-00ea-6709-fcabd5000000]
      x-ms-version: ['2017-04-17']
    status: {code: 200, message: OK}
- request:
    body: '{"PartitionKey": "pkbe9d1303", "RowKey": "rkbe9d1303nometadata", "age":
      "39", "age@odata.type": "Edm.Int64", "sex": "Do1REkGasH9cYfHX3+r3gg==", "sex@odata.type":
      "Edm.Binary", "name": "aDk2kMi7BIKooFFMnvm3xg==", "name@odata.type": "Edm.Binary",
      "married": true, "deceased": false, "optional": null, "evenratio": 3.0, "ratio":
      3.1, "large": "933311100", "large@odata.type": "Edm.Int64", "Birthday": "1973-10-04T00:00:00Z",
      "Birthday@odata.type": "Edm.DateTime", "birthday": "1970-10-04T00:00:00Z", "birthday@odata.type":
      "Edm.DateTime", "binary": "YmluYXJ5", "binary@odata.type": "Edm.Binary", "other":
      20, "clsid": "c9da6455-213d-42c9-9a79-3e9149a57833", "clsid@odata.type": "Edm.Guid",
      "_ClientEncryptionMetadata2": "Myhu8up0rj5//lS/XHk6oQ==", "_ClientEncryptionMetadata2@odata.type":
      "Edm.Binary", "_ClientEncryptionMetadata1": "{\"WrappedContentKey\": {\"KeyId\":
      \"key1\", \"EncryptedKey\": \"fhk9OpxGaWOKCOEqzU2cefjiLuqr3MQVCnnqN6Zwl/+bKqoQXb54ig==\",
      \"Algorithm\": \"A256KW\"}, \"EncryptionAgent\": {\"Protocol\": \"1.0\", \"EncryptionAlgorithm\":
      \"AES_CBC_256\"}, \"ContentEncryptionIV\": \"i70YNoRDRi2YKtumpriRxA==\", \"KeyWrappingMetadata\":
      {\"EncryptionLibrary\": \"Python 0.35.0\"}}"}'
    headers:
      Accept: [application/json;odata=minimalmetadata]
      Connection: [keep-alive]
      Content-Length: ['1198']
      Content-Type: [application/json]
      DataServiceVersion: [3.0;NetFx]
      MaxDataServiceVersion: ['3.0']
      Prefer: [return-no-content]
      User-Agent: [Azure-Storage/0.35.0 (Python CPython 3.6.1; Darwin 16.6.0)]
      x-ms-client-request-id: [95774754-67fc-11e7-a6b0-b8e8564491f6]
      x-ms-date: ['Thu, 13 Jul 2017 18:53:39 GMT']
      x-ms-version: ['2017-04-17']
    method: POST
    uri: https://storagename.table.core.windows.net/uttablebe9d1303
  response:
    body: {string: ''}
    headers:
      Cache-Control: [no-cache]
      Content-Length: ['0']
      DataServiceId: ['https://storagename.table.core.windows.net/uttablebe9d1303(PartitionKey=''pkbe9d1303'',RowKey=''rkbe9d1303nometadata'')']
      Date: ['Thu, 13 Jul 2017 18:53:38 GMT']
      ETag: [W/"datetime'2017-07-13T18%3A53%3A39.033893Z'"]
      Location: ['https://storagename.table.core.windows.net/uttablebe9d1303(PartitionKey=''pkbe9d1303'',RowKey=''rkbe9d1303nometadata'')']
      Preference-Applied: [return-no-content]
      Server: [Windows-Azure-Table/1.0 Microsoft-HTTPAPI/2.0]
      X-Content-Type-Options: [nosniff]
      x-ms-request-id: [e031cd59-0002-00ea-0109-fcabd5000000]
      x-ms-version: ['2017-04-17']
    status: {code: 204, message: No Content}
- request:
    body: null
    headers:
      Accept: [application/json;odata=nometadata]
      Connection: [keep-alive]
      DataServiceVersion: [3.0;NetFx]
      MaxDataServiceVersion: ['3.0']
      User-Agent: [Azure-Storage/0.35.0 (Python CPython 3.6.1; Darwin 16.6.0)]
      x-ms-client-request-id: [957ca974-67fc-11e7-a543-b8e8564491f6]
      x-ms-date: ['Thu, 13 Jul 2017 18:53:39 GMT']
      x-ms-version: ['2017-04-17']
    method: GET
    uri: https://storagename.table.core.windows.net/uttablebe9d1303(PartitionKey='pkbe9d1303',RowKey='rkbe9d1303nometadata')
  response:
    body: {string: '{"PartitionKey":"pkbe9d1303","RowKey":"rkbe9d1303nometadata","Timestamp":"2017-07-13T18:53:39.033893Z","age":"39","sex":"Do1REkGasH9cYfHX3+r3gg==","name":"aDk2kMi7BIKooFFMnvm3xg==","married":true,"deceased":false,"evenratio":3.0,"ratio":3.1,"large":"933311100","Birthday":"1973-10-04T00:00:00Z","birthday":"1970-10-04T00:00:00Z","binary":"YmluYXJ5","other":20,"clsid":"c9da6455-213d-42c9-9a79-3e9149a57833","_ClientEncryptionMetadata2":"Myhu8up0rj5//lS/XHk6oQ==","_ClientEncryptionMetadata1":"{\"WrappedContentKey\":
        {\"KeyId\": \"key1\", \"EncryptedKey\": \"fhk9OpxGaWOKCOEqzU2cefjiLuqr3MQVCnnqN6Zwl/+bKqoQXb54ig==\",
        \"Algorithm\": \"A256KW\"}, \"EncryptionAgent\": {\"Protocol\": \"1.0\", \"EncryptionAlgorithm\":
        \"AES_CBC_256\"}, \"ContentEncryptionIV\": \"i70YNoRDRi2YKtumpriRxA==\", \"KeyWrappingMetadata\":
        {\"EncryptionLibrary\": \"Python 0.35.0\"}}"}'}
    headers:
      Cache-Control: [no-cache]
      Content-Type: [application/json;odata=nometadata;streaming=true;charset=utf-8]
      Date: ['Thu, 13 Jul 2017 18:53:38 GMT']
      ETag: [W/"datetime'2017-07-13T18%3A53%3A39.033893Z'"]
      Server: [Windows-Azure-Table/1.0 Microsoft-HTTPAPI/2.0]
      Transfer-Encoding: [chunked]
      X-Content-Type-Options: [nosniff]
      x-ms-request-id: [e031cd74-0002-00ea-1b09-fcabd5000000]
      x-ms-version: ['2017-04-17']
    status: {code: 200, message: OK}
version: 1
