interactions:
- request:
    body: '{"PartitionKey": "pk12440ee0", "RowKey": "rk12440ee0", "age": "39", "age@odata.type":
      "Edm.Int64", "sex": "male", "married": true, "deceased": false, "optional":
      null, "evenratio": 3.0, "ratio": 3.1, "large": "933311100", "large@odata.type":
      "Edm.Int64", "Birthday": "1973-10-04T00:00:00Z", "Birthday@odata.type": "Edm.DateTime",
      "birthday": "1970-10-04T00:00:00Z", "birthday@odata.type": "Edm.DateTime", "binary":
      "YmluYXJ5", "binary@odata.type": "Edm.Binary", "other": 20, "clsid": "c9da6455-213d-42c9-9a79-3e9149a57833",
      "clsid@odata.type": "Edm.Guid"}'
    headers:
      Accept: [application/json;odata=minimalmetadata]
      Connection: [keep-alive]
      Content-Length: ['555']
      Content-Type: [application/json]
      DataServiceVersion: [3.0;NetFx]
      MaxDataServiceVersion: ['3.0']
      Prefer: [return-no-content]
      User-Agent: [Azure-Storage/0.35.1 (Python CPython 3.6.1; Darwin 16.6.0)]
      x-ms-client-request-id: [cc42a546-68f6-11e7-bd7b-b8e8564491f6]
      x-ms-date: ['Sat, 15 Jul 2017 00:44:45 GMT']
      x-ms-version: ['2017-04-17']
    method: POST
    uri: https://storagename.table.core.windows.net/uttable12440ee0
  response:
    body: {string: ''}
    headers:
      Cache-Control: [no-cache]
      Content-Length: ['0']
      DataServiceId: ['https://storagename.table.core.windows.net/uttable12440ee0(PartitionKey=''pk12440ee0'',RowKey=''rk12440ee0'')']
      Date: ['Sat, 15 Jul 2017 00:44:45 GMT']
      ETag: [W/"datetime'2017-07-15T00%3A44%3A46.5382299Z'"]
      Location: ['https://storagename.table.core.windows.net/uttable12440ee0(PartitionKey=''pk12440ee0'',RowKey=''rk12440ee0'')']
      Preference-Applied: [return-no-content]
      Server: [Windows-Azure-Table/1.0 Microsoft-HTTPAPI/2.0]
      X-Content-Type-Options: [nosniff]
      x-ms-request-id: [c3e38747-0002-001b-1603-fd7a46000000]
      x-ms-version: ['2017-04-17']
    status: {code: 204, message: No Content}
- request:
    body: null
    headers:
      Accept: [application/json;odata=minimalmetadata]
      Connection: [keep-alive]
      Content-Length: ['0']
      DataServiceVersion: [3.0;NetFx]
      If-Match: ['*']
      MaxDataServiceVersion: ['3.0']
      User-Agent: [Azure-Storage/0.35.1 (Python CPython 3.6.1; Darwin 16.6.0)]
      x-ms-client-request-id: [cc571146-68f6-11e7-83a8-b8e8564491f6]
      x-ms-date: ['Sat, 15 Jul 2017 00:44:45 GMT']
      x-ms-version: ['2017-04-17']
    method: DELETE
    uri: https://storagename.table.core.windows.net/uttable12440ee0(PartitionKey='pk12440ee0',RowKey='rk12440ee0')
  response:
    body: {string: ''}
    headers:
      Cache-Control: [no-cache]
      Content-Length: ['0']
      Date: ['Sat, 15 Jul 2017 00:44:45 GMT']
      Server: [Windows-Azure-Table/1.0 Microsoft-HTTPAPI/2.0]
      X-Content-Type-Options: [nosniff]
      x-ms-request-id: [c3e38753-0002-001b-1f03-fd7a46000000]
      x-ms-version: ['2017-04-17']
    status: {code: 204, message: No Content}
- request:
    body: null
    headers:
      Accept: [application/json;odata=minimalmetadata]
      Connection: [keep-alive]
      DataServiceVersion: [3.0;NetFx]
      MaxDataServiceVersion: ['3.0']
      User-Agent: [Azure-Storage/0.35.1 (Python CPython 3.6.1; Darwin 16.6.0)]
      x-ms-client-request-id: [cc5c1a62-68f6-11e7-841f-b8e8564491f6]
      x-ms-date: ['Sat, 15 Jul 2017 00:44:45 GMT']
      x-ms-version: ['2017-04-17']
    method: GET
    uri: https://storagename.table.core.windows.net/uttable12440ee0(PartitionKey='pk12440ee0',RowKey='rk12440ee0')
  response:
    body: {string: '{"odata.error":{"code":"ResourceNotFound","message":{"lang":"en-US","value":"The
        specified resource does not exist.\nRequestId:c3e38766-0002-001b-3003-fd7a46000000\nTime:2017-07-15T00:44:46.6383043Z"}}}'}
    headers:
      Cache-Control: [no-cache]
      Content-Type: [application/json;odata=minimalmetadata;streaming=true;charset=utf-8]
      Date: ['Sat, 15 Jul 2017 00:44:45 GMT']
      Server: [Windows-Azure-Table/1.0 Microsoft-HTTPAPI/2.0]
      Transfer-Encoding: [chunked]
      X-Content-Type-Options: [nosniff]
      x-ms-request-id: [c3e38766-0002-001b-3003-fd7a46000000]
      x-ms-version: ['2017-04-17']
    status: {code: 404, message: Not Found}
version: 1
