interactions:
- request:
    body: null
    headers:
      Connection: [keep-alive]
      Content-Length: ['0']
      User-Agent: [Azure-Storage/1.3.0-1.3.0 (Python CPython 3.6.3; Darwin 17.6.0)]
      x-ms-blob-type: [AppendBlob]
      x-ms-client-request-id: [e2a9c506-740d-11e8-bd43-8cae4cee5322]
      x-ms-date: ['Tue, 19 Jun 2018 22:12:42 GMT']
      x-ms-version: ['2018-03-28']
    method: PUT
    uri: https://storagename.blob.core.windows.net/utcontainer80a61145/blob80a61145
  response:
    body: {string: ''}
    headers:
      Date: ['Tue, 19 Jun 2018 22:12:41 GMT']
      ETag: ['"0x8D5D631C70CC9A1"']
      Last-Modified: ['Tue, 19 Jun 2018 22:12:42 GMT']
      Server: [Windows-Azure-Blob/1.0 Microsoft-HTTPAPI/2.0]
      Transfer-Encoding: [chunked]
      x-ms-request-id: [f86bb100-a01e-000f-7c1a-08e457000000]
      x-ms-request-server-encrypted: ['true']
      x-ms-version: ['2018-03-28']
    status: {code: 201, message: Created}
- request:
    body: block
    headers:
      Connection: [keep-alive]
      Content-Length: ['5']
      Content-MD5: [FFEfL1VkZQ0SnKfKvDMyeA==]
      User-Agent: [Azure-Storage/1.3.0-1.3.0 (Python CPython 3.6.3; Darwin 17.6.0)]
      x-ms-client-request-id: [e2e14da8-740d-11e8-8f8b-8cae4cee5322]
      x-ms-date: ['Tue, 19 Jun 2018 22:12:42 GMT']
      x-ms-version: ['2018-03-28']
    method: PUT
    uri: https://storagename.blob.core.windows.net/utcontainer80a61145/blob80a61145?comp=appendblock
  response:
    body: {string: ''}
    headers:
      Content-MD5: [FFEfL1VkZQ0SnKfKvDMyeA==]
      Date: ['Tue, 19 Jun 2018 22:12:42 GMT']
      ETag: ['"0x8D5D631C71C32FB"']
      Last-Modified: ['Tue, 19 Jun 2018 22:12:42 GMT']
      Server: [Windows-Azure-Blob/1.0 Microsoft-HTTPAPI/2.0]
      Transfer-Encoding: [chunked]
      x-ms-blob-append-offset: ['0']
      x-ms-blob-committed-block-count: ['1']
      x-ms-request-id: [f86bb102-a01e-000f-7d1a-08e457000000]
      x-ms-request-server-encrypted: ['true']
      x-ms-version: ['2018-03-28']
    status: {code: 201, message: Created}
- request:
    body: null
    headers:
      Connection: [keep-alive]
      Content-Length: ['0']
      User-Agent: [Azure-Storage/1.3.0-1.3.1 (Python CPython 3.6.4; Darwin 17.7.0)]
      x-ms-blob-type: [AppendBlob]
      x-ms-client-request-id: [f2498826-8947-11e8-b8dd-720000665300]
      x-ms-date: ['Mon, 16 Jul 2018 22:31:13 GMT']
      x-ms-version: ['2018-03-28']
    method: PUT
    uri: https://storagename.blob.core.windows.net/utcontainer80a61145/blob80a61145
  response:
    body: {string: ''}
    headers:
      Date: ['Mon, 16 Jul 2018 22:31:13 GMT']
      ETag: ['"0x8D5EB6BD6AD585A"']
      Last-Modified: ['Mon, 16 Jul 2018 22:31:13 GMT']
      Server: [Windows-Azure-Blob/1.0 Microsoft-HTTPAPI/2.0]
      Transfer-Encoding: [chunked]
      x-ms-request-id: [3b44373e-901e-002b-0654-1d12f7000000]
      x-ms-request-server-encrypted: ['true']
      x-ms-version: ['2018-03-28']
    status: {code: 201, message: Created}
- request:
    body: block
    headers:
      Connection: [keep-alive]
      Content-Length: ['5']
      Content-MD5: [FFEfL1VkZQ0SnKfKvDMyeA==]
      User-Agent: [Azure-Storage/1.3.0-1.3.1 (Python CPython 3.6.4; Darwin 17.7.0)]
      x-ms-client-request-id: [f28028a4-8947-11e8-99f9-720000665300]
      x-ms-date: ['Mon, 16 Jul 2018 22:31:13 GMT']
      x-ms-version: ['2018-03-28']
    method: PUT
    uri: https://storagename.blob.core.windows.net/utcontainer80a61145/blob80a61145?comp=appendblock
  response:
    body: {string: ''}
    headers:
      Content-MD5: [FFEfL1VkZQ0SnKfKvDMyeA==]
      Date: ['Mon, 16 Jul 2018 22:31:13 GMT']
      ETag: ['"0x8D5EB6BD6BCE720"']
      Last-Modified: ['Mon, 16 Jul 2018 22:31:13 GMT']
      Server: [Windows-Azure-Blob/1.0 Microsoft-HTTPAPI/2.0]
      Transfer-Encoding: [chunked]
      x-ms-blob-append-offset: ['0']
      x-ms-blob-committed-block-count: ['1']
      x-ms-request-id: [3b44373f-901e-002b-0754-1d12f7000000]
      x-ms-request-server-encrypted: ['true']
      x-ms-version: ['2018-03-28']
    status: {code: 201, message: Created}
version: 1
