interactions:
- request:
    body: null
    headers:
      Connection: [keep-alive]
      Content-Length: ['0']
      User-Agent: [Azure-Storage/0.37.1-0.37.1 (Python CPython 3.6.1; Darwin 16.7.0)]
      x-ms-client-request-id: [c3d228ae-c0c5-11e7-8e04-b8e8564491f6]
      x-ms-date: ['Fri, 03 Nov 2017 18:35:28 GMT']
      x-ms-version: ['2017-04-17']
    method: PUT
    uri: https://storagename.blob.core.windows.net/container75091165?restype=container
  response:
    body: {string: ''}
    headers:
      Date: ['Fri, 03 Nov 2017 18:35:28 GMT']
      ETag: ['"0x8D522E9A82C2353"']
      Last-Modified: ['Fri, 03 Nov 2017 18:35:28 GMT']
      Server: [Windows-Azure-Blob/1.0 Microsoft-HTTPAPI/2.0]
      Transfer-Encoding: [chunked]
      x-ms-request-id: [cc76af8c-001e-0128-08d2-54653e000000]
      x-ms-version: ['2017-04-17']
    status: {code: 201, message: Created}
- request:
    body: hello world
    headers:
      Connection: [keep-alive]
      Content-Length: ['11']
      User-Agent: [Azure-Storage/0.37.1-0.37.1 (Python CPython 3.6.1; Darwin 16.7.0)]
      x-ms-blob-type: [BlockBlob]
      x-ms-client-request-id: [c3e69212-c0c5-11e7-9678-b8e8564491f6]
      x-ms-date: ['Fri, 03 Nov 2017 18:35:28 GMT']
      x-ms-version: ['2017-04-17']
    method: PUT
    uri: https://storagename.blob.core.windows.net/container75091165/bloba1
  response:
    body: {string: ''}
    headers:
      Content-MD5: [XrY7u+Ae7tCTyyK7j1rNww==]
      Date: ['Fri, 03 Nov 2017 18:35:28 GMT']
      ETag: ['"0x8D522E9A832B1F7"']
      Last-Modified: ['Fri, 03 Nov 2017 18:35:28 GMT']
      Server: [Windows-Azure-Blob/1.0 Microsoft-HTTPAPI/2.0]
      Transfer-Encoding: [chunked]
      x-ms-request-id: [cc76af9c-001e-0128-15d2-54653e000000]
      x-ms-request-server-encrypted: ['true']
      x-ms-version: ['2017-04-17']
    status: {code: 201, message: Created}
- request:
    body: hello world
    headers:
      Connection: [keep-alive]
      Content-Length: ['11']
      User-Agent: [Azure-Storage/0.37.1-0.37.1 (Python CPython 3.6.1; Darwin 16.7.0)]
      x-ms-blob-type: [BlockBlob]
      x-ms-client-request-id: [c3eec7fa-c0c5-11e7-8433-b8e8564491f6]
      x-ms-date: ['Fri, 03 Nov 2017 18:35:28 GMT']
      x-ms-version: ['2017-04-17']
    method: PUT
    uri: https://storagename.blob.core.windows.net/container75091165/bloba2
  response:
    body: {string: ''}
    headers:
      Content-MD5: [XrY7u+Ae7tCTyyK7j1rNww==]
      Date: ['Fri, 03 Nov 2017 18:35:28 GMT']
      ETag: ['"0x8D522E9A8391BC5"']
      Last-Modified: ['Fri, 03 Nov 2017 18:35:28 GMT']
      Server: [Windows-Azure-Blob/1.0 Microsoft-HTTPAPI/2.0]
      Transfer-Encoding: [chunked]
      x-ms-request-id: [cc76afb4-001e-0128-2bd2-54653e000000]
      x-ms-request-server-encrypted: ['true']
      x-ms-version: ['2017-04-17']
    status: {code: 201, message: Created}
- request:
    body: hello world
    headers:
      Connection: [keep-alive]
      Content-Length: ['11']
      User-Agent: [Azure-Storage/0.37.1-0.37.1 (Python CPython 3.6.1; Darwin 16.7.0)]
      x-ms-blob-type: [BlockBlob]
      x-ms-client-request-id: [c3f4a79e-c0c5-11e7-8143-b8e8564491f6]
      x-ms-date: ['Fri, 03 Nov 2017 18:35:28 GMT']
      x-ms-version: ['2017-04-17']
    method: PUT
    uri: https://storagename.blob.core.windows.net/container75091165/blobb1
  response:
    body: {string: ''}
    headers:
      Content-MD5: [XrY7u+Ae7tCTyyK7j1rNww==]
      Date: ['Fri, 03 Nov 2017 18:35:28 GMT']
      ETag: ['"0x8D522E9A83EE91B"']
      Last-Modified: ['Fri, 03 Nov 2017 18:35:28 GMT']
      Server: [Windows-Azure-Blob/1.0 Microsoft-HTTPAPI/2.0]
      Transfer-Encoding: [chunked]
      x-ms-request-id: [cc76afc1-001e-0128-38d2-54653e000000]
      x-ms-request-server-encrypted: ['true']
      x-ms-version: ['2017-04-17']
    status: {code: 201, message: Created}
- request:
    body: null
    headers:
      Connection: [keep-alive]
      User-Agent: [Azure-Storage/0.37.1-0.37.1 (Python CPython 3.6.1; Darwin 16.7.0)]
      x-ms-client-request-id: [c3fc053e-c0c5-11e7-a56e-b8e8564491f6]
      x-ms-date: ['Fri, 03 Nov 2017 18:35:28 GMT']
      x-ms-version: ['2017-04-17']
    method: GET
    uri: https://storagename.blob.core.windows.net/container75091165?restype=container&comp=list&prefix=bloba
  response:
    body: {string: "\uFEFF<?xml version=\"1.0\" encoding=\"utf-8\"?><EnumerationResults\
        \ ServiceEndpoint=\"https://storagename.blob.core.windows.net/\" ContainerName=\"\
        container75091165\"><Prefix>bloba</Prefix><Blobs><Blob><Name>bloba1</Name><Properties><Last-Modified>Fri,\
        \ 03 Nov 2017 18:35:28 GMT</Last-Modified><Etag>0x8D522E9A832B1F7</Etag><Content-Length>11</Content-Length><Content-Type>application/octet-stream</Content-Type><Content-Encoding\
        \ /><Content-Language /><Content-MD5>XrY7u+Ae7tCTyyK7j1rNww==</Content-MD5><Cache-Control\
        \ /><Content-Disposition /><BlobType>BlockBlob</BlobType><LeaseStatus>unlocked</LeaseStatus><LeaseState>available</LeaseState><ServerEncrypted>true</ServerEncrypted></Properties></Blob><Blob><Name>bloba2</Name><Properties><Last-Modified>Fri,\
        \ 03 Nov 2017 18:35:28 GMT</Last-Modified><Etag>0x8D522E9A8391BC5</Etag><Content-Length>11</Content-Length><Content-Type>application/octet-stream</Content-Type><Content-Encoding\
        \ /><Content-Language /><Content-MD5>XrY7u+Ae7tCTyyK7j1rNww==</Content-MD5><Cache-Control\
        \ /><Content-Disposition /><BlobType>BlockBlob</BlobType><LeaseStatus>unlocked</LeaseStatus><LeaseState>available</LeaseState><ServerEncrypted>true</ServerEncrypted></Properties></Blob></Blobs><NextMarker\
        \ /></EnumerationResults>"}
    headers:
      Content-Type: [application/xml]
      Date: ['Fri, 03 Nov 2017 18:35:28 GMT']
      Server: [Windows-Azure-Blob/1.0 Microsoft-HTTPAPI/2.0]
      Transfer-Encoding: [chunked]
      x-ms-request-id: [cc76afd9-001e-0128-4fd2-54653e000000]
      x-ms-version: ['2017-04-17']
    status: {code: 200, message: OK}
version: 1
