interactions:
- request:
    body: null
    headers:
      Connection: [keep-alive]
      Content-Length: ['0']
      User-Agent: [Azure-Storage/0.35.1 (Python CPython 3.6.1; Darwin 16.6.0)]
      x-ms-client-request-id: [dc197922-68f4-11e7-bcb8-b8e8564491f6]
      x-ms-date: ['Sat, 15 Jul 2017 00:30:53 GMT']
      x-ms-version: ['2017-04-17']
    method: PUT
    uri: https://storagename.blob.core.windows.net/utcontainer8ba71b18?restype=container
  response:
    body: {string: ''}
    headers:
      Date: ['Sat, 15 Jul 2017 00:30:53 GMT']
      ETag: ['"0x8D4CB18C0C699A7"']
      Last-Modified: ['Sat, 15 Jul 2017 00:30:53 GMT']
      Server: [Windows-Azure-Blob/1.0 Microsoft-HTTPAPI/2.0]
      Transfer-Encoding: [chunked]
      x-ms-request-id: [c4802657-0001-002e-6301-fdd413000000]
      x-ms-version: ['2017-04-17']
    status: {code: 201, message: Created}
- request:
    body: null
    headers:
      Connection: [keep-alive]
      Content-Length: ['0']
      User-Agent: [Azure-Storage/0.35.1 (Python CPython 3.6.1; Darwin 16.6.0)]
      x-ms-blob-type: [BlockBlob]
      x-ms-client-request-id: [dc2ed9c0-68f4-11e7-bf3b-b8e8564491f6]
      x-ms-date: ['Sat, 15 Jul 2017 00:30:53 GMT']
      x-ms-version: ['2017-04-17']
    method: PUT
    uri: https://storagename.blob.core.windows.net/utcontainer8ba71b18/blob1
  response:
    body: {string: ''}
    headers:
      Content-MD5: [1B2M2Y8AsgTpgAmY7PhCfg==]
      Date: ['Sat, 15 Jul 2017 00:30:53 GMT']
      ETag: ['"0x8D4CB18C0F13FC5"']
      Last-Modified: ['Sat, 15 Jul 2017 00:30:54 GMT']
      Server: [Windows-Azure-Blob/1.0 Microsoft-HTTPAPI/2.0]
      Transfer-Encoding: [chunked]
      x-ms-request-id: [c4802677-0001-002e-7e01-fdd413000000]
      x-ms-request-server-encrypted: ['true']
      x-ms-version: ['2017-04-17']
    status: {code: 201, message: Created}
- request:
    body: AAA
    headers:
      Connection: [keep-alive]
      Content-Length: ['3']
      User-Agent: [Azure-Storage/0.35.1 (Python CPython 3.6.1; Darwin 16.6.0)]
      x-ms-client-request-id: [dc3dd042-68f4-11e7-9a87-b8e8564491f6]
      x-ms-date: ['Sat, 15 Jul 2017 00:30:53 GMT']
      x-ms-version: ['2017-04-17']
    method: PUT
    uri: https://storagename.blob.core.windows.net/utcontainer8ba71b18/blob1?comp=block&blockid=MQ%3D%3D
  response:
    body: {string: ''}
    headers:
      Content-MD5: [4fr/s+YU5sL7p0KWliOGtw==]
      Date: ['Sat, 15 Jul 2017 00:30:53 GMT']
      Server: [Windows-Azure-Blob/1.0 Microsoft-HTTPAPI/2.0]
      Transfer-Encoding: [chunked]
      x-ms-request-id: [c4802680-0001-002e-0601-fdd413000000]
      x-ms-request-server-encrypted: ['true']
      x-ms-version: ['2017-04-17']
    status: {code: 201, message: Created}
- request:
    body: BBB
    headers:
      Connection: [keep-alive]
      Content-Length: ['3']
      User-Agent: [Azure-Storage/0.35.1 (Python CPython 3.6.1; Darwin 16.6.0)]
      x-ms-client-request-id: [dc46042e-68f4-11e7-abb6-b8e8564491f6]
      x-ms-date: ['Sat, 15 Jul 2017 00:30:53 GMT']
      x-ms-version: ['2017-04-17']
    method: PUT
    uri: https://storagename.blob.core.windows.net/utcontainer8ba71b18/blob1?comp=block&blockid=Mg%3D%3D
  response:
    body: {string: ''}
    headers:
      Content-MD5: [K7Il8LqaWJMHV6ho7VfZow==]
      Date: ['Sat, 15 Jul 2017 00:30:53 GMT']
      Server: [Windows-Azure-Blob/1.0 Microsoft-HTTPAPI/2.0]
      Transfer-Encoding: [chunked]
      x-ms-request-id: [c4802690-0001-002e-1501-fdd413000000]
      x-ms-request-server-encrypted: ['true']
      x-ms-version: ['2017-04-17']
    status: {code: 201, message: Created}
- request:
    body: CCC
    headers:
      Connection: [keep-alive]
      Content-Length: ['3']
      User-Agent: [Azure-Storage/0.35.1 (Python CPython 3.6.1; Darwin 16.6.0)]
      x-ms-client-request-id: [dc5030b6-68f4-11e7-ada4-b8e8564491f6]
      x-ms-date: ['Sat, 15 Jul 2017 00:30:53 GMT']
      x-ms-version: ['2017-04-17']
    method: PUT
    uri: https://storagename.blob.core.windows.net/utcontainer8ba71b18/blob1?comp=block&blockid=Mw%3D%3D
  response:
    body: {string: ''}
    headers:
      Content-MD5: [3vuZ5pqfH24G8VAGsfFmrg==]
      Date: ['Sat, 15 Jul 2017 00:30:54 GMT']
      Server: [Windows-Azure-Blob/1.0 Microsoft-HTTPAPI/2.0]
      Transfer-Encoding: [chunked]
      x-ms-request-id: [c48026ab-0001-002e-2c01-fdd413000000]
      x-ms-request-server-encrypted: ['true']
      x-ms-version: ['2017-04-17']
    status: {code: 201, message: Created}
- request:
    body: '<?xml version=''1.0'' encoding=''utf-8''?>

      <BlockList><Latest>MQ==</Latest><Latest>Mg==</Latest><Latest>Mw==</Latest></BlockList>'
    headers:
      Connection: [keep-alive]
      Content-Length: ['125']
      If-None-Match: ['0x111111111111111']
      User-Agent: [Azure-Storage/0.35.1 (Python CPython 3.6.1; Darwin 16.6.0)]
      x-ms-client-request-id: [dc5ce392-68f4-11e7-be3b-b8e8564491f6]
      x-ms-date: ['Sat, 15 Jul 2017 00:30:53 GMT']
      x-ms-version: ['2017-04-17']
    method: PUT
    uri: https://storagename.blob.core.windows.net/utcontainer8ba71b18/blob1?comp=blocklist
  response:
    body: {string: ''}
    headers:
      Content-MD5: [GD5pABqdSyI51XhMKrkBRA==]
      Date: ['Sat, 15 Jul 2017 00:30:54 GMT']
      ETag: ['"0x8D4CB18C118A531"']
      Last-Modified: ['Sat, 15 Jul 2017 00:30:54 GMT']
      Server: [Windows-Azure-Blob/1.0 Microsoft-HTTPAPI/2.0]
      Transfer-Encoding: [chunked]
      x-ms-request-id: [c48026bd-0001-002e-3c01-fdd413000000]
      x-ms-request-server-encrypted: ['true']
      x-ms-version: ['2017-04-17']
    status: {code: 201, message: Created}
- request:
    body: null
    headers:
      Connection: [keep-alive]
      User-Agent: [Azure-Storage/0.35.1 (Python CPython 3.6.1; Darwin 16.6.0)]
      x-ms-client-request-id: [dc644286-68f4-11e7-871d-b8e8564491f6]
      x-ms-date: ['Sat, 15 Jul 2017 00:30:53 GMT']
      x-ms-range: [bytes=0-33554431]
      x-ms-version: ['2017-04-17']
    method: GET
    uri: https://storagename.blob.core.windows.net/utcontainer8ba71b18/blob1
  response:
    body: {string: AAABBBCCC}
    headers:
      Accept-Ranges: [bytes]
      Content-Length: ['9']
      Content-Range: [bytes 0-8/9]
      Content-Type: [application/octet-stream]
      Date: ['Sat, 15 Jul 2017 00:30:54 GMT']
      ETag: ['"0x8D4CB18C118A531"']
      Last-Modified: ['Sat, 15 Jul 2017 00:30:54 GMT']
      Server: [Windows-Azure-Blob/1.0 Microsoft-HTTPAPI/2.0]
      Vary: [Origin]
      x-ms-blob-type: [BlockBlob]
      x-ms-lease-state: [available]
      x-ms-lease-status: [unlocked]
      x-ms-request-id: [c48026d3-0001-002e-4d01-fdd413000000]
      x-ms-server-encrypted: ['true']
      x-ms-version: ['2017-04-17']
    status: {code: 206, message: Partial Content}
version: 1
