interactions:
- request:
    body: null
    headers:
      Connection: [keep-alive]
      Content-Length: ['0']
      User-Agent: [Azure-Storage/1.3.0-1.3.0 (Python CPython 3.6.3; Darwin 17.6.0)]
      x-ms-client-request-id: [4975de08-7410-11e8-b2aa-8cae4cee5322]
      x-ms-date: ['Tue, 19 Jun 2018 22:29:53 GMT']
      x-ms-version: ['2018-03-28']
    method: PUT
    uri: https://storagename.file.core.windows.net/shared5714c8?restype=share
  response:
    body: {string: ''}
    headers:
      Date: ['Tue, 19 Jun 2018 22:29:53 GMT']
      ETag: ['"0x8D5D6342DD965DF"']
      Last-Modified: ['Tue, 19 Jun 2018 22:29:53 GMT']
      Server: [Windows-Azure-File/1.0 Microsoft-HTTPAPI/2.0]
      Transfer-Encoding: [chunked]
      x-ms-request-id: [1fd6d712-501a-000b-3a1d-086950000000]
      x-ms-version: ['2018-03-28']
    status: {code: 201, message: Created}
- request:
    body: null
    headers:
      Connection: [keep-alive]
      Content-Length: ['0']
      User-Agent: [Azure-Storage/1.3.0-1.3.0 (Python CPython 3.6.3; Darwin 17.6.0)]
      x-ms-client-request-id: [49ad27e6-7410-11e8-a473-8cae4cee5322]
      x-ms-date: ['Tue, 19 Jun 2018 22:29:53 GMT']
      x-ms-meta-hello: [world]
      x-ms-meta-number: ['42']
      x-ms-version: ['2018-03-28']
    method: PUT
    uri: https://storagename.file.core.windows.net/shared5714c8?restype=share&comp=metadata
  response:
    body: {string: ''}
    headers:
      Date: ['Tue, 19 Jun 2018 22:29:53 GMT']
      ETag: ['"0x8D5D6342DE86C37"']
      Last-Modified: ['Tue, 19 Jun 2018 22:29:53 GMT']
      Server: [Windows-Azure-File/1.0 Microsoft-HTTPAPI/2.0]
      Transfer-Encoding: [chunked]
      x-ms-request-id: [1fd6d715-501a-000b-3b1d-086950000000]
      x-ms-version: ['2018-03-28']
    status: {code: 200, message: OK}
- request:
    body: null
    headers:
      Connection: [keep-alive]
      Content-Length: ['0']
      User-Agent: [Azure-Storage/1.3.0-1.3.0 (Python CPython 3.6.3; Darwin 17.6.0)]
      x-ms-client-request-id: [49bbb676-7410-11e8-acfa-8cae4cee5322]
      x-ms-date: ['Tue, 19 Jun 2018 22:29:54 GMT']
      x-ms-version: ['2018-03-28']
    method: PUT
    uri: https://storagename.file.core.windows.net/shared5714c8?restype=share&comp=snapshot
  response:
    body: {string: ''}
    headers:
      Date: ['Tue, 19 Jun 2018 22:29:53 GMT']
      ETag: ['"0x8D5D6342DE86C37"']
      Last-Modified: ['Tue, 19 Jun 2018 22:29:53 GMT']
      Server: [Windows-Azure-File/1.0 Microsoft-HTTPAPI/2.0]
      Transfer-Encoding: [chunked]
      x-ms-request-id: [1fd6d716-501a-000b-3c1d-086950000000]
      x-ms-snapshot: ['2018-06-19T22:29:54.0000000Z']
      x-ms-version: ['2018-03-28']
    status: {code: 201, message: Created}
- request:
    body: null
    headers:
      Connection: [keep-alive]
      Content-Length: ['0']
      User-Agent: [Azure-Storage/1.3.0-1.3.0 (Python CPython 3.6.3; Darwin 17.6.0)]
      x-ms-client-request-id: [49cc7b46-7410-11e8-85ab-8cae4cee5322]
      x-ms-date: ['Tue, 19 Jun 2018 22:29:54 GMT']
      x-ms-meta-hello: [world]
      x-ms-meta-number: ['42']
      x-ms-meta-testy: [goodbye]
      x-ms-version: ['2018-03-28']
    method: PUT
    uri: https://storagename.file.core.windows.net/shared5714c8?restype=share&comp=metadata
  response:
    body: {string: ''}
    headers:
      Date: ['Tue, 19 Jun 2018 22:29:53 GMT']
      ETag: ['"0x8D5D6342E07B427"']
      Last-Modified: ['Tue, 19 Jun 2018 22:29:54 GMT']
      Server: [Windows-Azure-File/1.0 Microsoft-HTTPAPI/2.0]
      Transfer-Encoding: [chunked]
      x-ms-request-id: [1fd6d717-501a-000b-3d1d-086950000000]
      x-ms-version: ['2018-03-28']
    status: {code: 200, message: OK}
- request:
    body: null
    headers:
      Connection: [keep-alive]
      User-Agent: [Azure-Storage/1.3.0-1.3.0 (Python CPython 3.6.3; Darwin 17.6.0)]
      x-ms-client-request-id: [49db0128-7410-11e8-bcce-8cae4cee5322]
      x-ms-date: ['Tue, 19 Jun 2018 22:29:54 GMT']
      x-ms-version: ['2018-03-28']
    method: GET
    uri: https://storagename.file.core.windows.net/shared5714c8?restype=share&sharesnapshot=2018-06-19T22%3A29%3A54.0000000Z
  response:
    body: {string: ''}
    headers:
      Date: ['Tue, 19 Jun 2018 22:29:53 GMT']
      ETag: ['"0x8D5D6342DE86C37"']
      Last-Modified: ['Tue, 19 Jun 2018 22:29:53 GMT']
      Server: [Windows-Azure-File/1.0 Microsoft-HTTPAPI/2.0]
      Transfer-Encoding: [chunked]
      x-ms-has-immutability-policy: ['false']
      x-ms-has-legal-hold: ['false']
      x-ms-meta-hello: [world]
      x-ms-meta-number: ['42']
      x-ms-request-id: [1fd6d718-501a-000b-3e1d-086950000000]
      x-ms-share-quota: ['5120']
      x-ms-version: ['2018-03-28']
    status: {code: 200, message: OK}
- request:
    body: null
    headers:
      Connection: [keep-alive]
      Content-Length: ['0']
      User-Agent: [Azure-Storage/1.3.0-1.3.1 (Python CPython 3.6.4; Darwin 17.7.0)]
      x-ms-client-request-id: [51121042-894a-11e8-8c16-720000665300]
      x-ms-date: ['Mon, 16 Jul 2018 22:48:11 GMT']
      x-ms-version: ['2018-03-28']
    method: PUT
    uri: https://storagename.file.core.windows.net/shared5714c8?restype=share
  response:
    body: {string: ''}
    headers:
      Date: ['Mon, 16 Jul 2018 22:48:11 GMT']
      ETag: ['"0x8D5EB6E3575CADE"']
      Last-Modified: ['Mon, 16 Jul 2018 22:48:11 GMT']
      Server: [Windows-Azure-File/1.0 Microsoft-HTTPAPI/2.0]
      Transfer-Encoding: [chunked]
      x-ms-request-id: [b9685e82-d01a-003a-4557-1d8843000000]
      x-ms-version: ['2018-03-28']
    status: {code: 201, message: Created}
- request:
    body: null
    headers:
      Connection: [keep-alive]
      Content-Length: ['0']
      User-Agent: [Azure-Storage/1.3.0-1.3.1 (Python CPython 3.6.4; Darwin 17.7.0)]
      x-ms-client-request-id: [51492ecc-894a-11e8-91da-720000665300]
      x-ms-date: ['Mon, 16 Jul 2018 22:48:11 GMT']
      x-ms-meta-hello: [world]
      x-ms-meta-number: ['42']
      x-ms-version: ['2018-03-28']
    method: PUT
    uri: https://storagename.file.core.windows.net/shared5714c8?restype=share&comp=metadata
  response:
    body: {string: ''}
    headers:
      Date: ['Mon, 16 Jul 2018 22:48:11 GMT']
      ETag: ['"0x8D5EB6E358DB92A"']
      Last-Modified: ['Mon, 16 Jul 2018 22:48:12 GMT']
      Server: [Windows-Azure-File/1.0 Microsoft-HTTPAPI/2.0]
      Transfer-Encoding: [chunked]
      x-ms-request-id: [b9685e85-d01a-003a-4757-1d8843000000]
      x-ms-version: ['2018-03-28']
    status: {code: 200, message: OK}
- request:
    body: null
    headers:
      Connection: [keep-alive]
      Content-Length: ['0']
      User-Agent: [Azure-Storage/1.3.0-1.3.1 (Python CPython 3.6.4; Darwin 17.7.0)]
      x-ms-client-request-id: [51609f98-894a-11e8-b7c5-720000665300]
      x-ms-date: ['Mon, 16 Jul 2018 22:48:12 GMT']
      x-ms-version: ['2018-03-28']
    method: PUT
    uri: https://storagename.file.core.windows.net/shared5714c8?restype=share&comp=snapshot
  response:
    body: {string: ''}
    headers:
      Date: ['Mon, 16 Jul 2018 22:48:11 GMT']
      ETag: ['"0x8D5EB6E358DB92A"']
      Last-Modified: ['Mon, 16 Jul 2018 22:48:12 GMT']
      Server: [Windows-Azure-File/1.0 Microsoft-HTTPAPI/2.0]
      Transfer-Encoding: [chunked]
      x-ms-request-id: [b9685e86-d01a-003a-4857-1d8843000000]
      x-ms-snapshot: ['2018-07-16T22:48:12.0000000Z']
      x-ms-version: ['2018-03-28']
    status: {code: 201, message: Created}
- request:
    body: null
    headers:
      Connection: [keep-alive]
      Content-Length: ['0']
      User-Agent: [Azure-Storage/1.3.0-1.3.1 (Python CPython 3.6.4; Darwin 17.7.0)]
      x-ms-client-request-id: [51719152-894a-11e8-8142-720000665300]
      x-ms-date: ['Mon, 16 Jul 2018 22:48:12 GMT']
      x-ms-meta-hello: [world]
      x-ms-meta-number: ['42']
      x-ms-meta-testy: [goodbye]
      x-ms-version: ['2018-03-28']
    method: PUT
    uri: https://storagename.file.core.windows.net/shared5714c8?restype=share&comp=metadata
  response:
    body: {string: ''}
    headers:
      Date: ['Mon, 16 Jul 2018 22:48:11 GMT']
      ETag: ['"0x8D5EB6E35AD7519"']
      Last-Modified: ['Mon, 16 Jul 2018 22:48:12 GMT']
      Server: [Windows-Azure-File/1.0 Microsoft-HTTPAPI/2.0]
      Transfer-Encoding: [chunked]
      x-ms-request-id: [b9685e87-d01a-003a-4957-1d8843000000]
      x-ms-version: ['2018-03-28']
    status: {code: 200, message: OK}
- request:
    body: null
    headers:
      Connection: [keep-alive]
      User-Agent: [Azure-Storage/1.3.0-1.3.1 (Python CPython 3.6.4; Darwin 17.7.0)]
      x-ms-client-request-id: [51802a50-894a-11e8-8a9d-720000665300]
      x-ms-date: ['Mon, 16 Jul 2018 22:48:12 GMT']
      x-ms-version: ['2018-03-28']
    method: GET
    uri: https://storagename.file.core.windows.net/shared5714c8?restype=share&sharesnapshot=2018-07-16T22%3A48%3A12.0000000Z
  response:
    body: {string: ''}
    headers:
      Date: ['Mon, 16 Jul 2018 22:48:11 GMT']
      ETag: ['"0x8D5EB6E358DB92A"']
      Last-Modified: ['Mon, 16 Jul 2018 22:48:12 GMT']
      Server: [Windows-Azure-File/1.0 Microsoft-HTTPAPI/2.0]
      Transfer-Encoding: [chunked]
      x-ms-has-immutability-policy: ['false']
      x-ms-has-legal-hold: ['false']
      x-ms-meta-hello: [world]
      x-ms-meta-number: ['42']
      x-ms-request-id: [b9685e88-d01a-003a-4a57-1d8843000000]
      x-ms-share-quota: ['5120']
      x-ms-version: ['2018-03-28']
    status: {code: 200, message: OK}
version: 1
