interactions:
- request:
    body: null
    headers:
      Connection: [keep-alive]
      Content-Length: ['0']
      User-Agent: [Azure-Storage/1.2.0rc1-1.2.0rc1 (Python CPython 3.6.4; Darwin 17.5.0)]
      x-ms-client-request-id: [f38e8906-5e16-11e8-ae6d-b8e8564491f6]
      x-ms-date: ['Tue, 22 May 2018 23:22:10 GMT']
      x-ms-version: ['2017-11-09']
    method: PUT
    uri: https://storagename.blob.core.windows.net/utcontainerb2321f33?restype=container
  response:
    body: {string: ''}
    headers:
      Date: ['Tue, 22 May 2018 23:22:09 GMT']
      ETag: ['"0x8D5C03AD7D60C73"']
      Last-Modified: ['Tue, 22 May 2018 23:22:10 GMT']
      Server: [Windows-Azure-Blob/1.0 Microsoft-HTTPAPI/2.0]
      Transfer-Encoding: [chunked]
      x-ms-request-id: [6c8f9fe8-f01e-00ee-5c23-f25e57000000]
      x-ms-version: ['2017-11-09']
    status: {code: 201, message: Created}
- request:
    body: hello world
    headers:
      Connection: [keep-alive]
      Content-Length: ['11']
      User-Agent: [Azure-Storage/1.2.0rc1-1.2.0rc1 (Python CPython 3.6.4; Darwin 17.5.0)]
      x-ms-blob-type: [BlockBlob]
      x-ms-client-request-id: [f3a1e74c-5e16-11e8-a4ce-b8e8564491f6]
      x-ms-date: ['Tue, 22 May 2018 23:22:10 GMT']
      x-ms-version: ['2017-11-09']
    method: PUT
    uri: https://storagename.blob.core.windows.net/utcontainerb2321f33/blob1
  response:
    body: {string: ''}
    headers:
      Content-MD5: [XrY7u+Ae7tCTyyK7j1rNww==]
      Date: ['Tue, 22 May 2018 23:22:10 GMT']
      ETag: ['"0x8D5C03AD7DCC81E"']
      Last-Modified: ['Tue, 22 May 2018 23:22:10 GMT']
      Server: [Windows-Azure-Blob/1.0 Microsoft-HTTPAPI/2.0]
      Transfer-Encoding: [chunked]
      x-ms-request-id: [6c8f9ffb-f01e-00ee-6c23-f25e57000000]
      x-ms-request-server-encrypted: ['true']
      x-ms-version: ['2017-11-09']
    status: {code: 201, message: Created}
- request:
    body: null
    headers:
      Connection: [keep-alive]
      Content-Length: ['0']
      If-Unmodified-Since: ['Tue, 22 May 2018 23:07:10 GMT']
      User-Agent: [Azure-Storage/1.2.0rc1-1.2.0rc1 (Python CPython 3.6.4; Darwin 17.5.0)]
      x-ms-blob-content-disposition: [inline]
      x-ms-blob-content-language: [spanish]
      x-ms-client-request-id: [f3a86194-5e16-11e8-90fd-b8e8564491f6]
      x-ms-date: ['Tue, 22 May 2018 23:22:10 GMT']
      x-ms-version: ['2017-11-09']
    method: PUT
    uri: https://storagename.blob.core.windows.net/utcontainerb2321f33/blob1?comp=properties
  response:
    body: {string: "\uFEFF<?xml version=\"1.0\" encoding=\"utf-8\"?><Error><Code>ConditionNotMet</Code><Message>The
        condition specified using HTTP conditional header(s) is not met.\nRequestId:6c8fa016-f01e-00ee-0423-f25e57000000\nTime:2018-05-22T23:22:10.5429327Z</Message></Error>"}
    headers:
      Content-Length: ['252']
      Content-Type: [application/xml]
      Date: ['Tue, 22 May 2018 23:22:10 GMT']
      Server: [Windows-Azure-Blob/1.0 Microsoft-HTTPAPI/2.0]
      x-ms-error-code: [ConditionNotMet]
      x-ms-request-id: [6c8fa016-f01e-00ee-0423-f25e57000000]
      x-ms-version: ['2017-11-09']
    status: {code: 412, message: The condition specified using HTTP conditional header(s)
        is not met.}
version: 1
