interactions:
- request:
    body: null
    headers:
      Connection: [keep-alive]
      Content-Length: ['0']
      User-Agent: [Azure-Storage/1.3.0-1.3.0 (Python CPython 3.6.3; Darwin 17.6.0)]
      x-ms-client-request-id: [a6956acc-7410-11e8-a093-8cae4cee5322]
      x-ms-date: ['Tue, 19 Jun 2018 22:32:29 GMT']
      x-ms-version: ['2018-03-28']
    method: PUT
    uri: https://storagename.queue.core.windows.net/mytestqueue0509615f0
  response:
    body: {string: ''}
    headers:
      Date: ['Tue, 19 Jun 2018 22:32:29 GMT']
      Server: [Windows-Azure-Queue/1.0 Microsoft-HTTPAPI/2.0]
      Transfer-Encoding: [chunked]
      x-ms-request-id: [3ff8b6fe-7003-001c-771d-08c05b000000]
      x-ms-version: ['2018-03-28']
    status: {code: 201, message: Created}
- request:
    body: "<?xml version='1.0' encoding='utf-8'?>\n<QueueMessage><MessageText>  mess\t
      age1\n</MessageText></QueueMessage>"
    headers:
      Connection: [keep-alive]
      Content-Length: ['108']
      User-Agent: [Azure-Storage/1.3.0-1.3.0 (Python CPython 3.6.3; Darwin 17.6.0)]
      x-ms-client-request-id: [a6ccd25a-7410-11e8-9131-8cae4cee5322]
      x-ms-date: ['Tue, 19 Jun 2018 22:32:30 GMT']
      x-ms-version: ['2018-03-28']
    method: POST
    uri: https://storagename.queue.core.windows.net/mytestqueue0509615f0/messages
  response:
    body: {string: "\uFEFF<?xml version=\"1.0\" encoding=\"utf-8\"?><QueueMessagesList><QueueMessage><MessageId>062d8a02-d48b-471c-b465-cd65b016a636</MessageId><InsertionTime>Tue,
        19 Jun 2018 22:32:30 GMT</InsertionTime><ExpirationTime>Tue, 26 Jun 2018 22:32:30
        GMT</ExpirationTime><PopReceipt>AgAAAAMAAAAAAAAA5ZeQaB0I1AE=</PopReceipt><TimeNextVisible>Tue,
        19 Jun 2018 22:32:30 GMT</TimeNextVisible></QueueMessage></QueueMessagesList>"}
    headers:
      Content-Type: [application/xml]
      Date: ['Tue, 19 Jun 2018 22:32:29 GMT']
      Server: [Windows-Azure-Queue/1.0 Microsoft-HTTPAPI/2.0]
      Transfer-Encoding: [chunked]
      x-ms-request-id: [3ff8b700-7003-001c-781d-08c05b000000]
      x-ms-version: ['2018-03-28']
    status: {code: 201, message: Created}
- request:
    body: null
    headers:
      Connection: [keep-alive]
      User-Agent: [Azure-Storage/1.3.0-1.3.0 (Python CPython 3.6.3; Darwin 17.6.0)]
      x-ms-client-request-id: [a6db7a26-7410-11e8-9ae1-8cae4cee5322]
      x-ms-date: ['Tue, 19 Jun 2018 22:32:30 GMT']
      x-ms-version: ['2018-03-28']
    method: GET
    uri: https://storagename.queue.core.windows.net/mytestqueue0509615f0/messages
  response:
    body: {string: "\uFEFF<?xml version=\"1.0\" encoding=\"utf-8\"?><QueueMessagesList><QueueMessage><MessageId>062d8a02-d48b-471c-b465-cd65b016a636</MessageId><InsertionTime>Tue,
        19 Jun 2018 22:32:30 GMT</InsertionTime><ExpirationTime>Tue, 26 Jun 2018 22:32:30
        GMT</ExpirationTime><PopReceipt>AgAAAAMAAAAAAAAAeXCAeh0I1AE=</PopReceipt><TimeNextVisible>Tue,
        19 Jun 2018 22:33:00 GMT</TimeNextVisible><DequeueCount>1</DequeueCount><MessageText>
        \ mess\t age1\n</MessageText></QueueMessage></QueueMessagesList>"}
    headers:
      Cache-Control: [no-cache]
      Content-Type: [application/xml]
      Date: ['Tue, 19 Jun 2018 22:32:29 GMT']
      Server: [Windows-Azure-Queue/1.0 Microsoft-HTTPAPI/2.0]
      Transfer-Encoding: [chunked]
      x-ms-request-id: [3ff8b701-7003-001c-791d-08c05b000000]
      x-ms-version: ['2018-03-28']
    status: {code: 200, message: OK}
- request:
    body: null
    headers:
      Connection: [keep-alive]
      Content-Length: ['0']
      User-Agent: [Azure-Storage/1.3.0-1.3.0 (Python CPython 3.6.4; Darwin 17.7.0)]
      x-ms-client-request-id: [a05f8418-894a-11e8-b707-720000665300]
      x-ms-date: ['Mon, 16 Jul 2018 22:50:24 GMT']
      x-ms-version: ['2018-03-28']
    method: PUT
    uri: https://storagename.queue.core.windows.net/mytestqueue0509615f0
  response:
    body: {string: ''}
    headers:
      Date: ['Mon, 16 Jul 2018 22:50:24 GMT']
      Server: [Windows-Azure-Queue/1.0 Microsoft-HTTPAPI/2.0]
      Transfer-Encoding: [chunked]
      x-ms-request-id: [df0b2040-d003-0015-2a57-1d8588000000]
      x-ms-version: ['2018-03-28']
    status: {code: 201, message: Created}
- request:
    body: "<?xml version='1.0' encoding='utf-8'?>\n<QueueMessage><MessageText>  mess\t
      age1\n</MessageText></QueueMessage>"
    headers:
      Connection: [keep-alive]
      Content-Length: ['108']
      User-Agent: [Azure-Storage/1.3.0-1.3.0 (Python CPython 3.6.4; Darwin 17.7.0)]
      x-ms-client-request-id: [a09bfde4-894a-11e8-b6db-720000665300]
      x-ms-date: ['Mon, 16 Jul 2018 22:50:24 GMT']
      x-ms-version: ['2018-03-28']
    method: POST
    uri: https://storagename.queue.core.windows.net/mytestqueue0509615f0/messages
  response:
    body: {string: "\uFEFF<?xml version=\"1.0\" encoding=\"utf-8\"?><QueueMessagesList><QueueMessage><MessageId>c33acfe2-5fae-46c8-9246-748de53d770d</MessageId><InsertionTime>Mon,
        16 Jul 2018 22:50:25 GMT</InsertionTime><ExpirationTime>Mon, 23 Jul 2018 22:50:25
        GMT</ExpirationTime><PopReceipt>AgAAAAMAAAAAAAAA87JhYlcd1AE=</PopReceipt><TimeNextVisible>Mon,
        16 Jul 2018 22:50:25 GMT</TimeNextVisible></QueueMessage></QueueMessagesList>"}
    headers:
      Content-Type: [application/xml]
      Date: ['Mon, 16 Jul 2018 22:50:24 GMT']
      Server: [Windows-Azure-Queue/1.0 Microsoft-HTTPAPI/2.0]
      Transfer-Encoding: [chunked]
      x-ms-request-id: [df0b2045-d003-0015-2d57-1d8588000000]
      x-ms-version: ['2018-03-28']
    status: {code: 201, message: Created}
- request:
    body: null
    headers:
      Connection: [keep-alive]
      User-Agent: [Azure-Storage/1.3.0-1.3.0 (Python CPython 3.6.4; Darwin 17.7.0)]
      x-ms-client-request-id: [a0ab8390-894a-11e8-9dfc-720000665300]
      x-ms-date: ['Mon, 16 Jul 2018 22:50:25 GMT']
      x-ms-version: ['2018-03-28']
    method: GET
    uri: https://storagename.queue.core.windows.net/mytestqueue0509615f0/messages
  response:
    body: {string: "\uFEFF<?xml version=\"1.0\" encoding=\"utf-8\"?><QueueMessagesList><QueueMessage><MessageId>c33acfe2-5fae-46c8-9246-748de53d770d</MessageId><InsertionTime>Mon,
        16 Jul 2018 22:50:25 GMT</InsertionTime><ExpirationTime>Mon, 23 Jul 2018 22:50:25
        GMT</ExpirationTime><PopReceipt>AgAAAAMAAAAAAAAA1PtRdFcd1AE=</PopReceipt><TimeNextVisible>Mon,
        16 Jul 2018 22:50:55 GMT</TimeNextVisible><DequeueCount>1</DequeueCount><MessageText>
        \ mess\t age1\n</MessageText></QueueMessage></QueueMessagesList>"}
    headers:
      Cache-Control: [no-cache]
      Content-Type: [application/xml]
      Date: ['Mon, 16 Jul 2018 22:50:24 GMT']
      Server: [Windows-Azure-Queue/1.0 Microsoft-HTTPAPI/2.0]
      Transfer-Encoding: [chunked]
      x-ms-request-id: [df0b2046-d003-0015-2e57-1d8588000000]
      x-ms-version: ['2018-03-28']
    status: {code: 200, message: OK}
version: 1
