interactions:
- request:
    body: null
    headers:
      Connection: [keep-alive]
      Content-Length: ['0']
      User-Agent: [Azure-Storage/1.3.0-1.3.0 (Python CPython 3.6.3; Darwin 17.6.0)]
      x-ms-blob-type: [AppendBlob]
      x-ms-client-request-id: [c441f502-740d-11e8-961c-8cae4cee5322]
      x-ms-date: ['Tue, 19 Jun 2018 22:11:51 GMT']
      x-ms-version: ['2018-03-28']
    method: PUT
    uri: https://storagename.blob.core.windows.net/utcontainerb59f1281/blobb59f1281
  response:
    body: {string: ''}
    headers:
      Date: ['Tue, 19 Jun 2018 22:11:51 GMT']
      ETag: ['"0x8D5D631A8A5416E"']
      Last-Modified: ['Tue, 19 Jun 2018 22:11:51 GMT']
      Server: [Windows-Azure-Blob/1.0 Microsoft-HTTPAPI/2.0]
      Transfer-Encoding: [chunked]
      x-ms-request-id: [37623f11-101e-0025-341a-083b47000000]
      x-ms-request-server-encrypted: ['true']
      x-ms-version: ['2018-03-28']
    status: {code: 201, message: Created}
- request:
    body: null
    headers:
      Connection: [keep-alive]
      User-Agent: [Azure-Storage/1.3.0-1.3.0 (Python CPython 3.6.3; Darwin 17.6.0)]
      x-ms-client-request-id: [c479e9a8-740d-11e8-bf70-8cae4cee5322]
      x-ms-date: ['Tue, 19 Jun 2018 22:11:51 GMT']
      x-ms-range: [bytes=0-33554431]
      x-ms-version: ['2018-03-28']
    method: GET
    uri: https://storagename.blob.core.windows.net/utcontainerb59f1281/blobb59f1281
  response:
    body: {string: "\uFEFF<?xml version=\"1.0\" encoding=\"utf-8\"?><Error><Code>InvalidRange</Code><Message>The
        range specified is invalid for the current size of the resource.\nRequestId:37623f16-101e-0025-361a-083b47000000\nTime:2018-06-19T22:11:51.5523269Z</Message></Error>"}
    headers:
      Content-Length: ['249']
      Content-Range: [bytes */0]
      Content-Type: [application/xml]
      Date: ['Tue, 19 Jun 2018 22:11:51 GMT']
      Server: [Windows-Azure-Blob/1.0 Microsoft-HTTPAPI/2.0]
      x-ms-error-code: [InvalidRange]
      x-ms-request-id: [37623f16-101e-0025-361a-083b47000000]
      x-ms-version: ['2018-03-28']
    status: {code: 416, message: The range specified is invalid for the current size
        of the resource.}
- request:
    body: null
    headers:
      Connection: [keep-alive]
      User-Agent: [Azure-Storage/1.3.0-1.3.0 (Python CPython 3.6.3; Darwin 17.6.0)]
      x-ms-client-request-id: [c490fe18-740d-11e8-9248-8cae4cee5322]
      x-ms-date: ['Tue, 19 Jun 2018 22:11:51 GMT']
      x-ms-version: ['2018-03-28']
    method: GET
    uri: https://storagename.blob.core.windows.net/utcontainerb59f1281/blobb59f1281
  response:
    body: {string: ''}
    headers:
      Accept-Ranges: [bytes]
      Content-Length: ['0']
      Content-Type: [application/octet-stream]
      Date: ['Tue, 19 Jun 2018 22:11:51 GMT']
      ETag: ['"0x8D5D631A8A5416E"']
      Last-Modified: ['Tue, 19 Jun 2018 22:11:51 GMT']
      Server: [Windows-Azure-Blob/1.0 Microsoft-HTTPAPI/2.0]
      x-ms-blob-committed-block-count: ['0']
      x-ms-blob-type: [AppendBlob]
      x-ms-creation-time: ['Tue, 19 Jun 2018 22:11:51 GMT']
      x-ms-lease-state: [available]
      x-ms-lease-status: [unlocked]
      x-ms-request-id: [37623f19-101e-0025-371a-083b47000000]
      x-ms-server-encrypted: ['true']
      x-ms-version: ['2018-03-28']
    status: {code: 200, message: OK}
version: 1
