interactions:
- request:
    body: null
    headers:
      Accept-Encoding: ['gzip, deflate']
      Connection: [keep-alive]
      Content-Length: ['0']
      Content-Type: [application/octet-stream Charset=UTF-8]
      User-Agent: [pyazure/0.20.0]
      x-ms-date: ['Tue, 21 Jul 2015 20:10:44 GMT']
      x-ms-version: ['2014-02-14']
    method: PUT
    uri: https://storagename.file.core.windows.net/utshare857b11bf?restype=share
  response:
    body: {string: ''}
    headers:
      Date: ['Tue, 21 Jul 2015 20:10:44 GMT']
      ETag: ['"0x8D2920875FD6225"']
      Last-Modified: ['Tue, 21 Jul 2015 20:10:44 GMT']
      Server: [Windows-Azure-File/1.0 Microsoft-HTTPAPI/2.0]
      Transfer-Encoding: [chunked]
      x-ms-request-id: [50f9cbc5-001a-007e-61f1-c360c5000000]
      x-ms-version: ['2014-02-14']
    status: {code: 201, message: Created}
- request:
    body: null
    headers:
      Accept-Encoding: ['gzip, deflate']
      Connection: [keep-alive]
      Content-Length: ['0']
      Content-Type: [application/octet-stream Charset=UTF-8]
      User-Agent: [pyazure/0.20.0]
      x-ms-date: ['Tue, 21 Jul 2015 20:10:45 GMT']
      x-ms-meta-hello: [world]
      x-ms-meta-number: ['42']
      x-ms-version: ['2014-02-14']
    method: PUT
    uri: https://storagename.file.core.windows.net/utshare857b11bf?restype=share&comp=metadata
  response:
    body: {string: ''}
    headers:
      Date: ['Tue, 21 Jul 2015 20:10:44 GMT']
      ETag: ['"0x8D29208768DA3E5"']
      Last-Modified: ['Tue, 21 Jul 2015 20:10:45 GMT']
      Server: [Windows-Azure-File/1.0 Microsoft-HTTPAPI/2.0]
      Transfer-Encoding: [chunked]
      x-ms-request-id: [50f9cbc7-001a-007e-62f1-c360c5000000]
      x-ms-version: ['2014-02-14']
    status: {code: 200, message: OK}
- request:
    body: null
    headers:
      Accept-Encoding: ['gzip, deflate']
      Connection: [keep-alive]
      Content-Type: [application/octet-stream Charset=UTF-8]
      User-Agent: [pyazure/0.20.0]
      x-ms-date: ['Tue, 21 Jul 2015 20:10:45 GMT']
      x-ms-version: ['2014-02-14']
    method: GET
    uri: https://storagename.file.core.windows.net/utshare857b11bf?restype=share
  response:
    body: {string: ''}
    headers:
      Date: ['Tue, 21 Jul 2015 20:10:44 GMT']
      ETag: ['"0x8D29208768DA3E5"']
      Last-Modified: ['Tue, 21 Jul 2015 20:10:45 GMT']
      Server: [Windows-Azure-File/1.0 Microsoft-HTTPAPI/2.0]
      Transfer-Encoding: [chunked]
      Vary: [Origin]
      x-ms-meta-hello: [world]
      x-ms-meta-number: ['42']
      x-ms-request-id: [50f9cbc9-001a-007e-63f1-c360c5000000]
      x-ms-version: ['2014-02-14']
    status: {code: 200, message: OK}
version: 1
