interactions:
- request:
    body: '{"sex": "male", "large@odata.type": "Edm.Int64", "birthday@odata.type":
      "Edm.DateTime", "large": "933311100", "other": 20, "age": "39", "married": true,
      "Birthday@odata.type": "Edm.DateTime", "binary": "YmluYXJ5", "RowKey": "unencryptedunencrypted",
      "evenratio": 3.0, "age@odata.type": "Edm.Int64", "binary@odata.type": "Edm.Binary",
      "birthday": "1970-10-04T00:00:00Z", "Birthday": "1973-10-04T00:00:00Z", "PartitionKey":
      "pk3cc81593", "deceased": false, "clsid@odata.type": "Edm.Guid", "optional":
      null, "name": "John Doe", "ratio": 3.1, "clsid": "c9da6455-213d-42c9-9a79-3e9149a57833"}'
    headers:
      Accept: [application/json;odata=minimalmetadata]
      Connection: [keep-alive]
      Content-Length: ['587']
      Content-Type: [application/json]
      DataServiceVersion: [3.0;NetFx]
      MaxDataServiceVersion: ['3.0']
      Prefer: [return-no-content]
      User-Agent: [Azure-Storage/0.34.0 (Python CPython 3.5.2; Windows 10)]
      x-ms-client-request-id: [4e92ed34-f4ab-11e6-9ac6-64510640cc62]
      x-ms-date: ['Fri, 17 Feb 2017 00:52:07 GMT']
      x-ms-version: ['2016-05-31']
    method: POST
    uri: https://storagename.table.core.windows.net/uttable3cc81593
  response:
    body: {string: ''}
    headers:
      Cache-Control: [no-cache]
      Content-Length: ['0']
      DataServiceId: ['https://storagename.table.core.windows.net/uttable3cc81593(PartitionKey=''pk3cc81593'',RowKey=''unencryptedunencrypted'')']
      Date: ['Fri, 17 Feb 2017 00:52:07 GMT']
      ETag: [W/"datetime'2017-02-17T00%3A52%3A07.6647472Z'"]
      Location: ['https://storagename.table.core.windows.net/uttable3cc81593(PartitionKey=''pk3cc81593'',RowKey=''unencryptedunencrypted'')']
      Preference-Applied: [return-no-content]
      Server: [Windows-Azure-Table/1.0 Microsoft-HTTPAPI/2.0]
      X-Content-Type-Options: [nosniff]
      x-ms-request-id: [b8c3ccb4-0002-003f-07b8-885a98000000]
      x-ms-version: ['2016-05-31']
    status: {code: 204, message: No Content}
- request:
    body: '{"sex": "KHNYiDhx/vImr9GHDmVQiA==", "large@odata.type": "Edm.Int64", "deceased":
      false, "binary": "YmluYXJ5", "name@odata.type": "Edm.Binary", "birthday@odata.type":
      "Edm.DateTime", "clsid@odata.type": "Edm.Guid", "large": "933311100", "other":
      20, "age": "39", "married": true, "Birthday@odata.type": "Edm.DateTime", "sex@odata.type":
      "Edm.Binary", "RowKey": "rk3cc81593", "evenratio": 3.0, "_ClientEncryptionMetadata2@odata.type":
      "Edm.Binary", "age@odata.type": "Edm.Int64", "binary@odata.type": "Edm.Binary",
      "birthday": "1970-10-04T00:00:00Z", "Birthday": "1973-10-04T00:00:00Z", "PartitionKey":
      "pk3cc81593", "_ClientEncryptionMetadata2": "O02pbpRN5Puq5A06Ma+Tow==", "_ClientEncryptionMetadata1":
      "{\"WrappedContentKey\": {\"KeyId\": \"key1\", \"EncryptedKey\": \"aG3X1fByQ16Bu1FeqpEdK5wnlaQ+Z9x9S9MkWfy+m15S/tGRVVNScA==\",
      \"Algorithm\": \"A256KW\"}, \"EncryptionAgent\": {\"Protocol\": \"1.0\", \"EncryptionAlgorithm\":
      \"AES_CBC_256\"}, \"ContentEncryptionIV\": \"7FyPwHj2aR5MO0MG7PwwsQ==\", \"KeyWrappingMetadata\":
      {\"EncryptionLibrary\": \"Python 0.34.0\"}}", "optional": null, "name": "TwQFjGI6zYeng55HaNSrIw==",
      "ratio": 3.1, "clsid": "c9da6455-213d-42c9-9a79-3e9149a57833"}'
    headers:
      Accept: [application/json;odata=minimalmetadata]
      Connection: [keep-alive]
      Content-Length: ['1188']
      Content-Type: [application/json]
      DataServiceVersion: [3.0;NetFx]
      MaxDataServiceVersion: ['3.0']
      Prefer: [return-no-content]
      User-Agent: [Azure-Storage/0.34.0 (Python CPython 3.5.2; Windows 10)]
      x-ms-client-request-id: [4eccf31c-f4ab-11e6-a48b-64510640cc62]
      x-ms-date: ['Fri, 17 Feb 2017 00:52:08 GMT']
      x-ms-version: ['2016-05-31']
    method: POST
    uri: https://storagename.table.core.windows.net/uttable3cc81593
  response:
    body: {string: ''}
    headers:
      Cache-Control: [no-cache]
      Content-Length: ['0']
      DataServiceId: ['https://storagename.table.core.windows.net/uttable3cc81593(PartitionKey=''pk3cc81593'',RowKey=''rk3cc81593'')']
      Date: ['Fri, 17 Feb 2017 00:52:07 GMT']
      ETag: [W/"datetime'2017-02-17T00%3A52%3A07.7627507Z'"]
      Location: ['https://storagename.table.core.windows.net/uttable3cc81593(PartitionKey=''pk3cc81593'',RowKey=''rk3cc81593'')']
      Preference-Applied: [return-no-content]
      Server: [Windows-Azure-Table/1.0 Microsoft-HTTPAPI/2.0]
      X-Content-Type-Options: [nosniff]
      x-ms-request-id: [b8c3ccb8-0002-003f-09b8-885a98000000]
      x-ms-version: ['2016-05-31']
    status: {code: 204, message: No Content}
- request:
    body: null
    headers:
      Accept: [application/json;odata=minimalmetadata]
      Connection: [keep-alive]
      DataServiceVersion: [3.0;NetFx]
      MaxDataServiceVersion: ['3.0']
      User-Agent: [Azure-Storage/0.34.0 (Python CPython 3.5.2; Windows 10)]
      x-ms-client-request-id: [4edbd652-f4ab-11e6-aa69-64510640cc62]
      x-ms-date: ['Fri, 17 Feb 2017 00:52:08 GMT']
      x-ms-version: ['2016-05-31']
    method: GET
    uri: https://storagename.table.core.windows.net/uttable3cc81593()
  response:
    body: {string: '{"odata.metadata":"https://storagename.table.core.windows.net/$metadata#uttable3cc81593","value":[{"odata.etag":"W/\"datetime''2017-02-17T00%3A52%3A07.7627507Z''\"","PartitionKey":"pk3cc81593","RowKey":"rk3cc81593","Timestamp":"2017-02-17T00:52:07.7627507Z","sex@odata.type":"Edm.Binary","sex":"KHNYiDhx/vImr9GHDmVQiA==","deceased":false,"binary@odata.type":"Edm.Binary","binary":"YmluYXJ5","large@odata.type":"Edm.Int64","large":"933311100","other":20,"age@odata.type":"Edm.Int64","age":"39","married":true,"evenratio":3.0,"birthday@odata.type":"Edm.DateTime","birthday":"1970-10-04T00:00:00Z","Birthday@odata.type":"Edm.DateTime","Birthday":"1973-10-04T00:00:00Z","_ClientEncryptionMetadata2@odata.type":"Edm.Binary","_ClientEncryptionMetadata2":"O02pbpRN5Puq5A06Ma+Tow==","_ClientEncryptionMetadata1":"{\"WrappedContentKey\":
        {\"KeyId\": \"key1\", \"EncryptedKey\": \"aG3X1fByQ16Bu1FeqpEdK5wnlaQ+Z9x9S9MkWfy+m15S/tGRVVNScA==\",
        \"Algorithm\": \"A256KW\"}, \"EncryptionAgent\": {\"Protocol\": \"1.0\", \"EncryptionAlgorithm\":
        \"AES_CBC_256\"}, \"ContentEncryptionIV\": \"7FyPwHj2aR5MO0MG7PwwsQ==\", \"KeyWrappingMetadata\":
        {\"EncryptionLibrary\": \"Python 0.34.0\"}}","name@odata.type":"Edm.Binary","name":"TwQFjGI6zYeng55HaNSrIw==","ratio":3.1,"clsid@odata.type":"Edm.Guid","clsid":"c9da6455-213d-42c9-9a79-3e9149a57833"},{"odata.etag":"W/\"datetime''2017-02-17T00%3A52%3A07.6647472Z''\"","PartitionKey":"pk3cc81593","RowKey":"unencryptedunencrypted","Timestamp":"2017-02-17T00:52:07.6647472Z","sex":"male","large@odata.type":"Edm.Int64","large":"933311100","other":20,"age@odata.type":"Edm.Int64","age":"39","married":true,"binary@odata.type":"Edm.Binary","binary":"YmluYXJ5","evenratio":3.0,"birthday@odata.type":"Edm.DateTime","birthday":"1970-10-04T00:00:00Z","Birthday@odata.type":"Edm.DateTime","Birthday":"1973-10-04T00:00:00Z","deceased":false,"name":"John
        Doe","ratio":3.1,"clsid@odata.type":"Edm.Guid","clsid":"c9da6455-213d-42c9-9a79-3e9149a57833"}]}'}
    headers:
      Cache-Control: [no-cache]
      Content-Type: [application/json;odata=minimalmetadata;streaming=true;charset=utf-8]
      Date: ['Fri, 17 Feb 2017 00:52:07 GMT']
      Server: [Windows-Azure-Table/1.0 Microsoft-HTTPAPI/2.0]
      Transfer-Encoding: [chunked]
      X-Content-Type-Options: [nosniff]
      x-ms-request-id: [b8c3ccb9-0002-003f-0ab8-885a98000000]
      x-ms-version: ['2016-05-31']
    status: {code: 200, message: OK}
- request:
    body: null
    headers:
      Accept: [application/json;odata=minimalmetadata]
      Connection: [keep-alive]
      DataServiceVersion: [3.0;NetFx]
      MaxDataServiceVersion: ['3.0']
      User-Agent: [Azure-Storage/0.34.0 (Python CPython 3.5.2; Windows 10)]
      x-ms-client-request-id: [4eeadac8-f4ab-11e6-b983-64510640cc62]
      x-ms-date: ['Fri, 17 Feb 2017 00:52:08 GMT']
      x-ms-version: ['2016-05-31']
    method: GET
    uri: https://storagename.table.core.windows.net/uttable3cc81593()
  response:
    body: {string: '{"odata.metadata":"https://storagename.table.core.windows.net/$metadata#uttable3cc81593","value":[{"odata.etag":"W/\"datetime''2017-02-17T00%3A52%3A07.7627507Z''\"","PartitionKey":"pk3cc81593","RowKey":"rk3cc81593","Timestamp":"2017-02-17T00:52:07.7627507Z","sex@odata.type":"Edm.Binary","sex":"KHNYiDhx/vImr9GHDmVQiA==","deceased":false,"binary@odata.type":"Edm.Binary","binary":"YmluYXJ5","large@odata.type":"Edm.Int64","large":"933311100","other":20,"age@odata.type":"Edm.Int64","age":"39","married":true,"evenratio":3.0,"birthday@odata.type":"Edm.DateTime","birthday":"1970-10-04T00:00:00Z","Birthday@odata.type":"Edm.DateTime","Birthday":"1973-10-04T00:00:00Z","_ClientEncryptionMetadata2@odata.type":"Edm.Binary","_ClientEncryptionMetadata2":"O02pbpRN5Puq5A06Ma+Tow==","_ClientEncryptionMetadata1":"{\"WrappedContentKey\":
        {\"KeyId\": \"key1\", \"EncryptedKey\": \"aG3X1fByQ16Bu1FeqpEdK5wnlaQ+Z9x9S9MkWfy+m15S/tGRVVNScA==\",
        \"Algorithm\": \"A256KW\"}, \"EncryptionAgent\": {\"Protocol\": \"1.0\", \"EncryptionAlgorithm\":
        \"AES_CBC_256\"}, \"ContentEncryptionIV\": \"7FyPwHj2aR5MO0MG7PwwsQ==\", \"KeyWrappingMetadata\":
        {\"EncryptionLibrary\": \"Python 0.34.0\"}}","name@odata.type":"Edm.Binary","name":"TwQFjGI6zYeng55HaNSrIw==","ratio":3.1,"clsid@odata.type":"Edm.Guid","clsid":"c9da6455-213d-42c9-9a79-3e9149a57833"},{"odata.etag":"W/\"datetime''2017-02-17T00%3A52%3A07.6647472Z''\"","PartitionKey":"pk3cc81593","RowKey":"unencryptedunencrypted","Timestamp":"2017-02-17T00:52:07.6647472Z","sex":"male","large@odata.type":"Edm.Int64","large":"933311100","other":20,"age@odata.type":"Edm.Int64","age":"39","married":true,"binary@odata.type":"Edm.Binary","binary":"YmluYXJ5","evenratio":3.0,"birthday@odata.type":"Edm.DateTime","birthday":"1970-10-04T00:00:00Z","Birthday@odata.type":"Edm.DateTime","Birthday":"1973-10-04T00:00:00Z","deceased":false,"name":"John
        Doe","ratio":3.1,"clsid@odata.type":"Edm.Guid","clsid":"c9da6455-213d-42c9-9a79-3e9149a57833"}]}'}
    headers:
      Cache-Control: [no-cache]
      Content-Type: [application/json;odata=minimalmetadata;streaming=true;charset=utf-8]
      Date: ['Fri, 17 Feb 2017 00:52:07 GMT']
      Server: [Windows-Azure-Table/1.0 Microsoft-HTTPAPI/2.0]
      Transfer-Encoding: [chunked]
      X-Content-Type-Options: [nosniff]
      x-ms-request-id: [b8c3ccba-0002-003f-0bb8-885a98000000]
      x-ms-version: ['2016-05-31']
    status: {code: 200, message: OK}
version: 1
