interactions:
- request:
    body: null
    headers:
      Connection: [keep-alive]
      Content-Length: ['0']
      User-Agent: [Azure-Storage/1.0.0-1.0.0 (Python CPython 3.6.3; Darwin 17.3.0)]
      x-ms-client-request-id: [33f4e778-fc9b-11e7-a6b4-b8e8564491f6]
      x-ms-date: ['Thu, 18 Jan 2018 22:01:57 GMT']
      x-ms-version: ['2017-04-17']
    method: PUT
    uri: https://storagename.blob.core.windows.net/container3851155b?restype=container
  response:
    body: {string: ''}
    headers:
      Date: ['Thu, 18 Jan 2018 22:01:57 GMT']
      ETag: ['"0x8D55EBF18210BBF"']
      Last-Modified: ['Thu, 18 Jan 2018 22:01:57 GMT']
      Server: [Windows-Azure-Blob/1.0 Microsoft-HTTPAPI/2.0]
      Transfer-Encoding: [chunked]
      x-ms-request-id: [bd2d046f-001e-0017-32a7-9094b7000000]
      x-ms-version: ['2017-04-17']
    status: {code: 201, message: Created}
- request:
    body: hello world
    headers:
      Connection: [keep-alive]
      Content-Length: ['11']
      User-Agent: [Azure-Storage/1.0.0-1.0.0 (Python CPython 3.6.3; Darwin 17.3.0)]
      x-ms-blob-type: [BlockBlob]
      x-ms-client-request-id: [340bb41c-fc9b-11e7-8dd3-b8e8564491f6]
      x-ms-date: ['Thu, 18 Jan 2018 22:01:58 GMT']
      x-ms-meta-name: [bob]
      x-ms-meta-number: ['1']
      x-ms-version: ['2017-04-17']
    method: PUT
    uri: https://storagename.blob.core.windows.net/container3851155b/blob1
  response:
    body: {string: ''}
    headers:
      Content-MD5: [XrY7u+Ae7tCTyyK7j1rNww==]
      Date: ['Thu, 18 Jan 2018 22:01:57 GMT']
      ETag: ['"0x8D55EBF17D86736"']
      Last-Modified: ['Thu, 18 Jan 2018 22:01:57 GMT']
      Server: [Windows-Azure-Blob/1.0 Microsoft-HTTPAPI/2.0]
      Transfer-Encoding: [chunked]
      x-ms-request-id: [bd2d0481-001e-0017-41a7-9094b7000000]
      x-ms-request-server-encrypted: ['true']
      x-ms-version: ['2017-04-17']
    status: {code: 201, message: Created}
- request:
    body: hello world
    headers:
      Connection: [keep-alive]
      Content-Length: ['11']
      User-Agent: [Azure-Storage/1.0.0-1.0.0 (Python CPython 3.6.3; Darwin 17.3.0)]
      x-ms-blob-type: [BlockBlob]
      x-ms-client-request-id: [34147098-fc9b-11e7-b2b7-b8e8564491f6]
      x-ms-date: ['Thu, 18 Jan 2018 22:01:58 GMT']
      x-ms-meta-name: [car]
      x-ms-meta-number: ['2']
      x-ms-version: ['2017-04-17']
    method: PUT
    uri: https://storagename.blob.core.windows.net/container3851155b/blob2
  response:
    body: {string: ''}
    headers:
      Content-MD5: [XrY7u+Ae7tCTyyK7j1rNww==]
      Date: ['Thu, 18 Jan 2018 22:01:57 GMT']
      ETag: ['"0x8D55EBF17DEA9F2"']
      Last-Modified: ['Thu, 18 Jan 2018 22:01:57 GMT']
      Server: [Windows-Azure-Blob/1.0 Microsoft-HTTPAPI/2.0]
      Transfer-Encoding: [chunked]
      x-ms-request-id: [bd2d048c-001e-0017-4ca7-9094b7000000]
      x-ms-request-server-encrypted: ['true']
      x-ms-version: ['2017-04-17']
    status: {code: 201, message: Created}
- request:
    body: null
    headers:
      Connection: [keep-alive]
      Content-Length: ['0']
      User-Agent: [Azure-Storage/1.0.0-1.0.0 (Python CPython 3.6.3; Darwin 17.3.0)]
      x-ms-client-request-id: [341cbd8c-fc9b-11e7-8e4a-b8e8564491f6]
      x-ms-date: ['Thu, 18 Jan 2018 22:01:58 GMT']
      x-ms-version: ['2017-04-17']
    method: PUT
    uri: https://storagename.blob.core.windows.net/container3851155b/blob1?comp=snapshot
  response:
    body: {string: ''}
    headers:
      Date: ['Thu, 18 Jan 2018 22:01:57 GMT']
      ETag: ['"0x8D55EBF17D86736"']
      Last-Modified: ['Thu, 18 Jan 2018 22:01:57 GMT']
      Server: [Windows-Azure-Blob/1.0 Microsoft-HTTPAPI/2.0]
      Transfer-Encoding: [chunked]
      x-ms-request-id: [bd2d04a1-001e-0017-5ea7-9094b7000000]
      x-ms-snapshot: ['2018-01-18T22:01:57.5566514Z']
      x-ms-version: ['2017-04-17']
    status: {code: 201, message: Created}
- request:
    body: null
    headers:
      Connection: [keep-alive]
      User-Agent: [Azure-Storage/1.0.0-1.0.0 (Python CPython 3.6.3; Darwin 17.3.0)]
      x-ms-client-request-id: [3422f726-fc9b-11e7-aeea-b8e8564491f6]
      x-ms-date: ['Thu, 18 Jan 2018 22:01:58 GMT']
      x-ms-version: ['2017-04-17']
    method: GET
    uri: https://storagename.blob.core.windows.net/container3851155b?restype=container&comp=list&include=metadata
  response:
    body: {string: "\uFEFF<?xml version=\"1.0\" encoding=\"utf-8\"?><EnumerationResults
        ServiceEndpoint=\"https://storagename.blob.core.windows.net/\" ContainerName=\"container3851155b\"><Blobs><Blob><Name>blob1</Name><Properties><Last-Modified>Thu,
        18 Jan 2018 22:01:57 GMT</Last-Modified><Etag>0x8D55EBF17D86736</Etag><Content-Length>11</Content-Length><Content-Type>application/octet-stream</Content-Type><Content-Encoding
        /><Content-Language /><Content-MD5>XrY7u+Ae7tCTyyK7j1rNww==</Content-MD5><Cache-Control
        /><Content-Disposition /><BlobType>BlockBlob</BlobType><LeaseStatus>unlocked</LeaseStatus><LeaseState>available</LeaseState><ServerEncrypted>true</ServerEncrypted></Properties><Metadata><number>1</number><name>bob</name></Metadata></Blob><Blob><Name>blob2</Name><Properties><Last-Modified>Thu,
        18 Jan 2018 22:01:57 GMT</Last-Modified><Etag>0x8D55EBF17DEA9F2</Etag><Content-Length>11</Content-Length><Content-Type>application/octet-stream</Content-Type><Content-Encoding
        /><Content-Language /><Content-MD5>XrY7u+Ae7tCTyyK7j1rNww==</Content-MD5><Cache-Control
        /><Content-Disposition /><BlobType>BlockBlob</BlobType><LeaseStatus>unlocked</LeaseStatus><LeaseState>available</LeaseState><ServerEncrypted>true</ServerEncrypted></Properties><Metadata><number>2</number><name>car</name></Metadata></Blob></Blobs><NextMarker
        /></EnumerationResults>"}
    headers:
      Content-Type: [application/xml]
      Date: ['Thu, 18 Jan 2018 22:01:57 GMT']
      Server: [Windows-Azure-Blob/1.0 Microsoft-HTTPAPI/2.0]
      Transfer-Encoding: [chunked]
      Vary: [Origin]
      x-ms-request-id: [bd2d04ae-001e-0017-6aa7-9094b7000000]
      x-ms-version: ['2017-04-17']
    status: {code: 200, message: OK}
version: 1
