interactions:
- request:
    body: null
    headers:
      Connection: [keep-alive]
      Content-Length: ['0']
      User-Agent: [Azure-Storage/0.32.0 (Python CPython 3.4.3; Windows 8)]
      x-ms-client-request-id: [1b6919d0-116b-11e6-b92c-8851fb5f57fc]
      x-ms-date: ['Tue, 03 May 2016 20:10:40 GMT']
      x-ms-version: ['2015-07-08']
    method: PUT
    uri: https://storagename.blob.core.windows.net/container9840123e?restype=container
  response:
    body: {string: ''}
    headers:
      Date: ['Tue, 03 May 2016 20:10:40 GMT']
      ETag: ['"0x8D3738F004457CF"']
      Last-Modified: ['Tue, 03 May 2016 20:10:41 GMT']
      Server: [Windows-Azure-Blob/1.0 Microsoft-HTTPAPI/2.0]
      Transfer-Encoding: [chunked]
      x-ms-request-id: [c571a9f2-0001-0089-0677-a5462e000000]
      x-ms-version: ['2015-07-08']
    status: {code: 201, message: Created}
- request:
    body: null
    headers:
      Connection: [keep-alive]
      Content-Length: ['0']
      User-Agent: [Azure-Storage/0.32.0 (Python CPython 3.4.3; Windows 8)]
      x-ms-client-request-id: [1bb2889a-116b-11e6-823c-8851fb5f57fc]
      x-ms-date: ['Tue, 03 May 2016 20:10:40 GMT']
      x-ms-meta-hello: [world]
      x-ms-meta-number: ['42']
      x-ms-version: ['2015-07-08']
    method: PUT
    uri: https://storagename.blob.core.windows.net/container9840123e?comp=metadata&restype=container
  response:
    body: {string: ''}
    headers:
      Date: ['Tue, 03 May 2016 20:10:40 GMT']
      ETag: ['"0x8D3738F004457D0"']
      Last-Modified: ['Tue, 03 May 2016 20:10:41 GMT']
      Server: [Windows-Azure-Blob/1.0 Microsoft-HTTPAPI/2.0]
      Transfer-Encoding: [chunked]
      x-ms-request-id: [c571aa08-0001-0089-1a77-a5462e000000]
      x-ms-version: ['2015-07-08']
    status: {code: 200, message: OK}
- request:
    body: null
    headers:
      Connection: [keep-alive]
      Content-Length: ['0']
      User-Agent: [Azure-Storage/0.32.0 (Python CPython 3.4.3; Windows 8)]
      x-ms-client-request-id: [1bbc6388-116b-11e6-b0ab-8851fb5f57fc]
      x-ms-date: ['Tue, 03 May 2016 20:10:40 GMT']
      x-ms-lease-action: [acquire]
      x-ms-lease-duration: ['-1']
      x-ms-version: ['2015-07-08']
    method: PUT
    uri: https://storagename.blob.core.windows.net/container9840123e?comp=lease&restype=container
  response:
    body: {string: ''}
    headers:
      Date: ['Tue, 03 May 2016 20:10:40 GMT']
      ETag: ['"0x8D3738F004457D0"']
      Last-Modified: ['Tue, 03 May 2016 20:10:41 GMT']
      Server: [Windows-Azure-Blob/1.0 Microsoft-HTTPAPI/2.0]
      Transfer-Encoding: [chunked]
      x-ms-lease-id: [d4bf83fd-9ce3-468d-9e48-3be724150be8]
      x-ms-request-id: [c571aa31-0001-0089-4177-a5462e000000]
      x-ms-version: ['2015-07-08']
    status: {code: 201, message: Created}
- request:
    body: null
    headers:
      Connection: [keep-alive]
      User-Agent: [Azure-Storage/0.32.0 (Python CPython 3.4.3; Windows 8)]
      x-ms-client-request-id: [1bc20218-116b-11e6-8198-8851fb5f57fc]
      x-ms-date: ['Tue, 03 May 2016 20:10:40 GMT']
      x-ms-version: ['2015-07-08']
    method: GET
    uri: https://storagename.blob.core.windows.net/container9840123e?restype=container
  response:
    body: {string: ''}
    headers:
      Date: ['Tue, 03 May 2016 20:10:40 GMT']
      ETag: ['"0x8D3738F004457D0"']
      Last-Modified: ['Tue, 03 May 2016 20:10:41 GMT']
      Server: [Windows-Azure-Blob/1.0 Microsoft-HTTPAPI/2.0]
      Transfer-Encoding: [chunked]
      x-ms-lease-duration: [infinite]
      x-ms-lease-state: [leased]
      x-ms-lease-status: [locked]
      x-ms-meta-hello: [world]
      x-ms-meta-number: ['42']
      x-ms-request-id: [c571aa4a-0001-0089-5a77-a5462e000000]
      x-ms-version: ['2015-07-08']
    status: {code: 200, message: OK}
version: 1
