interactions:
- request:
    body: null
    headers:
      Connection: [keep-alive]
      Content-Length: ['0']
      User-Agent: [Azure-Storage/1.3.0-1.3.0 (Python CPython 3.6.3; Darwin 17.6.0)]
      x-ms-client-request-id: [fad31fc6-740d-11e8-9f54-8cae4cee5322]
      x-ms-date: ['Tue, 19 Jun 2018 22:13:22 GMT']
      x-ms-version: ['2018-03-28']
    method: PUT
    uri: https://storagename.blob.core.windows.net/utcontainer713f1e44?restype=container
  response:
    body: {string: ''}
    headers:
      Date: ['Tue, 19 Jun 2018 22:13:22 GMT']
      ETag: ['"0x8D5D631DF36009C"']
      Last-Modified: ['Tue, 19 Jun 2018 22:13:22 GMT']
      Server: [Windows-Azure-Blob/1.0 Microsoft-HTTPAPI/2.0]
      Transfer-Encoding: [chunked]
      x-ms-request-id: [8b0263ff-f01e-002d-2d1a-082148000000]
      x-ms-version: ['2018-03-28']
    status: {code: 201, message: Created}
- request:
    body: hello world
    headers:
      Connection: [keep-alive]
      Content-Length: ['11']
      User-Agent: [Azure-Storage/1.3.0-1.3.0 (Python CPython 3.6.3; Darwin 17.6.0)]
      x-ms-blob-type: [BlockBlob]
      x-ms-client-request-id: [fb0aad5e-740d-11e8-b0db-8cae4cee5322]
      x-ms-date: ['Tue, 19 Jun 2018 22:13:22 GMT']
      x-ms-version: ['2018-03-28']
    method: PUT
    uri: https://storagename.blob.core.windows.net/utcontainer713f1e44/blob1
  response:
    body: {string: ''}
    headers:
      Content-MD5: [XrY7u+Ae7tCTyyK7j1rNww==]
      Date: ['Tue, 19 Jun 2018 22:13:22 GMT']
      ETag: ['"0x8D5D631DF45AE75"']
      Last-Modified: ['Tue, 19 Jun 2018 22:13:23 GMT']
      Server: [Windows-Azure-Blob/1.0 Microsoft-HTTPAPI/2.0]
      Transfer-Encoding: [chunked]
      x-ms-content-crc64: [vo7q9sPVKY0=]
      x-ms-request-id: [8b026402-f01e-002d-2e1a-082148000000]
      x-ms-request-server-encrypted: ['true']
      x-ms-version: ['2018-03-28']
    status: {code: 201, message: Created}
- request:
    body: null
    headers:
      Connection: [keep-alive]
      If-Modified-Since: ['Tue, 19 Jun 2018 22:28:23 GMT']
      User-Agent: [Azure-Storage/1.3.0-1.3.0 (Python CPython 3.6.3; Darwin 17.6.0)]
      x-ms-client-request-id: [fb1a1c12-740d-11e8-b5f5-8cae4cee5322]
      x-ms-date: ['Tue, 19 Jun 2018 22:13:23 GMT']
      x-ms-version: ['2018-03-28']
    method: HEAD
    uri: https://storagename.blob.core.windows.net/utcontainer713f1e44/blob1
  response:
    body: {string: ''}
    headers:
      Date: ['Tue, 19 Jun 2018 22:13:22 GMT']
      Server: [Windows-Azure-Blob/1.0 Microsoft-HTTPAPI/2.0]
      x-ms-error-code: [ConditionNotMet]
      x-ms-request-id: [8b026403-f01e-002d-2f1a-082148000000]
      x-ms-version: ['2018-03-28']
    status: {code: 304, message: The condition specified using HTTP conditional header(s)
        is not met.}
- request:
    body: null
    headers:
      Connection: [keep-alive]
      Content-Length: ['0']
      User-Agent: [Azure-Storage/1.3.0-1.3.1 (Python CPython 3.6.4; Darwin 17.7.0)]
      x-ms-client-request-id: [14462290-8948-11e8-82d7-720000665300]
      x-ms-date: ['Mon, 16 Jul 2018 22:32:10 GMT']
      x-ms-version: ['2018-03-28']
    method: PUT
    uri: https://storagename.blob.core.windows.net/utcontainer713f1e44?restype=container
  response:
    body: {string: ''}
    headers:
      Date: ['Mon, 16 Jul 2018 22:32:10 GMT']
      ETag: ['"0x8D5EB6BF8A9DE00"']
      Last-Modified: ['Mon, 16 Jul 2018 22:32:10 GMT']
      Server: [Windows-Azure-Blob/1.0 Microsoft-HTTPAPI/2.0]
      Transfer-Encoding: [chunked]
      x-ms-request-id: [ec907458-e01e-000e-7754-1dbb8b000000]
      x-ms-version: ['2018-03-28']
    status: {code: 201, message: Created}
- request:
    body: hello world
    headers:
      Connection: [keep-alive]
      Content-Length: ['11']
      User-Agent: [Azure-Storage/1.3.0-1.3.1 (Python CPython 3.6.4; Darwin 17.7.0)]
      x-ms-blob-type: [BlockBlob]
      x-ms-client-request-id: [147cc69c-8948-11e8-816c-720000665300]
      x-ms-date: ['Mon, 16 Jul 2018 22:32:10 GMT']
      x-ms-version: ['2018-03-28']
    method: PUT
    uri: https://storagename.blob.core.windows.net/utcontainer713f1e44/blob1
  response:
    body: {string: ''}
    headers:
      Content-MD5: [XrY7u+Ae7tCTyyK7j1rNww==]
      Date: ['Mon, 16 Jul 2018 22:32:10 GMT']
      ETag: ['"0x8D5EB6BF8B964DE"']
      Last-Modified: ['Mon, 16 Jul 2018 22:32:10 GMT']
      Server: [Windows-Azure-Blob/1.0 Microsoft-HTTPAPI/2.0]
      Transfer-Encoding: [chunked]
      x-ms-request-id: [ec90745c-e01e-000e-7a54-1dbb8b000000]
      x-ms-request-server-encrypted: ['true']
      x-ms-version: ['2018-03-28']
    status: {code: 201, message: Created}
- request:
    body: null
    headers:
      Connection: [keep-alive]
      If-Modified-Since: ['Mon, 16 Jul 2018 22:47:11 GMT']
      User-Agent: [Azure-Storage/1.3.0-1.3.1 (Python CPython 3.6.4; Darwin 17.7.0)]
      x-ms-client-request-id: [148c1086-8948-11e8-ac68-720000665300]
      x-ms-date: ['Mon, 16 Jul 2018 22:32:11 GMT']
      x-ms-version: ['2018-03-28']
    method: HEAD
    uri: https://storagename.blob.core.windows.net/utcontainer713f1e44/blob1
  response:
    body: {string: ''}
    headers:
      Date: ['Mon, 16 Jul 2018 22:32:10 GMT']
      Server: [Windows-Azure-Blob/1.0 Microsoft-HTTPAPI/2.0]
      Vary: [Origin]
      x-ms-error-code: [ConditionNotMet]
      x-ms-request-id: [ec90745d-e01e-000e-7b54-1dbb8b000000]
      x-ms-version: ['2018-03-28']
    status: {code: 304, message: The condition specified using HTTP conditional header(s)
        is not met.}
version: 1
