interactions:
- request:
    body: null
    headers:
      Connection: [keep-alive]
      Content-Length: ['0']
      User-Agent: [Azure-Storage/0.37.0-0.36.0 (Python CPython 2.7.10; Darwin 16.7.0)]
      x-ms-client-request-id: [7bb8f84f-a896-11e7-8837-b8e8564491f6]
      x-ms-date: ['Tue, 03 Oct 2017 23:56:33 GMT']
      x-ms-version: ['2017-04-17']
    method: PUT
    uri: https://storagename.blob.core.windows.net/utcontainerbcf71ba6?restype=container
  response:
    body: {string: !!python/unicode ''}
    headers:
      date: ['Tue, 03 Oct 2017 23:56:33 GMT']
      etag: ['"0x8D50ABA5FFC148E"']
      last-modified: ['Tue, 03 Oct 2017 23:56:33 GMT']
      server: [Windows-Azure-Blob/1.0 Microsoft-HTTPAPI/2.0]
      transfer-encoding: [chunked]
      x-ms-request-id: [4b1f6039-001e-0101-4ea3-3c137c000000]
      x-ms-version: ['2017-04-17']
    status: {code: 201, message: Created}
- request:
    body: !!python/unicode 'hello world'
    headers:
      Connection: [keep-alive]
      Content-Length: ['11']
      User-Agent: [Azure-Storage/0.37.0-0.36.0 (Python CPython 2.7.10; Darwin 16.7.0)]
      x-ms-blob-type: [BlockBlob]
      x-ms-client-request-id: [7bcef4e8-a896-11e7-b76d-b8e8564491f6]
      x-ms-date: ['Tue, 03 Oct 2017 23:56:33 GMT']
      x-ms-version: ['2017-04-17']
    method: PUT
    uri: https://storagename.blob.core.windows.net/utcontainerbcf71ba6/blob1
  response:
    body: {string: !!python/unicode ''}
    headers:
      content-md5: [XrY7u+Ae7tCTyyK7j1rNww==]
      date: ['Tue, 03 Oct 2017 23:56:33 GMT']
      etag: ['"0x8D50ABA600013DF"']
      last-modified: ['Tue, 03 Oct 2017 23:56:33 GMT']
      server: [Windows-Azure-Blob/1.0 Microsoft-HTTPAPI/2.0]
      transfer-encoding: [chunked]
      x-ms-request-id: [4b1f6047-001e-0101-59a3-3c137c000000]
      x-ms-request-server-encrypted: ['true']
      x-ms-version: ['2017-04-17']
    status: {code: 201, message: Created}
- request:
    body: null
    headers:
      Connection: [keep-alive]
      User-Agent: [Azure-Storage/0.37.0-0.36.0 (Python CPython 2.7.10; Darwin 16.7.0)]
      x-ms-client-request-id: [7bd469f0-a896-11e7-bb73-b8e8564491f6]
      x-ms-date: ['Tue, 03 Oct 2017 23:56:33 GMT']
      x-ms-version: ['2017-04-17']
    method: HEAD
    uri: https://storagename.blob.core.windows.net/utcontainerbcf71ba6/blob1
  response:
    body: {string: !!python/unicode ''}
    headers:
      accept-ranges: [bytes]
      content-length: ['11']
      content-md5: [XrY7u+Ae7tCTyyK7j1rNww==]
      content-type: [application/octet-stream]
      date: ['Tue, 03 Oct 2017 23:56:33 GMT']
      etag: ['"0x8D50ABA600013DF"']
      last-modified: ['Tue, 03 Oct 2017 23:56:33 GMT']
      server: [Windows-Azure-Blob/1.0 Microsoft-HTTPAPI/2.0]
      vary: [Origin]
      x-ms-blob-type: [BlockBlob]
      x-ms-lease-state: [available]
      x-ms-lease-status: [unlocked]
      x-ms-request-id: [4b1f6050-001e-0101-62a3-3c137c000000]
      x-ms-server-encrypted: ['true']
      x-ms-version: ['2017-04-17']
    status: {code: 200, message: OK}
- request:
    body: null
    headers:
      Connection: [keep-alive]
      Content-Length: ['0']
      If-None-Match: ['"0x8D50ABA600013DF"']
      User-Agent: [Azure-Storage/0.37.0-0.36.0 (Python CPython 2.7.10; Darwin 16.7.0)]
      x-ms-client-request-id: [7bd98f28-a896-11e7-a375-b8e8564491f6]
      x-ms-date: ['Tue, 03 Oct 2017 23:56:33 GMT']
      x-ms-version: ['2017-04-17']
    method: DELETE
    uri: https://storagename.blob.core.windows.net/utcontainerbcf71ba6/blob1
  response:
    body: {string: "\uFEFF<?xml version=\"1.0\" encoding=\"utf-8\"?><Error><Code>ConditionNotMet</Code><Message>The\
        \ condition specified using HTTP conditional header(s) is not met.\nRequestId:4b1f605c-001e-0101-6ca3-3c137c000000\n\
        Time:2017-10-03T23:56:33.4414649Z</Message></Error>"}
    headers:
      content-length: ['252']
      content-type: [application/xml]
      date: ['Tue, 03 Oct 2017 23:56:33 GMT']
      server: [Windows-Azure-Blob/1.0 Microsoft-HTTPAPI/2.0]
      x-ms-request-id: [4b1f605c-001e-0101-6ca3-3c137c000000]
      x-ms-version: ['2017-04-17']
    status: {code: 412, message: The condition specified using HTTP conditional header(s)
        is not met.}
version: 1
