interactions:
- request:
    body: null
    headers:
      Accept: ['*/*']
      Accept-Encoding: ['gzip, deflate']
      Connection: [keep-alive]
      Content-Length: ['0']
      Content-Type: [application/octet-stream Charset=UTF-8]
      User-Agent: [pyazure/0.20.0]
      x-ms-date: ['Tue, 23 Jun 2015 00:47:44 GMT']
      x-ms-version: ['2014-02-14']
    method: PUT
    uri: https://storagename.blob.core.windows.net/utcontainer37861d72?restype=container
  response:
    body: {string: ''}
    headers:
      Date: ['Tue, 23 Jun 2015 00:47:43 GMT']
      ETag: ['"0x8D27B6559A0EA6D"']
      Last-Modified: ['Tue, 23 Jun 2015 00:47:43 GMT']
      Server: [Windows-Azure-Blob/1.0 Microsoft-HTTPAPI/2.0]
      Transfer-Encoding: [chunked]
      x-ms-request-id: [8c393fc2-0001-003a-654e-ade918000000]
      x-ms-version: ['2014-02-14']
    status: {code: 201, message: Created}
- request:
    body: null
    headers:
      Accept: ['*/*']
      Accept-Encoding: ['gzip, deflate']
      Connection: [keep-alive]
      Content-Length: ['0']
      Content-Type: [application/octet-stream Charset=UTF-8]
      User-Agent: [pyazure/0.20.0]
      x-ms-date: ['Tue, 23 Jun 2015 00:47:44 GMT']
      x-ms-lease-action: [acquire]
      x-ms-lease-duration: ['60']
      x-ms-version: ['2014-02-14']
    method: PUT
    uri: https://storagename.blob.core.windows.net/utcontainer37861d72?restype=container&comp=lease
  response:
    body: {string: ''}
    headers:
      Date: ['Tue, 23 Jun 2015 00:47:43 GMT']
      ETag: ['"0x8D27B6559A0EA6D"']
      Last-Modified: ['Tue, 23 Jun 2015 00:47:43 GMT']
      Server: [Windows-Azure-Blob/1.0 Microsoft-HTTPAPI/2.0]
      Transfer-Encoding: [chunked]
      x-ms-lease-id: [b043faa5-8043-41a4-bc9e-a50efae9387a]
      x-ms-request-id: [8c393fd6-0001-003a-794e-ade918000000]
      x-ms-version: ['2014-02-14']
    status: {code: 201, message: Created}
- request:
    body: null
    headers:
      Accept: ['*/*']
      Accept-Encoding: ['gzip, deflate']
      Connection: [keep-alive]
      Content-Length: ['0']
      Content-Type: [application/octet-stream Charset=UTF-8]
      User-Agent: [pyazure/0.20.0]
      x-ms-date: ['Tue, 23 Jun 2015 00:47:44 GMT']
      x-ms-lease-id: [00000000-1111-2222-3333-444444444444]
      x-ms-meta-hello: [world]
      x-ms-meta-number: ['43']
      x-ms-version: ['2014-02-14']
    method: PUT
    uri: https://storagename.blob.core.windows.net/utcontainer37861d72?restype=container&comp=metadata
  response:
    body: {string: "\uFEFF<?xml version=\"1.0\" encoding=\"utf-8\"?><Error><Code>LeaseIdMismatchWithContainerOperation</Code><Message>The\
        \ lease ID specified did not match the lease ID for the container.\nRequestId:8c393fdc-0001-003a-7f4e-ade918000000\n\
        Time:2015-06-23T00:47:43.9162696Z</Message></Error>"}
    headers:
      Content-Length: ['274']
      Content-Type: [application/xml]
      Date: ['Tue, 23 Jun 2015 00:47:43 GMT']
      Server: [Windows-Azure-Blob/1.0 Microsoft-HTTPAPI/2.0]
      x-ms-request-id: [8c393fdc-0001-003a-7f4e-ade918000000]
      x-ms-version: ['2014-02-14']
    status: {code: 412, message: The lease ID specified did not match the lease ID
        for the container.}
version: 1
