interactions:
- request:
    body: null
    headers:
      Connection: [keep-alive]
      Content-Length: ['0']
      User-Agent: [Azure-Storage/0.34.0 (Python CPython 3.5.2; Windows 10)]
      x-ms-client-request-id: [e5359dba-f4a8-11e6-a3b7-64510640cc62]
      x-ms-date: ['Fri, 17 Feb 2017 00:34:51 GMT']
      x-ms-version: ['2016-05-31']
    method: PUT
    uri: https://storagename.blob.core.windows.net/utcontainerdf9f1c55?restype=container
  response:
    body: {string: ''}
    headers:
      Date: ['Fri, 17 Feb 2017 00:34:51 GMT']
      ETag: ['"0x8D456CCC976CB5D"']
      Last-Modified: ['Fri, 17 Feb 2017 00:34:51 GMT']
      Server: [Windows-Azure-Blob/1.0 Microsoft-HTTPAPI/2.0]
      Transfer-Encoding: [chunked]
      x-ms-request-id: [25fc5351-0001-0019-6bb5-881280000000]
      x-ms-version: ['2016-05-31']
    status: {code: 201, message: Created}
- request:
    body: hello world
    headers:
      Connection: [keep-alive]
      Content-Length: ['11']
      User-Agent: [Azure-Storage/0.34.0 (Python CPython 3.5.2; Windows 10)]
      x-ms-blob-type: [BlockBlob]
      x-ms-client-request-id: [e5697728-f4a8-11e6-9f76-64510640cc62]
      x-ms-date: ['Fri, 17 Feb 2017 00:34:52 GMT']
      x-ms-version: ['2016-05-31']
    method: PUT
    uri: https://storagename.blob.core.windows.net/utcontainerdf9f1c55/blob1
  response:
    body: {string: ''}
    headers:
      Content-MD5: [XrY7u+Ae7tCTyyK7j1rNww==]
      Date: ['Fri, 17 Feb 2017 00:34:51 GMT']
      ETag: ['"0x8D456CCC984F816"']
      Last-Modified: ['Fri, 17 Feb 2017 00:34:52 GMT']
      Server: [Windows-Azure-Blob/1.0 Microsoft-HTTPAPI/2.0]
      Transfer-Encoding: [chunked]
      x-ms-request-id: [25fc5368-0001-0019-80b5-881280000000]
      x-ms-request-server-encrypted: ['true']
      x-ms-version: ['2016-05-31']
    status: {code: 201, message: Created}
- request:
    body: null
    headers:
      Connection: [keep-alive]
      Content-Length: ['0']
      If-Modified-Since: ['Fri, 17 Feb 2017 00:19:52 GMT']
      User-Agent: [Azure-Storage/0.34.0 (Python CPython 3.5.2; Windows 10)]
      x-ms-blob-content-disposition: [inline]
      x-ms-blob-content-language: [spanish]
      x-ms-client-request-id: [e57721ac-f4a8-11e6-a50c-64510640cc62]
      x-ms-date: ['Fri, 17 Feb 2017 00:34:52 GMT']
      x-ms-version: ['2016-05-31']
    method: PUT
    uri: https://storagename.blob.core.windows.net/utcontainerdf9f1c55/blob1?comp=properties
  response:
    body: {string: ''}
    headers:
      Date: ['Fri, 17 Feb 2017 00:34:51 GMT']
      ETag: ['"0x8D456CCC9928CFE"']
      Last-Modified: ['Fri, 17 Feb 2017 00:34:52 GMT']
      Server: [Windows-Azure-Blob/1.0 Microsoft-HTTPAPI/2.0]
      Transfer-Encoding: [chunked]
      x-ms-request-id: [25fc537c-0001-0019-13b5-881280000000]
      x-ms-version: ['2016-05-31']
    status: {code: 200, message: OK}
- request:
    body: null
    headers:
      Connection: [keep-alive]
      User-Agent: [Azure-Storage/0.34.0 (Python CPython 3.5.2; Windows 10)]
      x-ms-client-request-id: [e586a164-f4a8-11e6-89c8-64510640cc62]
      x-ms-date: ['Fri, 17 Feb 2017 00:34:52 GMT']
      x-ms-version: ['2016-05-31']
    method: HEAD
    uri: https://storagename.blob.core.windows.net/utcontainerdf9f1c55/blob1
  response:
    body: {string: ''}
    headers:
      Accept-Ranges: [bytes]
      Content-Disposition: [inline]
      Content-Language: [spanish]
      Content-Length: ['11']
      Date: ['Fri, 17 Feb 2017 00:34:51 GMT']
      ETag: ['"0x8D456CCC9928CFE"']
      Last-Modified: ['Fri, 17 Feb 2017 00:34:52 GMT']
      Server: [Windows-Azure-Blob/1.0 Microsoft-HTTPAPI/2.0]
      Vary: [Origin]
      x-ms-blob-type: [BlockBlob]
      x-ms-lease-state: [available]
      x-ms-lease-status: [unlocked]
      x-ms-request-id: [25fc5390-0001-0019-26b5-881280000000]
      x-ms-server-encrypted: ['true']
      x-ms-version: ['2016-05-31']
    status: {code: 200, message: OK}
version: 1
