interactions:
- request:
    body: null
    headers:
      Connection: [keep-alive]
      Content-Length: ['0']
      User-Agent: [Azure-Storage/0.37.1-0.37.1 (Python CPython 3.6.1; Darwin 16.7.0)]
      x-ms-client-request-id: [2fa37d18-c0c5-11e7-8c26-b8e8564491f6]
      x-ms-date: ['Fri, 03 Nov 2017 18:31:19 GMT']
      x-ms-version: ['2017-04-17']
    method: PUT
    uri: https://storagename.blob.core.windows.net/utcontainer39ab19b1?restype=container
  response:
    body: {string: ''}
    headers:
      Date: ['Fri, 03 Nov 2017 18:31:20 GMT']
      ETag: ['"0x8D522E9148E34D2"']
      Last-Modified: ['Fri, 03 Nov 2017 18:31:21 GMT']
      Server: [Windows-Azure-Blob/1.0 Microsoft-HTTPAPI/2.0]
      Transfer-Encoding: [chunked]
      x-ms-request-id: [4e52176c-001e-00ff-1dd1-54694c000000]
      x-ms-version: ['2017-04-17']
    status: {code: 201, message: Created}
- request:
    body: hello world
    headers:
      Connection: [keep-alive]
      Content-Length: ['11']
      User-Agent: [Azure-Storage/0.37.1-0.37.1 (Python CPython 3.6.1; Darwin 16.7.0)]
      x-ms-blob-type: [BlockBlob]
      x-ms-client-request-id: [2fb8b750-c0c5-11e7-9266-b8e8564491f6]
      x-ms-date: ['Fri, 03 Nov 2017 18:31:19 GMT']
      x-ms-version: ['2017-04-17']
    method: PUT
    uri: https://storagename.blob.core.windows.net/utcontainer39ab19b1/blob1
  response:
    body: {string: ''}
    headers:
      Content-MD5: [XrY7u+Ae7tCTyyK7j1rNww==]
      Date: ['Fri, 03 Nov 2017 18:31:20 GMT']
      ETag: ['"0x8D522E91404BF32"']
      Last-Modified: ['Fri, 03 Nov 2017 18:31:20 GMT']
      Server: [Windows-Azure-Blob/1.0 Microsoft-HTTPAPI/2.0]
      Transfer-Encoding: [chunked]
      x-ms-request-id: [4e521782-001e-00ff-30d1-54694c000000]
      x-ms-request-server-encrypted: ['true']
      x-ms-version: ['2017-04-17']
    status: {code: 201, message: Created}
- request:
    body: hello world
    headers:
      Connection: [keep-alive]
      Content-Length: ['11']
      If-Modified-Since: ['Fri, 03 Nov 2017 18:46:20 GMT']
      User-Agent: [Azure-Storage/0.37.1-0.37.1 (Python CPython 3.6.1; Darwin 16.7.0)]
      x-ms-blob-type: [BlockBlob]
      x-ms-client-request-id: [2fbfb9ec-c0c5-11e7-9b04-b8e8564491f6]
      x-ms-date: ['Fri, 03 Nov 2017 18:31:20 GMT']
      x-ms-version: ['2017-04-17']
    method: PUT
    uri: https://storagename.blob.core.windows.net/utcontainer39ab19b1/blob1
  response:
    body: {string: "\uFEFF<?xml version=\"1.0\" encoding=\"utf-8\"?><Error><Code>ConditionNotMet</Code><Message>The\
        \ condition specified using HTTP conditional header(s) is not met.\nRequestId:4e52178e-001e-00ff-3cd1-54694c000000\n\
        Time:2017-11-03T18:31:21.1292044Z</Message></Error>"}
    headers:
      Content-Length: ['252']
      Content-Type: [application/xml]
      Date: ['Fri, 03 Nov 2017 18:31:20 GMT']
      Server: [Windows-Azure-Blob/1.0 Microsoft-HTTPAPI/2.0]
      x-ms-request-id: [4e52178e-001e-00ff-3cd1-54694c000000]
      x-ms-version: ['2017-04-17']
    status: {code: 412, message: The condition specified using HTTP conditional header(s)
        is not met.}
version: 1
