interactions:
- request:
    body: null
    headers:
      Connection: [keep-alive]
      Content-Length: ['0']
      User-Agent: [Azure-Storage/0.35.1 (Python CPython 3.6.1; Darwin 16.6.0)]
      x-ms-client-request-id: [7f4af68c-68f5-11e7-b091-b8e8564491f6]
      x-ms-date: ['Sat, 15 Jul 2017 00:35:26 GMT']
      x-ms-version: ['2017-04-17']
    method: PUT
    uri: https://storagename.blob.core.windows.net/listcontainer044a81a2f?restype=container
  response:
    body: {string: ''}
    headers:
      Date: ['Sat, 15 Jul 2017 00:35:27 GMT']
      ETag: ['"0x8D4CB19640F6843"']
      Last-Modified: ['Sat, 15 Jul 2017 00:35:27 GMT']
      Server: [Windows-Azure-Blob/1.0 Microsoft-HTTPAPI/2.0]
      Transfer-Encoding: [chunked]
      x-ms-request-id: [51b6d038-0001-00bb-1b02-fdb520000000]
      x-ms-version: ['2017-04-17']
    status: {code: 201, message: Created}
- request:
    body: null
    headers:
      Connection: [keep-alive]
      Content-Length: ['0']
      User-Agent: [Azure-Storage/0.35.1 (Python CPython 3.6.1; Darwin 16.6.0)]
      x-ms-client-request-id: [7f6320ba-68f5-11e7-bad4-b8e8564491f6]
      x-ms-date: ['Sat, 15 Jul 2017 00:35:27 GMT']
      x-ms-version: ['2017-04-17']
    method: PUT
    uri: https://storagename.blob.core.windows.net/listcontainer144a81a2f?restype=container
  response:
    body: {string: ''}
    headers:
      Date: ['Sat, 15 Jul 2017 00:35:27 GMT']
      ETag: ['"0x8D4CB1964166E64"']
      Last-Modified: ['Sat, 15 Jul 2017 00:35:27 GMT']
      Server: [Windows-Azure-Blob/1.0 Microsoft-HTTPAPI/2.0]
      Transfer-Encoding: [chunked]
      x-ms-request-id: [51b6d046-0001-00bb-2602-fdb520000000]
      x-ms-version: ['2017-04-17']
    status: {code: 201, message: Created}
- request:
    body: null
    headers:
      Connection: [keep-alive]
      Content-Length: ['0']
      User-Agent: [Azure-Storage/0.35.1 (Python CPython 3.6.1; Darwin 16.6.0)]
      x-ms-client-request-id: [7f69aad4-68f5-11e7-83af-b8e8564491f6]
      x-ms-date: ['Sat, 15 Jul 2017 00:35:27 GMT']
      x-ms-version: ['2017-04-17']
    method: PUT
    uri: https://storagename.blob.core.windows.net/listcontainer244a81a2f?restype=container
  response:
    body: {string: ''}
    headers:
      Date: ['Sat, 15 Jul 2017 00:35:27 GMT']
      ETag: ['"0x8D4CB19641D2660"']
      Last-Modified: ['Sat, 15 Jul 2017 00:35:28 GMT']
      Server: [Windows-Azure-Blob/1.0 Microsoft-HTTPAPI/2.0]
      Transfer-Encoding: [chunked]
      x-ms-request-id: [51b6d054-0001-00bb-3302-fdb520000000]
      x-ms-version: ['2017-04-17']
    status: {code: 201, message: Created}
- request:
    body: null
    headers:
      Connection: [keep-alive]
      Content-Length: ['0']
      User-Agent: [Azure-Storage/0.35.1 (Python CPython 3.6.1; Darwin 16.6.0)]
      x-ms-client-request-id: [7f7084ba-68f5-11e7-a4dd-b8e8564491f6]
      x-ms-date: ['Sat, 15 Jul 2017 00:35:27 GMT']
      x-ms-version: ['2017-04-17']
    method: PUT
    uri: https://storagename.blob.core.windows.net/listcontainer344a81a2f?restype=container
  response:
    body: {string: ''}
    headers:
      Date: ['Sat, 15 Jul 2017 00:35:27 GMT']
      ETag: ['"0x8D4CB196423B749"']
      Last-Modified: ['Sat, 15 Jul 2017 00:35:28 GMT']
      Server: [Windows-Azure-Blob/1.0 Microsoft-HTTPAPI/2.0]
      Transfer-Encoding: [chunked]
      x-ms-request-id: [51b6d061-0001-00bb-3f02-fdb520000000]
      x-ms-version: ['2017-04-17']
    status: {code: 201, message: Created}
- request:
    body: null
    headers:
      Connection: [keep-alive]
      User-Agent: [Azure-Storage/0.35.1 (Python CPython 3.6.1; Darwin 16.6.0)]
      x-ms-client-request-id: [7f770ca6-68f5-11e7-ac8c-b8e8564491f6]
      x-ms-date: ['Sat, 15 Jul 2017 00:35:27 GMT']
      x-ms-version: ['2017-04-17']
    method: GET
    uri: https://storagename.blob.core.windows.net/?comp=list&prefix=listcontainer&maxresults=2
  response:
    body: {string: "\uFEFF<?xml version=\"1.0\" encoding=\"utf-8\"?><EnumerationResults\
        \ ServiceEndpoint=\"https://storagename.blob.core.windows.net/\"><Prefix>listcontainer</Prefix><MaxResults>2</MaxResults><Containers><Container><Name>listcontainer044a81a2f</Name><Properties><Last-Modified>Sat,\
        \ 15 Jul 2017 00:35:27 GMT</Last-Modified><Etag>\"0x8D4CB19640F6843\"</Etag><LeaseStatus>unlocked</LeaseStatus><LeaseState>available</LeaseState></Properties></Container><Container><Name>listcontainer144a81a2f</Name><Properties><Last-Modified>Sat,\
        \ 15 Jul 2017 00:35:27 GMT</Last-Modified><Etag>\"0x8D4CB1964166E64\"</Etag><LeaseStatus>unlocked</LeaseStatus><LeaseState>available</LeaseState></Properties></Container></Containers><NextMarker>/storagename/listcontainer244a81a2f</NextMarker></EnumerationResults>"}
    headers:
      Content-Type: [application/xml]
      Date: ['Sat, 15 Jul 2017 00:35:27 GMT']
      Server: [Windows-Azure-Blob/1.0 Microsoft-HTTPAPI/2.0]
      Transfer-Encoding: [chunked]
      Vary: [Origin]
      x-ms-request-id: [51b6d074-0001-00bb-5102-fdb520000000]
      x-ms-version: ['2017-04-17']
    status: {code: 200, message: OK}
- request:
    body: null
    headers:
      Connection: [keep-alive]
      User-Agent: [Azure-Storage/0.35.1 (Python CPython 3.6.1; Darwin 16.6.0)]
      x-ms-client-request-id: [7f7d030c-68f5-11e7-a997-b8e8564491f6]
      x-ms-date: ['Sat, 15 Jul 2017 00:35:27 GMT']
      x-ms-version: ['2017-04-17']
    method: GET
    uri: https://storagename.blob.core.windows.net/?comp=list&prefix=listcontainer&marker=%2Fstoragename%2Flistcontainer244a81a2f&maxresults=2
  response:
    body: {string: "\uFEFF<?xml version=\"1.0\" encoding=\"utf-8\"?><EnumerationResults\
        \ ServiceEndpoint=\"https://storagename.blob.core.windows.net/\"><Prefix>listcontainer</Prefix><Marker>/storagename/listcontainer244a81a2f</Marker><MaxResults>2</MaxResults><Containers><Container><Name>listcontainer244a81a2f</Name><Properties><Last-Modified>Sat,\
        \ 15 Jul 2017 00:35:28 GMT</Last-Modified><Etag>\"0x8D4CB19641D2660\"</Etag><LeaseStatus>unlocked</LeaseStatus><LeaseState>available</LeaseState></Properties></Container><Container><Name>listcontainer344a81a2f</Name><Properties><Last-Modified>Sat,\
        \ 15 Jul 2017 00:35:28 GMT</Last-Modified><Etag>\"0x8D4CB196423B749\"</Etag><LeaseStatus>unlocked</LeaseStatus><LeaseState>available</LeaseState></Properties></Container></Containers><NextMarker\
        \ /></EnumerationResults>"}
    headers:
      Content-Type: [application/xml]
      Date: ['Sat, 15 Jul 2017 00:35:27 GMT']
      Server: [Windows-Azure-Blob/1.0 Microsoft-HTTPAPI/2.0]
      Transfer-Encoding: [chunked]
      Vary: [Origin]
      x-ms-request-id: [51b6d07f-0001-00bb-5b02-fdb520000000]
      x-ms-version: ['2017-04-17']
    status: {code: 200, message: OK}
version: 1
