interactions:
- request:
    body: null
    headers:
      Connection: [keep-alive]
      Content-Length: ['0']
      User-Agent: [Azure-Storage/1.3.0-1.3.0 (Python CPython 3.6.3; Darwin 17.6.0)]
      x-ms-client-request-id: [cd996840-740f-11e8-b776-8cae4cee5322]
      x-ms-date: ['Tue, 19 Jun 2018 22:26:25 GMT']
      x-ms-version: ['2018-03-28']
    method: PUT
    uri: https://storagename.file.core.windows.net/utshare6c0b16b0?restype=share&comp=snapshot
  response:
    body: {string: ''}
    headers:
      Date: ['Tue, 19 Jun 2018 22:26:25 GMT']
      ETag: ['"0x8D5D633B1C48F93"']
      Last-Modified: ['Tue, 19 Jun 2018 22:26:25 GMT']
      Server: [Windows-Azure-File/1.0 Microsoft-HTTPAPI/2.0]
      Transfer-Encoding: [chunked]
      x-ms-request-id: [8bc8c575-501a-001b-301c-08ac38000000]
      x-ms-snapshot: ['2018-06-19T22:26:26.0000000Z']
      x-ms-version: ['2018-03-28']
    status: {code: 201, message: Created}
- request:
    body: null
    headers:
      Connection: [keep-alive]
      Content-Length: ['0']
      User-Agent: [Azure-Storage/1.3.0-1.3.0 (Python CPython 3.6.3; Darwin 17.6.0)]
      x-ms-client-request-id: [cdd29d40-740f-11e8-b425-8cae4cee5322]
      x-ms-date: ['Tue, 19 Jun 2018 22:26:26 GMT']
      x-ms-version: ['2018-03-28']
    method: PUT
    uri: https://storagename.file.core.windows.net/utshare6c0b16b0/dir1?restype=directory
  response:
    body: {string: ''}
    headers:
      Date: ['Tue, 19 Jun 2018 22:26:26 GMT']
      ETag: ['"0x8D5D633B2096809"']
      Last-Modified: ['Tue, 19 Jun 2018 22:26:26 GMT']
      Server: [Windows-Azure-File/1.0 Microsoft-HTTPAPI/2.0]
      Transfer-Encoding: [chunked]
      x-ms-request-id: [8bc8c578-501a-001b-311c-08ac38000000]
      x-ms-request-server-encrypted: ['true']
      x-ms-version: ['2018-03-28']
    status: {code: 201, message: Created}
- request:
    body: null
    headers:
      Connection: [keep-alive]
      User-Agent: [Azure-Storage/1.3.0-1.3.0 (Python CPython 3.6.3; Darwin 17.6.0)]
      x-ms-client-request-id: [cde29634-740f-11e8-8566-8cae4cee5322]
      x-ms-date: ['Tue, 19 Jun 2018 22:26:26 GMT']
      x-ms-version: ['2018-03-28']
    method: GET
    uri: https://storagename.file.core.windows.net/utshare6c0b16b0/dir1?restype=directory&sharesnapshot=2018-06-19T22%3A26%3A26.0000000Z
  response:
    body: {string: "\uFEFF<?xml version=\"1.0\" encoding=\"utf-8\"?><Error><Code>ResourceNotFound</Code><Message>The
        specified resource does not exist.\nRequestId:8bc8c579-501a-001b-321c-08ac38000000\nTime:2018-06-19T22:26:26.2683761Z</Message></Error>"}
    headers:
      Content-Length: ['223']
      Content-Type: [application/xml]
      Date: ['Tue, 19 Jun 2018 22:26:26 GMT']
      Server: [Windows-Azure-File/1.0 Microsoft-HTTPAPI/2.0]
      x-ms-error-code: [ResourceNotFound]
      x-ms-request-id: [8bc8c579-501a-001b-321c-08ac38000000]
      x-ms-version: ['2018-03-28']
    status: {code: 404, message: The specified resource does not exist.}
- request:
    body: null
    headers:
      Connection: [keep-alive]
      Content-Length: ['0']
      User-Agent: [Azure-Storage/1.3.0-1.3.1 (Python CPython 3.6.4; Darwin 17.7.0)]
      x-ms-client-request-id: [dea3ac0a-8949-11e8-a788-720000665300]
      x-ms-date: ['Mon, 16 Jul 2018 22:44:59 GMT']
      x-ms-version: ['2018-03-28']
    method: PUT
    uri: https://storagename.file.core.windows.net/utshare6c0b16b0?restype=share&comp=snapshot
  response:
    body: {string: ''}
    headers:
      Date: ['Mon, 16 Jul 2018 22:44:58 GMT']
      ETag: ['"0x8D5EB6DC2CF1E90"']
      Last-Modified: ['Mon, 16 Jul 2018 22:44:59 GMT']
      Server: [Windows-Azure-File/1.0 Microsoft-HTTPAPI/2.0]
      Transfer-Encoding: [chunked]
      x-ms-request-id: [0d639212-301a-001d-5856-1d9f87000000]
      x-ms-snapshot: ['2018-07-16T22:44:59.0000000Z']
      x-ms-version: ['2018-03-28']
    status: {code: 201, message: Created}
- request:
    body: null
    headers:
      Connection: [keep-alive]
      Content-Length: ['0']
      User-Agent: [Azure-Storage/1.3.0-1.3.1 (Python CPython 3.6.4; Darwin 17.7.0)]
      x-ms-client-request-id: [dedc20ba-8949-11e8-835e-720000665300]
      x-ms-date: ['Mon, 16 Jul 2018 22:44:59 GMT']
      x-ms-version: ['2018-03-28']
    method: PUT
    uri: https://storagename.file.core.windows.net/utshare6c0b16b0/dir1?restype=directory
  response:
    body: {string: ''}
    headers:
      Date: ['Mon, 16 Jul 2018 22:45:00 GMT']
      ETag: ['"0x8D5EB6DC31928C4"']
      Last-Modified: ['Mon, 16 Jul 2018 22:44:59 GMT']
      Server: [Windows-Azure-File/1.0 Microsoft-HTTPAPI/2.0]
      Transfer-Encoding: [chunked]
      x-ms-request-id: [0d639215-301a-001d-5956-1d9f87000000]
      x-ms-request-server-encrypted: ['true']
      x-ms-version: ['2018-03-28']
    status: {code: 201, message: Created}
- request:
    body: null
    headers:
      Connection: [keep-alive]
      User-Agent: [Azure-Storage/1.3.0-1.3.1 (Python CPython 3.6.4; Darwin 17.7.0)]
      x-ms-client-request-id: [deec2494-8949-11e8-8777-720000665300]
      x-ms-date: ['Mon, 16 Jul 2018 22:45:00 GMT']
      x-ms-version: ['2018-03-28']
    method: GET
    uri: https://storagename.file.core.windows.net/utshare6c0b16b0/dir1?restype=directory&sharesnapshot=2018-07-16T22%3A44%3A59.0000000Z
  response:
    body: {string: "\uFEFF<?xml version=\"1.0\" encoding=\"utf-8\"?><Error><Code>ResourceNotFound</Code><Message>The
        specified resource does not exist.\nRequestId:0d63921c-301a-001d-5e56-1d9f87000000\nTime:2018-07-16T22:45:00.1052806Z</Message></Error>"}
    headers:
      Content-Length: ['223']
      Content-Type: [application/xml]
      Date: ['Mon, 16 Jul 2018 22:45:00 GMT']
      Server: [Windows-Azure-File/1.0 Microsoft-HTTPAPI/2.0]
      x-ms-error-code: [ResourceNotFound]
      x-ms-request-id: [0d63921c-301a-001d-5e56-1d9f87000000]
      x-ms-version: ['2018-03-28']
    status: {code: 404, message: The specified resource does not exist.}
version: 1
