interactions:
- request:
    body: null
    headers:
      Connection: [keep-alive]
      Content-Length: ['0']
      User-Agent: [Azure-Storage/0.36.0 (Python CPython 3.6.1; Darwin 16.7.0)]
      x-ms-client-request-id: [5a48689e-8786-11e7-9d54-b8e8564491f6]
      x-ms-date: ['Tue, 22 Aug 2017 22:07:56 GMT']
      x-ms-version: ['2017-04-17']
    method: PUT
    uri: https://storagename.blob.core.windows.net/8c6311fc?restype=container
  response:
    body: {string: ''}
    headers:
      Date: ['Tue, 22 Aug 2017 22:07:56 GMT']
      ETag: ['"0x8D4E9AA3E7D500E"']
      Last-Modified: ['Tue, 22 Aug 2017 22:07:56 GMT']
      Server: [Windows-Azure-Blob/1.0 Microsoft-HTTPAPI/2.0]
      Transfer-Encoding: [chunked]
      x-ms-request-id: [34d1ceaf-0001-003e-7193-1be2f5000000]
      x-ms-version: ['2017-04-17']
    status: {code: 201, message: Created}
- request:
    body: null
    headers:
      Connection: [keep-alive]
      User-Agent: [Azure-Storage/0.36.0 (Python CPython 3.6.1; Darwin 16.7.0)]
      x-ms-client-request-id: [5a72fa8c-8786-11e7-8846-b8e8564491f6]
      x-ms-date: ['Tue, 22 Aug 2017 22:07:57 GMT']
      x-ms-version: ['2017-04-17']
    method: GET
    uri: https://storagename.blob.core.windows.net/8c6311fc?restype=container&comp=metadata
  response:
    body: {string: ''}
    headers:
      Date: ['Tue, 22 Aug 2017 22:07:56 GMT']
      ETag: ['"0x8D4E9AA3E7D500E"']
      Last-Modified: ['Tue, 22 Aug 2017 22:07:56 GMT']
      Server: [Windows-Azure-Blob/1.0 Microsoft-HTTPAPI/2.0]
      Transfer-Encoding: [chunked]
      Vary: [Origin]
      x-ms-request-id: [34d1ceee-0001-003e-2b93-1be2f5000000]
      x-ms-version: ['2017-04-17']
    status: {code: 200, message: OK}
- request:
    body: null
    headers:
      Connection: [keep-alive]
      User-Agent: [Azure-Storage/0.36.0 (Python CPython 3.6.1; Darwin 16.7.0)]
      x-ms-client-request-id: [5a72fa8c-8786-11e7-8846-b8e8564491f6]
      x-ms-date: ['Tue, 22 Aug 2017 22:08:00 GMT']
      x-ms-version: ['2017-04-17']
    method: GET
    uri: https://storagename-secondary.blob.core.windows.net/8c6311fc?restype=container&comp=metadata
  response:
    body: {string: "\uFEFF<?xml version=\"1.0\" encoding=\"utf-8\"?><Error><Code>ContainerNotFound</Code><Message>The\
        \ specified container does not exist.\nRequestId:2210d18b-001e-00c1-5f93-1bf2cc000000\n\
        Time:2017-08-22T22:08:00.0462387Z</Message></Error>"}
    headers:
      Content-Length: ['225']
      Content-Type: [application/xml]
      Date: ['Tue, 22 Aug 2017 22:07:59 GMT']
      Server: [Windows-Azure-Blob/1.0 Microsoft-HTTPAPI/2.0]
      Vary: [Origin]
      x-ms-request-id: [2210d18b-001e-00c1-5f93-1bf2cc000000]
      x-ms-version: ['2017-04-17']
    status: {code: 404, message: The specified container does not exist.}
- request:
    body: null
    headers:
      Connection: [keep-alive]
      User-Agent: [Azure-Storage/0.36.0 (Python CPython 3.6.1; Darwin 16.7.0)]
      x-ms-client-request-id: [5a72fa8c-8786-11e7-8846-b8e8564491f6]
      x-ms-date: ['Tue, 22 Aug 2017 22:08:05 GMT']
      x-ms-version: ['2017-04-17']
    method: GET
    uri: https://storagename.blob.core.windows.net/8c6311fc?restype=container&comp=metadata
  response:
    body: {string: ''}
    headers:
      Date: ['Tue, 22 Aug 2017 22:08:05 GMT']
      ETag: ['"0x8D4E9AA3E7D500E"']
      Last-Modified: ['Tue, 22 Aug 2017 22:07:56 GMT']
      Server: [Windows-Azure-Blob/1.0 Microsoft-HTTPAPI/2.0]
      Transfer-Encoding: [chunked]
      Vary: [Origin]
      x-ms-request-id: [34d1dd80-0001-003e-7193-1be2f5000000]
      x-ms-version: ['2017-04-17']
    status: {code: 200, message: OK}
- request:
    body: null
    headers:
      Connection: [keep-alive]
      Content-Length: ['0']
      User-Agent: [Azure-Storage/0.36.0 (Python CPython 3.6.1; Darwin 16.7.0)]
      x-ms-client-request-id: [5f8f8652-8786-11e7-a21c-b8e8564491f6]
      x-ms-date: ['Tue, 22 Aug 2017 22:08:05 GMT']
      x-ms-version: ['2017-04-17']
    method: DELETE
    uri: https://storagename.blob.core.windows.net/8c6311fc?restype=container
  response:
    body: {string: ''}
    headers:
      Date: ['Tue, 22 Aug 2017 22:08:05 GMT']
      Server: [Windows-Azure-Blob/1.0 Microsoft-HTTPAPI/2.0]
      Transfer-Encoding: [chunked]
      x-ms-request-id: [34d1dd9d-0001-003e-0b93-1be2f5000000]
      x-ms-version: ['2017-04-17']
    status: {code: 202, message: Accepted}
version: 1
