interactions:
- request:
    body: null
    headers:
      Connection: [keep-alive]
      Content-Length: ['0']
      User-Agent: [Azure-Storage/1.3.0-1.3.0 (Python CPython 3.6.3; Darwin 17.6.0)]
      x-ms-client-request-id: [16502576-740e-11e8-bd14-8cae4cee5322]
      x-ms-date: ['Tue, 19 Jun 2018 22:14:08 GMT']
      x-ms-version: ['2018-03-28']
    method: PUT
    uri: https://storagename.blob.core.windows.net/utcontainer8b1c1b04?restype=container
  response:
    body: {string: ''}
    headers:
      Date: ['Tue, 19 Jun 2018 22:14:08 GMT']
      ETag: ['"0x8D5D631FAB31502"']
      Last-Modified: ['Tue, 19 Jun 2018 22:14:09 GMT']
      Server: [Windows-Azure-Blob/1.0 Microsoft-HTTPAPI/2.0]
      Transfer-Encoding: [chunked]
      x-ms-request-id: [251ee347-d01e-0048-6b1a-088f0c000000]
      x-ms-version: ['2018-03-28']
    status: {code: 201, message: Created}
- request:
    body: null
    headers:
      Connection: [keep-alive]
      Content-Length: ['0']
      User-Agent: [Azure-Storage/1.3.0-1.3.0 (Python CPython 3.6.3; Darwin 17.6.0)]
      x-ms-blob-type: [BlockBlob]
      x-ms-client-request-id: [1687c51c-740e-11e8-adb5-8cae4cee5322]
      x-ms-date: ['Tue, 19 Jun 2018 22:14:09 GMT']
      x-ms-version: ['2018-03-28']
    method: PUT
    uri: https://storagename.blob.core.windows.net/utcontainer8b1c1b04/blob1
  response:
    body: {string: ''}
    headers:
      Content-MD5: [1B2M2Y8AsgTpgAmY7PhCfg==]
      Date: ['Tue, 19 Jun 2018 22:14:08 GMT']
      ETag: ['"0x8D5D631FAC2C29F"']
      Last-Modified: ['Tue, 19 Jun 2018 22:14:09 GMT']
      Server: [Windows-Azure-Blob/1.0 Microsoft-HTTPAPI/2.0]
      Transfer-Encoding: [chunked]
      x-ms-content-crc64: [AAAAAAAAAAA=]
      x-ms-request-id: [251ee34c-d01e-0048-6d1a-088f0c000000]
      x-ms-request-server-encrypted: ['true']
      x-ms-version: ['2018-03-28']
    status: {code: 201, message: Created}
- request:
    body: AAA
    headers:
      Connection: [keep-alive]
      Content-Length: ['3']
      User-Agent: [Azure-Storage/1.3.0-1.3.0 (Python CPython 3.6.3; Darwin 17.6.0)]
      x-ms-client-request-id: [169715b4-740e-11e8-9da2-8cae4cee5322]
      x-ms-date: ['Tue, 19 Jun 2018 22:14:09 GMT']
      x-ms-version: ['2018-03-28']
    method: PUT
    uri: https://storagename.blob.core.windows.net/utcontainer8b1c1b04/blob1?comp=block&blockid=MQ%3D%3D
  response:
    body: {string: ''}
    headers:
      Date: ['Tue, 19 Jun 2018 22:14:08 GMT']
      Server: [Windows-Azure-Blob/1.0 Microsoft-HTTPAPI/2.0]
      Transfer-Encoding: [chunked]
      x-ms-request-id: [251ee34d-d01e-0048-6e1a-088f0c000000]
      x-ms-request-server-encrypted: ['true']
      x-ms-version: ['2018-03-28']
    status: {code: 201, message: Created}
- request:
    body: BBB
    headers:
      Connection: [keep-alive]
      Content-Length: ['3']
      User-Agent: [Azure-Storage/1.3.0-1.3.0 (Python CPython 3.6.3; Darwin 17.6.0)]
      x-ms-client-request-id: [16a66b1e-740e-11e8-ae12-8cae4cee5322]
      x-ms-date: ['Tue, 19 Jun 2018 22:14:09 GMT']
      x-ms-version: ['2018-03-28']
    method: PUT
    uri: https://storagename.blob.core.windows.net/utcontainer8b1c1b04/blob1?comp=block&blockid=Mg%3D%3D
  response:
    body: {string: ''}
    headers:
      Date: ['Tue, 19 Jun 2018 22:14:09 GMT']
      Server: [Windows-Azure-Blob/1.0 Microsoft-HTTPAPI/2.0]
      Transfer-Encoding: [chunked]
      x-ms-request-id: [251ee34e-d01e-0048-6f1a-088f0c000000]
      x-ms-request-server-encrypted: ['true']
      x-ms-version: ['2018-03-28']
    status: {code: 201, message: Created}
- request:
    body: CCC
    headers:
      Connection: [keep-alive]
      Content-Length: ['3']
      User-Agent: [Azure-Storage/1.3.0-1.3.0 (Python CPython 3.6.3; Darwin 17.6.0)]
      x-ms-client-request-id: [16b4ecae-740e-11e8-b622-8cae4cee5322]
      x-ms-date: ['Tue, 19 Jun 2018 22:14:09 GMT']
      x-ms-version: ['2018-03-28']
    method: PUT
    uri: https://storagename.blob.core.windows.net/utcontainer8b1c1b04/blob1?comp=block&blockid=Mw%3D%3D
  response:
    body: {string: ''}
    headers:
      Date: ['Tue, 19 Jun 2018 22:14:09 GMT']
      Server: [Windows-Azure-Blob/1.0 Microsoft-HTTPAPI/2.0]
      Transfer-Encoding: [chunked]
      x-ms-request-id: [251ee34f-d01e-0048-701a-088f0c000000]
      x-ms-request-server-encrypted: ['true']
      x-ms-version: ['2018-03-28']
    status: {code: 201, message: Created}
- request:
    body: '<?xml version=''1.0'' encoding=''utf-8''?>

      <BlockList><Latest>MQ==</Latest><Latest>Mg==</Latest><Latest>Mw==</Latest></BlockList>'
    headers:
      Connection: [keep-alive]
      Content-Length: ['125']
      If-Match: ['0x111111111111111']
      User-Agent: [Azure-Storage/1.3.0-1.3.0 (Python CPython 3.6.3; Darwin 17.6.0)]
      x-ms-client-request-id: [16c3b810-740e-11e8-9616-8cae4cee5322]
      x-ms-date: ['Tue, 19 Jun 2018 22:14:09 GMT']
      x-ms-version: ['2018-03-28']
    method: PUT
    uri: https://storagename.blob.core.windows.net/utcontainer8b1c1b04/blob1?comp=blocklist
  response:
    body: {string: "\uFEFF<?xml version=\"1.0\" encoding=\"utf-8\"?><Error><Code>ConditionNotMet</Code><Message>The
        condition specified using HTTP conditional header(s) is not met.\nRequestId:251ee353-d01e-0048-741a-088f0c000000\nTime:2018-06-19T22:14:09.5765374Z</Message></Error>"}
    headers:
      Content-Length: ['252']
      Content-Type: [application/xml]
      Date: ['Tue, 19 Jun 2018 22:14:09 GMT']
      Server: [Windows-Azure-Blob/1.0 Microsoft-HTTPAPI/2.0]
      x-ms-error-code: [ConditionNotMet]
      x-ms-request-id: [251ee353-d01e-0048-741a-088f0c000000]
      x-ms-version: ['2018-03-28']
    status: {code: 412, message: The condition specified using HTTP conditional header(s)
        is not met.}
- request:
    body: null
    headers:
      Connection: [keep-alive]
      Content-Length: ['0']
      User-Agent: [Azure-Storage/1.3.0-1.3.1 (Python CPython 3.6.4; Darwin 17.7.0)]
      x-ms-client-request-id: [2ff0880a-8948-11e8-aa20-720000665300]
      x-ms-date: ['Mon, 16 Jul 2018 22:32:56 GMT']
      x-ms-version: ['2018-03-28']
    method: PUT
    uri: https://storagename.blob.core.windows.net/utcontainer8b1c1b04?restype=container
  response:
    body: {string: ''}
    headers:
      Date: ['Mon, 16 Jul 2018 22:32:56 GMT']
      ETag: ['"0x8D5EB6C14551D86"']
      Last-Modified: ['Mon, 16 Jul 2018 22:32:57 GMT']
      Server: [Windows-Azure-Blob/1.0 Microsoft-HTTPAPI/2.0]
      Transfer-Encoding: [chunked]
      x-ms-request-id: [fc53268f-401e-0038-0954-1d36fb000000]
      x-ms-version: ['2018-03-28']
    status: {code: 201, message: Created}
- request:
    body: null
    headers:
      Connection: [keep-alive]
      Content-Length: ['0']
      User-Agent: [Azure-Storage/1.3.0-1.3.1 (Python CPython 3.6.4; Darwin 17.7.0)]
      x-ms-blob-type: [BlockBlob]
      x-ms-client-request-id: [3028ac76-8948-11e8-ae60-720000665300]
      x-ms-date: ['Mon, 16 Jul 2018 22:32:57 GMT']
      x-ms-version: ['2018-03-28']
    method: PUT
    uri: https://storagename.blob.core.windows.net/utcontainer8b1c1b04/blob1
  response:
    body: {string: ''}
    headers:
      Content-MD5: [1B2M2Y8AsgTpgAmY7PhCfg==]
      Date: ['Mon, 16 Jul 2018 22:32:56 GMT']
      ETag: ['"0x8D5EB6C1465A7CB"']
      Last-Modified: ['Mon, 16 Jul 2018 22:32:57 GMT']
      Server: [Windows-Azure-Blob/1.0 Microsoft-HTTPAPI/2.0]
      Transfer-Encoding: [chunked]
      x-ms-request-id: [fc532697-401e-0038-0e54-1d36fb000000]
      x-ms-request-server-encrypted: ['true']
      x-ms-version: ['2018-03-28']
    status: {code: 201, message: Created}
- request:
    body: AAA
    headers:
      Connection: [keep-alive]
      Content-Length: ['3']
      User-Agent: [Azure-Storage/1.3.0-1.3.1 (Python CPython 3.6.4; Darwin 17.7.0)]
      x-ms-client-request-id: [30387f1e-8948-11e8-ad55-720000665300]
      x-ms-date: ['Mon, 16 Jul 2018 22:32:57 GMT']
      x-ms-version: ['2018-03-28']
    method: PUT
    uri: https://storagename.blob.core.windows.net/utcontainer8b1c1b04/blob1?comp=block&blockid=MQ%3D%3D
  response:
    body: {string: ''}
    headers:
      Content-MD5: [4fr/s+YU5sL7p0KWliOGtw==]
      Date: ['Mon, 16 Jul 2018 22:32:56 GMT']
      Server: [Windows-Azure-Blob/1.0 Microsoft-HTTPAPI/2.0]
      Transfer-Encoding: [chunked]
      x-ms-request-id: [fc532698-401e-0038-0f54-1d36fb000000]
      x-ms-request-server-encrypted: ['true']
      x-ms-version: ['2018-03-28']
    status: {code: 201, message: Created}
- request:
    body: BBB
    headers:
      Connection: [keep-alive]
      Content-Length: ['3']
      User-Agent: [Azure-Storage/1.3.0-1.3.1 (Python CPython 3.6.4; Darwin 17.7.0)]
      x-ms-client-request-id: [3047a574-8948-11e8-b492-720000665300]
      x-ms-date: ['Mon, 16 Jul 2018 22:32:57 GMT']
      x-ms-version: ['2018-03-28']
    method: PUT
    uri: https://storagename.blob.core.windows.net/utcontainer8b1c1b04/blob1?comp=block&blockid=Mg%3D%3D
  response:
    body: {string: ''}
    headers:
      Content-MD5: [K7Il8LqaWJMHV6ho7VfZow==]
      Date: ['Mon, 16 Jul 2018 22:32:56 GMT']
      Server: [Windows-Azure-Blob/1.0 Microsoft-HTTPAPI/2.0]
      Transfer-Encoding: [chunked]
      x-ms-request-id: [fc532699-401e-0038-1054-1d36fb000000]
      x-ms-request-server-encrypted: ['true']
      x-ms-version: ['2018-03-28']
    status: {code: 201, message: Created}
- request:
    body: CCC
    headers:
      Connection: [keep-alive]
      Content-Length: ['3']
      User-Agent: [Azure-Storage/1.3.0-1.3.1 (Python CPython 3.6.4; Darwin 17.7.0)]
      x-ms-client-request-id: [305684ac-8948-11e8-9634-720000665300]
      x-ms-date: ['Mon, 16 Jul 2018 22:32:57 GMT']
      x-ms-version: ['2018-03-28']
    method: PUT
    uri: https://storagename.blob.core.windows.net/utcontainer8b1c1b04/blob1?comp=block&blockid=Mw%3D%3D
  response:
    body: {string: ''}
    headers:
      Content-MD5: [3vuZ5pqfH24G8VAGsfFmrg==]
      Date: ['Mon, 16 Jul 2018 22:32:56 GMT']
      Server: [Windows-Azure-Blob/1.0 Microsoft-HTTPAPI/2.0]
      Transfer-Encoding: [chunked]
      x-ms-request-id: [fc53269a-401e-0038-1154-1d36fb000000]
      x-ms-request-server-encrypted: ['true']
      x-ms-version: ['2018-03-28']
    status: {code: 201, message: Created}
- request:
    body: '<?xml version=''1.0'' encoding=''utf-8''?>

      <BlockList><Latest>MQ==</Latest><Latest>Mg==</Latest><Latest>Mw==</Latest></BlockList>'
    headers:
      Connection: [keep-alive]
      Content-Length: ['125']
      If-Match: ['0x111111111111111']
      User-Agent: [Azure-Storage/1.3.0-1.3.1 (Python CPython 3.6.4; Darwin 17.7.0)]
      x-ms-client-request-id: [306571c6-8948-11e8-aee6-720000665300]
      x-ms-date: ['Mon, 16 Jul 2018 22:32:57 GMT']
      x-ms-version: ['2018-03-28']
    method: PUT
    uri: https://storagename.blob.core.windows.net/utcontainer8b1c1b04/blob1?comp=blocklist
  response:
    body: {string: "\uFEFF<?xml version=\"1.0\" encoding=\"utf-8\"?><Error><Code>ConditionNotMet</Code><Message>The
        condition specified using HTTP conditional header(s) is not met.\nRequestId:fc53269b-401e-0038-1254-1d36fb000000\nTime:2018-07-16T22:32:57.8891025Z</Message></Error>"}
    headers:
      Content-Length: ['252']
      Content-Type: [application/xml]
      Date: ['Mon, 16 Jul 2018 22:32:57 GMT']
      Server: [Windows-Azure-Blob/1.0 Microsoft-HTTPAPI/2.0]
      x-ms-error-code: [ConditionNotMet]
      x-ms-request-id: [fc53269b-401e-0038-1254-1d36fb000000]
      x-ms-version: ['2018-03-28']
    status: {code: 412, message: The condition specified using HTTP conditional header(s)
        is not met.}
version: 1
