interactions:
- request:
    body: hello world
    headers:
      Connection: [keep-alive]
      Content-Length: ['11']
      User-Agent: [Azure-Storage/1.2.0rc1-1.2.0rc1 (Python CPython 3.6.4; Darwin 17.5.0)]
      x-ms-blob-type: [BlockBlob]
      x-ms-client-request-id: [0c4677cc-5e17-11e8-b887-b8e8564491f6]
      x-ms-date: ['Tue, 22 May 2018 23:22:51 GMT']
      x-ms-version: ['2017-11-09']
    method: PUT
    uri: https://storagename.blob.core.windows.net/utcontainer5b3a161a/blob5b3a161a
  response:
    body: {string: ''}
    headers:
      Content-MD5: [XrY7u+Ae7tCTyyK7j1rNww==]
      Date: ['Tue, 22 May 2018 23:22:51 GMT']
      ETag: ['"0x8D5C03AF08ED994"']
      Last-Modified: ['Tue, 22 May 2018 23:22:51 GMT']
      Server: [Windows-Azure-Blob/1.0 Microsoft-HTTPAPI/2.0]
      Transfer-Encoding: [chunked]
      x-ms-request-id: [5208ee15-a01e-003a-2923-f21777000000]
      x-ms-request-server-encrypted: ['true']
      x-ms-version: ['2017-11-09']
    status: {code: 201, message: Created}
- request:
    body: null
    headers:
      Connection: [keep-alive]
      User-Agent: [Azure-Storage/1.2.0rc1-1.2.0rc1 (Python CPython 3.6.4; Darwin 17.5.0)]
      x-ms-client-request-id: [0c5a3dca-5e17-11e8-9788-b8e8564491f6]
      x-ms-date: ['Tue, 22 May 2018 23:22:51 GMT']
      x-ms-version: ['2017-11-09']
    method: HEAD
    uri: https://storagename.blob.core.windows.net/utcontainer5b3a161a/blob5b3a161a
  response:
    body: {string: ''}
    headers:
      Accept-Ranges: [bytes]
      Content-Length: ['11']
      Content-MD5: [XrY7u+Ae7tCTyyK7j1rNww==]
      Content-Type: [application/octet-stream]
      Date: ['Tue, 22 May 2018 23:22:51 GMT']
      ETag: ['"0x8D5C03AF08ED994"']
      Last-Modified: ['Tue, 22 May 2018 23:22:51 GMT']
      Server: [Windows-Azure-Blob/1.0 Microsoft-HTTPAPI/2.0]
      Vary: [Origin]
      x-ms-access-tier: [Hot]
      x-ms-access-tier-inferred: ['true']
      x-ms-blob-type: [BlockBlob]
      x-ms-creation-time: ['Tue, 22 May 2018 23:22:51 GMT']
      x-ms-lease-state: [available]
      x-ms-lease-status: [unlocked]
      x-ms-request-id: [5208ee1e-a01e-003a-3123-f21777000000]
      x-ms-server-encrypted: ['true']
      x-ms-version: ['2017-11-09']
    status: {code: 200, message: OK}
- request:
    body: null
    headers:
      Connection: [keep-alive]
      User-Agent: [Azure-Storage/1.2.0rc1-1.2.0rc1 (Python CPython 3.6.4; Darwin 17.5.0)]
      x-ms-client-request-id: [0c601614-5e17-11e8-9253-b8e8564491f6]
      x-ms-date: ['Tue, 22 May 2018 23:22:51 GMT']
      x-ms-range: [bytes=0-33554431]
      x-ms-version: ['2017-11-09']
    method: GET
    uri: https://storagename.blob.core.windows.net/utcontainer5b3a161a/blob5b3a161a
  response:
    body: {string: hello world}
    headers:
      Accept-Ranges: [bytes]
      Content-Length: ['11']
      Content-Range: [bytes 0-10/11]
      Content-Type: [application/octet-stream]
      Date: ['Tue, 22 May 2018 23:22:51 GMT']
      ETag: ['"0x8D5C03AF08ED994"']
      Last-Modified: ['Tue, 22 May 2018 23:22:51 GMT']
      Server: [Windows-Azure-Blob/1.0 Microsoft-HTTPAPI/2.0]
      Vary: [Origin]
      x-ms-blob-content-md5: [XrY7u+Ae7tCTyyK7j1rNww==]
      x-ms-blob-type: [BlockBlob]
      x-ms-creation-time: ['Tue, 22 May 2018 23:22:51 GMT']
      x-ms-lease-state: [available]
      x-ms-lease-status: [unlocked]
      x-ms-request-id: [5208ee28-a01e-003a-3a23-f21777000000]
      x-ms-server-encrypted: ['true']
      x-ms-version: ['2017-11-09']
    status: {code: 206, message: Partial Content}
version: 1
