interactions:
- request:
    body: null
    headers:
      Connection: [keep-alive]
      Content-Length: ['0']
      User-Agent: [Azure-Storage/1.3.0-1.3.0 (Python CPython 3.6.3; Darwin 17.6.0)]
      x-ms-client-request-id: [0071f770-740e-11e8-b736-8cae4cee5322]
      x-ms-date: ['Tue, 19 Jun 2018 22:13:32 GMT']
      x-ms-version: ['2018-03-28']
    method: PUT
    uri: https://storagename.blob.core.windows.net/utcontainer6bc41a73?restype=container
  response:
    body: {string: ''}
    headers:
      Date: ['Tue, 19 Jun 2018 22:13:31 GMT']
      ETag: ['"0x8D5D631E4D40B1B"']
      Last-Modified: ['Tue, 19 Jun 2018 22:13:32 GMT']
      Server: [Windows-Azure-Blob/1.0 Microsoft-HTTPAPI/2.0]
      Transfer-Encoding: [chunked]
      x-ms-request-id: [1968889c-801e-0018-141a-084d5c000000]
      x-ms-version: ['2018-03-28']
    status: {code: 201, message: Created}
- request:
    body: hello world
    headers:
      Connection: [keep-alive]
      Content-Length: ['11']
      User-Agent: [Azure-Storage/1.3.0-1.3.0 (Python CPython 3.6.3; Darwin 17.6.0)]
      x-ms-blob-type: [BlockBlob]
      x-ms-client-request-id: [00a884c0-740e-11e8-b83e-8cae4cee5322]
      x-ms-date: ['Tue, 19 Jun 2018 22:13:32 GMT']
      x-ms-version: ['2018-03-28']
    method: PUT
    uri: https://storagename.blob.core.windows.net/utcontainer6bc41a73/blob1
  response:
    body: {string: ''}
    headers:
      Content-MD5: [XrY7u+Ae7tCTyyK7j1rNww==]
      Date: ['Tue, 19 Jun 2018 22:13:31 GMT']
      ETag: ['"0x8D5D631E4E385B3"']
      Last-Modified: ['Tue, 19 Jun 2018 22:13:32 GMT']
      Server: [Windows-Azure-Blob/1.0 Microsoft-HTTPAPI/2.0]
      Transfer-Encoding: [chunked]
      x-ms-content-crc64: [vo7q9sPVKY0=]
      x-ms-request-id: [196888a3-801e-0018-171a-084d5c000000]
      x-ms-request-server-encrypted: ['true']
      x-ms-version: ['2018-03-28']
    status: {code: 201, message: Created}
- request:
    body: null
    headers:
      Connection: [keep-alive]
      User-Agent: [Azure-Storage/1.3.0-1.3.0 (Python CPython 3.6.3; Darwin 17.6.0)]
      x-ms-client-request-id: [00b82eca-740e-11e8-b891-8cae4cee5322]
      x-ms-date: ['Tue, 19 Jun 2018 22:13:32 GMT']
      x-ms-version: ['2018-03-28']
    method: HEAD
    uri: https://storagename.blob.core.windows.net/utcontainer6bc41a73/blob1
  response:
    body: {string: ''}
    headers:
      Accept-Ranges: [bytes]
      Content-Length: ['11']
      Content-MD5: [XrY7u+Ae7tCTyyK7j1rNww==]
      Content-Type: [application/octet-stream]
      Date: ['Tue, 19 Jun 2018 22:13:31 GMT']
      ETag: ['"0x8D5D631E4E385B3"']
      Last-Modified: ['Tue, 19 Jun 2018 22:13:32 GMT']
      Server: [Windows-Azure-Blob/1.0 Microsoft-HTTPAPI/2.0]
      x-ms-access-tier: [Hot]
      x-ms-access-tier-inferred: ['true']
      x-ms-blob-type: [BlockBlob]
      x-ms-content-crc64: [vo7q9sPVKY0=]
      x-ms-creation-time: ['Tue, 19 Jun 2018 22:13:32 GMT']
      x-ms-lease-state: [available]
      x-ms-lease-status: [unlocked]
      x-ms-request-id: [196888b3-801e-0018-231a-084d5c000000]
      x-ms-server-encrypted: ['true']
      x-ms-version: ['2018-03-28']
    status: {code: 200, message: OK}
- request:
    body: null
    headers:
      Connection: [keep-alive]
      If-None-Match: ['"0x8D5D631E4E385B3"']
      User-Agent: [Azure-Storage/1.3.0-1.3.0 (Python CPython 3.6.3; Darwin 17.6.0)]
      x-ms-client-request-id: [00c6e6cc-740e-11e8-96d7-8cae4cee5322]
      x-ms-date: ['Tue, 19 Jun 2018 22:13:32 GMT']
      x-ms-range: [bytes=0-33554431]
      x-ms-version: ['2018-03-28']
    method: GET
    uri: https://storagename.blob.core.windows.net/utcontainer6bc41a73/blob1
  response:
    body: {string: ''}
    headers:
      Date: ['Tue, 19 Jun 2018 22:13:31 GMT']
      Server: [Windows-Azure-Blob/1.0 Microsoft-HTTPAPI/2.0]
      x-ms-error-code: [ConditionNotMet]
      x-ms-request-id: [196888b4-801e-0018-241a-084d5c000000]
      x-ms-version: ['2018-03-28']
    status: {code: 304, message: The condition specified using HTTP conditional header(s)
        is not met.}
- request:
    body: null
    headers:
      Connection: [keep-alive]
      Content-Length: ['0']
      User-Agent: [Azure-Storage/1.3.0-1.3.1 (Python CPython 3.6.4; Darwin 17.7.0)]
      x-ms-client-request-id: [1a0e7790-8948-11e8-a58d-720000665300]
      x-ms-date: ['Mon, 16 Jul 2018 22:32:20 GMT']
      x-ms-version: ['2018-03-28']
    method: PUT
    uri: https://storagename.blob.core.windows.net/utcontainer6bc41a73?restype=container
  response:
    body: {string: ''}
    headers:
      Date: ['Mon, 16 Jul 2018 22:32:20 GMT']
      ETag: ['"0x8D5EB6BFE727232"']
      Last-Modified: ['Mon, 16 Jul 2018 22:32:20 GMT']
      Server: [Windows-Azure-Blob/1.0 Microsoft-HTTPAPI/2.0]
      Transfer-Encoding: [chunked]
      x-ms-request-id: [9c5596eb-301e-0022-6854-1d5724000000]
      x-ms-version: ['2018-03-28']
    status: {code: 201, message: Created}
- request:
    body: hello world
    headers:
      Connection: [keep-alive]
      Content-Length: ['11']
      User-Agent: [Azure-Storage/1.3.0-1.3.1 (Python CPython 3.6.4; Darwin 17.7.0)]
      x-ms-blob-type: [BlockBlob]
      x-ms-client-request-id: [1a458f46-8948-11e8-9734-720000665300]
      x-ms-date: ['Mon, 16 Jul 2018 22:32:20 GMT']
      x-ms-version: ['2018-03-28']
    method: PUT
    uri: https://storagename.blob.core.windows.net/utcontainer6bc41a73/blob1
  response:
    body: {string: ''}
    headers:
      Content-MD5: [XrY7u+Ae7tCTyyK7j1rNww==]
      Date: ['Mon, 16 Jul 2018 22:32:20 GMT']
      ETag: ['"0x8D5EB6BFE826DE1"']
      Last-Modified: ['Mon, 16 Jul 2018 22:32:20 GMT']
      Server: [Windows-Azure-Blob/1.0 Microsoft-HTTPAPI/2.0]
      Transfer-Encoding: [chunked]
      x-ms-request-id: [9c5596f0-301e-0022-6a54-1d5724000000]
      x-ms-request-server-encrypted: ['true']
      x-ms-version: ['2018-03-28']
    status: {code: 201, message: Created}
- request:
    body: null
    headers:
      Connection: [keep-alive]
      User-Agent: [Azure-Storage/1.3.0-1.3.1 (Python CPython 3.6.4; Darwin 17.7.0)]
      x-ms-client-request-id: [1a56036c-8948-11e8-b4b6-720000665300]
      x-ms-date: ['Mon, 16 Jul 2018 22:32:20 GMT']
      x-ms-version: ['2018-03-28']
    method: HEAD
    uri: https://storagename.blob.core.windows.net/utcontainer6bc41a73/blob1
  response:
    body: {string: ''}
    headers:
      Accept-Ranges: [bytes]
      Content-Length: ['11']
      Content-MD5: [XrY7u+Ae7tCTyyK7j1rNww==]
      Content-Type: [application/octet-stream]
      Date: ['Mon, 16 Jul 2018 22:32:20 GMT']
      ETag: ['"0x8D5EB6BFE826DE1"']
      Last-Modified: ['Mon, 16 Jul 2018 22:32:20 GMT']
      Server: [Windows-Azure-Blob/1.0 Microsoft-HTTPAPI/2.0]
      Vary: [Origin]
      x-ms-access-tier: [Hot]
      x-ms-access-tier-inferred: ['true']
      x-ms-blob-type: [BlockBlob]
      x-ms-creation-time: ['Mon, 16 Jul 2018 22:32:20 GMT']
      x-ms-lease-state: [available]
      x-ms-lease-status: [unlocked]
      x-ms-request-id: [9c5596f1-301e-0022-6b54-1d5724000000]
      x-ms-server-encrypted: ['true']
      x-ms-version: ['2018-03-28']
    status: {code: 200, message: OK}
- request:
    body: null
    headers:
      Connection: [keep-alive]
      If-None-Match: ['"0x8D5EB6BFE826DE1"']
      User-Agent: [Azure-Storage/1.3.0-1.3.1 (Python CPython 3.6.4; Darwin 17.7.0)]
      x-ms-client-request-id: [1a645f0c-8948-11e8-b941-720000665300]
      x-ms-date: ['Mon, 16 Jul 2018 22:32:20 GMT']
      x-ms-range: [bytes=0-33554431]
      x-ms-version: ['2018-03-28']
    method: GET
    uri: https://storagename.blob.core.windows.net/utcontainer6bc41a73/blob1
  response:
    body: {string: ''}
    headers:
      Date: ['Mon, 16 Jul 2018 22:32:20 GMT']
      Server: [Windows-Azure-Blob/1.0 Microsoft-HTTPAPI/2.0]
      Vary: [Origin]
      x-ms-error-code: [ConditionNotMet]
      x-ms-request-id: [9c5596f4-301e-0022-6d54-1d5724000000]
      x-ms-version: ['2018-03-28']
    status: {code: 304, message: The condition specified using HTTP conditional header(s)
        is not met.}
version: 1
