interactions:
- request:
    body: null
    headers:
      Connection: [keep-alive]
      Content-Length: ['0']
      User-Agent: [Azure-Storage/0.35.0 (Python CPython 3.6.1; Darwin 16.6.0)]
      x-ms-client-request-id: [14aad9ec-67fc-11e7-9a26-b8e8564491f6]
      x-ms-date: ['Thu, 13 Jul 2017 18:50:03 GMT']
      x-ms-version: ['2017-04-17']
    method: PUT
    uri: https://storagename.queue.core.windows.net/queuec3a217f5
  response:
    body: {string: ''}
    headers:
      Date: ['Thu, 13 Jul 2017 18:50:02 GMT']
      Server: [Windows-Azure-Queue/1.0 Microsoft-HTTPAPI/2.0]
      Transfer-Encoding: [chunked]
      x-ms-request-id: [ff9c9b14-0003-0038-0508-fc158d000000]
      x-ms-version: ['2017-04-17']
    status: {code: 201, message: Created}
- request:
    body: '<?xml version=''1.0'' encoding=''utf-8''?>

      <SignedIdentifiers><SignedIdentifier><Id>empty</Id><AccessPolicy /></SignedIdentifier></SignedIdentifiers>'
    headers:
      Connection: [keep-alive]
      Content-Length: ['145']
      User-Agent: [Azure-Storage/0.35.0 (Python CPython 3.6.1; Darwin 16.6.0)]
      x-ms-client-request-id: [14c0895e-67fc-11e7-9bcb-b8e8564491f6]
      x-ms-date: ['Thu, 13 Jul 2017 18:50:03 GMT']
      x-ms-version: ['2017-04-17']
    method: PUT
    uri: https://storagename.queue.core.windows.net/queuec3a217f5?comp=acl
  response:
    body: {string: ''}
    headers:
      Content-Length: ['0']
      Date: ['Thu, 13 Jul 2017 18:50:02 GMT']
      Server: [Windows-Azure-Queue/1.0 Microsoft-HTTPAPI/2.0]
      x-ms-request-id: [ff9c9b1b-0003-0038-0a08-fc158d000000]
      x-ms-version: ['2017-04-17']
    status: {code: 204, message: No Content}
- request:
    body: null
    headers:
      Connection: [keep-alive]
      User-Agent: [Azure-Storage/0.35.0 (Python CPython 3.6.1; Darwin 16.6.0)]
      x-ms-client-request-id: [14d449ba-67fc-11e7-878b-b8e8564491f6]
      x-ms-date: ['Thu, 13 Jul 2017 18:50:03 GMT']
      x-ms-version: ['2017-04-17']
    method: GET
    uri: https://storagename.queue.core.windows.net/queuec3a217f5?comp=acl
  response:
    body: {string: "\uFEFF<?xml version=\"1.0\" encoding=\"utf-8\"?><SignedIdentifiers><SignedIdentifier><Id>empty</Id></SignedIdentifier></SignedIdentifiers>"}
    headers:
      Cache-Control: [no-cache]
      Content-Type: [application/xml]
      Date: ['Thu, 13 Jul 2017 18:50:02 GMT']
      Server: [Windows-Azure-Queue/1.0 Microsoft-HTTPAPI/2.0]
      Transfer-Encoding: [chunked]
      x-ms-request-id: [ff9c9b2a-0003-0038-1808-fc158d000000]
      x-ms-version: ['2017-04-17']
    status: {code: 200, message: OK}
version: 1
