interactions:
- request:
    body: null
    headers:
      Connection: [keep-alive]
      Content-Length: ['0']
      User-Agent: [Azure-Storage/1.2.0rc1-1.2.0rc1 (Python CPython 3.6.4; Darwin 17.5.0)]
      x-ms-client-request-id: [ede196f4-5e16-11e8-89ac-b8e8564491f6]
      x-ms-date: ['Tue, 22 May 2018 23:22:00 GMT']
      x-ms-version: ['2017-11-09']
    method: PUT
    uri: https://storagename.blob.core.windows.net/utcontainer8b1c1b04?restype=container
  response:
    body: {string: ''}
    headers:
      Date: ['Tue, 22 May 2018 23:22:00 GMT']
      ETag: ['"0x8D5C03AD22A0E42"']
      Last-Modified: ['Tue, 22 May 2018 23:22:00 GMT']
      Server: [Windows-Azure-Blob/1.0 Microsoft-HTTPAPI/2.0]
      Transfer-Encoding: [chunked]
      x-ms-request-id: [103cded4-001e-0111-3a23-f2259a000000]
      x-ms-version: ['2017-11-09']
    status: {code: 201, message: Created}
- request:
    body: null
    headers:
      Connection: [keep-alive]
      Content-Length: ['0']
      User-Agent: [Azure-Storage/1.2.0rc1-1.2.0rc1 (Python CPython 3.6.4; Darwin 17.5.0)]
      x-ms-blob-type: [BlockBlob]
      x-ms-client-request-id: [edf56300-5e16-11e8-90f0-b8e8564491f6]
      x-ms-date: ['Tue, 22 May 2018 23:22:00 GMT']
      x-ms-version: ['2017-11-09']
    method: PUT
    uri: https://storagename.blob.core.windows.net/utcontainer8b1c1b04/blob1
  response:
    body: {string: ''}
    headers:
      Content-MD5: [1B2M2Y8AsgTpgAmY7PhCfg==]
      Date: ['Tue, 22 May 2018 23:22:00 GMT']
      ETag: ['"0x8D5C03AD2302723"']
      Last-Modified: ['Tue, 22 May 2018 23:22:00 GMT']
      Server: [Windows-Azure-Blob/1.0 Microsoft-HTTPAPI/2.0]
      Transfer-Encoding: [chunked]
      x-ms-request-id: [103cdee3-001e-0111-4223-f2259a000000]
      x-ms-request-server-encrypted: ['true']
      x-ms-version: ['2017-11-09']
    status: {code: 201, message: Created}
- request:
    body: AAA
    headers:
      Connection: [keep-alive]
      Content-Length: ['3']
      User-Agent: [Azure-Storage/1.2.0rc1-1.2.0rc1 (Python CPython 3.6.4; Darwin 17.5.0)]
      x-ms-client-request-id: [edfb454a-5e16-11e8-a528-b8e8564491f6]
      x-ms-date: ['Tue, 22 May 2018 23:22:00 GMT']
      x-ms-version: ['2017-11-09']
    method: PUT
    uri: https://storagename.blob.core.windows.net/utcontainer8b1c1b04/blob1?comp=block&blockid=MQ%3D%3D
  response:
    body: {string: ''}
    headers:
      Content-MD5: [4fr/s+YU5sL7p0KWliOGtw==]
      Date: ['Tue, 22 May 2018 23:22:00 GMT']
      Server: [Windows-Azure-Blob/1.0 Microsoft-HTTPAPI/2.0]
      Transfer-Encoding: [chunked]
      x-ms-request-id: [103cdee7-001e-0111-4623-f2259a000000]
      x-ms-request-server-encrypted: ['true']
      x-ms-version: ['2017-11-09']
    status: {code: 201, message: Created}
- request:
    body: BBB
    headers:
      Connection: [keep-alive]
      Content-Length: ['3']
      User-Agent: [Azure-Storage/1.2.0rc1-1.2.0rc1 (Python CPython 3.6.4; Darwin 17.5.0)]
      x-ms-client-request-id: [ee00b638-5e16-11e8-a7ee-b8e8564491f6]
      x-ms-date: ['Tue, 22 May 2018 23:22:01 GMT']
      x-ms-version: ['2017-11-09']
    method: PUT
    uri: https://storagename.blob.core.windows.net/utcontainer8b1c1b04/blob1?comp=block&blockid=Mg%3D%3D
  response:
    body: {string: ''}
    headers:
      Content-MD5: [K7Il8LqaWJMHV6ho7VfZow==]
      Date: ['Tue, 22 May 2018 23:22:00 GMT']
      Server: [Windows-Azure-Blob/1.0 Microsoft-HTTPAPI/2.0]
      Transfer-Encoding: [chunked]
      x-ms-request-id: [103cdef3-001e-0111-4e23-f2259a000000]
      x-ms-request-server-encrypted: ['true']
      x-ms-version: ['2017-11-09']
    status: {code: 201, message: Created}
- request:
    body: CCC
    headers:
      Connection: [keep-alive]
      Content-Length: ['3']
      User-Agent: [Azure-Storage/1.2.0rc1-1.2.0rc1 (Python CPython 3.6.4; Darwin 17.5.0)]
      x-ms-client-request-id: [ee076dc0-5e16-11e8-af80-b8e8564491f6]
      x-ms-date: ['Tue, 22 May 2018 23:22:01 GMT']
      x-ms-version: ['2017-11-09']
    method: PUT
    uri: https://storagename.blob.core.windows.net/utcontainer8b1c1b04/blob1?comp=block&blockid=Mw%3D%3D
  response:
    body: {string: ''}
    headers:
      Content-MD5: [3vuZ5pqfH24G8VAGsfFmrg==]
      Date: ['Tue, 22 May 2018 23:22:00 GMT']
      Server: [Windows-Azure-Blob/1.0 Microsoft-HTTPAPI/2.0]
      Transfer-Encoding: [chunked]
      x-ms-request-id: [103cdf01-001e-0111-5b23-f2259a000000]
      x-ms-request-server-encrypted: ['true']
      x-ms-version: ['2017-11-09']
    status: {code: 201, message: Created}
- request:
    body: '<?xml version=''1.0'' encoding=''utf-8''?>

      <BlockList><Latest>MQ==</Latest><Latest>Mg==</Latest><Latest>Mw==</Latest></BlockList>'
    headers:
      Connection: [keep-alive]
      Content-Length: ['125']
      If-Match: ['0x111111111111111']
      User-Agent: [Azure-Storage/1.2.0rc1-1.2.0rc1 (Python CPython 3.6.4; Darwin 17.5.0)]
      x-ms-client-request-id: [ee0d3e4c-5e16-11e8-85e1-b8e8564491f6]
      x-ms-date: ['Tue, 22 May 2018 23:22:01 GMT']
      x-ms-version: ['2017-11-09']
    method: PUT
    uri: https://storagename.blob.core.windows.net/utcontainer8b1c1b04/blob1?comp=blocklist
  response:
    body: {string: "\uFEFF<?xml version=\"1.0\" encoding=\"utf-8\"?><Error><Code>ConditionNotMet</Code><Message>The
        condition specified using HTTP conditional header(s) is not met.\nRequestId:103cdf0c-001e-0111-6523-f2259a000000\nTime:2018-05-22T23:22:01.1382326Z</Message></Error>"}
    headers:
      Content-Length: ['252']
      Content-Type: [application/xml]
      Date: ['Tue, 22 May 2018 23:22:00 GMT']
      Server: [Windows-Azure-Blob/1.0 Microsoft-HTTPAPI/2.0]
      x-ms-error-code: [ConditionNotMet]
      x-ms-request-id: [103cdf0c-001e-0111-6523-f2259a000000]
      x-ms-version: ['2017-11-09']
    status: {code: 412, message: The condition specified using HTTP conditional header(s)
        is not met.}
version: 1
