interactions:
- request:
    body: null
    headers:
      Accept-Encoding: ['gzip, deflate']
      Connection: [keep-alive]
      Content-Length: ['0']
      Content-Type: [application/octet-stream Charset=UTF-8]
      User-Agent: [pyazure/0.20.0]
      x-ms-date: ['Tue, 21 Jul 2015 20:11:02 GMT']
      x-ms-version: ['2014-02-14']
    method: PUT
    uri: https://storagename.file.core.windows.net/utshare41df100b?restype=share
  response:
    body: {string: ''}
    headers:
      Date: ['Tue, 21 Jul 2015 20:11:02 GMT']
      ETag: ['"0x8D2920880C5CFBD"']
      Last-Modified: ['Tue, 21 Jul 2015 20:11:03 GMT']
      Server: [Windows-Azure-File/1.0 Microsoft-HTTPAPI/2.0]
      Transfer-Encoding: [chunked]
      x-ms-request-id: [77dfba2a-001a-0085-51f1-c3a8df000000]
      x-ms-version: ['2014-02-14']
    status: {code: 201, message: Created}
- request:
    body: null
    headers:
      Accept-Encoding: ['gzip, deflate']
      Connection: [keep-alive]
      Content-Length: ['0']
      Content-Type: [application/octet-stream Charset=UTF-8]
      User-Agent: [pyazure/0.20.0]
      x-ms-content-length: ['1024']
      x-ms-date: ['Tue, 21 Jul 2015 20:11:03 GMT']
      x-ms-type: [file]
      x-ms-version: ['2014-02-14']
    method: PUT
    uri: https://storagename.file.core.windows.net/utshare41df100b/file1
  response:
    body: {string: ''}
    headers:
      Date: ['Tue, 21 Jul 2015 20:11:02 GMT']
      ETag: ['"0x8D2920880E531CE"']
      Last-Modified: ['Tue, 21 Jul 2015 20:11:03 GMT']
      Server: [Windows-Azure-File/1.0 Microsoft-HTTPAPI/2.0]
      Transfer-Encoding: [chunked]
      x-ms-request-id: [77dfba2c-001a-0085-52f1-c3a8df000000]
      x-ms-version: ['2014-02-14']
    status: {code: 201, message: Created}
- request:
    body: null
    headers:
      Accept-Encoding: ['gzip, deflate']
      Connection: [keep-alive]
      Content-Type: [application/octet-stream Charset=UTF-8]
      User-Agent: [pyazure/0.20.0]
      x-ms-date: ['Tue, 21 Jul 2015 20:11:03 GMT']
      x-ms-version: ['2014-02-14']
    method: GET
    uri: https://storagename.file.core.windows.net/utshare41df100b/file1?comp=rangelist
  response:
    body: {string: "\uFEFF<?xml version=\"1.0\" encoding=\"utf-8\"?><Ranges />"}
    headers:
      Content-Type: [application/xml]
      Date: ['Tue, 21 Jul 2015 20:11:02 GMT']
      ETag: ['"0x8D2920880E531CE"']
      Last-Modified: ['Tue, 21 Jul 2015 20:11:03 GMT']
      Server: [Windows-Azure-File/1.0 Microsoft-HTTPAPI/2.0]
      Transfer-Encoding: [chunked]
      Vary: [Origin]
      x-ms-content-length: ['1024']
      x-ms-request-id: [77dfba2d-001a-0085-53f1-c3a8df000000]
      x-ms-version: ['2014-02-14']
    status: {code: 200, message: OK}
version: 1
