interactions:
- request:
    body: null
    headers:
      Connection: [keep-alive]
      Content-Length: ['0']
      User-Agent: [Azure-Storage/0.37.0-0.36.0 (Python CPython 2.7.10; Darwin 16.7.0)]
      x-ms-client-request-id: [3ea6cd21-a7ae-11e7-b9d9-b8e8564491f6]
      x-ms-date: ['Mon, 02 Oct 2017 20:14:07 GMT']
      x-ms-version: ['2017-04-17']
    method: PUT
    uri: https://storagename.blob.core.windows.net/container909916f7?restype=container
  response:
    body: {string: !!python/unicode ''}
    headers:
      date: ['Mon, 02 Oct 2017 20:14:08 GMT']
      etag: ['"0x8D509D2239E92F7"']
      last-modified: ['Mon, 02 Oct 2017 20:14:08 GMT']
      server: [Windows-Azure-Blob/1.0 Microsoft-HTTPAPI/2.0]
      transfer-encoding: [chunked]
      x-ms-request-id: [3e8f634e-001e-0004-4fbb-3ba156000000]
      x-ms-version: ['2017-04-17']
    status: {code: 201, message: Created}
- request:
    body: null
    headers:
      Connection: [keep-alive]
      Content-Length: ['0']
      User-Agent: [Azure-Storage/0.37.0-0.36.0 (Python CPython 2.7.10; Darwin 16.7.0)]
      x-ms-blob-public-access: [container]
      x-ms-client-request-id: [3ec73b2b-a7ae-11e7-9cde-b8e8564491f6]
      x-ms-date: ['Mon, 02 Oct 2017 20:14:07 GMT']
      x-ms-version: ['2017-04-17']
    method: PUT
    uri: https://storagename.blob.core.windows.net/container909916f7?comp=acl&restype=container
  response:
    body: {string: !!python/unicode ''}
    headers:
      date: ['Mon, 02 Oct 2017 20:14:08 GMT']
      etag: ['"0x8D509D223DCADE8"']
      last-modified: ['Mon, 02 Oct 2017 20:14:09 GMT']
      server: [Windows-Azure-Blob/1.0 Microsoft-HTTPAPI/2.0]
      transfer-encoding: [chunked]
      x-ms-request-id: [3e8f6375-001e-0004-6fbb-3ba156000000]
      x-ms-version: ['2017-04-17']
    status: {code: 200, message: OK}
- request:
    body: null
    headers:
      Connection: [keep-alive]
      User-Agent: [Azure-Storage/0.37.0-0.36.0 (Python CPython 2.7.10; Darwin 16.7.0)]
      x-ms-client-request-id: [3ecebe19-a7ae-11e7-80d7-b8e8564491f6]
      x-ms-date: ['Mon, 02 Oct 2017 20:14:07 GMT']
      x-ms-version: ['2017-04-17']
    method: GET
    uri: https://storagename.blob.core.windows.net/container909916f7?comp=acl&restype=container
  response:
    body: {string: "\uFEFF<?xml version=\"1.0\" encoding=\"utf-8\"?><SignedIdentifiers\
        \ />"}
    headers:
      content-type: [application/xml]
      date: ['Mon, 02 Oct 2017 20:14:08 GMT']
      etag: ['"0x8D509D223DCADE8"']
      last-modified: ['Mon, 02 Oct 2017 20:14:09 GMT']
      server: [Windows-Azure-Blob/1.0 Microsoft-HTTPAPI/2.0]
      transfer-encoding: [chunked]
      vary: [Origin]
      x-ms-blob-public-access: [container]
      x-ms-request-id: [3e8f6383-001e-0004-7dbb-3ba156000000]
      x-ms-version: ['2017-04-17']
    status: {code: 200, message: OK}
version: 1
