interactions:
- request:
    body: null
    headers:
      Connection: [keep-alive]
      Content-Length: ['0']
      User-Agent: [Azure-Storage/2.1.0-2.1.0 (Python CPython 3.7.0; Darwin 18.7.0)]
      x-ms-client-request-id: [ae2bc878-b4c2-11e9-9070-f218981b70f8]
      x-ms-content-length: ['2048']
      x-ms-date: ['Fri, 02 Aug 2019 01:13:05 GMT']
      x-ms-file-attributes: [Archive]
      x-ms-file-creation-time: ['2019-08-02T01:12:55.0731690Z']
      x-ms-file-last-write-time: ['2019-08-02T01:12:55.0731690Z']
      x-ms-file-permission: [Inherit]
      x-ms-type: [file]
      x-ms-version: ['2019-02-02']
    method: PUT
    uri: https://storagename.file.core.windows.net/utshared73322e8/testfile1
  response:
    body: {string: ''}
    headers:
      Content-Length: ['0']
      Date: ['Fri, 02 Aug 2019 01:13:04 GMT']
      ETag: ['"0x8D716E68C712FAA"']
      Last-Modified: ['Fri, 02 Aug 2019 01:12:55 GMT']
      Server: [Windows-Azure-File/1.0 Microsoft-HTTPAPI/2.0]
      x-ms-client-request-id: [ae2bc878-b4c2-11e9-9070-f218981b70f8]
      x-ms-file-attributes: [Archive]
      x-ms-file-change-time: ['2019-08-02T01:12:55.0731690Z']
      x-ms-file-creation-time: ['2019-08-02T01:12:55.0731690Z']
      x-ms-file-id: ['13835128424026341376']
      x-ms-file-last-write-time: ['2019-08-02T01:12:55.0731690Z']
      x-ms-file-parent-id: ['0']
      x-ms-file-permission-key: [5068516693366841476*17218973682704664586]
      x-ms-request-id: [4a148a33-c01a-0038-4ccf-488e72000000]
      x-ms-request-server-encrypted: ['true']
      x-ms-version: ['2019-02-02']
    status: {code: 201, message: Created}
- request:
    body: abcdefghijklmnopabcdefghijklmnopabcdefghijklmnopabcdefghijklmnopabcdefghijklmnopabcdefghijklmnopabcdefghijklmnopabcdefghijklmnopabcdefghijklmnopabcdefghijklmnopabcdefghijklmnopabcdefghijklmnopabcdefghijklmnopabcdefghijklmnopabcdefghijklmnopabcdefghijklmnopabcdefghijklmnopabcdefghijklmnopabcdefghijklmnopabcdefghijklmnopabcdefghijklmnopabcdefghijklmnopabcdefghijklmnopabcdefghijklmnopabcdefghijklmnopabcdefghijklmnopabcdefghijklmnopabcdefghijklmnopabcdefghijklmnopabcdefghijklmnopabcdefghijklmnopabcdefghijklmnop
    headers:
      Connection: [keep-alive]
      Content-Length: ['512']
      User-Agent: [Azure-Storage/2.1.0-2.1.0 (Python CPython 3.7.0; Darwin 18.7.0)]
      x-ms-client-request-id: [ae3fdd68-b4c2-11e9-9070-f218981b70f8]
      x-ms-date: ['Fri, 02 Aug 2019 01:13:05 GMT']
      x-ms-range: [bytes=0-511]
      x-ms-version: ['2019-02-02']
      x-ms-write: [update]
    method: PUT
    uri: https://storagename.file.core.windows.net/utshared73322e8/testfile1?comp=range
  response:
    body: {string: ''}
    headers:
      Content-Length: ['0']
      Content-MD5: [pTsTLZHyQ+et6NksJ1OHxg==]
      Date: ['Fri, 02 Aug 2019 01:13:04 GMT']
      ETag: ['"0x8D716E692771F18"']
      Last-Modified: ['Fri, 02 Aug 2019 01:13:05 GMT']
      Server: [Windows-Azure-File/1.0 Microsoft-HTTPAPI/2.0]
      x-ms-client-request-id: [ae3fdd68-b4c2-11e9-9070-f218981b70f8]
      x-ms-request-id: [4a148a35-c01a-0038-4dcf-488e72000000]
      x-ms-request-server-encrypted: ['true']
      x-ms-version: ['2019-02-02']
    status: {code: 201, message: Created}
- request:
    body: null
    headers:
      Connection: [keep-alive]
      Content-Length: ['0']
      User-Agent: [Azure-Storage/2.1.0-2.1.0 (Python CPython 3.7.0; Darwin 18.7.0)]
      x-ms-client-request-id: [ae456418-b4c2-11e9-9070-f218981b70f8]
      x-ms-content-length: ['2048']
      x-ms-date: ['Fri, 02 Aug 2019 01:13:05 GMT']
      x-ms-file-attributes: [Archive]
      x-ms-file-creation-time: ['2019-08-02T01:12:55.0731690Z']
      x-ms-file-last-write-time: ['2019-08-02T01:12:55.0731690Z']
      x-ms-file-permission: [Inherit]
      x-ms-type: [file]
      x-ms-version: ['2019-02-02']
    method: PUT
    uri: https://storagename.file.core.windows.net/utshared73322e8/filetoupdate
  response:
    body: {string: ''}
    headers:
      Content-Length: ['0']
      Date: ['Fri, 02 Aug 2019 01:13:04 GMT']
      ETag: ['"0x8D716E68C712FAA"']
      Last-Modified: ['Fri, 02 Aug 2019 01:12:55 GMT']
      Server: [Windows-Azure-File/1.0 Microsoft-HTTPAPI/2.0]
      x-ms-client-request-id: [ae456418-b4c2-11e9-9070-f218981b70f8]
      x-ms-file-attributes: [Archive]
      x-ms-file-change-time: ['2019-08-02T01:12:55.0731690Z']
      x-ms-file-creation-time: ['2019-08-02T01:12:55.0731690Z']
      x-ms-file-id: ['11529285414812647424']
      x-ms-file-last-write-time: ['2019-08-02T01:12:55.0731690Z']
      x-ms-file-parent-id: ['0']
      x-ms-file-permission-key: [5068516693366841476*17218973682704664586]
      x-ms-request-id: [4a148a36-c01a-0038-4ecf-488e72000000]
      x-ms-request-server-encrypted: ['true']
      x-ms-version: ['2019-02-02']
    status: {code: 201, message: Created}
- request:
    body: null
    headers:
      Connection: [keep-alive]
      Content-Length: ['0']
      User-Agent: [Azure-Storage/2.1.0-2.1.0 (Python CPython 3.7.0; Darwin 18.7.0)]
      x-ms-client-request-id: [ae4e12ca-b4c2-11e9-9070-f218981b70f8]
      x-ms-copy-source: ['https://zemaintest.file.core.windows.net/utshared73322e8/testfile1?se=2019-08-02T02%3A13%3A05Z&sp=r&sv=2019-02-02&sr=f&sig=O75L8C152sdu2ZgHMZgPNKiM9tf%2BAe70h4uhFq/FoTE%3D']
      x-ms-date: ['Fri, 02 Aug 2019 01:13:05 GMT']
      x-ms-range: [bytes=0-2049]
      x-ms-source-range: [bytes=0-2049]
      x-ms-version: ['2019-02-02']
      x-ms-write: [update]
    method: PUT
    uri: https://storagename.file.core.windows.net/utshared73322e8/filetoupdate?comp=range
  response:
    body: {string: "\uFEFF<?xml version=\"1.0\" encoding=\"utf-8\"?><Error><Code>CannotVerifyCopySource</Code><Message>The\
        \ source request body for copy source does not match requested length to write\
        \ on target.\nRequestId:4a148a37-c01a-0038-4fcf-488e72000000\nTime:2019-08-02T01:13:05.4303289Z</Message></Error>"}
    headers:
      Content-Length: ['282']
      Content-Type: [application/xml]
      Date: ['Fri, 02 Aug 2019 01:13:04 GMT']
      Server: [Windows-Azure-File/1.0 Microsoft-HTTPAPI/2.0]
      x-ms-client-request-id: [ae4e12ca-b4c2-11e9-9070-f218981b70f8]
      x-ms-error-code: [CannotVerifyCopySource]
      x-ms-request-id: [4a148a37-c01a-0038-4fcf-488e72000000]
      x-ms-version: ['2019-02-02']
    status: {code: 409, message: The source request body for copy source does not
        match requested length to write on target.}
version: 1
