interactions:
- request:
    body: null
    headers:
      Connection: [keep-alive]
      Content-Length: ['0']
      User-Agent: [Azure-Storage/0.36.0 (Python CPython 3.6.1; Darwin 16.7.0)]
      x-ms-client-request-id: [c76441ca-8784-11e7-bbb8-b8e8564491f6]
      x-ms-date: ['Tue, 22 Aug 2017 21:56:40 GMT']
      x-ms-version: ['2017-04-17']
    method: PUT
    uri: https://storagename.blob.core.windows.net/utcontainerda0c1c10?restype=container
  response:
    body: {string: ''}
    headers:
      Date: ['Tue, 22 Aug 2017 21:56:40 GMT']
      ETag: ['"0x8D4E9A8ABC2AAD8"']
      Last-Modified: ['Tue, 22 Aug 2017 21:56:41 GMT']
      Server: [Windows-Azure-Blob/1.0 Microsoft-HTTPAPI/2.0]
      Transfer-Encoding: [chunked]
      x-ms-request-id: [faf7eac3-0001-001e-5691-1b8e39000000]
      x-ms-version: ['2017-04-17']
    status: {code: 201, message: Created}
- request:
    body: hello world
    headers:
      Connection: [keep-alive]
      Content-Length: ['11']
      User-Agent: [Azure-Storage/0.36.0 (Python CPython 3.6.1; Darwin 16.7.0)]
      x-ms-blob-type: [BlockBlob]
      x-ms-client-request-id: [c7960bec-8784-11e7-b3f1-b8e8564491f6]
      x-ms-date: ['Tue, 22 Aug 2017 21:56:41 GMT']
      x-ms-version: ['2017-04-17']
    method: PUT
    uri: https://storagename.blob.core.windows.net/utcontainerda0c1c10/blob1
  response:
    body: {string: ''}
    headers:
      Content-MD5: [XrY7u+Ae7tCTyyK7j1rNww==]
      Date: ['Tue, 22 Aug 2017 21:56:40 GMT']
      ETag: ['"0x8D4E9A8ABA4309F"']
      Last-Modified: ['Tue, 22 Aug 2017 21:56:40 GMT']
      Server: [Windows-Azure-Blob/1.0 Microsoft-HTTPAPI/2.0]
      Transfer-Encoding: [chunked]
      x-ms-request-id: [faf7eb12-0001-001e-1a91-1b8e39000000]
      x-ms-request-server-encrypted: ['true']
      x-ms-version: ['2017-04-17']
    status: {code: 201, message: Created}
- request:
    body: null
    headers:
      Connection: [keep-alive]
      Content-Length: ['0']
      If-Match: ['0x111111111111111']
      User-Agent: [Azure-Storage/0.36.0 (Python CPython 3.6.1; Darwin 16.7.0)]
      x-ms-client-request-id: [c79e7fde-8784-11e7-9e04-b8e8564491f6]
      x-ms-date: ['Tue, 22 Aug 2017 21:56:41 GMT']
      x-ms-meta-hello: [world]
      x-ms-meta-number: ['42']
      x-ms-version: ['2017-04-17']
    method: PUT
    uri: https://storagename.blob.core.windows.net/utcontainerda0c1c10/blob1?comp=metadata
  response:
    body: {string: "\uFEFF<?xml version=\"1.0\" encoding=\"utf-8\"?><Error><Code>ConditionNotMet</Code><Message>The\
        \ condition specified using HTTP conditional header(s) is not met.\nRequestId:faf7eb1c-0001-001e-2391-1b8e39000000\n\
        Time:2017-08-22T21:56:41.2762656Z</Message></Error>"}
    headers:
      Content-Length: ['252']
      Content-Type: [application/xml]
      Date: ['Tue, 22 Aug 2017 21:56:40 GMT']
      Server: [Windows-Azure-Blob/1.0 Microsoft-HTTPAPI/2.0]
      x-ms-request-id: [faf7eb1c-0001-001e-2391-1b8e39000000]
      x-ms-version: ['2017-04-17']
    status: {code: 412, message: The condition specified using HTTP conditional header(s)
        is not met.}
version: 1
