interactions:
- request:
    body: null
    headers:
      Connection: [keep-alive]
      Content-Length: ['0']
      User-Agent: [Azure-Storage/0.37.0-0.36.0 (Python CPython 2.7.10; Darwin 16.7.0)]
      x-ms-client-request-id: [2c07024a-a7ae-11e7-811a-b8e8564491f6]
      x-ms-date: ['Mon, 02 Oct 2017 20:13:36 GMT']
      x-ms-version: ['2017-04-17']
    method: PUT
    uri: https://storagename.blob.core.windows.net/containerf7d9143c?restype=container
  response:
    body: {string: !!python/unicode ''}
    headers:
      date: ['Mon, 02 Oct 2017 20:13:36 GMT']
      etag: ['"0x8D509D21107E3C7"']
      last-modified: ['Mon, 02 Oct 2017 20:13:37 GMT']
      server: [Windows-Azure-Blob/1.0 Microsoft-HTTPAPI/2.0]
      transfer-encoding: [chunked]
      x-ms-request-id: [dd664979-001e-010b-3aba-3b0af5000000]
      x-ms-version: ['2017-04-17']
    status: {code: 201, message: Created}
- request:
    body: null
    headers:
      Connection: [keep-alive]
      Content-Length: ['0']
      User-Agent: [Azure-Storage/0.37.0-0.36.0 (Python CPython 2.7.10; Darwin 16.7.0)]
      x-ms-client-request-id: [2c1bda6b-a7ae-11e7-a0dc-b8e8564491f6]
      x-ms-date: ['Mon, 02 Oct 2017 20:13:36 GMT']
      x-ms-lease-action: [acquire]
      x-ms-lease-duration: ['15']
      x-ms-version: ['2017-04-17']
    method: PUT
    uri: https://storagename.blob.core.windows.net/containerf7d9143c?comp=lease&restype=container
  response:
    body: {string: !!python/unicode ''}
    headers:
      date: ['Mon, 02 Oct 2017 20:13:37 GMT']
      etag: ['"0x8D509D21107E3C7"']
      last-modified: ['Mon, 02 Oct 2017 20:13:37 GMT']
      server: [Windows-Azure-Blob/1.0 Microsoft-HTTPAPI/2.0]
      transfer-encoding: [chunked]
      x-ms-lease-id: [382036a1-6ada-4c03-9cbf-899b43b89f8a]
      x-ms-request-id: [dd664989-001e-010b-47ba-3b0af5000000]
      x-ms-version: ['2017-04-17']
    status: {code: 201, message: Created}
- request:
    body: null
    headers:
      Connection: [keep-alive]
      Content-Length: ['0']
      User-Agent: [Azure-Storage/0.37.0-0.36.0 (Python CPython 2.7.10; Darwin 16.7.0)]
      x-ms-client-request-id: [2c21f3b5-a7ae-11e7-b69b-b8e8564491f6]
      x-ms-date: ['Mon, 02 Oct 2017 20:13:36 GMT']
      x-ms-lease-action: [acquire]
      x-ms-lease-duration: ['-1']
      x-ms-version: ['2017-04-17']
    method: PUT
    uri: https://storagename.blob.core.windows.net/containerf7d9143c?comp=lease&restype=container
  response:
    body: {string: "\uFEFF<?xml version=\"1.0\" encoding=\"utf-8\"?><Error><Code>LeaseAlreadyPresent</Code><Message>There\
        \ is already a lease present.\nRequestId:dd66498e-001e-010b-4cba-3b0af5000000\n\
        Time:2017-10-02T20:13:37.7175631Z</Message></Error>"}
    headers:
      content-length: ['221']
      content-type: [application/xml]
      date: ['Mon, 02 Oct 2017 20:13:37 GMT']
      server: [Windows-Azure-Blob/1.0 Microsoft-HTTPAPI/2.0]
      x-ms-request-id: [dd66498e-001e-010b-4cba-3b0af5000000]
      x-ms-version: ['2017-04-17']
    status: {code: 409, message: There is already a lease present.}
- request:
    body: null
    headers:
      Connection: [keep-alive]
      Content-Length: ['0']
      User-Agent: [Azure-Storage/0.37.0-0.36.0 (Python CPython 2.7.10; Darwin 16.7.0)]
      x-ms-client-request-id: [3519a6f8-a7ae-11e7-a4a6-b8e8564491f6]
      x-ms-date: ['Mon, 02 Oct 2017 20:13:51 GMT']
      x-ms-lease-action: [acquire]
      x-ms-lease-duration: ['-1']
      x-ms-version: ['2017-04-17']
    method: PUT
    uri: https://storagename.blob.core.windows.net/containerf7d9143c?comp=lease&restype=container
  response:
    body: {string: !!python/unicode ''}
    headers:
      date: ['Mon, 02 Oct 2017 20:13:52 GMT']
      etag: ['"0x8D509D21107E3C7"']
      last-modified: ['Mon, 02 Oct 2017 20:13:37 GMT']
      server: [Windows-Azure-Blob/1.0 Microsoft-HTTPAPI/2.0]
      transfer-encoding: [chunked]
      x-ms-lease-id: [f46bfb7f-830b-4497-a865-60c33ee11ea9]
      x-ms-request-id: [dd665c9e-001e-010b-3fba-3b0af5000000]
      x-ms-version: ['2017-04-17']
    status: {code: 201, message: Created}
version: 1
