interactions:
- request:
    body: null
    headers:
      Connection: [keep-alive]
      Content-Length: ['0']
      User-Agent: [Azure-Storage/0.37.0-0.36.0 (Python CPython 2.7.10; Darwin 16.7.0)]
      x-ms-client-request-id: [28ef8ea8-a897-11e7-82f7-b8e8564491f6]
      x-ms-date: ['Wed, 04 Oct 2017 00:01:23 GMT']
      x-ms-version: ['2017-04-17']
    method: PUT
    uri: https://storagename.blob.core.windows.net/containerc01c0c5d?restype=container
  response:
    body: {string: !!python/unicode ''}
    headers:
      date: ['Wed, 04 Oct 2017 00:01:23 GMT']
      etag: ['"0x8D50ABB0D2447AA"']
      last-modified: ['Wed, 04 Oct 2017 00:01:23 GMT']
      server: [Windows-Azure-Blob/1.0 Microsoft-HTTPAPI/2.0]
      transfer-encoding: [chunked]
      x-ms-request-id: [dfe0e9a4-001e-0079-6ea3-3c3d9e000000]
      x-ms-version: ['2017-04-17']
    status: {code: 201, message: Created}
- request:
    body: !!python/unicode 'hello world'
    headers:
      Connection: [keep-alive]
      Content-Length: ['11']
      User-Agent: [Azure-Storage/0.37.0-0.36.0 (Python CPython 2.7.10; Darwin 16.7.0)]
      x-ms-blob-type: [BlockBlob]
      x-ms-client-request-id: [2903d71c-a897-11e7-8b57-b8e8564491f6]
      x-ms-date: ['Wed, 04 Oct 2017 00:01:23 GMT']
      x-ms-version: ['2017-04-17']
    method: PUT
    uri: https://storagename.blob.core.windows.net/containerc01c0c5d/blob1
  response:
    body: {string: !!python/unicode ''}
    headers:
      content-md5: [XrY7u+Ae7tCTyyK7j1rNww==]
      date: ['Wed, 04 Oct 2017 00:01:23 GMT']
      etag: ['"0x8D50ABB0D376912"']
      last-modified: ['Wed, 04 Oct 2017 00:01:23 GMT']
      server: [Windows-Azure-Blob/1.0 Microsoft-HTTPAPI/2.0]
      transfer-encoding: [chunked]
      x-ms-request-id: [dfe0e9b2-001e-0079-78a3-3c3d9e000000]
      x-ms-request-server-encrypted: ['true']
      x-ms-version: ['2017-04-17']
    status: {code: 201, message: Created}
- request:
    body: !!python/unicode 'hello world'
    headers:
      Connection: [keep-alive]
      Content-Length: ['11']
      User-Agent: [Azure-Storage/0.37.0-0.36.0 (Python CPython 2.7.10; Darwin 16.7.0)]
      x-ms-blob-type: [BlockBlob]
      x-ms-client-request-id: [290dc4cc-a897-11e7-bc63-b8e8564491f6]
      x-ms-date: ['Wed, 04 Oct 2017 00:01:24 GMT']
      x-ms-version: ['2017-04-17']
    method: PUT
    uri: https://storagename.blob.core.windows.net/containerc01c0c5d/blob2
  response:
    body: {string: !!python/unicode ''}
    headers:
      content-md5: [XrY7u+Ae7tCTyyK7j1rNww==]
      date: ['Wed, 04 Oct 2017 00:01:23 GMT']
      etag: ['"0x8D50ABB0D3F0B94"']
      last-modified: ['Wed, 04 Oct 2017 00:01:24 GMT']
      server: [Windows-Azure-Blob/1.0 Microsoft-HTTPAPI/2.0]
      transfer-encoding: [chunked]
      x-ms-request-id: [dfe0e9c1-001e-0079-05a3-3c3d9e000000]
      x-ms-request-server-encrypted: ['true']
      x-ms-version: ['2017-04-17']
    status: {code: 201, message: Created}
- request:
    body: null
    headers:
      Connection: [keep-alive]
      User-Agent: [Azure-Storage/0.37.0-0.36.0 (Python CPython 2.7.10; Darwin 16.7.0)]
      x-ms-client-request-id: [2913b76b-a897-11e7-abd3-b8e8564491f6]
      x-ms-date: ['Wed, 04 Oct 2017 00:01:24 GMT']
      x-ms-version: ['2017-04-17']
    method: GET
    uri: https://storagename.blob.core.windows.net/containerc01c0c5d?comp=list&restype=container
  response:
    body: {string: "\uFEFF<?xml version=\"1.0\" encoding=\"utf-8\"?><EnumerationResults\
        \ ServiceEndpoint=\"https://storagename.blob.core.windows.net/\" ContainerName=\"\
        containerc01c0c5d\"><Blobs><Blob><Name>blob1</Name><Properties><Last-Modified>Wed,\
        \ 04 Oct 2017 00:01:23 GMT</Last-Modified><Etag>0x8D50ABB0D376912</Etag><Content-Length>11</Content-Length><Content-Type>application/octet-stream</Content-Type><Content-Encoding\
        \ /><Content-Language /><Content-MD5>XrY7u+Ae7tCTyyK7j1rNww==</Content-MD5><Cache-Control\
        \ /><Content-Disposition /><BlobType>BlockBlob</BlobType><LeaseStatus>unlocked</LeaseStatus><LeaseState>available</LeaseState><ServerEncrypted>true</ServerEncrypted></Properties></Blob><Blob><Name>blob2</Name><Properties><Last-Modified>Wed,\
        \ 04 Oct 2017 00:01:24 GMT</Last-Modified><Etag>0x8D50ABB0D3F0B94</Etag><Content-Length>11</Content-Length><Content-Type>application/octet-stream</Content-Type><Content-Encoding\
        \ /><Content-Language /><Content-MD5>XrY7u+Ae7tCTyyK7j1rNww==</Content-MD5><Cache-Control\
        \ /><Content-Disposition /><BlobType>BlockBlob</BlobType><LeaseStatus>unlocked</LeaseStatus><LeaseState>available</LeaseState><ServerEncrypted>true</ServerEncrypted></Properties></Blob></Blobs><NextMarker\
        \ /></EnumerationResults>"}
    headers:
      content-type: [application/xml]
      date: ['Wed, 04 Oct 2017 00:01:23 GMT']
      server: [Windows-Azure-Blob/1.0 Microsoft-HTTPAPI/2.0]
      transfer-encoding: [chunked]
      vary: [Origin]
      x-ms-request-id: [dfe0e9d2-001e-0079-13a3-3c3d9e000000]
      x-ms-version: ['2017-04-17']
    status: {code: 200, message: OK}
version: 1
