interactions:
- request:
    body: null
    headers:
      Connection: [keep-alive]
      Content-Length: ['0']
      User-Agent: [Azure-Storage/1.0.0-1.0.0 (Python CPython 3.6.3; Darwin 17.3.0)]
      x-ms-client-request-id: [bdd98db4-fc9a-11e7-b814-b8e8564491f6]
      x-ms-date: ['Thu, 18 Jan 2018 21:58:39 GMT']
      x-ms-version: ['2017-04-17']
    method: PUT
    uri: https://storagename.blob.core.windows.net/utcontainer6ed41a8c?restype=container
  response:
    body: {string: ''}
    headers:
      Date: ['Thu, 18 Jan 2018 21:58:40 GMT']
      ETag: ['"0x8D55EBEA2A579FC"']
      Last-Modified: ['Thu, 18 Jan 2018 21:58:40 GMT']
      Server: [Windows-Azure-Blob/1.0 Microsoft-HTTPAPI/2.0]
      Transfer-Encoding: [chunked]
      x-ms-request-id: [161f74bb-001e-0110-21a7-902467000000]
      x-ms-version: ['2017-04-17']
    status: {code: 201, message: Created}
- request:
    body: hello world
    headers:
      Connection: [keep-alive]
      Content-Length: ['11']
      User-Agent: [Azure-Storage/1.0.0-1.0.0 (Python CPython 3.6.3; Darwin 17.3.0)]
      x-ms-blob-type: [BlockBlob]
      x-ms-client-request-id: [bdee2026-fc9a-11e7-aa63-b8e8564491f6]
      x-ms-date: ['Thu, 18 Jan 2018 21:58:39 GMT']
      x-ms-version: ['2017-04-17']
    method: PUT
    uri: https://storagename.blob.core.windows.net/utcontainer6ed41a8c/blob1
  response:
    body: {string: ''}
    headers:
      Content-MD5: [XrY7u+Ae7tCTyyK7j1rNww==]
      Date: ['Thu, 18 Jan 2018 21:58:40 GMT']
      ETag: ['"0x8D55EBEA1B90393"']
      Last-Modified: ['Thu, 18 Jan 2018 21:58:39 GMT']
      Server: [Windows-Azure-Blob/1.0 Microsoft-HTTPAPI/2.0]
      Transfer-Encoding: [chunked]
      x-ms-request-id: [161f74f6-001e-0110-59a7-902467000000]
      x-ms-request-server-encrypted: ['true']
      x-ms-version: ['2017-04-17']
    status: {code: 201, message: Created}
- request:
    body: null
    headers:
      Connection: [keep-alive]
      User-Agent: [Azure-Storage/1.0.0-1.0.0 (Python CPython 3.6.3; Darwin 17.3.0)]
      x-ms-client-request-id: [bdf55670-fc9a-11e7-a10d-b8e8564491f6]
      x-ms-date: ['Thu, 18 Jan 2018 21:58:40 GMT']
      x-ms-version: ['2017-04-17']
    method: HEAD
    uri: https://storagename.blob.core.windows.net/utcontainer6ed41a8c/blob1
  response:
    body: {string: ''}
    headers:
      Accept-Ranges: [bytes]
      Content-Length: ['11']
      Content-MD5: [XrY7u+Ae7tCTyyK7j1rNww==]
      Content-Type: [application/octet-stream]
      Date: ['Thu, 18 Jan 2018 21:58:40 GMT']
      ETag: ['"0x8D55EBEA1B90393"']
      Last-Modified: ['Thu, 18 Jan 2018 21:58:39 GMT']
      Server: [Windows-Azure-Blob/1.0 Microsoft-HTTPAPI/2.0]
      Vary: [Origin]
      x-ms-blob-type: [BlockBlob]
      x-ms-lease-state: [available]
      x-ms-lease-status: [unlocked]
      x-ms-request-id: [161f751a-001e-0110-78a7-902467000000]
      x-ms-server-encrypted: ['true']
      x-ms-version: ['2017-04-17']
    status: {code: 200, message: OK}
- request:
    body: hello world
    headers:
      Connection: [keep-alive]
      Content-Length: ['11']
      If-None-Match: ['"0x8D55EBEA1B90393"']
      User-Agent: [Azure-Storage/1.0.0-1.0.0 (Python CPython 3.6.3; Darwin 17.3.0)]
      x-ms-blob-type: [BlockBlob]
      x-ms-client-request-id: [bdfb1592-fc9a-11e7-a4e6-b8e8564491f6]
      x-ms-date: ['Thu, 18 Jan 2018 21:58:40 GMT']
      x-ms-version: ['2017-04-17']
    method: PUT
    uri: https://storagename.blob.core.windows.net/utcontainer6ed41a8c/blob1
  response:
    body: {string: "\uFEFF<?xml version=\"1.0\" encoding=\"utf-8\"?><Error><Code>ConditionNotMet</Code><Message>The
        condition specified using HTTP conditional header(s) is not met.\nRequestId:161f7537-001e-0110-13a7-902467000000\nTime:2018-01-18T21:58:40.9644732Z</Message></Error>"}
    headers:
      Content-Length: ['252']
      Content-Type: [application/xml]
      Date: ['Thu, 18 Jan 2018 21:58:40 GMT']
      Server: [Windows-Azure-Blob/1.0 Microsoft-HTTPAPI/2.0]
      x-ms-request-id: [161f7537-001e-0110-13a7-902467000000]
      x-ms-version: ['2017-04-17']
    status: {code: 412, message: The condition specified using HTTP conditional header(s)
        is not met.}
version: 1
