interactions:
- request:
    body: null
    headers:
      Connection: [keep-alive]
      Content-Length: ['0']
      User-Agent: [Azure-Storage/1.0.0-1.0.0 (Python CPython 3.6.3; Darwin 17.3.0)]
      x-ms-client-request-id: [89f5bcba-fc9b-11e7-a9d2-b8e8564491f6]
      x-ms-date: ['Thu, 18 Jan 2018 22:04:22 GMT']
      x-ms-meta-test1: [foo]
      x-ms-meta-test2: [bar]
      x-ms-version: ['2017-04-17']
    method: PUT
    uri: https://storagename.file.core.windows.net/utshare94911740/dir1?restype=directory
  response:
    body: {string: ''}
    headers:
      Date: ['Thu, 18 Jan 2018 22:04:21 GMT']
      ETag: ['"0x8D55EBF6E86A744"']
      Last-Modified: ['Thu, 18 Jan 2018 22:04:22 GMT']
      Server: [Windows-Azure-File/1.0 Microsoft-HTTPAPI/2.0]
      Transfer-Encoding: [chunked]
      x-ms-request-id: [5d4abb65-001a-00bc-60a8-9043a5000000]
      x-ms-request-server-encrypted: ['true']
      x-ms-version: ['2017-04-17']
    status: {code: 201, message: Created}
- request:
    body: null
    headers:
      Connection: [keep-alive]
      Content-Length: ['0']
      User-Agent: [Azure-Storage/1.0.0-1.0.0 (Python CPython 3.6.3; Darwin 17.3.0)]
      x-ms-client-request-id: [8a0ed02e-fc9b-11e7-ae9f-b8e8564491f6]
      x-ms-date: ['Thu, 18 Jan 2018 22:04:22 GMT']
      x-ms-version: ['2017-04-17']
    method: PUT
    uri: https://storagename.file.core.windows.net/utshare94911740?restype=share&comp=snapshot
  response:
    body: {string: ''}
    headers:
      Date: ['Thu, 18 Jan 2018 22:04:22 GMT']
      ETag: ['"0x8D55EBF6E27803B"']
      Last-Modified: ['Thu, 18 Jan 2018 22:04:22 GMT']
      Server: [Windows-Azure-File/1.0 Microsoft-HTTPAPI/2.0]
      Transfer-Encoding: [chunked]
      x-ms-request-id: [5d4abb67-001a-00bc-61a8-9043a5000000]
      x-ms-snapshot: ['2018-01-18T22:04:21.0000000Z']
      x-ms-version: ['2017-04-17']
    status: {code: 201, message: Created}
- request:
    body: null
    headers:
      Connection: [keep-alive]
      Content-Length: ['0']
      User-Agent: [Azure-Storage/1.0.0-1.0.0 (Python CPython 3.6.3; Darwin 17.3.0)]
      x-ms-client-request-id: [8a4c157e-fc9b-11e7-bb77-b8e8564491f6]
      x-ms-date: ['Thu, 18 Jan 2018 22:04:22 GMT']
      x-ms-meta-test100: [foo100]
      x-ms-meta-test200: [bar200]
      x-ms-version: ['2017-04-17']
    method: PUT
    uri: https://storagename.file.core.windows.net/utshare94911740/dir1?restype=directory&comp=metadata
  response:
    body: {string: ''}
    headers:
      Date: ['Thu, 18 Jan 2018 22:04:22 GMT']
      ETag: ['"0x8D55EBF6EC9B020"']
      Last-Modified: ['Thu, 18 Jan 2018 22:04:23 GMT']
      Server: [Windows-Azure-File/1.0 Microsoft-HTTPAPI/2.0]
      Transfer-Encoding: [chunked]
      x-ms-request-id: [5d4abb6a-001a-00bc-64a8-9043a5000000]
      x-ms-request-server-encrypted: ['true']
      x-ms-version: ['2017-04-17']
    status: {code: 200, message: OK}
- request:
    body: null
    headers:
      Connection: [keep-alive]
      User-Agent: [Azure-Storage/1.0.0-1.0.0 (Python CPython 3.6.3; Darwin 17.3.0)]
      x-ms-client-request-id: [8a51defa-fc9b-11e7-a35d-b8e8564491f6]
      x-ms-date: ['Thu, 18 Jan 2018 22:04:22 GMT']
      x-ms-version: ['2017-04-17']
    method: GET
    uri: https://storagename.file.core.windows.net/utshare94911740/dir1?restype=directory&comp=metadata&sharesnapshot=2018-01-18T22%3A04%3A21.0000000Z
  response:
    body: {string: ''}
    headers:
      Date: ['Thu, 18 Jan 2018 22:04:22 GMT']
      ETag: ['"0x8D55EBF6E86A744"']
      Last-Modified: ['Thu, 18 Jan 2018 22:04:22 GMT']
      Server: [Windows-Azure-File/1.0 Microsoft-HTTPAPI/2.0]
      Transfer-Encoding: [chunked]
      x-ms-meta-test1: [foo]
      x-ms-meta-test2: [bar]
      x-ms-request-id: [5d4abb6b-001a-00bc-65a8-9043a5000000]
      x-ms-version: ['2017-04-17']
    status: {code: 200, message: OK}
version: 1
