interactions:
- request:
    body: null
    headers:
      Accept: ['*/*']
      Accept-Encoding: ['gzip, deflate']
      Connection: [keep-alive]
      Content-Length: ['0']
      Content-Type: [application/octet-stream Charset=UTF-8]
      User-Agent: [pyazure/0.20.0]
      x-ms-date: ['Tue, 23 Jun 2015 00:56:34 GMT']
      x-ms-version: ['2014-02-14']
    method: PUT
    uri: https://storagename.blob.core.windows.net/utcontainera9121262?restype=container
  response:
    body: {string: ''}
    headers:
      Date: ['Tue, 23 Jun 2015 00:56:35 GMT']
      ETag: ['"0x8D27B6696908F0F"']
      Last-Modified: ['Tue, 23 Jun 2015 00:56:35 GMT']
      Server: [Windows-Azure-Blob/1.0 Microsoft-HTTPAPI/2.0]
      Transfer-Encoding: [chunked]
      x-ms-request-id: [48df854c-0001-0034-514f-ad0513000000]
      x-ms-version: ['2014-02-14']
    status: {code: 201, message: Created}
- request:
    body: null
    headers:
      Accept: ['*/*']
      Accept-Encoding: ['gzip, deflate']
      Connection: [keep-alive]
      Content-Length: ['0']
      Content-Type: [application/octet-stream Charset=UTF-8]
      User-Agent: [pyazure/0.20.0]
      x-ms-blob-public-access: [container]
      x-ms-date: ['Tue, 23 Jun 2015 00:56:35 GMT']
      x-ms-version: ['2014-02-14']
    method: PUT
    uri: https://storagename.blob.core.windows.net/utcontainera9121262?restype=container&comp=acl
  response:
    body: {string: ''}
    headers:
      Date: ['Tue, 23 Jun 2015 00:56:35 GMT']
      ETag: ['"0x8D27B6696908F10"']
      Last-Modified: ['Tue, 23 Jun 2015 00:56:35 GMT']
      Server: [Windows-Azure-Blob/1.0 Microsoft-HTTPAPI/2.0]
      Transfer-Encoding: [chunked]
      x-ms-request-id: [48df856b-0001-0034-6b4f-ad0513000000]
      x-ms-version: ['2014-02-14']
    status: {code: 200, message: OK}
- request:
    body: null
    headers:
      Accept: ['*/*']
      Accept-Encoding: ['gzip, deflate']
      Connection: [keep-alive]
      Content-Length: ['0']
      Content-Type: [application/octet-stream Charset=UTF-8]
      User-Agent: [pyazure/0.20.0]
      x-ms-date: ['Tue, 23 Jun 2015 00:56:35 GMT']
      x-ms-meta-hello: [world]
      x-ms-meta-number: ['42']
      x-ms-version: ['2014-02-14']
    method: PUT
    uri: https://storagename.blob.core.windows.net/utcontainera9121262?restype=container&comp=metadata
  response:
    body: {string: ''}
    headers:
      Date: ['Tue, 23 Jun 2015 00:56:35 GMT']
      ETag: ['"0x8D27B6696908F11"']
      Last-Modified: ['Tue, 23 Jun 2015 00:56:35 GMT']
      Server: [Windows-Azure-Blob/1.0 Microsoft-HTTPAPI/2.0]
      Transfer-Encoding: [chunked]
      x-ms-request-id: [48df857d-0001-0034-7d4f-ad0513000000]
      x-ms-version: ['2014-02-14']
    status: {code: 200, message: OK}
- request:
    body: null
    headers:
      Accept: ['*/*']
      Accept-Encoding: ['gzip, deflate']
      Connection: [keep-alive]
      Content-Length: ['0']
      Content-Type: [application/octet-stream Charset=UTF-8]
      User-Agent: [pyazure/0.20.0]
      x-ms-date: ['Tue, 23 Jun 2015 00:56:35 GMT']
      x-ms-lease-action: [acquire]
      x-ms-lease-duration: ['60']
      x-ms-version: ['2014-02-14']
    method: PUT
    uri: https://storagename.blob.core.windows.net/utcontainera9121262?restype=container&comp=lease
  response:
    body: {string: ''}
    headers:
      Date: ['Tue, 23 Jun 2015 00:56:35 GMT']
      ETag: ['"0x8D27B6696908F11"']
      Last-Modified: ['Tue, 23 Jun 2015 00:56:35 GMT']
      Server: [Windows-Azure-Blob/1.0 Microsoft-HTTPAPI/2.0]
      Transfer-Encoding: [chunked]
      x-ms-lease-id: [2881f65e-9ca9-4e21-8a1a-5596175b50ff]
      x-ms-request-id: [48df8589-0001-0034-084f-ad0513000000]
      x-ms-version: ['2014-02-14']
    status: {code: 201, message: Created}
- request:
    body: null
    headers:
      Accept: ['*/*']
      Accept-Encoding: ['gzip, deflate']
      Connection: [keep-alive]
      Content-Type: [application/octet-stream Charset=UTF-8]
      User-Agent: [pyazure/0.20.0]
      x-ms-date: ['Tue, 23 Jun 2015 00:56:35 GMT']
      x-ms-version: ['2014-02-14']
    method: GET
    uri: https://storagename.blob.core.windows.net/utcontainera9121262?restype=container&comp=metadata
  response:
    body: {string: ''}
    headers:
      Date: ['Tue, 23 Jun 2015 00:56:35 GMT']
      ETag: ['"0x8D27B6696908F11"']
      Last-Modified: ['Tue, 23 Jun 2015 00:56:35 GMT']
      Server: [Windows-Azure-Blob/1.0 Microsoft-HTTPAPI/2.0]
      Transfer-Encoding: [chunked]
      Vary: [Origin]
      x-ms-meta-hello: [world]
      x-ms-meta-number: ['42']
      x-ms-request-id: [48df8594-0001-0034-104f-ad0513000000]
      x-ms-version: ['2014-02-14']
    status: {code: 200, message: OK}
version: 1
