interactions:
- request:
    body: null
    headers:
      Connection: [keep-alive]
      Content-Length: ['0']
      User-Agent: [Azure-Storage/1.3.0-1.3.0 (Python CPython 3.6.3; Darwin 17.6.0)]
      x-ms-client-request-id: [fa4581a8-740d-11e8-a171-8cae4cee5322]
      x-ms-date: ['Tue, 19 Jun 2018 22:13:21 GMT']
      x-ms-version: ['2018-03-28']
    method: PUT
    uri: https://storagename.blob.core.windows.net/utcontainerddef1c49?restype=container
  response:
    body: {string: ''}
    headers:
      Date: ['Tue, 19 Jun 2018 22:13:21 GMT']
      ETag: ['"0x8D5D631DEA87CC3"']
      Last-Modified: ['Tue, 19 Jun 2018 22:13:22 GMT']
      Server: [Windows-Azure-Blob/1.0 Microsoft-HTTPAPI/2.0]
      Transfer-Encoding: [chunked]
      x-ms-request-id: [828586ca-601e-0000-421a-08923b000000]
      x-ms-version: ['2018-03-28']
    status: {code: 201, message: Created}
- request:
    body: hello world
    headers:
      Connection: [keep-alive]
      Content-Length: ['11']
      User-Agent: [Azure-Storage/1.3.0-1.3.0 (Python CPython 3.6.3; Darwin 17.6.0)]
      x-ms-blob-type: [BlockBlob]
      x-ms-client-request-id: [fa7cdcc2-740d-11e8-896c-8cae4cee5322]
      x-ms-date: ['Tue, 19 Jun 2018 22:13:22 GMT']
      x-ms-version: ['2018-03-28']
    method: PUT
    uri: https://storagename.blob.core.windows.net/utcontainerddef1c49/blob1
  response:
    body: {string: ''}
    headers:
      Content-MD5: [XrY7u+Ae7tCTyyK7j1rNww==]
      Date: ['Tue, 19 Jun 2018 22:13:21 GMT']
      ETag: ['"0x8D5D631DEB7ED16"']
      Last-Modified: ['Tue, 19 Jun 2018 22:13:22 GMT']
      Server: [Windows-Azure-Blob/1.0 Microsoft-HTTPAPI/2.0]
      Transfer-Encoding: [chunked]
      x-ms-content-crc64: [vo7q9sPVKY0=]
      x-ms-request-id: [828586cd-601e-0000-441a-08923b000000]
      x-ms-request-server-encrypted: ['true']
      x-ms-version: ['2018-03-28']
    status: {code: 201, message: Created}
- request:
    body: null
    headers:
      Connection: [keep-alive]
      If-Modified-Since: ['Tue, 19 Jun 2018 21:58:22 GMT']
      User-Agent: [Azure-Storage/1.3.0-1.3.0 (Python CPython 3.6.3; Darwin 17.6.0)]
      x-ms-client-request-id: [fa8c6ca8-740d-11e8-ae53-8cae4cee5322]
      x-ms-date: ['Tue, 19 Jun 2018 22:13:22 GMT']
      x-ms-version: ['2018-03-28']
    method: HEAD
    uri: https://storagename.blob.core.windows.net/utcontainerddef1c49/blob1
  response:
    body: {string: ''}
    headers:
      Accept-Ranges: [bytes]
      Content-Length: ['11']
      Content-MD5: [XrY7u+Ae7tCTyyK7j1rNww==]
      Content-Type: [application/octet-stream]
      Date: ['Tue, 19 Jun 2018 22:13:21 GMT']
      ETag: ['"0x8D5D631DEB7ED16"']
      Last-Modified: ['Tue, 19 Jun 2018 22:13:22 GMT']
      Server: [Windows-Azure-Blob/1.0 Microsoft-HTTPAPI/2.0]
      x-ms-access-tier: [Hot]
      x-ms-access-tier-inferred: ['true']
      x-ms-blob-type: [BlockBlob]
      x-ms-content-crc64: [vo7q9sPVKY0=]
      x-ms-creation-time: ['Tue, 19 Jun 2018 22:13:22 GMT']
      x-ms-lease-state: [available]
      x-ms-lease-status: [unlocked]
      x-ms-request-id: [828586ce-601e-0000-451a-08923b000000]
      x-ms-server-encrypted: ['true']
      x-ms-version: ['2018-03-28']
    status: {code: 200, message: OK}
- request:
    body: null
    headers:
      Connection: [keep-alive]
      Content-Length: ['0']
      User-Agent: [Azure-Storage/1.3.0-1.3.1 (Python CPython 3.6.4; Darwin 17.7.0)]
      x-ms-client-request-id: [13b5ca4c-8948-11e8-9dca-720000665300]
      x-ms-date: ['Mon, 16 Jul 2018 22:32:09 GMT']
      x-ms-version: ['2018-03-28']
    method: PUT
    uri: https://storagename.blob.core.windows.net/utcontainerddef1c49?restype=container
  response:
    body: {string: ''}
    headers:
      Date: ['Mon, 16 Jul 2018 22:32:09 GMT']
      ETag: ['"0x8D5EB6BF81A8031"']
      Last-Modified: ['Mon, 16 Jul 2018 22:32:09 GMT']
      Server: [Windows-Azure-Blob/1.0 Microsoft-HTTPAPI/2.0]
      Transfer-Encoding: [chunked]
      x-ms-request-id: [8ab28a79-601e-0000-5054-1d923b000000]
      x-ms-version: ['2018-03-28']
    status: {code: 201, message: Created}
- request:
    body: hello world
    headers:
      Connection: [keep-alive]
      Content-Length: ['11']
      User-Agent: [Azure-Storage/1.3.0-1.3.1 (Python CPython 3.6.4; Darwin 17.7.0)]
      x-ms-blob-type: [BlockBlob]
      x-ms-client-request-id: [13ede04c-8948-11e8-8287-720000665300]
      x-ms-date: ['Mon, 16 Jul 2018 22:32:09 GMT']
      x-ms-version: ['2018-03-28']
    method: PUT
    uri: https://storagename.blob.core.windows.net/utcontainerddef1c49/blob1
  response:
    body: {string: ''}
    headers:
      Content-MD5: [XrY7u+Ae7tCTyyK7j1rNww==]
      Date: ['Mon, 16 Jul 2018 22:32:09 GMT']
      ETag: ['"0x8D5EB6BF82A9152"']
      Last-Modified: ['Mon, 16 Jul 2018 22:32:10 GMT']
      Server: [Windows-Azure-Blob/1.0 Microsoft-HTTPAPI/2.0]
      Transfer-Encoding: [chunked]
      x-ms-request-id: [8ab28a7b-601e-0000-5154-1d923b000000]
      x-ms-request-server-encrypted: ['true']
      x-ms-version: ['2018-03-28']
    status: {code: 201, message: Created}
- request:
    body: null
    headers:
      Connection: [keep-alive]
      If-Modified-Since: ['Mon, 16 Jul 2018 22:17:10 GMT']
      User-Agent: [Azure-Storage/1.3.0-1.3.1 (Python CPython 3.6.4; Darwin 17.7.0)]
      x-ms-client-request-id: [13fd5178-8948-11e8-9fd1-720000665300]
      x-ms-date: ['Mon, 16 Jul 2018 22:32:10 GMT']
      x-ms-version: ['2018-03-28']
    method: HEAD
    uri: https://storagename.blob.core.windows.net/utcontainerddef1c49/blob1
  response:
    body: {string: ''}
    headers:
      Accept-Ranges: [bytes]
      Content-Length: ['11']
      Content-MD5: [XrY7u+Ae7tCTyyK7j1rNww==]
      Content-Type: [application/octet-stream]
      Date: ['Mon, 16 Jul 2018 22:32:09 GMT']
      ETag: ['"0x8D5EB6BF82A9152"']
      Last-Modified: ['Mon, 16 Jul 2018 22:32:10 GMT']
      Server: [Windows-Azure-Blob/1.0 Microsoft-HTTPAPI/2.0]
      Vary: [Origin]
      x-ms-access-tier: [Hot]
      x-ms-access-tier-inferred: ['true']
      x-ms-blob-type: [BlockBlob]
      x-ms-creation-time: ['Mon, 16 Jul 2018 22:32:10 GMT']
      x-ms-lease-state: [available]
      x-ms-lease-status: [unlocked]
      x-ms-request-id: [8ab28a7d-601e-0000-5354-1d923b000000]
      x-ms-server-encrypted: ['true']
      x-ms-version: ['2018-03-28']
    status: {code: 200, message: OK}
version: 1
