interactions:
- request:
    body: null
    headers:
      Connection: [keep-alive]
      Content-Length: ['0']
      User-Agent: [Azure-Storage/0.37.0-0.36.0 (Python CPython 2.7.10; Darwin 16.7.0)]
      x-ms-client-request-id: [f919554f-a897-11e7-a1eb-b8e8564491f6]
      x-ms-date: ['Wed, 04 Oct 2017 00:07:13 GMT']
      x-ms-version: ['2017-04-17']
    method: PUT
    uri: https://storagename.file.core.windows.net/shared5714c8?restype=share
  response:
    body: {string: !!python/unicode ''}
    headers:
      date: ['Wed, 04 Oct 2017 00:07:13 GMT']
      etag: ['"0x8D50ABBDD6B66FA"']
      last-modified: ['Wed, 04 Oct 2017 00:07:13 GMT']
      server: [Windows-Azure-File/1.0 Microsoft-HTTPAPI/2.0]
      transfer-encoding: [chunked]
      x-ms-request-id: [adf7d9de-001a-0066-41a4-3ce68e000000]
      x-ms-version: ['2017-04-17']
    status: {code: 201, message: Created}
- request:
    body: null
    headers:
      Connection: [keep-alive]
      Content-Length: ['0']
      User-Agent: [Azure-Storage/0.37.0-0.36.0 (Python CPython 2.7.10; Darwin 16.7.0)]
      x-ms-client-request-id: [f92cb530-a897-11e7-899d-b8e8564491f6]
      x-ms-date: ['Wed, 04 Oct 2017 00:07:13 GMT']
      x-ms-meta-hello: [world]
      x-ms-meta-number: ['42']
      x-ms-version: ['2017-04-17']
    method: PUT
    uri: https://storagename.file.core.windows.net/shared5714c8?comp=metadata&restype=share
  response:
    body: {string: !!python/unicode ''}
    headers:
      date: ['Wed, 04 Oct 2017 00:07:13 GMT']
      etag: ['"0x8D50ABBDD6B66FB"']
      last-modified: ['Wed, 04 Oct 2017 00:07:13 GMT']
      server: [Windows-Azure-File/1.0 Microsoft-HTTPAPI/2.0]
      transfer-encoding: [chunked]
      x-ms-request-id: [adf7d9e1-001a-0066-42a4-3ce68e000000]
      x-ms-version: ['2017-04-17']
    status: {code: 200, message: OK}
- request:
    body: null
    headers:
      Connection: [keep-alive]
      Content-Length: ['0']
      User-Agent: [Azure-Storage/0.37.0-0.36.0 (Python CPython 2.7.10; Darwin 16.7.0)]
      x-ms-client-request-id: [f938e954-a897-11e7-a6a0-b8e8564491f6]
      x-ms-date: ['Wed, 04 Oct 2017 00:07:13 GMT']
      x-ms-version: ['2017-04-17']
    method: PUT
    uri: https://storagename.file.core.windows.net/shared5714c8?comp=snapshot&restype=share
  response:
    body: {string: !!python/unicode ''}
    headers:
      date: ['Wed, 04 Oct 2017 00:07:13 GMT']
      etag: ['"0x8D50ABBDD6B66FB"']
      last-modified: ['Wed, 04 Oct 2017 00:07:13 GMT']
      server: [Windows-Azure-File/1.0 Microsoft-HTTPAPI/2.0]
      transfer-encoding: [chunked]
      x-ms-request-id: [adf7d9e2-001a-0066-43a4-3ce68e000000]
      x-ms-snapshot: ['2017-10-04T00:07:13.0000000Z']
      x-ms-version: ['2017-04-17']
    status: {code: 201, message: Created}
- request:
    body: null
    headers:
      Connection: [keep-alive]
      Content-Length: ['0']
      User-Agent: [Azure-Storage/0.37.0-0.36.0 (Python CPython 2.7.10; Darwin 16.7.0)]
      x-ms-client-request-id: [f978e499-a897-11e7-a787-b8e8564491f6]
      x-ms-date: ['Wed, 04 Oct 2017 00:07:13 GMT']
      x-ms-meta-hello: [world]
      x-ms-meta-number: ['42']
      x-ms-meta-testy: [goodbye]
      x-ms-version: ['2017-04-17']
    method: PUT
    uri: https://storagename.file.core.windows.net/shared5714c8?comp=metadata&restype=share
  response:
    body: {string: !!python/unicode ''}
    headers:
      date: ['Wed, 04 Oct 2017 00:07:13 GMT']
      etag: ['"0x8D50ABBDD83C8FE"']
      last-modified: ['Wed, 04 Oct 2017 00:07:13 GMT']
      server: [Windows-Azure-File/1.0 Microsoft-HTTPAPI/2.0]
      transfer-encoding: [chunked]
      x-ms-request-id: [adf7d9e3-001a-0066-44a4-3ce68e000000]
      x-ms-version: ['2017-04-17']
    status: {code: 200, message: OK}
- request:
    body: null
    headers:
      Connection: [keep-alive]
      User-Agent: [Azure-Storage/0.37.0-0.36.0 (Python CPython 2.7.10; Darwin 16.7.0)]
      x-ms-client-request-id: [f97e4775-a897-11e7-b430-b8e8564491f6]
      x-ms-date: ['Wed, 04 Oct 2017 00:07:13 GMT']
      x-ms-version: ['2017-04-17']
    method: GET
    uri: https://storagename.file.core.windows.net/shared5714c8?sharesnapshot=2017-10-04T00%3A07%3A13.0000000Z&restype=share
  response:
    body: {string: !!python/unicode ''}
    headers:
      date: ['Wed, 04 Oct 2017 00:07:13 GMT']
      etag: ['"0x8D50ABBDD6B66FB"']
      last-modified: ['Wed, 04 Oct 2017 00:07:13 GMT']
      server: [Windows-Azure-File/1.0 Microsoft-HTTPAPI/2.0]
      transfer-encoding: [chunked]
      x-ms-meta-hello: [world]
      x-ms-meta-number: ['42']
      x-ms-request-id: [adf7d9e4-001a-0066-45a4-3ce68e000000]
      x-ms-share-quota: ['5120']
      x-ms-version: ['2017-04-17']
    status: {code: 200, message: OK}
version: 1
