interactions:
- request:
    body: null
    headers:
      Connection: [keep-alive]
      Content-Length: ['0']
      User-Agent: [Azure-Storage/0.37.0-0.36.0 (Python CPython 2.7.10; Darwin 16.7.0)]
      x-ms-client-request-id: [89cf5dae-a7ad-11e7-8c42-b8e8564491f6]
      x-ms-date: ['Mon, 02 Oct 2017 20:09:04 GMT']
      x-ms-version: ['2017-04-17']
    method: PUT
    uri: https://storagename.blob.core.windows.net/utcontainer732b1e50?restype=container
  response:
    body: {string: !!python/unicode ''}
    headers:
      date: ['Mon, 02 Oct 2017 20:09:04 GMT']
      etag: ['"0x8D509D16EA81B4E"']
      last-modified: ['Mon, 02 Oct 2017 20:09:05 GMT']
      server: [Windows-Azure-Blob/1.0 Microsoft-HTTPAPI/2.0]
      transfer-encoding: [chunked]
      x-ms-request-id: [33627c36-001e-0127-6bba-3b88c8000000]
      x-ms-version: ['2017-04-17']
    status: {code: 201, message: Created}
- request:
    body: !!python/unicode 'hello world'
    headers:
      Connection: [keep-alive]
      Content-Length: ['11']
      User-Agent: [Azure-Storage/0.37.0-0.36.0 (Python CPython 2.7.10; Darwin 16.7.0)]
      x-ms-blob-type: [BlockBlob]
      x-ms-client-request-id: [89e4a3bd-a7ad-11e7-ba70-b8e8564491f6]
      x-ms-date: ['Mon, 02 Oct 2017 20:09:04 GMT']
      x-ms-version: ['2017-04-17']
    method: PUT
    uri: https://storagename.blob.core.windows.net/utcontainer732b1e50/blob1
  response:
    body: {string: !!python/unicode ''}
    headers:
      content-md5: [XrY7u+Ae7tCTyyK7j1rNww==]
      date: ['Mon, 02 Oct 2017 20:09:04 GMT']
      etag: ['"0x8D509D16ED6387A"']
      last-modified: ['Mon, 02 Oct 2017 20:09:05 GMT']
      server: [Windows-Azure-Blob/1.0 Microsoft-HTTPAPI/2.0]
      transfer-encoding: [chunked]
      x-ms-request-id: [33627c51-001e-0127-7fba-3b88c8000000]
      x-ms-request-server-encrypted: ['true']
      x-ms-version: ['2017-04-17']
    status: {code: 201, message: Created}
- request:
    body: null
    headers:
      Connection: [keep-alive]
      Content-Length: ['0']
      If-Modified-Since: ['Mon, 02 Oct 2017 20:24:04 GMT']
      User-Agent: [Azure-Storage/0.37.0-0.36.0 (Python CPython 2.7.10; Darwin 16.7.0)]
      x-ms-blob-content-disposition: [inline]
      x-ms-blob-content-language: [spanish]
      x-ms-client-request-id: [89eac230-a7ad-11e7-8e2e-b8e8564491f6]
      x-ms-date: ['Mon, 02 Oct 2017 20:09:04 GMT']
      x-ms-version: ['2017-04-17']
    method: PUT
    uri: https://storagename.blob.core.windows.net/utcontainer732b1e50/blob1?comp=properties
  response:
    body: {string: "\uFEFF<?xml version=\"1.0\" encoding=\"utf-8\"?><Error><Code>ConditionNotMet</Code><Message>The\
        \ condition specified using HTTP conditional header(s) is not met.\nRequestId:33627c6e-001e-0127-17ba-3b88c8000000\n\
        Time:2017-10-02T20:09:05.2939419Z</Message></Error>"}
    headers:
      content-length: ['252']
      content-type: [application/xml]
      date: ['Mon, 02 Oct 2017 20:09:04 GMT']
      server: [Windows-Azure-Blob/1.0 Microsoft-HTTPAPI/2.0]
      x-ms-request-id: [33627c6e-001e-0127-17ba-3b88c8000000]
      x-ms-version: ['2017-04-17']
    status: {code: 412, message: The condition specified using HTTP conditional header(s)
        is not met.}
version: 1
