interactions:
- request:
    body: null
    headers:
      Connection: [keep-alive]
      Content-Length: ['0']
      User-Agent: [Azure-Storage/0.36.0 (Python CPython 2.7.10; Darwin 16.7.0)]
      x-ms-client-request-id: [95341223-9f68-11e7-a08b-b8e8564491f6]
      x-ms-date: ['Fri, 22 Sep 2017 07:35:18 GMT']
      x-ms-version: ['2017-04-17']
    method: PUT
    uri: https://storagename.file.core.windows.net/utshare6c0b16b0?comp=snapshot&restype=share
  response:
    body: {string: !!python/unicode ''}
    headers:
      date: ['Fri, 22 Sep 2017 07:35:18 GMT']
      etag: ['"0x8D5018C797B4990"']
      last-modified: ['Fri, 22 Sep 2017 07:35:18 GMT']
      server: [Windows-Azure-File/1.0 Microsoft-HTTPAPI/2.0]
      transfer-encoding: [chunked]
      x-ms-request-id: [7ae94dac-001a-0038-4c75-3336fb000000]
      x-ms-snapshot: ['2017-09-22T07:35:18.0000000Z']
      x-ms-version: ['2017-04-17']
    status: {code: 201, message: Created}
- request:
    body: null
    headers:
      Connection: [keep-alive]
      Content-Length: ['0']
      User-Agent: [Azure-Storage/0.36.0 (Python CPython 2.7.10; Darwin 16.7.0)]
      x-ms-client-request-id: [9570a997-9f68-11e7-a5d2-b8e8564491f6]
      x-ms-date: ['Fri, 22 Sep 2017 07:35:19 GMT']
      x-ms-version: ['2017-04-17']
    method: PUT
    uri: https://storagename.file.core.windows.net/utshare6c0b16b0/dir1?restype=directory
  response:
    body: {string: !!python/unicode ''}
    headers:
      date: ['Fri, 22 Sep 2017 07:35:18 GMT']
      etag: ['"0x8D5018C79B8B975"']
      last-modified: ['Fri, 22 Sep 2017 07:35:19 GMT']
      server: [Windows-Azure-File/1.0 Microsoft-HTTPAPI/2.0]
      transfer-encoding: [chunked]
      x-ms-request-id: [7ae94db2-001a-0038-5075-3336fb000000]
      x-ms-request-server-encrypted: ['false']
      x-ms-version: ['2017-04-17']
    status: {code: 201, message: Created}
- request:
    body: null
    headers:
      Connection: [keep-alive]
      User-Agent: [Azure-Storage/0.36.0 (Python CPython 2.7.10; Darwin 16.7.0)]
      x-ms-client-request-id: [958389e3-9f68-11e7-8e67-b8e8564491f6]
      x-ms-date: ['Fri, 22 Sep 2017 07:35:19 GMT']
      x-ms-version: ['2017-04-17']
    method: GET
    uri: https://storagename.file.core.windows.net/utshare6c0b16b0/dir1?sharesnapshot=2017-09-22T07%3A35%3A18.0000000Z&restype=directory
  response:
    body: {string: "\uFEFF<?xml version=\"1.0\" encoding=\"utf-8\"?><Error><Code>ResourceNotFound</Code><Message>The\
        \ specified resource does not exist.\nRequestId:7ae94db5-001a-0038-5375-3336fb000000\n\
        Time:2017-09-22T07:35:19.1244978Z</Message></Error>"}
    headers:
      content-length: ['223']
      content-type: [application/xml]
      date: ['Fri, 22 Sep 2017 07:35:18 GMT']
      server: [Windows-Azure-File/1.0 Microsoft-HTTPAPI/2.0]
      x-ms-request-id: [7ae94db5-001a-0038-5375-3336fb000000]
      x-ms-version: ['2017-04-17']
    status: {code: 404, message: The specified resource does not exist.}
version: 1
