interactions:
- request:
    body: null
    headers:
      Connection: [keep-alive]
      Content-Length: ['0']
      User-Agent: [Azure-Storage/0.36.0 (Python CPython 3.6.1; Darwin 16.7.0)]
      x-ms-client-request-id: [6b8ac008-8785-11e7-b63c-b8e8564491f6]
      x-ms-date: ['Tue, 22 Aug 2017 22:01:16 GMT']
      x-ms-version: ['2017-04-17']
    method: PUT
    uri: https://storagename.blob.core.windows.net/containerabb4177f?restype=container
  response:
    body: {string: ''}
    headers:
      Date: ['Tue, 22 Aug 2017 22:01:16 GMT']
      ETag: ['"0x8D4E9A94FED3ABB"']
      Last-Modified: ['Tue, 22 Aug 2017 22:01:16 GMT']
      Server: [Windows-Azure-Blob/1.0 Microsoft-HTTPAPI/2.0]
      Transfer-Encoding: [chunked]
      x-ms-request-id: [9732be4c-0001-00d3-5192-1beb71000000]
      x-ms-version: ['2017-04-17']
    status: {code: 201, message: Created}
- request:
    body: null
    headers:
      Connection: [keep-alive]
      Content-Length: ['0']
      User-Agent: [Azure-Storage/0.36.0 (Python CPython 3.6.1; Darwin 16.7.0)]
      x-ms-client-request-id: [6b9fc052-8785-11e7-9514-b8e8564491f6]
      x-ms-date: ['Tue, 22 Aug 2017 22:01:16 GMT']
      x-ms-meta-hello: [world]
      x-ms-meta-number: ['42']
      x-ms-version: ['2017-04-17']
    method: PUT
    uri: https://storagename.blob.core.windows.net/containerabb4177f?restype=container&comp=metadata
  response:
    body: {string: ''}
    headers:
      Date: ['Tue, 22 Aug 2017 22:01:16 GMT']
      ETag: ['"0x8D4E9A94FED3ABC"']
      Last-Modified: ['Tue, 22 Aug 2017 22:01:16 GMT']
      Server: [Windows-Azure-Blob/1.0 Microsoft-HTTPAPI/2.0]
      Transfer-Encoding: [chunked]
      x-ms-request-id: [9732be63-0001-00d3-6292-1beb71000000]
      x-ms-version: ['2017-04-17']
    status: {code: 200, message: OK}
- request:
    body: null
    headers:
      Connection: [keep-alive]
      User-Agent: [Azure-Storage/0.36.0 (Python CPython 3.6.1; Darwin 16.7.0)]
      x-ms-client-request-id: [6baaa79c-8785-11e7-af22-b8e8564491f6]
      x-ms-date: ['Tue, 22 Aug 2017 22:01:16 GMT']
      x-ms-version: ['2017-04-17']
    method: GET
    uri: https://storagename.blob.core.windows.net/?comp=list&prefix=containerabb4177f&include=metadata
  response:
    body: {string: "\uFEFF<?xml version=\"1.0\" encoding=\"utf-8\"?><EnumerationResults\
        \ ServiceEndpoint=\"https://storagename.blob.core.windows.net/\"><Prefix>containerabb4177f</Prefix><Containers><Container><Name>containerabb4177f</Name><Properties><Last-Modified>Tue,\
        \ 22 Aug 2017 22:01:16 GMT</Last-Modified><Etag>\"0x8D4E9A94FED3ABC\"</Etag><LeaseStatus>unlocked</LeaseStatus><LeaseState>available</LeaseState></Properties><Metadata><hello>world</hello><number>42</number></Metadata></Container></Containers><NextMarker\
        \ /></EnumerationResults>"}
    headers:
      Content-Type: [application/xml]
      Date: ['Tue, 22 Aug 2017 22:01:16 GMT']
      Server: [Windows-Azure-Blob/1.0 Microsoft-HTTPAPI/2.0]
      Transfer-Encoding: [chunked]
      Vary: [Origin]
      x-ms-request-id: [9732be79-0001-00d3-7792-1beb71000000]
      x-ms-version: ['2017-04-17']
    status: {code: 200, message: OK}
version: 1
