interactions:
- request:
    body: null
    headers:
      Connection: [keep-alive]
      Content-Length: ['0']
      User-Agent: [Azure-Storage/1.3.0-1.3.0 (Python CPython 3.6.3; Darwin 17.6.0)]
      x-ms-client-request-id: [e94014c6-740d-11e8-a055-8cae4cee5322]
      x-ms-date: ['Tue, 19 Jun 2018 22:12:53 GMT']
      x-ms-version: ['2018-03-28']
    method: PUT
    uri: https://storagename.blob.core.windows.net/utcontainer51c91a1c?restype=container
  response:
    body: {string: ''}
    headers:
      Date: ['Tue, 19 Jun 2018 22:12:52 GMT']
      ETag: ['"0x8D5D631CDA1AE9F"']
      Last-Modified: ['Tue, 19 Jun 2018 22:12:53 GMT']
      Server: [Windows-Azure-Blob/1.0 Microsoft-HTTPAPI/2.0]
      Transfer-Encoding: [chunked]
      x-ms-request-id: [fff035aa-501e-0024-2c1a-08649b000000]
      x-ms-version: ['2018-03-28']
    status: {code: 201, message: Created}
- request:
    body: null
    headers:
      Connection: [keep-alive]
      Content-Length: ['0']
      User-Agent: [Azure-Storage/1.3.0-1.3.0 (Python CPython 3.6.3; Darwin 17.6.0)]
      x-ms-blob-type: [AppendBlob]
      x-ms-client-request-id: [e976609c-740d-11e8-b2fa-8cae4cee5322]
      x-ms-date: ['Tue, 19 Jun 2018 22:12:53 GMT']
      x-ms-version: ['2018-03-28']
    method: PUT
    uri: https://storagename.blob.core.windows.net/utcontainer51c91a1c/blob1
  response:
    body: {string: ''}
    headers:
      Date: ['Tue, 19 Jun 2018 22:12:53 GMT']
      ETag: ['"0x8D5D631CDD8EA41"']
      Last-Modified: ['Tue, 19 Jun 2018 22:12:53 GMT']
      Server: [Windows-Azure-Blob/1.0 Microsoft-HTTPAPI/2.0]
      Transfer-Encoding: [chunked]
      x-ms-request-id: [fcfbec96-501e-0046-031a-08a6bc000000]
      x-ms-request-server-encrypted: ['true']
      x-ms-version: ['2018-03-28']
    status: {code: 201, message: Created}
- request:
    body: block 0
    headers:
      Connection: [keep-alive]
      Content-Length: ['7']
      If-None-Match: ['0x8D2C9167D53FC2C']
      User-Agent: [Azure-Storage/1.3.0-1.3.0 (Python CPython 3.6.3; Darwin 17.6.0)]
      x-ms-client-request-id: [e9ad5e9e-740d-11e8-9b40-8cae4cee5322]
      x-ms-date: ['Tue, 19 Jun 2018 22:12:53 GMT']
      x-ms-version: ['2018-03-28']
    method: PUT
    uri: https://storagename.blob.core.windows.net/utcontainer51c91a1c/blob1?comp=appendblock
  response:
    body: {string: ''}
    headers:
      Date: ['Tue, 19 Jun 2018 22:12:53 GMT']
      ETag: ['"0x8D5D631CDE851C1"']
      Last-Modified: ['Tue, 19 Jun 2018 22:12:53 GMT']
      Server: [Windows-Azure-Blob/1.0 Microsoft-HTTPAPI/2.0]
      Transfer-Encoding: [chunked]
      x-ms-blob-append-offset: ['0']
      x-ms-blob-committed-block-count: ['1']
      x-ms-request-id: [fcfbec98-501e-0046-041a-08a6bc000000]
      x-ms-request-server-encrypted: ['true']
      x-ms-version: ['2018-03-28']
    status: {code: 201, message: Created}
- request:
    body: block 1
    headers:
      Connection: [keep-alive]
      Content-Length: ['7']
      If-None-Match: ['0x8D2C9167D53FC2C']
      User-Agent: [Azure-Storage/1.3.0-1.3.0 (Python CPython 3.6.3; Darwin 17.6.0)]
      x-ms-client-request-id: [e9bc70d2-740d-11e8-af7c-8cae4cee5322]
      x-ms-date: ['Tue, 19 Jun 2018 22:12:53 GMT']
      x-ms-version: ['2018-03-28']
    method: PUT
    uri: https://storagename.blob.core.windows.net/utcontainer51c91a1c/blob1?comp=appendblock
  response:
    body: {string: ''}
    headers:
      Date: ['Tue, 19 Jun 2018 22:12:53 GMT']
      ETag: ['"0x8D5D631CDF6D0D3"']
      Last-Modified: ['Tue, 19 Jun 2018 22:12:54 GMT']
      Server: [Windows-Azure-Blob/1.0 Microsoft-HTTPAPI/2.0]
      Transfer-Encoding: [chunked]
      x-ms-blob-append-offset: ['7']
      x-ms-blob-committed-block-count: ['2']
      x-ms-request-id: [fcfbec9a-501e-0046-051a-08a6bc000000]
      x-ms-request-server-encrypted: ['true']
      x-ms-version: ['2018-03-28']
    status: {code: 201, message: Created}
- request:
    body: block 2
    headers:
      Connection: [keep-alive]
      Content-Length: ['7']
      If-None-Match: ['0x8D2C9167D53FC2C']
      User-Agent: [Azure-Storage/1.3.0-1.3.0 (Python CPython 3.6.3; Darwin 17.6.0)]
      x-ms-client-request-id: [e9cb25c8-740d-11e8-b399-8cae4cee5322]
      x-ms-date: ['Tue, 19 Jun 2018 22:12:54 GMT']
      x-ms-version: ['2018-03-28']
    method: PUT
    uri: https://storagename.blob.core.windows.net/utcontainer51c91a1c/blob1?comp=appendblock
  response:
    body: {string: ''}
    headers:
      Date: ['Tue, 19 Jun 2018 22:12:53 GMT']
      ETag: ['"0x8D5D631CE0576B7"']
      Last-Modified: ['Tue, 19 Jun 2018 22:12:54 GMT']
      Server: [Windows-Azure-Blob/1.0 Microsoft-HTTPAPI/2.0]
      Transfer-Encoding: [chunked]
      x-ms-blob-append-offset: ['14']
      x-ms-blob-committed-block-count: ['3']
      x-ms-request-id: [fcfbec9c-501e-0046-071a-08a6bc000000]
      x-ms-request-server-encrypted: ['true']
      x-ms-version: ['2018-03-28']
    status: {code: 201, message: Created}
- request:
    body: block 3
    headers:
      Connection: [keep-alive]
      Content-Length: ['7']
      If-None-Match: ['0x8D2C9167D53FC2C']
      User-Agent: [Azure-Storage/1.3.0-1.3.0 (Python CPython 3.6.3; Darwin 17.6.0)]
      x-ms-client-request-id: [e9d9d046-740d-11e8-88ad-8cae4cee5322]
      x-ms-date: ['Tue, 19 Jun 2018 22:12:54 GMT']
      x-ms-version: ['2018-03-28']
    method: PUT
    uri: https://storagename.blob.core.windows.net/utcontainer51c91a1c/blob1?comp=appendblock
  response:
    body: {string: ''}
    headers:
      Date: ['Tue, 19 Jun 2018 22:12:53 GMT']
      ETag: ['"0x8D5D631CE146ADE"']
      Last-Modified: ['Tue, 19 Jun 2018 22:12:54 GMT']
      Server: [Windows-Azure-Blob/1.0 Microsoft-HTTPAPI/2.0]
      Transfer-Encoding: [chunked]
      x-ms-blob-append-offset: ['21']
      x-ms-blob-committed-block-count: ['4']
      x-ms-request-id: [fcfbeca1-501e-0046-0a1a-08a6bc000000]
      x-ms-request-server-encrypted: ['true']
      x-ms-version: ['2018-03-28']
    status: {code: 201, message: Created}
- request:
    body: block 4
    headers:
      Connection: [keep-alive]
      Content-Length: ['7']
      If-None-Match: ['0x8D2C9167D53FC2C']
      User-Agent: [Azure-Storage/1.3.0-1.3.0 (Python CPython 3.6.3; Darwin 17.6.0)]
      x-ms-client-request-id: [e9e8ef2c-740d-11e8-8706-8cae4cee5322]
      x-ms-date: ['Tue, 19 Jun 2018 22:12:54 GMT']
      x-ms-version: ['2018-03-28']
    method: PUT
    uri: https://storagename.blob.core.windows.net/utcontainer51c91a1c/blob1?comp=appendblock
  response:
    body: {string: ''}
    headers:
      Date: ['Tue, 19 Jun 2018 22:12:53 GMT']
      ETag: ['"0x8D5D631CE23AD1A"']
      Last-Modified: ['Tue, 19 Jun 2018 22:12:54 GMT']
      Server: [Windows-Azure-Blob/1.0 Microsoft-HTTPAPI/2.0]
      Transfer-Encoding: [chunked]
      x-ms-blob-append-offset: ['28']
      x-ms-blob-committed-block-count: ['5']
      x-ms-request-id: [fcfbeca2-501e-0046-0b1a-08a6bc000000]
      x-ms-request-server-encrypted: ['true']
      x-ms-version: ['2018-03-28']
    status: {code: 201, message: Created}
- request:
    body: null
    headers:
      Connection: [keep-alive]
      User-Agent: [Azure-Storage/1.3.0-1.3.0 (Python CPython 3.6.3; Darwin 17.6.0)]
      x-ms-client-request-id: [e9f8229e-740d-11e8-8c2b-8cae4cee5322]
      x-ms-date: ['Tue, 19 Jun 2018 22:12:54 GMT']
      x-ms-range: [bytes=0-33554431]
      x-ms-version: ['2018-03-28']
    method: GET
    uri: https://storagename.blob.core.windows.net/utcontainer51c91a1c/blob1
  response:
    body: {string: block 0block 1block 2block 3block 4}
    headers:
      Accept-Ranges: [bytes]
      Content-Length: ['35']
      Content-Range: [bytes 0-34/35]
      Content-Type: [application/octet-stream]
      Date: ['Tue, 19 Jun 2018 22:12:53 GMT']
      ETag: ['"0x8D5D631CE23AD1A"']
      Last-Modified: ['Tue, 19 Jun 2018 22:12:54 GMT']
      Server: [Windows-Azure-Blob/1.0 Microsoft-HTTPAPI/2.0]
      x-ms-blob-committed-block-count: ['5']
      x-ms-blob-type: [AppendBlob]
      x-ms-creation-time: ['Tue, 19 Jun 2018 22:12:53 GMT']
      x-ms-lease-state: [available]
      x-ms-lease-status: [unlocked]
      x-ms-request-id: [fff035c2-501e-0024-3c1a-08649b000000]
      x-ms-server-encrypted: ['true']
      x-ms-version: ['2018-03-28']
    status: {code: 206, message: Partial Content}
- request:
    body: null
    headers:
      Connection: [keep-alive]
      Content-Length: ['0']
      User-Agent: [Azure-Storage/1.3.0-1.3.1 (Python CPython 3.6.4; Darwin 17.7.0)]
      x-ms-client-request-id: [034f935e-8948-11e8-b2a7-720000665300]
      x-ms-date: ['Mon, 16 Jul 2018 22:31:42 GMT']
      x-ms-version: ['2018-03-28']
    method: PUT
    uri: https://storagename.blob.core.windows.net/utcontainer51c91a1c?restype=container
  response:
    body: {string: ''}
    headers:
      Date: ['Mon, 16 Jul 2018 22:31:42 GMT']
      ETag: ['"0x8D5EB6BE7B7928C"']
      Last-Modified: ['Mon, 16 Jul 2018 22:31:42 GMT']
      Server: [Windows-Azure-Blob/1.0 Microsoft-HTTPAPI/2.0]
      Transfer-Encoding: [chunked]
      x-ms-request-id: [5f21bdde-701e-0033-7054-1dcd90000000]
      x-ms-version: ['2018-03-28']
    status: {code: 201, message: Created}
- request:
    body: null
    headers:
      Connection: [keep-alive]
      Content-Length: ['0']
      User-Agent: [Azure-Storage/1.3.0-1.3.1 (Python CPython 3.6.4; Darwin 17.7.0)]
      x-ms-blob-type: [AppendBlob]
      x-ms-client-request-id: [038a571e-8948-11e8-9d54-720000665300]
      x-ms-date: ['Mon, 16 Jul 2018 22:31:42 GMT']
      x-ms-version: ['2018-03-28']
    method: PUT
    uri: https://storagename.blob.core.windows.net/utcontainer51c91a1c/blob1
  response:
    body: {string: ''}
    headers:
      Date: ['Mon, 16 Jul 2018 22:31:41 GMT']
      ETag: ['"0x8D5EB6BE7EF68D0"']
      Last-Modified: ['Mon, 16 Jul 2018 22:31:42 GMT']
      Server: [Windows-Azure-Blob/1.0 Microsoft-HTTPAPI/2.0]
      Transfer-Encoding: [chunked]
      x-ms-request-id: [88a0e828-901e-003b-2654-1dd79f000000]
      x-ms-request-server-encrypted: ['true']
      x-ms-version: ['2018-03-28']
    status: {code: 201, message: Created}
- request:
    body: block 0
    headers:
      Connection: [keep-alive]
      Content-Length: ['7']
      If-None-Match: ['0x8D2C9167D53FC2C']
      User-Agent: [Azure-Storage/1.3.0-1.3.1 (Python CPython 3.6.4; Darwin 17.7.0)]
      x-ms-client-request-id: [03c21122-8948-11e8-9644-720000665300]
      x-ms-date: ['Mon, 16 Jul 2018 22:31:42 GMT']
      x-ms-version: ['2018-03-28']
    method: PUT
    uri: https://storagename.blob.core.windows.net/utcontainer51c91a1c/blob1?comp=appendblock
  response:
    body: {string: ''}
    headers:
      Content-MD5: [TjjhPkKeLS6Els52i6m9Bg==]
      Date: ['Mon, 16 Jul 2018 22:31:42 GMT']
      ETag: ['"0x8D5EB6BE7FF202E"']
      Last-Modified: ['Mon, 16 Jul 2018 22:31:42 GMT']
      Server: [Windows-Azure-Blob/1.0 Microsoft-HTTPAPI/2.0]
      Transfer-Encoding: [chunked]
      x-ms-blob-append-offset: ['0']
      x-ms-blob-committed-block-count: ['1']
      x-ms-request-id: [88a0e82c-901e-003b-2a54-1dd79f000000]
      x-ms-request-server-encrypted: ['true']
      x-ms-version: ['2018-03-28']
    status: {code: 201, message: Created}
- request:
    body: block 1
    headers:
      Connection: [keep-alive]
      Content-Length: ['7']
      If-None-Match: ['0x8D2C9167D53FC2C']
      User-Agent: [Azure-Storage/1.3.0-1.3.1 (Python CPython 3.6.4; Darwin 17.7.0)]
      x-ms-client-request-id: [03d19886-8948-11e8-acc3-720000665300]
      x-ms-date: ['Mon, 16 Jul 2018 22:31:42 GMT']
      x-ms-version: ['2018-03-28']
    method: PUT
    uri: https://storagename.blob.core.windows.net/utcontainer51c91a1c/blob1?comp=appendblock
  response:
    body: {string: ''}
    headers:
      Content-MD5: [ZOnmAD+J5F2p66g8NFSefA==]
      Date: ['Mon, 16 Jul 2018 22:31:42 GMT']
      ETag: ['"0x8D5EB6BE80DED59"']
      Last-Modified: ['Mon, 16 Jul 2018 22:31:43 GMT']
      Server: [Windows-Azure-Blob/1.0 Microsoft-HTTPAPI/2.0]
      Transfer-Encoding: [chunked]
      x-ms-blob-append-offset: ['7']
      x-ms-blob-committed-block-count: ['2']
      x-ms-request-id: [88a0e82e-901e-003b-2b54-1dd79f000000]
      x-ms-request-server-encrypted: ['true']
      x-ms-version: ['2018-03-28']
    status: {code: 201, message: Created}
- request:
    body: block 2
    headers:
      Connection: [keep-alive]
      Content-Length: ['7']
      If-None-Match: ['0x8D2C9167D53FC2C']
      User-Agent: [Azure-Storage/1.3.0-1.3.1 (Python CPython 3.6.4; Darwin 17.7.0)]
      x-ms-client-request-id: [03e0741e-8948-11e8-a155-720000665300]
      x-ms-date: ['Mon, 16 Jul 2018 22:31:43 GMT']
      x-ms-version: ['2018-03-28']
    method: PUT
    uri: https://storagename.blob.core.windows.net/utcontainer51c91a1c/blob1?comp=appendblock
  response:
    body: {string: ''}
    headers:
      Content-MD5: [giBgEwOK96+T6eqweyrlNg==]
      Date: ['Mon, 16 Jul 2018 22:31:42 GMT']
      ETag: ['"0x8D5EB6BE81CBA6C"']
      Last-Modified: ['Mon, 16 Jul 2018 22:31:43 GMT']
      Server: [Windows-Azure-Blob/1.0 Microsoft-HTTPAPI/2.0]
      Transfer-Encoding: [chunked]
      x-ms-blob-append-offset: ['14']
      x-ms-blob-committed-block-count: ['3']
      x-ms-request-id: [88a0e832-901e-003b-2e54-1dd79f000000]
      x-ms-request-server-encrypted: ['true']
      x-ms-version: ['2018-03-28']
    status: {code: 201, message: Created}
- request:
    body: block 3
    headers:
      Connection: [keep-alive]
      Content-Length: ['7']
      If-None-Match: ['0x8D2C9167D53FC2C']
      User-Agent: [Azure-Storage/1.3.0-1.3.1 (Python CPython 3.6.4; Darwin 17.7.0)]
      x-ms-client-request-id: [03ef52c2-8948-11e8-9579-720000665300]
      x-ms-date: ['Mon, 16 Jul 2018 22:31:43 GMT']
      x-ms-version: ['2018-03-28']
    method: PUT
    uri: https://storagename.blob.core.windows.net/utcontainer51c91a1c/blob1?comp=appendblock
  response:
    body: {string: ''}
    headers:
      Content-MD5: [FDhv5/Vy34Z9KKvEnjH2lQ==]
      Date: ['Mon, 16 Jul 2018 22:31:42 GMT']
      ETag: ['"0x8D5EB6BE82BAF18"']
      Last-Modified: ['Mon, 16 Jul 2018 22:31:43 GMT']
      Server: [Windows-Azure-Blob/1.0 Microsoft-HTTPAPI/2.0]
      Transfer-Encoding: [chunked]
      x-ms-blob-append-offset: ['21']
      x-ms-blob-committed-block-count: ['4']
      x-ms-request-id: [88a0e838-901e-003b-3354-1dd79f000000]
      x-ms-request-server-encrypted: ['true']
      x-ms-version: ['2018-03-28']
    status: {code: 201, message: Created}
- request:
    body: block 4
    headers:
      Connection: [keep-alive]
      Content-Length: ['7']
      If-None-Match: ['0x8D2C9167D53FC2C']
      User-Agent: [Azure-Storage/1.3.0-1.3.1 (Python CPython 3.6.4; Darwin 17.7.0)]
      x-ms-client-request-id: [03fe871a-8948-11e8-9f43-720000665300]
      x-ms-date: ['Mon, 16 Jul 2018 22:31:43 GMT']
      x-ms-version: ['2018-03-28']
    method: PUT
    uri: https://storagename.blob.core.windows.net/utcontainer51c91a1c/blob1?comp=appendblock
  response:
    body: {string: ''}
    headers:
      Content-MD5: [jkC3Z8KTocewrRQF+tkxeA==]
      Date: ['Mon, 16 Jul 2018 22:31:42 GMT']
      ETag: ['"0x8D5EB6BE83AF262"']
      Last-Modified: ['Mon, 16 Jul 2018 22:31:43 GMT']
      Server: [Windows-Azure-Blob/1.0 Microsoft-HTTPAPI/2.0]
      Transfer-Encoding: [chunked]
      x-ms-blob-append-offset: ['28']
      x-ms-blob-committed-block-count: ['5']
      x-ms-request-id: [88a0e83f-901e-003b-3954-1dd79f000000]
      x-ms-request-server-encrypted: ['true']
      x-ms-version: ['2018-03-28']
    status: {code: 201, message: Created}
- request:
    body: null
    headers:
      Connection: [keep-alive]
      User-Agent: [Azure-Storage/1.3.0-1.3.1 (Python CPython 3.6.4; Darwin 17.7.0)]
      x-ms-client-request-id: [040da952-8948-11e8-a692-720000665300]
      x-ms-date: ['Mon, 16 Jul 2018 22:31:43 GMT']
      x-ms-range: [bytes=0-33554431]
      x-ms-version: ['2018-03-28']
    method: GET
    uri: https://storagename.blob.core.windows.net/utcontainer51c91a1c/blob1
  response:
    body: {string: block 0block 1block 2block 3block 4}
    headers:
      Accept-Ranges: [bytes]
      Content-Length: ['35']
      Content-Range: [bytes 0-34/35]
      Content-Type: [application/octet-stream]
      Date: ['Mon, 16 Jul 2018 22:31:43 GMT']
      ETag: ['"0x8D5EB6BE83AF262"']
      Last-Modified: ['Mon, 16 Jul 2018 22:31:43 GMT']
      Server: [Windows-Azure-Blob/1.0 Microsoft-HTTPAPI/2.0]
      Vary: [Origin]
      x-ms-blob-committed-block-count: ['5']
      x-ms-blob-type: [AppendBlob]
      x-ms-creation-time: ['Mon, 16 Jul 2018 22:31:42 GMT']
      x-ms-lease-state: [available]
      x-ms-lease-status: [unlocked]
      x-ms-request-id: [5f21bdf4-701e-0033-7d54-1dcd90000000]
      x-ms-server-encrypted: ['true']
      x-ms-version: ['2018-03-28']
    status: {code: 206, message: Partial Content}
version: 1
