interactions:
- request:
    body: null
    headers:
      Connection: [keep-alive]
      Content-Length: ['0']
      User-Agent: [Azure-Storage/0.37.0-0.36.0 (Python CPython 2.7.10; Darwin 16.7.0)]
      x-ms-client-request-id: [08df4ba1-a898-11e7-bf80-b8e8564491f6]
      x-ms-date: ['Wed, 04 Oct 2017 00:07:39 GMT']
      x-ms-version: ['2017-04-17']
    method: PUT
    uri: https://storagename.queue.core.windows.net/queuef69d0e02
  response:
    body: {string: !!python/unicode ''}
    headers:
      date: ['Wed, 04 Oct 2017 00:07:38 GMT']
      server: [Windows-Azure-Queue/1.0 Microsoft-HTTPAPI/2.0]
      transfer-encoding: [chunked]
      x-ms-request-id: [66e06a00-0003-00ae-38a4-3c77b9000000]
      x-ms-version: ['2017-04-17']
    status: {code: 201, message: Created}
- request:
    body: null
    headers:
      Connection: [keep-alive]
      Content-Length: ['0']
      User-Agent: [Azure-Storage/0.37.0-0.36.0 (Python CPython 2.7.10; Darwin 16.7.0)]
      x-ms-client-request-id: [08f40b00-a898-11e7-ba27-b8e8564491f6]
      x-ms-date: ['Wed, 04 Oct 2017 00:07:39 GMT']
      x-ms-meta-val1: [test]
      x-ms-meta-val2: [blah]
      x-ms-version: ['2017-04-17']
    method: PUT
    uri: https://storagename.queue.core.windows.net/queuef69d0e02?comp=metadata
  response:
    body: {string: !!python/unicode ''}
    headers:
      content-length: ['0']
      date: ['Wed, 04 Oct 2017 00:07:38 GMT']
      server: [Windows-Azure-Queue/1.0 Microsoft-HTTPAPI/2.0]
      x-ms-request-id: [66e06a12-0003-00ae-48a4-3c77b9000000]
      x-ms-version: ['2017-04-17']
    status: {code: 204, message: No Content}
- request:
    body: null
    headers:
      Connection: [keep-alive]
      User-Agent: [Azure-Storage/0.37.0-0.36.0 (Python CPython 2.7.10; Darwin 16.7.0)]
      x-ms-client-request-id: [08f9b17a-a898-11e7-8cdd-b8e8564491f6]
      x-ms-date: ['Wed, 04 Oct 2017 00:07:39 GMT']
      x-ms-version: ['2017-04-17']
    method: GET
    uri: https://storagename.queue.core.windows.net/queuef69d0e02?comp=metadata
  response:
    body: {string: !!python/unicode ''}
    headers:
      cache-control: [no-cache]
      date: ['Wed, 04 Oct 2017 00:07:38 GMT']
      server: [Windows-Azure-Queue/1.0 Microsoft-HTTPAPI/2.0]
      transfer-encoding: [chunked]
      x-ms-approximate-messages-count: ['0']
      x-ms-meta-val1: [test]
      x-ms-meta-val2: [blah]
      x-ms-request-id: [66e06a1c-0003-00ae-52a4-3c77b9000000]
      x-ms-version: ['2017-04-17']
    status: {code: 200, message: OK}
version: 1
