interactions:
- request:
    body: null
    headers:
      Connection: [keep-alive]
      Content-Length: ['0']
      User-Agent: [Azure-Storage/0.35.1 (Python CPython 3.6.1; Darwin 16.6.0)]
      x-ms-client-request-id: [7cc6b7e8-68f5-11e7-89a2-b8e8564491f6]
      x-ms-date: ['Sat, 15 Jul 2017 00:35:22 GMT']
      x-ms-version: ['2017-04-17']
    method: PUT
    uri: https://storagename.blob.core.windows.net/container4ef015fd?restype=container
  response:
    body: {string: ''}
    headers:
      Date: ['Sat, 15 Jul 2017 00:35:22 GMT']
      ETag: ['"0x8D4CB1960EE274A"']
      Last-Modified: ['Sat, 15 Jul 2017 00:35:22 GMT']
      Server: [Windows-Azure-Blob/1.0 Microsoft-HTTPAPI/2.0]
      Transfer-Encoding: [chunked]
      x-ms-request-id: [2e2db61e-0001-008c-7a02-fd198f000000]
      x-ms-version: ['2017-04-17']
    status: {code: 201, message: Created}
- request:
    body: hello world
    headers:
      Connection: [keep-alive]
      Content-Length: ['11']
      User-Agent: [Azure-Storage/0.35.1 (Python CPython 3.6.1; Darwin 16.6.0)]
      x-ms-blob-type: [BlockBlob]
      x-ms-client-request-id: [7cdc2b52-68f5-11e7-858a-b8e8564491f6]
      x-ms-date: ['Sat, 15 Jul 2017 00:35:22 GMT']
      x-ms-version: ['2017-04-17']
    method: PUT
    uri: https://storagename.blob.core.windows.net/container4ef015fd/blob1
  response:
    body: {string: ''}
    headers:
      Content-MD5: [XrY7u+Ae7tCTyyK7j1rNww==]
      Date: ['Sat, 15 Jul 2017 00:35:22 GMT']
      ETag: ['"0x8D4CB196197802E"']
      Last-Modified: ['Sat, 15 Jul 2017 00:35:23 GMT']
      Server: [Windows-Azure-Blob/1.0 Microsoft-HTTPAPI/2.0]
      Transfer-Encoding: [chunked]
      x-ms-request-id: [2e2db639-0001-008c-1302-fd198f000000]
      x-ms-request-server-encrypted: ['true']
      x-ms-version: ['2017-04-17']
    status: {code: 201, message: Created}
- request:
    body: hello world
    headers:
      Connection: [keep-alive]
      Content-Length: ['11']
      User-Agent: [Azure-Storage/0.35.1 (Python CPython 3.6.1; Darwin 16.6.0)]
      x-ms-blob-type: [BlockBlob]
      x-ms-client-request-id: [7ce2cb88-68f5-11e7-8f6f-b8e8564491f6]
      x-ms-date: ['Sat, 15 Jul 2017 00:35:22 GMT']
      x-ms-version: ['2017-04-17']
    method: PUT
    uri: https://storagename.blob.core.windows.net/container4ef015fd/blob2
  response:
    body: {string: ''}
    headers:
      Content-MD5: [XrY7u+Ae7tCTyyK7j1rNww==]
      Date: ['Sat, 15 Jul 2017 00:35:22 GMT']
      ETag: ['"0x8D4CB19619E1116"']
      Last-Modified: ['Sat, 15 Jul 2017 00:35:23 GMT']
      Server: [Windows-Azure-Blob/1.0 Microsoft-HTTPAPI/2.0]
      Transfer-Encoding: [chunked]
      x-ms-request-id: [2e2db651-0001-008c-2902-fd198f000000]
      x-ms-request-server-encrypted: ['true']
      x-ms-version: ['2017-04-17']
    status: {code: 201, message: Created}
- request:
    body: null
    headers:
      Connection: [keep-alive]
      Content-Length: ['0']
      User-Agent: [Azure-Storage/0.35.1 (Python CPython 3.6.1; Darwin 16.6.0)]
      x-ms-client-request-id: [7ce87c86-68f5-11e7-8c6c-b8e8564491f6]
      x-ms-date: ['Sat, 15 Jul 2017 00:35:22 GMT']
      x-ms-version: ['2017-04-17']
    method: PUT
    uri: https://storagename.blob.core.windows.net/container4ef015fd/blob1?comp=snapshot
  response:
    body: {string: ''}
    headers:
      Date: ['Sat, 15 Jul 2017 00:35:22 GMT']
      ETag: ['"0x8D4CB196197802E"']
      Last-Modified: ['Sat, 15 Jul 2017 00:35:23 GMT']
      Server: [Windows-Azure-Blob/1.0 Microsoft-HTTPAPI/2.0]
      Transfer-Encoding: [chunked]
      x-ms-request-id: [2e2db673-0001-008c-4b02-fd198f000000]
      x-ms-snapshot: ['2017-07-15T00:35:23.9062943Z']
      x-ms-version: ['2017-04-17']
    status: {code: 201, message: Created}
- request:
    body: null
    headers:
      Connection: [keep-alive]
      User-Agent: [Azure-Storage/0.35.1 (Python CPython 3.6.1; Darwin 16.6.0)]
      x-ms-client-request-id: [7cf18a1a-68f5-11e7-bff5-b8e8564491f6]
      x-ms-date: ['Sat, 15 Jul 2017 00:35:23 GMT']
      x-ms-version: ['2017-04-17']
    method: GET
    uri: https://storagename.blob.core.windows.net/container4ef015fd?restype=container&comp=list&include=snapshots
  response:
    body: {string: "\uFEFF<?xml version=\"1.0\" encoding=\"utf-8\"?><EnumerationResults\
        \ ServiceEndpoint=\"https://storagename.blob.core.windows.net/\" ContainerName=\"\
        container4ef015fd\"><Blobs><Blob><Name>blob1</Name><Snapshot>2017-07-15T00:35:23.9062943Z</Snapshot><Properties><Last-Modified>Sat,\
        \ 15 Jul 2017 00:35:23 GMT</Last-Modified><Etag>0x8D4CB196197802E</Etag><Content-Length>11</Content-Length><Content-Type>application/octet-stream</Content-Type><Content-Encoding\
        \ /><Content-Language /><Content-MD5>XrY7u+Ae7tCTyyK7j1rNww==</Content-MD5><Cache-Control\
        \ /><Content-Disposition /><BlobType>BlockBlob</BlobType><ServerEncrypted>true</ServerEncrypted></Properties></Blob><Blob><Name>blob1</Name><Properties><Last-Modified>Sat,\
        \ 15 Jul 2017 00:35:23 GMT</Last-Modified><Etag>0x8D4CB196197802E</Etag><Content-Length>11</Content-Length><Content-Type>application/octet-stream</Content-Type><Content-Encoding\
        \ /><Content-Language /><Content-MD5>XrY7u+Ae7tCTyyK7j1rNww==</Content-MD5><Cache-Control\
        \ /><Content-Disposition /><BlobType>BlockBlob</BlobType><LeaseStatus>unlocked</LeaseStatus><LeaseState>available</LeaseState><ServerEncrypted>true</ServerEncrypted></Properties></Blob><Blob><Name>blob2</Name><Properties><Last-Modified>Sat,\
        \ 15 Jul 2017 00:35:23 GMT</Last-Modified><Etag>0x8D4CB19619E1116</Etag><Content-Length>11</Content-Length><Content-Type>application/octet-stream</Content-Type><Content-Encoding\
        \ /><Content-Language /><Content-MD5>XrY7u+Ae7tCTyyK7j1rNww==</Content-MD5><Cache-Control\
        \ /><Content-Disposition /><BlobType>BlockBlob</BlobType><LeaseStatus>unlocked</LeaseStatus><LeaseState>available</LeaseState><ServerEncrypted>true</ServerEncrypted></Properties></Blob></Blobs><NextMarker\
        \ /></EnumerationResults>"}
    headers:
      Content-Type: [application/xml]
      Date: ['Sat, 15 Jul 2017 00:35:22 GMT']
      Server: [Windows-Azure-Blob/1.0 Microsoft-HTTPAPI/2.0]
      Transfer-Encoding: [chunked]
      Vary: [Origin]
      x-ms-request-id: [2e2db689-0001-008c-6002-fd198f000000]
      x-ms-version: ['2017-04-17']
    status: {code: 200, message: OK}
version: 1
