interactions:
- request:
    body: null
    headers:
      Connection: [keep-alive]
      Content-Length: ['0']
      User-Agent: [Azure-Storage/0.37.1-0.37.1 (Python CPython 3.6.1; Darwin 16.7.0)]
      x-ms-client-request-id: [478a58fa-c0c5-11e7-a62a-b8e8564491f6]
      x-ms-date: ['Fri, 03 Nov 2017 18:31:59 GMT']
      x-ms-version: ['2017-04-17']
    method: PUT
    uri: https://blobstoragename.blob.core.windows.net/utcontainer21831965?restype=container
  response:
    body: {string: "\uFEFF<?xml version=\"1.0\" encoding=\"utf-8\"?><Error><Code>ContainerAlreadyExists</Code><Message>The\
        \ specified container already exists.\nRequestId:2a120b0c-001e-008f-17d2-5464ff000000\n\
        Time:2017-11-03T18:31:59.9411772Z</Message></Error>"}
    headers:
      Content-Length: ['230']
      Content-Type: [application/xml]
      Date: ['Fri, 03 Nov 2017 18:31:59 GMT']
      Server: [Windows-Azure-Blob/1.0 Microsoft-HTTPAPI/2.0]
      x-ms-request-id: [2a120b0c-001e-008f-17d2-5464ff000000]
      x-ms-version: ['2017-04-17']
    status: {code: 409, message: The specified container already exists.}
- request:
    body: hello world
    headers:
      Connection: [keep-alive]
      Content-Length: ['11']
      User-Agent: [Azure-Storage/0.37.1-0.37.1 (Python CPython 3.6.1; Darwin 16.7.0)]
      x-ms-blob-type: [BlockBlob]
      x-ms-client-request-id: [47bf3acc-c0c5-11e7-a22e-b8e8564491f6]
      x-ms-date: ['Fri, 03 Nov 2017 18:32:00 GMT']
      x-ms-version: ['2017-04-17']
    method: PUT
    uri: https://blobstoragename.blob.core.windows.net/utcontainer21831965/blob21831965
  response:
    body: {string: ''}
    headers:
      Content-MD5: [XrY7u+Ae7tCTyyK7j1rNww==]
      Date: ['Fri, 03 Nov 2017 18:31:59 GMT']
      ETag: ['"0x8D522E92C18F3A7"']
      Last-Modified: ['Fri, 03 Nov 2017 18:32:00 GMT']
      Server: [Windows-Azure-Blob/1.0 Microsoft-HTTPAPI/2.0]
      Transfer-Encoding: [chunked]
      x-ms-request-id: [2a120b26-001e-008f-2cd2-5464ff000000]
      x-ms-request-server-encrypted: ['true']
      x-ms-version: ['2017-04-17']
    status: {code: 201, message: Created}
- request:
    body: null
    headers:
      Connection: [keep-alive]
      User-Agent: [Azure-Storage/0.37.1-0.37.1 (Python CPython 3.6.1; Darwin 16.7.0)]
      x-ms-client-request-id: [47cd865e-c0c5-11e7-9a1e-b8e8564491f6]
      x-ms-date: ['Fri, 03 Nov 2017 18:32:00 GMT']
      x-ms-version: ['2017-04-17']
    method: HEAD
    uri: https://blobstoragename.blob.core.windows.net/utcontainer21831965/blob21831965
  response:
    body: {string: ''}
    headers:
      Accept-Ranges: [bytes]
      Content-Length: ['11']
      Content-MD5: [XrY7u+Ae7tCTyyK7j1rNww==]
      Content-Type: [application/octet-stream]
      Date: ['Fri, 03 Nov 2017 18:32:00 GMT']
      ETag: ['"0x8D522E92C18F3A7"']
      Last-Modified: ['Fri, 03 Nov 2017 18:32:00 GMT']
      Server: [Windows-Azure-Blob/1.0 Microsoft-HTTPAPI/2.0]
      x-ms-access-tier: [Hot]
      x-ms-access-tier-inferred: ['true']
      x-ms-blob-type: [BlockBlob]
      x-ms-lease-state: [available]
      x-ms-lease-status: [unlocked]
      x-ms-request-id: [2a120b47-001e-008f-49d2-5464ff000000]
      x-ms-server-encrypted: ['true']
      x-ms-version: ['2017-04-17']
    status: {code: 200, message: OK}
- request:
    body: null
    headers:
      Connection: [keep-alive]
      User-Agent: [Azure-Storage/0.37.1-0.37.1 (Python CPython 3.6.1; Darwin 16.7.0)]
      x-ms-client-request-id: [47dafe2e-c0c5-11e7-ac5a-b8e8564491f6]
      x-ms-date: ['Fri, 03 Nov 2017 18:32:00 GMT']
      x-ms-version: ['2017-04-17']
    method: GET
    uri: https://blobstoragename.blob.core.windows.net/utcontainer21831965?restype=container&comp=list
  response:
    body: {string: "\uFEFF<?xml version=\"1.0\" encoding=\"utf-8\"?><EnumerationResults\
        \ ServiceEndpoint=\"https://blobstoragename.blob.core.windows.net/\" ContainerName=\"\
        utcontainer21831965\"><Blobs><Blob><Name>blob21831965</Name><Properties><Last-Modified>Fri,\
        \ 03 Nov 2017 18:32:00 GMT</Last-Modified><Etag>0x8D522E92C18F3A7</Etag><Content-Length>11</Content-Length><Content-Type>application/octet-stream</Content-Type><Content-Encoding\
        \ /><Content-Language /><Content-MD5>XrY7u+Ae7tCTyyK7j1rNww==</Content-MD5><Cache-Control\
        \ /><Content-Disposition /><BlobType>BlockBlob</BlobType><AccessTier>Hot</AccessTier><AccessTierInferred>true</AccessTierInferred><LeaseStatus>unlocked</LeaseStatus><LeaseState>available</LeaseState><ServerEncrypted>true</ServerEncrypted></Properties></Blob></Blobs><NextMarker\
        \ /></EnumerationResults>"}
    headers:
      Content-Type: [application/xml]
      Date: ['Fri, 03 Nov 2017 18:32:00 GMT']
      Server: [Windows-Azure-Blob/1.0 Microsoft-HTTPAPI/2.0]
      Transfer-Encoding: [chunked]
      x-ms-request-id: [2a120b5f-001e-008f-60d2-5464ff000000]
      x-ms-version: ['2017-04-17']
    status: {code: 200, message: OK}
- request:
    body: null
    headers:
      Connection: [keep-alive]
      Content-Length: ['0']
      User-Agent: [Azure-Storage/0.37.1-0.37.1 (Python CPython 3.6.1; Darwin 16.7.0)]
      x-ms-access-tier: [Archive]
      x-ms-client-request-id: [47e87edc-c0c5-11e7-97b1-b8e8564491f6]
      x-ms-date: ['Fri, 03 Nov 2017 18:32:00 GMT']
      x-ms-version: ['2017-04-17']
    method: PUT
    uri: https://blobstoragename.blob.core.windows.net/utcontainer21831965/blob21831965?comp=tier
  response:
    body: {string: ''}
    headers:
      Date: ['Fri, 03 Nov 2017 18:32:00 GMT']
      Server: [Windows-Azure-Blob/1.0 Microsoft-HTTPAPI/2.0]
      Transfer-Encoding: [chunked]
      x-ms-request-id: [2a120b6c-001e-008f-6cd2-5464ff000000]
      x-ms-version: ['2017-04-17']
    status: {code: 200, message: OK}
- request:
    body: null
    headers:
      Connection: [keep-alive]
      User-Agent: [Azure-Storage/0.37.1-0.37.1 (Python CPython 3.6.1; Darwin 16.7.0)]
      x-ms-client-request-id: [48008aa4-c0c5-11e7-8bc7-b8e8564491f6]
      x-ms-date: ['Fri, 03 Nov 2017 18:32:00 GMT']
      x-ms-version: ['2017-04-17']
    method: HEAD
    uri: https://blobstoragename.blob.core.windows.net/utcontainer21831965/blob21831965
  response:
    body: {string: ''}
    headers:
      Accept-Ranges: [bytes]
      Content-Length: ['11']
      Content-MD5: [XrY7u+Ae7tCTyyK7j1rNww==]
      Content-Type: [application/octet-stream]
      Date: ['Fri, 03 Nov 2017 18:32:00 GMT']
      ETag: ['"0x8D522E92C18F3A7"']
      Last-Modified: ['Fri, 03 Nov 2017 18:32:00 GMT']
      Server: [Windows-Azure-Blob/1.0 Microsoft-HTTPAPI/2.0]
      x-ms-access-tier: [Archive]
      x-ms-access-tier-change-time: ['Fri, 03 Nov 2017 18:32:00 GMT']
      x-ms-blob-type: [BlockBlob]
      x-ms-lease-state: [available]
      x-ms-lease-status: [unlocked]
      x-ms-request-id: [2a120b94-001e-008f-0fd2-5464ff000000]
      x-ms-server-encrypted: ['true']
      x-ms-version: ['2017-04-17']
    status: {code: 200, message: OK}
- request:
    body: null
    headers:
      Connection: [keep-alive]
      User-Agent: [Azure-Storage/0.37.1-0.37.1 (Python CPython 3.6.1; Darwin 16.7.0)]
      x-ms-client-request-id: [480e4e82-c0c5-11e7-9ffc-b8e8564491f6]
      x-ms-date: ['Fri, 03 Nov 2017 18:32:00 GMT']
      x-ms-version: ['2017-04-17']
    method: GET
    uri: https://blobstoragename.blob.core.windows.net/utcontainer21831965?restype=container&comp=list
  response:
    body: {string: "\uFEFF<?xml version=\"1.0\" encoding=\"utf-8\"?><EnumerationResults\
        \ ServiceEndpoint=\"https://blobstoragename.blob.core.windows.net/\" ContainerName=\"\
        utcontainer21831965\"><Blobs><Blob><Name>blob21831965</Name><Properties><Last-Modified>Fri,\
        \ 03 Nov 2017 18:32:00 GMT</Last-Modified><Etag>0x8D522E92C18F3A7</Etag><Content-Length>11</Content-Length><Content-Type>application/octet-stream</Content-Type><Content-Encoding\
        \ /><Content-Language /><Content-MD5>XrY7u+Ae7tCTyyK7j1rNww==</Content-MD5><Cache-Control\
        \ /><Content-Disposition /><BlobType>BlockBlob</BlobType><AccessTier>Archive</AccessTier><AccessTierChangeTime>Fri,\
        \ 03 Nov 2017 18:32:00 GMT</AccessTierChangeTime><LeaseStatus>unlocked</LeaseStatus><LeaseState>available</LeaseState><ServerEncrypted>true</ServerEncrypted></Properties></Blob></Blobs><NextMarker\
        \ /></EnumerationResults>"}
    headers:
      Content-Type: [application/xml]
      Date: ['Fri, 03 Nov 2017 18:32:00 GMT']
      Server: [Windows-Azure-Blob/1.0 Microsoft-HTTPAPI/2.0]
      Transfer-Encoding: [chunked]
      x-ms-request-id: [2a120bc0-001e-008f-38d2-5464ff000000]
      x-ms-version: ['2017-04-17']
    status: {code: 200, message: OK}
- request:
    body: null
    headers:
      Connection: [keep-alive]
      Content-Length: ['0']
      User-Agent: [Azure-Storage/0.37.1-0.37.1 (Python CPython 3.6.1; Darwin 16.7.0)]
      x-ms-client-request-id: [481c703e-c0c5-11e7-9693-b8e8564491f6]
      x-ms-date: ['Fri, 03 Nov 2017 18:32:00 GMT']
      x-ms-version: ['2017-04-17']
    method: DELETE
    uri: https://blobstoragename.blob.core.windows.net/utcontainer21831965/blob21831965
  response:
    body: {string: ''}
    headers:
      Date: ['Fri, 03 Nov 2017 18:32:00 GMT']
      Server: [Windows-Azure-Blob/1.0 Microsoft-HTTPAPI/2.0]
      Transfer-Encoding: [chunked]
      x-ms-request-id: [2a120bce-001e-008f-45d2-5464ff000000]
      x-ms-version: ['2017-04-17']
    status: {code: 202, message: Accepted}
- request:
    body: hello world
    headers:
      Connection: [keep-alive]
      Content-Length: ['11']
      User-Agent: [Azure-Storage/0.37.1-0.37.1 (Python CPython 3.6.1; Darwin 16.7.0)]
      x-ms-blob-type: [BlockBlob]
      x-ms-client-request-id: [482a94fa-c0c5-11e7-8c4a-b8e8564491f6]
      x-ms-date: ['Fri, 03 Nov 2017 18:32:00 GMT']
      x-ms-version: ['2017-04-17']
    method: PUT
    uri: https://blobstoragename.blob.core.windows.net/utcontainer21831965/blob21831965
  response:
    body: {string: ''}
    headers:
      Content-MD5: [XrY7u+Ae7tCTyyK7j1rNww==]
      Date: ['Fri, 03 Nov 2017 18:32:00 GMT']
      ETag: ['"0x8D522E92C8425B9"']
      Last-Modified: ['Fri, 03 Nov 2017 18:32:01 GMT']
      Server: [Windows-Azure-Blob/1.0 Microsoft-HTTPAPI/2.0]
      Transfer-Encoding: [chunked]
      x-ms-request-id: [2a120bda-001e-008f-51d2-5464ff000000]
      x-ms-request-server-encrypted: ['true']
      x-ms-version: ['2017-04-17']
    status: {code: 201, message: Created}
- request:
    body: null
    headers:
      Connection: [keep-alive]
      User-Agent: [Azure-Storage/0.37.1-0.37.1 (Python CPython 3.6.1; Darwin 16.7.0)]
      x-ms-client-request-id: [4838aacc-c0c5-11e7-9958-b8e8564491f6]
      x-ms-date: ['Fri, 03 Nov 2017 18:32:01 GMT']
      x-ms-version: ['2017-04-17']
    method: HEAD
    uri: https://blobstoragename.blob.core.windows.net/utcontainer21831965/blob21831965
  response:
    body: {string: ''}
    headers:
      Accept-Ranges: [bytes]
      Content-Length: ['11']
      Content-MD5: [XrY7u+Ae7tCTyyK7j1rNww==]
      Content-Type: [application/octet-stream]
      Date: ['Fri, 03 Nov 2017 18:32:00 GMT']
      ETag: ['"0x8D522E92C8425B9"']
      Last-Modified: ['Fri, 03 Nov 2017 18:32:01 GMT']
      Server: [Windows-Azure-Blob/1.0 Microsoft-HTTPAPI/2.0]
      x-ms-access-tier: [Hot]
      x-ms-access-tier-inferred: ['true']
      x-ms-blob-type: [BlockBlob]
      x-ms-lease-state: [available]
      x-ms-lease-status: [unlocked]
      x-ms-request-id: [2a120be5-001e-008f-5cd2-5464ff000000]
      x-ms-server-encrypted: ['true']
      x-ms-version: ['2017-04-17']
    status: {code: 200, message: OK}
- request:
    body: null
    headers:
      Connection: [keep-alive]
      User-Agent: [Azure-Storage/0.37.1-0.37.1 (Python CPython 3.6.1; Darwin 16.7.0)]
      x-ms-client-request-id: [484626e8-c0c5-11e7-9399-b8e8564491f6]
      x-ms-date: ['Fri, 03 Nov 2017 18:32:01 GMT']
      x-ms-version: ['2017-04-17']
    method: GET
    uri: https://blobstoragename.blob.core.windows.net/utcontainer21831965?restype=container&comp=list
  response:
    body: {string: "\uFEFF<?xml version=\"1.0\" encoding=\"utf-8\"?><EnumerationResults\
        \ ServiceEndpoint=\"https://blobstoragename.blob.core.windows.net/\" ContainerName=\"\
        utcontainer21831965\"><Blobs><Blob><Name>blob21831965</Name><Properties><Last-Modified>Fri,\
        \ 03 Nov 2017 18:32:01 GMT</Last-Modified><Etag>0x8D522E92C8425B9</Etag><Content-Length>11</Content-Length><Content-Type>application/octet-stream</Content-Type><Content-Encoding\
        \ /><Content-Language /><Content-MD5>XrY7u+Ae7tCTyyK7j1rNww==</Content-MD5><Cache-Control\
        \ /><Content-Disposition /><BlobType>BlockBlob</BlobType><AccessTier>Hot</AccessTier><AccessTierInferred>true</AccessTierInferred><LeaseStatus>unlocked</LeaseStatus><LeaseState>available</LeaseState><ServerEncrypted>true</ServerEncrypted></Properties></Blob></Blobs><NextMarker\
        \ /></EnumerationResults>"}
    headers:
      Content-Type: [application/xml]
      Date: ['Fri, 03 Nov 2017 18:32:00 GMT']
      Server: [Windows-Azure-Blob/1.0 Microsoft-HTTPAPI/2.0]
      Transfer-Encoding: [chunked]
      x-ms-request-id: [2a120bf7-001e-008f-6ed2-5464ff000000]
      x-ms-version: ['2017-04-17']
    status: {code: 200, message: OK}
- request:
    body: null
    headers:
      Connection: [keep-alive]
      Content-Length: ['0']
      User-Agent: [Azure-Storage/0.37.1-0.37.1 (Python CPython 3.6.1; Darwin 16.7.0)]
      x-ms-access-tier: [Cool]
      x-ms-client-request-id: [48537a86-c0c5-11e7-b5bf-b8e8564491f6]
      x-ms-date: ['Fri, 03 Nov 2017 18:32:01 GMT']
      x-ms-version: ['2017-04-17']
    method: PUT
    uri: https://blobstoragename.blob.core.windows.net/utcontainer21831965/blob21831965?comp=tier
  response:
    body: {string: ''}
    headers:
      Date: ['Fri, 03 Nov 2017 18:32:00 GMT']
      Server: [Windows-Azure-Blob/1.0 Microsoft-HTTPAPI/2.0]
      Transfer-Encoding: [chunked]
      x-ms-request-id: [2a120c0a-001e-008f-01d2-5464ff000000]
      x-ms-version: ['2017-04-17']
    status: {code: 200, message: OK}
- request:
    body: null
    headers:
      Connection: [keep-alive]
      User-Agent: [Azure-Storage/0.37.1-0.37.1 (Python CPython 3.6.1; Darwin 16.7.0)]
      x-ms-client-request-id: [486157ba-c0c5-11e7-a8a2-b8e8564491f6]
      x-ms-date: ['Fri, 03 Nov 2017 18:32:01 GMT']
      x-ms-version: ['2017-04-17']
    method: HEAD
    uri: https://blobstoragename.blob.core.windows.net/utcontainer21831965/blob21831965
  response:
    body: {string: ''}
    headers:
      Accept-Ranges: [bytes]
      Content-Length: ['11']
      Content-MD5: [XrY7u+Ae7tCTyyK7j1rNww==]
      Content-Type: [application/octet-stream]
      Date: ['Fri, 03 Nov 2017 18:32:01 GMT']
      ETag: ['"0x8D522E92C8425B9"']
      Last-Modified: ['Fri, 03 Nov 2017 18:32:01 GMT']
      Server: [Windows-Azure-Blob/1.0 Microsoft-HTTPAPI/2.0]
      x-ms-access-tier: [Cool]
      x-ms-access-tier-change-time: ['Fri, 03 Nov 2017 18:32:01 GMT']
      x-ms-blob-type: [BlockBlob]
      x-ms-lease-state: [available]
      x-ms-lease-status: [unlocked]
      x-ms-request-id: [2a120c15-001e-008f-0bd2-5464ff000000]
      x-ms-server-encrypted: ['true']
      x-ms-version: ['2017-04-17']
    status: {code: 200, message: OK}
- request:
    body: null
    headers:
      Connection: [keep-alive]
      User-Agent: [Azure-Storage/0.37.1-0.37.1 (Python CPython 3.6.1; Darwin 16.7.0)]
      x-ms-client-request-id: [4870312e-c0c5-11e7-a9a6-b8e8564491f6]
      x-ms-date: ['Fri, 03 Nov 2017 18:32:01 GMT']
      x-ms-version: ['2017-04-17']
    method: GET
    uri: https://blobstoragename.blob.core.windows.net/utcontainer21831965?restype=container&comp=list
  response:
    body: {string: "\uFEFF<?xml version=\"1.0\" encoding=\"utf-8\"?><EnumerationResults\
        \ ServiceEndpoint=\"https://blobstoragename.blob.core.windows.net/\" ContainerName=\"\
        utcontainer21831965\"><Blobs><Blob><Name>blob21831965</Name><Properties><Last-Modified>Fri,\
        \ 03 Nov 2017 18:32:01 GMT</Last-Modified><Etag>0x8D522E92C8425B9</Etag><Content-Length>11</Content-Length><Content-Type>application/octet-stream</Content-Type><Content-Encoding\
        \ /><Content-Language /><Content-MD5>XrY7u+Ae7tCTyyK7j1rNww==</Content-MD5><Cache-Control\
        \ /><Content-Disposition /><BlobType>BlockBlob</BlobType><AccessTier>Cool</AccessTier><AccessTierChangeTime>Fri,\
        \ 03 Nov 2017 18:32:01 GMT</AccessTierChangeTime><LeaseStatus>unlocked</LeaseStatus><LeaseState>available</LeaseState><ServerEncrypted>true</ServerEncrypted></Properties></Blob></Blobs><NextMarker\
        \ /></EnumerationResults>"}
    headers:
      Content-Type: [application/xml]
      Date: ['Fri, 03 Nov 2017 18:32:01 GMT']
      Server: [Windows-Azure-Blob/1.0 Microsoft-HTTPAPI/2.0]
      Transfer-Encoding: [chunked]
      x-ms-request-id: [2a120c35-001e-008f-29d2-5464ff000000]
      x-ms-version: ['2017-04-17']
    status: {code: 200, message: OK}
- request:
    body: null
    headers:
      Connection: [keep-alive]
      Content-Length: ['0']
      User-Agent: [Azure-Storage/0.37.1-0.37.1 (Python CPython 3.6.1; Darwin 16.7.0)]
      x-ms-client-request-id: [487dc276-c0c5-11e7-9fab-b8e8564491f6]
      x-ms-date: ['Fri, 03 Nov 2017 18:32:01 GMT']
      x-ms-version: ['2017-04-17']
    method: DELETE
    uri: https://blobstoragename.blob.core.windows.net/utcontainer21831965/blob21831965
  response:
    body: {string: ''}
    headers:
      Date: ['Fri, 03 Nov 2017 18:32:01 GMT']
      Server: [Windows-Azure-Blob/1.0 Microsoft-HTTPAPI/2.0]
      Transfer-Encoding: [chunked]
      x-ms-request-id: [2a120c4b-001e-008f-3cd2-5464ff000000]
      x-ms-version: ['2017-04-17']
    status: {code: 202, message: Accepted}
- request:
    body: hello world
    headers:
      Connection: [keep-alive]
      Content-Length: ['11']
      User-Agent: [Azure-Storage/0.37.1-0.37.1 (Python CPython 3.6.1; Darwin 16.7.0)]
      x-ms-blob-type: [BlockBlob]
      x-ms-client-request-id: [488b9a06-c0c5-11e7-a30f-b8e8564491f6]
      x-ms-date: ['Fri, 03 Nov 2017 18:32:01 GMT']
      x-ms-version: ['2017-04-17']
    method: PUT
    uri: https://blobstoragename.blob.core.windows.net/utcontainer21831965/blob21831965
  response:
    body: {string: ''}
    headers:
      Content-MD5: [XrY7u+Ae7tCTyyK7j1rNww==]
      Date: ['Fri, 03 Nov 2017 18:32:01 GMT']
      ETag: ['"0x8D522E92CE543C9"']
      Last-Modified: ['Fri, 03 Nov 2017 18:32:01 GMT']
      Server: [Windows-Azure-Blob/1.0 Microsoft-HTTPAPI/2.0]
      Transfer-Encoding: [chunked]
      x-ms-request-id: [2a120c5f-001e-008f-50d2-5464ff000000]
      x-ms-request-server-encrypted: ['true']
      x-ms-version: ['2017-04-17']
    status: {code: 201, message: Created}
- request:
    body: null
    headers:
      Connection: [keep-alive]
      User-Agent: [Azure-Storage/0.37.1-0.37.1 (Python CPython 3.6.1; Darwin 16.7.0)]
      x-ms-client-request-id: [4899ba08-c0c5-11e7-a6e9-b8e8564491f6]
      x-ms-date: ['Fri, 03 Nov 2017 18:32:01 GMT']
      x-ms-version: ['2017-04-17']
    method: HEAD
    uri: https://blobstoragename.blob.core.windows.net/utcontainer21831965/blob21831965
  response:
    body: {string: ''}
    headers:
      Accept-Ranges: [bytes]
      Content-Length: ['11']
      Content-MD5: [XrY7u+Ae7tCTyyK7j1rNww==]
      Content-Type: [application/octet-stream]
      Date: ['Fri, 03 Nov 2017 18:32:01 GMT']
      ETag: ['"0x8D522E92CE543C9"']
      Last-Modified: ['Fri, 03 Nov 2017 18:32:01 GMT']
      Server: [Windows-Azure-Blob/1.0 Microsoft-HTTPAPI/2.0]
      x-ms-access-tier: [Hot]
      x-ms-access-tier-inferred: ['true']
      x-ms-blob-type: [BlockBlob]
      x-ms-lease-state: [available]
      x-ms-lease-status: [unlocked]
      x-ms-request-id: [2a120c70-001e-008f-5dd2-5464ff000000]
      x-ms-server-encrypted: ['true']
      x-ms-version: ['2017-04-17']
    status: {code: 200, message: OK}
- request:
    body: null
    headers:
      Connection: [keep-alive]
      User-Agent: [Azure-Storage/0.37.1-0.37.1 (Python CPython 3.6.1; Darwin 16.7.0)]
      x-ms-client-request-id: [48a77fe4-c0c5-11e7-b41a-b8e8564491f6]
      x-ms-date: ['Fri, 03 Nov 2017 18:32:01 GMT']
      x-ms-version: ['2017-04-17']
    method: GET
    uri: https://blobstoragename.blob.core.windows.net/utcontainer21831965?restype=container&comp=list
  response:
    body: {string: "\uFEFF<?xml version=\"1.0\" encoding=\"utf-8\"?><EnumerationResults\
        \ ServiceEndpoint=\"https://blobstoragename.blob.core.windows.net/\" ContainerName=\"\
        utcontainer21831965\"><Blobs><Blob><Name>blob21831965</Name><Properties><Last-Modified>Fri,\
        \ 03 Nov 2017 18:32:01 GMT</Last-Modified><Etag>0x8D522E92CE543C9</Etag><Content-Length>11</Content-Length><Content-Type>application/octet-stream</Content-Type><Content-Encoding\
        \ /><Content-Language /><Content-MD5>XrY7u+Ae7tCTyyK7j1rNww==</Content-MD5><Cache-Control\
        \ /><Content-Disposition /><BlobType>BlockBlob</BlobType><AccessTier>Hot</AccessTier><AccessTierInferred>true</AccessTierInferred><LeaseStatus>unlocked</LeaseStatus><LeaseState>available</LeaseState><ServerEncrypted>true</ServerEncrypted></Properties></Blob></Blobs><NextMarker\
        \ /></EnumerationResults>"}
    headers:
      Content-Type: [application/xml]
      Date: ['Fri, 03 Nov 2017 18:32:01 GMT']
      Server: [Windows-Azure-Blob/1.0 Microsoft-HTTPAPI/2.0]
      Transfer-Encoding: [chunked]
      x-ms-request-id: [2a120c80-001e-008f-6cd2-5464ff000000]
      x-ms-version: ['2017-04-17']
    status: {code: 200, message: OK}
- request:
    body: null
    headers:
      Connection: [keep-alive]
      Content-Length: ['0']
      User-Agent: [Azure-Storage/0.37.1-0.37.1 (Python CPython 3.6.1; Darwin 16.7.0)]
      x-ms-access-tier: [Hot]
      x-ms-client-request-id: [48b50e8c-c0c5-11e7-8e7b-b8e8564491f6]
      x-ms-date: ['Fri, 03 Nov 2017 18:32:01 GMT']
      x-ms-version: ['2017-04-17']
    method: PUT
    uri: https://blobstoragename.blob.core.windows.net/utcontainer21831965/blob21831965?comp=tier
  response:
    body: {string: ''}
    headers:
      Date: ['Fri, 03 Nov 2017 18:32:01 GMT']
      Server: [Windows-Azure-Blob/1.0 Microsoft-HTTPAPI/2.0]
      Transfer-Encoding: [chunked]
      x-ms-request-id: [2a120c99-001e-008f-04d2-5464ff000000]
      x-ms-version: ['2017-04-17']
    status: {code: 200, message: OK}
- request:
    body: null
    headers:
      Connection: [keep-alive]
      User-Agent: [Azure-Storage/0.37.1-0.37.1 (Python CPython 3.6.1; Darwin 16.7.0)]
      x-ms-client-request-id: [48c7c25e-c0c5-11e7-b3f0-b8e8564491f6]
      x-ms-date: ['Fri, 03 Nov 2017 18:32:02 GMT']
      x-ms-version: ['2017-04-17']
    method: HEAD
    uri: https://blobstoragename.blob.core.windows.net/utcontainer21831965/blob21831965
  response:
    body: {string: ''}
    headers:
      Accept-Ranges: [bytes]
      Content-Length: ['11']
      Content-MD5: [XrY7u+Ae7tCTyyK7j1rNww==]
      Content-Type: [application/octet-stream]
      Date: ['Fri, 03 Nov 2017 18:32:01 GMT']
      ETag: ['"0x8D522E92CE543C9"']
      Last-Modified: ['Fri, 03 Nov 2017 18:32:01 GMT']
      Server: [Windows-Azure-Blob/1.0 Microsoft-HTTPAPI/2.0]
      x-ms-access-tier: [Hot]
      x-ms-access-tier-change-time: ['Fri, 03 Nov 2017 18:32:02 GMT']
      x-ms-blob-type: [BlockBlob]
      x-ms-lease-state: [available]
      x-ms-lease-status: [unlocked]
      x-ms-request-id: [2a120cae-001e-008f-15d2-5464ff000000]
      x-ms-server-encrypted: ['true']
      x-ms-version: ['2017-04-17']
    status: {code: 200, message: OK}
- request:
    body: null
    headers:
      Connection: [keep-alive]
      User-Agent: [Azure-Storage/0.37.1-0.37.1 (Python CPython 3.6.1; Darwin 16.7.0)]
      x-ms-client-request-id: [48d5549e-c0c5-11e7-9503-b8e8564491f6]
      x-ms-date: ['Fri, 03 Nov 2017 18:32:02 GMT']
      x-ms-version: ['2017-04-17']
    method: GET
    uri: https://blobstoragename.blob.core.windows.net/utcontainer21831965?restype=container&comp=list
  response:
    body: {string: "\uFEFF<?xml version=\"1.0\" encoding=\"utf-8\"?><EnumerationResults\
        \ ServiceEndpoint=\"https://blobstoragename.blob.core.windows.net/\" ContainerName=\"\
        utcontainer21831965\"><Blobs><Blob><Name>blob21831965</Name><Properties><Last-Modified>Fri,\
        \ 03 Nov 2017 18:32:01 GMT</Last-Modified><Etag>0x8D522E92CE543C9</Etag><Content-Length>11</Content-Length><Content-Type>application/octet-stream</Content-Type><Content-Encoding\
        \ /><Content-Language /><Content-MD5>XrY7u+Ae7tCTyyK7j1rNww==</Content-MD5><Cache-Control\
        \ /><Content-Disposition /><BlobType>BlockBlob</BlobType><AccessTier>Hot</AccessTier><AccessTierChangeTime>Fri,\
        \ 03 Nov 2017 18:32:02 GMT</AccessTierChangeTime><LeaseStatus>unlocked</LeaseStatus><LeaseState>available</LeaseState><ServerEncrypted>true</ServerEncrypted></Properties></Blob></Blobs><NextMarker\
        \ /></EnumerationResults>"}
    headers:
      Content-Type: [application/xml]
      Date: ['Fri, 03 Nov 2017 18:32:01 GMT']
      Server: [Windows-Azure-Blob/1.0 Microsoft-HTTPAPI/2.0]
      Transfer-Encoding: [chunked]
      x-ms-request-id: [2a120cc3-001e-008f-28d2-5464ff000000]
      x-ms-version: ['2017-04-17']
    status: {code: 200, message: OK}
- request:
    body: null
    headers:
      Connection: [keep-alive]
      Content-Length: ['0']
      User-Agent: [Azure-Storage/0.37.1-0.37.1 (Python CPython 3.6.1; Darwin 16.7.0)]
      x-ms-client-request-id: [48e4d198-c0c5-11e7-92c6-b8e8564491f6]
      x-ms-date: ['Fri, 03 Nov 2017 18:32:02 GMT']
      x-ms-version: ['2017-04-17']
    method: DELETE
    uri: https://blobstoragename.blob.core.windows.net/utcontainer21831965/blob21831965
  response:
    body: {string: ''}
    headers:
      Date: ['Fri, 03 Nov 2017 18:32:01 GMT']
      Server: [Windows-Azure-Blob/1.0 Microsoft-HTTPAPI/2.0]
      Transfer-Encoding: [chunked]
      x-ms-request-id: [2a120cd3-001e-008f-35d2-5464ff000000]
      x-ms-version: ['2017-04-17']
    status: {code: 202, message: Accepted}
version: 1
