interactions:
- request:
    body: '{"TableName": "querytable7732118a"}'
    headers:
      Accept: [application/json;odata=minimalmetadata]
      Connection: [keep-alive]
      Content-Length: ['35']
      Content-Type: [application/json]
      DataServiceVersion: [3.0;NetFx]
      MaxDataServiceVersion: ['3.0']
      Prefer: [return-no-content]
      User-Agent: [Azure-Storage/0.36.0 (Python CPython 3.6.1; Darwin 16.7.0)]
      x-ms-client-request-id: [01d161e2-8787-11e7-9df0-b8e8564491f6]
      x-ms-date: ['Tue, 22 Aug 2017 22:12:37 GMT']
      x-ms-version: ['2017-04-17']
    method: POST
    uri: https://storagename.table.core.windows.net/Tables
  response:
    body: {string: ''}
    headers:
      Cache-Control: [no-cache]
      Content-Length: ['0']
      DataServiceId: ['https://storagename.table.core.windows.net/Tables(''querytable7732118a'')']
      Date: ['Tue, 22 Aug 2017 22:12:37 GMT']
      Location: ['https://storagename.table.core.windows.net/Tables(''querytable7732118a'')']
      Preference-Applied: [return-no-content]
      Server: [Windows-Azure-Table/1.0 Microsoft-HTTPAPI/2.0]
      X-Content-Type-Options: [nosniff]
      x-ms-request-id: [9a8cb3f9-0002-00bc-1193-1b43a5000000]
      x-ms-version: ['2017-04-17']
    status: {code: 204, message: No Content}
- request:
    body: '--batch_01e819b4-8787-11e7-97dc-b8e8564491f6

      Content-Type: multipart/mixed; boundary=changeset_01e81b58-8787-11e7-bd9a-b8e8564491f6


      --changeset_01e81b58-8787-11e7-bd9a-b8e8564491f6--

      --batch_01e819b4-8787-11e7-97dc-b8e8564491f6--'
    headers:
      Connection: [keep-alive]
      Content-Length: ['230']
      Content-Type: [multipart/mixed; boundary=batch_01e819b4-8787-11e7-97dc-b8e8564491f6]
      DataServiceVersion: [3.0;NetFx]
      MaxDataServiceVersion: ['3.0']
      User-Agent: [Azure-Storage/0.36.0 (Python CPython 3.6.1; Darwin 16.7.0)]
      x-ms-client-request-id: [01e81d92-8787-11e7-8b60-b8e8564491f6]
      x-ms-date: ['Tue, 22 Aug 2017 22:12:38 GMT']
      x-ms-version: ['2017-04-17']
    method: POST
    uri: https://storagename.table.core.windows.net/$batch
  response:
    body: {string: "--batchresponse_477bdbf0-41db-4f53-a387-971e08892b00\r\nContent-Type:\
        \ multipart/mixed; boundary=changesetresponse_adb85439-daee-4fe1-b7c4-aefce8237305\r\
        \n\r\n--changesetresponse_adb85439-daee-4fe1-b7c4-aefce8237305--\r\n--batchresponse_477bdbf0-41db-4f53-a387-971e08892b00--\r\
        \n"}
    headers:
      Cache-Control: [no-cache]
      Content-Type: [multipart/mixed; boundary=batchresponse_477bdbf0-41db-4f53-a387-971e08892b00]
      Date: ['Tue, 22 Aug 2017 22:12:37 GMT']
      Server: [Windows-Azure-Table/1.0 Microsoft-HTTPAPI/2.0]
      Transfer-Encoding: [chunked]
      X-Content-Type-Options: [nosniff]
      x-ms-request-id: [9a8cb404-0002-00bc-1993-1b43a5000000]
      x-ms-version: ['2017-04-17']
    status: {code: 202, message: Accepted}
- request:
    body: null
    headers:
      Accept: [application/json;odata=minimalmetadata]
      Connection: [keep-alive]
      DataServiceVersion: [3.0;NetFx]
      MaxDataServiceVersion: ['3.0']
      User-Agent: [Azure-Storage/0.36.0 (Python CPython 3.6.1; Darwin 16.7.0)]
      x-ms-client-request-id: [01ecfe98-8787-11e7-b8b8-b8e8564491f6]
      x-ms-date: ['Tue, 22 Aug 2017 22:12:38 GMT']
      x-ms-version: ['2017-04-17']
    method: GET
    uri: https://storagename.table.core.windows.net/querytable7732118a()
  response:
    body: {string: '{"odata.metadata":"https://storagename.table.core.windows.net/$metadata#querytable7732118a","value":[]}'}
    headers:
      Cache-Control: [no-cache]
      Content-Type: [application/json;odata=minimalmetadata;streaming=true;charset=utf-8]
      Date: ['Tue, 22 Aug 2017 22:12:37 GMT']
      Server: [Windows-Azure-Table/1.0 Microsoft-HTTPAPI/2.0]
      Transfer-Encoding: [chunked]
      X-Content-Type-Options: [nosniff]
      x-ms-request-id: [9a8cb415-0002-00bc-2993-1b43a5000000]
      x-ms-version: ['2017-04-17']
    status: {code: 200, message: OK}
version: 1
