interactions:
- request:
    body: null
    headers:
      Connection: [keep-alive]
      Content-Length: ['0']
      User-Agent: [Azure-Storage/1.3.0-1.3.0 (Python CPython 3.6.3; Darwin 17.6.0)]
      x-ms-client-request-id: [69d29b9e-7410-11e8-8c73-8cae4cee5322]
      x-ms-date: ['Tue, 19 Jun 2018 22:30:47 GMT']
      x-ms-version: ['2018-03-28']
    method: PUT
    uri: https://storagename.queue.core.windows.net/queueb3cd0be5
  response:
    body: {string: ''}
    headers:
      Date: ['Tue, 19 Jun 2018 22:30:47 GMT']
      Server: [Windows-Azure-Queue/1.0 Microsoft-HTTPAPI/2.0]
      Transfer-Encoding: [chunked]
      x-ms-request-id: [9bd879ae-3003-0040-3a1d-089503000000]
      x-ms-version: ['2018-03-28']
    status: {code: 201, message: Created}
- request:
    body: null
    headers:
      Connection: [keep-alive]
      User-Agent: [Azure-Storage/1.3.0-1.3.0 (Python CPython 3.6.3; Darwin 17.6.0)]
      x-ms-client-request-id: [6a09e4ca-7410-11e8-8bc4-8cae4cee5322]
      x-ms-date: ['Tue, 19 Jun 2018 22:30:48 GMT']
      x-ms-version: ['2018-03-28']
    method: GET
    uri: https://storagename.queue.core.windows.net/queueb3cd0be5?comp=acl
  response:
    body: {string: "\uFEFF<?xml version=\"1.0\" encoding=\"utf-8\"?><SignedIdentifiers
        />"}
    headers:
      Cache-Control: [no-cache]
      Content-Type: [application/xml]
      Date: ['Tue, 19 Jun 2018 22:30:47 GMT']
      Server: [Windows-Azure-Queue/1.0 Microsoft-HTTPAPI/2.0]
      Transfer-Encoding: [chunked]
      x-ms-request-id: [9bd879b1-3003-0040-3b1d-089503000000]
      x-ms-version: ['2018-03-28']
    status: {code: 200, message: OK}
- request:
    body: null
    headers:
      Connection: [keep-alive]
      Content-Length: ['0']
      User-Agent: [Azure-Storage/1.3.0-1.3.0 (Python CPython 3.6.4; Darwin 17.7.0)]
      x-ms-client-request-id: [696b4654-894a-11e8-845c-720000665300]
      x-ms-date: ['Mon, 16 Jul 2018 22:48:52 GMT']
      x-ms-version: ['2018-03-28']
    method: PUT
    uri: https://storagename.queue.core.windows.net/queueb3cd0be5
  response:
    body: {string: ''}
    headers:
      Date: ['Mon, 16 Jul 2018 22:48:51 GMT']
      Server: [Windows-Azure-Queue/1.0 Microsoft-HTTPAPI/2.0]
      Transfer-Encoding: [chunked]
      x-ms-request-id: [82097a6f-d003-0048-1157-1d8f0c000000]
      x-ms-version: ['2018-03-28']
    status: {code: 201, message: Created}
- request:
    body: null
    headers:
      Connection: [keep-alive]
      User-Agent: [Azure-Storage/1.3.0-1.3.0 (Python CPython 3.6.4; Darwin 17.7.0)]
      x-ms-client-request-id: [69a217b0-894a-11e8-9e3a-720000665300]
      x-ms-date: ['Mon, 16 Jul 2018 22:48:52 GMT']
      x-ms-version: ['2018-03-28']
    method: GET
    uri: https://storagename.queue.core.windows.net/queueb3cd0be5?comp=acl
  response:
    body: {string: "\uFEFF<?xml version=\"1.0\" encoding=\"utf-8\"?><SignedIdentifiers
        />"}
    headers:
      Cache-Control: [no-cache]
      Content-Type: [application/xml]
      Date: ['Mon, 16 Jul 2018 22:48:52 GMT']
      Server: [Windows-Azure-Queue/1.0 Microsoft-HTTPAPI/2.0]
      Transfer-Encoding: [chunked]
      x-ms-request-id: [82097a71-d003-0048-1257-1d8f0c000000]
      x-ms-version: ['2018-03-28']
    status: {code: 200, message: OK}
version: 1
