interactions:
- request:
    body: null
    headers:
      Accept-Encoding: [identity]
      Connection: [keep-alive]
      Content-Length: ['0']
      User-Agent: [Azure-Storage/0.20.2 (Python CPython 3.4.3; Windows 8)]
      x-ms-date: ['Mon, 25 Jan 2016 19:02:38 GMT']
      x-ms-version: ['2015-04-05']
    method: PUT
    uri: https://storagename.file.core.windows.net/share41961029?restype=share
  response:
    body: {string: ''}
    headers:
      Date: ['Mon, 25 Jan 2016 19:02:37 GMT']
      ETag: ['"0x8D325BA17F4C982"']
      Last-Modified: ['Mon, 25 Jan 2016 19:02:38 GMT']
      Server: [Windows-Azure-File/1.0 Microsoft-HTTPAPI/2.0]
      Transfer-Encoding: [chunked]
      x-ms-request-id: [840c220b-001a-007b-5aa2-5794ba000000]
      x-ms-version: ['2015-04-05']
    status: {code: 201, message: Created}
- request:
    body: null
    headers:
      Accept-Encoding: [identity]
      Connection: [keep-alive]
      User-Agent: [Azure-Storage/0.20.2 (Python CPython 3.4.3; Windows 8)]
      x-ms-date: ['Mon, 25 Jan 2016 19:02:38 GMT']
      x-ms-version: ['2015-04-05']
    method: GET
    uri: https://storagename.file.core.windows.net/?comp=list&prefix=share41961029
  response:
    body: {string: "\uFEFF<?xml version=\"1.0\" encoding=\"utf-8\"?><EnumerationResults\
        \ ServiceEndpoint=\"https://storagename.file.core.windows.net/\"><Prefix>share41961029</Prefix><Shares><Share><Name>share41961029</Name><Properties><Last-Modified>Mon,\
        \ 25 Jan 2016 19:02:38 GMT</Last-Modified><Etag>\"0x8D325BA17F4C982\"</Etag><Quota>5120</Quota></Properties></Share></Shares><NextMarker\
        \ /></EnumerationResults>"}
    headers:
      Content-Type: [application/xml]
      Date: ['Mon, 25 Jan 2016 19:02:37 GMT']
      Server: [Windows-Azure-File/1.0 Microsoft-HTTPAPI/2.0]
      Transfer-Encoding: [chunked]
      x-ms-request-id: [840c220d-001a-007b-5ba2-5794ba000000]
      x-ms-version: ['2015-04-05']
    status: {code: 200, message: OK}
- request:
    body: null
    headers:
      Accept-Encoding: [identity]
      Connection: [keep-alive]
      Content-Length: ['0']
      User-Agent: [Azure-Storage/0.20.2 (Python CPython 3.4.3; Windows 8)]
      x-ms-date: ['Mon, 25 Jan 2016 19:26:47 GMT']
      x-ms-version: ['2015-04-05']
    method: PUT
    uri: https://storagename.file.core.windows.net/share41961029?restype=share
  response:
    body: {string: ''}
    headers:
      Date: ['Mon, 25 Jan 2016 19:26:47 GMT']
      ETag: ['"0x8D325BD77BD81C7"']
      Last-Modified: ['Mon, 25 Jan 2016 19:26:47 GMT']
      Server: [Windows-Azure-File/1.0 Microsoft-HTTPAPI/2.0]
      Transfer-Encoding: [chunked]
      x-ms-request-id: [93f27679-001a-0035-05a6-57515f000000]
      x-ms-version: ['2015-04-05']
    status: {code: 201, message: Created}
- request:
    body: null
    headers:
      Accept-Encoding: [identity]
      Connection: [keep-alive]
      User-Agent: [Azure-Storage/0.20.2 (Python CPython 3.4.3; Windows 8)]
      x-ms-date: ['Mon, 25 Jan 2016 19:26:47 GMT']
      x-ms-version: ['2015-04-05']
    method: GET
    uri: https://storagename.file.core.windows.net/?comp=list&prefix=share41961029
  response:
    body: {string: "\uFEFF<?xml version=\"1.0\" encoding=\"utf-8\"?><EnumerationResults\
        \ ServiceEndpoint=\"https://storagename.file.core.windows.net/\"><Prefix>share41961029</Prefix><Shares><Share><Name>share41961029</Name><Properties><Last-Modified>Mon,\
        \ 25 Jan 2016 19:26:47 GMT</Last-Modified><Etag>\"0x8D325BD77BD81C7\"</Etag><Quota>5120</Quota></Properties></Share></Shares><NextMarker\
        \ /></EnumerationResults>"}
    headers:
      Content-Type: [application/xml]
      Date: ['Mon, 25 Jan 2016 19:26:47 GMT']
      Server: [Windows-Azure-File/1.0 Microsoft-HTTPAPI/2.0]
      Transfer-Encoding: [chunked]
      x-ms-request-id: [93f2767a-001a-0035-06a6-57515f000000]
      x-ms-version: ['2015-04-05']
    status: {code: 200, message: OK}
version: 1
