interactions:
- request:
    body: AAA
    headers:
      Connection: [keep-alive]
      Content-Length: ['3']
      User-Agent: [Azure-Storage/1.2.0rc1-1.2.0rc1 (Python CPython 3.6.4; Darwin 17.5.0)]
      x-ms-client-request-id: [25e5e1e2-5e17-11e8-aed0-b8e8564491f6]
      x-ms-date: ['Tue, 22 May 2018 23:23:34 GMT']
      x-ms-version: ['2017-11-09']
    method: PUT
    uri: https://storagename.blob.core.windows.net/utcontainerfd0e54/blobfd0e54?comp=block&blockid=MQ%3D%3D
  response:
    body: {string: ''}
    headers:
      Content-MD5: [4fr/s+YU5sL7p0KWliOGtw==]
      Date: ['Tue, 22 May 2018 23:23:34 GMT']
      Server: [Windows-Azure-Blob/1.0 Microsoft-HTTPAPI/2.0]
      Transfer-Encoding: [chunked]
      x-ms-request-id: [fd67bd76-201e-0009-4d23-f24e5a000000]
      x-ms-request-server-encrypted: ['true']
      x-ms-version: ['2017-11-09']
    status: {code: 201, message: Created}
- request:
    body: BBB
    headers:
      Connection: [keep-alive]
      Content-Length: ['3']
      User-Agent: [Azure-Storage/1.2.0rc1-1.2.0rc1 (Python CPython 3.6.4; Darwin 17.5.0)]
      x-ms-client-request-id: [25f999b0-5e17-11e8-9d81-b8e8564491f6]
      x-ms-date: ['Tue, 22 May 2018 23:23:34 GMT']
      x-ms-version: ['2017-11-09']
    method: PUT
    uri: https://storagename.blob.core.windows.net/utcontainerfd0e54/blobfd0e54?comp=block&blockid=Mg%3D%3D
  response:
    body: {string: ''}
    headers:
      Content-MD5: [K7Il8LqaWJMHV6ho7VfZow==]
      Date: ['Tue, 22 May 2018 23:23:34 GMT']
      Server: [Windows-Azure-Blob/1.0 Microsoft-HTTPAPI/2.0]
      Transfer-Encoding: [chunked]
      x-ms-request-id: [fd67bd82-201e-0009-5723-f24e5a000000]
      x-ms-request-server-encrypted: ['true']
      x-ms-version: ['2017-11-09']
    status: {code: 201, message: Created}
- request:
    body: CCC
    headers:
      Connection: [keep-alive]
      Content-Length: ['3']
      User-Agent: [Azure-Storage/1.2.0rc1-1.2.0rc1 (Python CPython 3.6.4; Darwin 17.5.0)]
      x-ms-client-request-id: [25ff89ec-5e17-11e8-b147-b8e8564491f6]
      x-ms-date: ['Tue, 22 May 2018 23:23:34 GMT']
      x-ms-version: ['2017-11-09']
    method: PUT
    uri: https://storagename.blob.core.windows.net/utcontainerfd0e54/blobfd0e54?comp=block&blockid=Mw%3D%3D
  response:
    body: {string: ''}
    headers:
      Content-MD5: [3vuZ5pqfH24G8VAGsfFmrg==]
      Date: ['Tue, 22 May 2018 23:23:34 GMT']
      Server: [Windows-Azure-Blob/1.0 Microsoft-HTTPAPI/2.0]
      Transfer-Encoding: [chunked]
      x-ms-request-id: [fd67bd8c-201e-0009-6023-f24e5a000000]
      x-ms-request-server-encrypted: ['true']
      x-ms-version: ['2017-11-09']
    status: {code: 201, message: Created}
- request:
    body: '<?xml version=''1.0'' encoding=''utf-8''?>

      <BlockList><Latest>MQ==</Latest><Latest>Mg==</Latest><Latest>Mw==</Latest></BlockList>'
    headers:
      Connection: [keep-alive]
      Content-Length: ['125']
      User-Agent: [Azure-Storage/1.2.0rc1-1.2.0rc1 (Python CPython 3.6.4; Darwin 17.5.0)]
      x-ms-client-request-id: [26091598-5e17-11e8-8b1a-b8e8564491f6]
      x-ms-date: ['Tue, 22 May 2018 23:23:35 GMT']
      x-ms-version: ['2017-11-09']
    method: PUT
    uri: https://storagename.blob.core.windows.net/utcontainerfd0e54/blobfd0e54?comp=blocklist
  response:
    body: {string: ''}
    headers:
      Content-MD5: [GD5pABqdSyI51XhMKrkBRA==]
      Date: ['Tue, 22 May 2018 23:23:34 GMT']
      ETag: ['"0x8D5C03B0A43E9D6"']
      Last-Modified: ['Tue, 22 May 2018 23:23:35 GMT']
      Server: [Windows-Azure-Blob/1.0 Microsoft-HTTPAPI/2.0]
      Transfer-Encoding: [chunked]
      x-ms-request-id: [fd67bda2-201e-0009-7423-f24e5a000000]
      x-ms-request-server-encrypted: ['true']
      x-ms-version: ['2017-11-09']
    status: {code: 201, message: Created}
- request:
    body: null
    headers:
      Connection: [keep-alive]
      User-Agent: [Azure-Storage/1.2.0rc1-1.2.0rc1 (Python CPython 3.6.4; Darwin 17.5.0)]
      x-ms-client-request-id: [260f7690-5e17-11e8-9115-b8e8564491f6]
      x-ms-date: ['Tue, 22 May 2018 23:23:35 GMT']
      x-ms-range: [bytes=0-33554431]
      x-ms-version: ['2017-11-09']
    method: GET
    uri: https://storagename.blob.core.windows.net/utcontainerfd0e54/blobfd0e54
  response:
    body: {string: AAABBBCCC}
    headers:
      Accept-Ranges: [bytes]
      Content-Length: ['9']
      Content-Range: [bytes 0-8/9]
      Content-Type: [application/octet-stream]
      Date: ['Tue, 22 May 2018 23:23:34 GMT']
      ETag: ['"0x8D5C03B0A43E9D6"']
      Last-Modified: ['Tue, 22 May 2018 23:23:35 GMT']
      Server: [Windows-Azure-Blob/1.0 Microsoft-HTTPAPI/2.0]
      Vary: [Origin]
      x-ms-blob-type: [BlockBlob]
      x-ms-creation-time: ['Tue, 22 May 2018 23:23:35 GMT']
      x-ms-lease-state: [available]
      x-ms-lease-status: [unlocked]
      x-ms-request-id: [fd67bdb0-201e-0009-0223-f24e5a000000]
      x-ms-server-encrypted: ['true']
      x-ms-version: ['2017-11-09']
    status: {code: 206, message: Partial Content}
version: 1
