interactions:
- request:
    body: '{"TableName": "table358619d2"}'
    headers:
      Accept: [application/json;odata=minimalmetadata]
      Connection: [keep-alive]
      Content-Length: ['30']
      Content-Type: [application/json]
      DataServiceVersion: [3.0;NetFx]
      MaxDataServiceVersion: ['3.0']
      Prefer: [return-no-content]
      User-Agent: [Azure-Storage/0.36.0 (Python CPython 3.6.1; Darwin 16.7.0)]
      x-ms-client-request-id: [721277ee-8786-11e7-b9fa-b8e8564491f6]
      x-ms-date: ['Tue, 22 Aug 2017 22:08:36 GMT']
      x-ms-version: ['2017-04-17']
    method: POST
    uri: https://storagename.table.core.windows.net/Tables
  response:
    body: {string: ''}
    headers:
      Cache-Control: [no-cache]
      Content-Length: ['0']
      DataServiceId: ['https://storagename.table.core.windows.net/Tables(''table358619d2'')']
      Date: ['Tue, 22 Aug 2017 22:08:36 GMT']
      Location: ['https://storagename.table.core.windows.net/Tables(''table358619d2'')']
      Preference-Applied: [return-no-content]
      Server: [Windows-Azure-Table/1.0 Microsoft-HTTPAPI/2.0]
      X-Content-Type-Options: [nosniff]
      x-ms-request-id: [59e4b185-0002-00de-3093-1b047d000000]
      x-ms-version: ['2017-04-17']
    status: {code: 204, message: No Content}
- request:
    body: null
    headers:
      Accept: [application/json;odata=minimalmetadata]
      Connection: [keep-alive]
      Content-Length: ['0']
      DataServiceVersion: [3.0;NetFx]
      MaxDataServiceVersion: ['3.0']
      User-Agent: [Azure-Storage/0.36.0 (Python CPython 3.6.1; Darwin 16.7.0)]
      x-ms-client-request-id: [722996d8-8786-11e7-9fc2-b8e8564491f6]
      x-ms-date: ['Tue, 22 Aug 2017 22:08:36 GMT']
      x-ms-version: ['2017-04-17']
    method: DELETE
    uri: https://storagename.table.core.windows.net/Tables('table358619d2')
  response:
    body: {string: ''}
    headers:
      Cache-Control: [no-cache]
      Content-Length: ['0']
      Date: ['Tue, 22 Aug 2017 22:08:36 GMT']
      Server: [Windows-Azure-Table/1.0 Microsoft-HTTPAPI/2.0]
      X-Content-Type-Options: [nosniff]
      x-ms-request-id: [59e4b193-0002-00de-3b93-1b047d000000]
      x-ms-version: ['2017-04-17']
    status: {code: 204, message: No Content}
- request:
    body: null
    headers:
      Accept: [application/json;odata=nometadata]
      Connection: [keep-alive]
      DataServiceVersion: [3.0;NetFx]
      MaxDataServiceVersion: ['3.0']
      User-Agent: [Azure-Storage/0.36.0 (Python CPython 3.6.1; Darwin 16.7.0)]
      x-ms-client-request-id: [72307c4c-8786-11e7-9a4d-b8e8564491f6]
      x-ms-date: ['Tue, 22 Aug 2017 22:08:36 GMT']
      x-ms-version: ['2017-04-17']
    method: GET
    uri: https://storagename.table.core.windows.net/Tables('table358619d2')
  response:
    body: {string: '{"odata.error":{"code":"ResourceNotFound","message":{"lang":"en-US","value":"The
        specified resource does not exist.\nRequestId:59e4b19b-0002-00de-4393-1b047d000000\nTime:2017-08-22T22:08:36.9065200Z"}}}'}
    headers:
      Cache-Control: [no-cache]
      Content-Type: [application/json;odata=nometadata;streaming=true;charset=utf-8]
      Date: ['Tue, 22 Aug 2017 22:08:36 GMT']
      Server: [Windows-Azure-Table/1.0 Microsoft-HTTPAPI/2.0]
      Transfer-Encoding: [chunked]
      X-Content-Type-Options: [nosniff]
      x-ms-request-id: [59e4b19b-0002-00de-4393-1b047d000000]
      x-ms-version: ['2017-04-17']
    status: {code: 404, message: Not Found}
version: 1
