interactions:
- request:
    body: null
    headers:
      Connection: [keep-alive]
      Content-Length: ['0']
      User-Agent: [Azure-Storage/1.3.0-1.3.0 (Python CPython 3.6.3; Darwin 17.6.0)]
      x-ms-client-request-id: [599ae5c6-7410-11e8-b5e5-8cae4cee5322]
      x-ms-date: ['Tue, 19 Jun 2018 22:30:20 GMT']
      x-ms-version: ['2018-03-28']
    method: PUT
    uri: https://storagename.file.core.windows.net/listshare07d2b16cf?restype=share
  response:
    body: {string: ''}
    headers:
      Date: ['Tue, 19 Jun 2018 22:30:20 GMT']
      ETag: ['"0x8D5D6343DFF6BAD"']
      Last-Modified: ['Tue, 19 Jun 2018 22:30:20 GMT']
      Server: [Windows-Azure-File/1.0 Microsoft-HTTPAPI/2.0]
      Transfer-Encoding: [chunked]
      x-ms-request-id: [ff7c37d1-901a-0049-791d-08d0d0000000]
      x-ms-version: ['2018-03-28']
    status: {code: 201, message: Created}
- request:
    body: null
    headers:
      Connection: [keep-alive]
      Content-Length: ['0']
      User-Agent: [Azure-Storage/1.3.0-1.3.0 (Python CPython 3.6.3; Darwin 17.6.0)]
      x-ms-client-request-id: [59d2beb0-7410-11e8-9422-8cae4cee5322]
      x-ms-date: ['Tue, 19 Jun 2018 22:30:21 GMT']
      x-ms-version: ['2018-03-28']
    method: PUT
    uri: https://storagename.file.core.windows.net/listshare17d2b16cf?restype=share
  response:
    body: {string: ''}
    headers:
      Date: ['Tue, 19 Jun 2018 22:30:20 GMT']
      ETag: ['"0x8D5D6343E0FBF75"']
      Last-Modified: ['Tue, 19 Jun 2018 22:30:21 GMT']
      Server: [Windows-Azure-File/1.0 Microsoft-HTTPAPI/2.0]
      Transfer-Encoding: [chunked]
      x-ms-request-id: [ff7c37d4-901a-0049-7a1d-08d0d0000000]
      x-ms-version: ['2018-03-28']
    status: {code: 201, message: Created}
- request:
    body: null
    headers:
      Connection: [keep-alive]
      Content-Length: ['0']
      User-Agent: [Azure-Storage/1.3.0-1.3.0 (Python CPython 3.6.3; Darwin 17.6.0)]
      x-ms-client-request-id: [59e321f6-7410-11e8-b172-8cae4cee5322]
      x-ms-date: ['Tue, 19 Jun 2018 22:30:21 GMT']
      x-ms-version: ['2018-03-28']
    method: PUT
    uri: https://storagename.file.core.windows.net/listshare27d2b16cf?restype=share
  response:
    body: {string: ''}
    headers:
      Date: ['Tue, 19 Jun 2018 22:30:20 GMT']
      ETag: ['"0x8D5D6343E1F76F6"']
      Last-Modified: ['Tue, 19 Jun 2018 22:30:21 GMT']
      Server: [Windows-Azure-File/1.0 Microsoft-HTTPAPI/2.0]
      Transfer-Encoding: [chunked]
      x-ms-request-id: [ff7c37d6-901a-0049-7b1d-08d0d0000000]
      x-ms-version: ['2018-03-28']
    status: {code: 201, message: Created}
- request:
    body: null
    headers:
      Connection: [keep-alive]
      Content-Length: ['0']
      User-Agent: [Azure-Storage/1.3.0-1.3.0 (Python CPython 3.6.3; Darwin 17.6.0)]
      x-ms-client-request-id: [59f298f4-7410-11e8-bcbb-8cae4cee5322]
      x-ms-date: ['Tue, 19 Jun 2018 22:30:21 GMT']
      x-ms-version: ['2018-03-28']
    method: PUT
    uri: https://storagename.file.core.windows.net/listshare37d2b16cf?restype=share
  response:
    body: {string: ''}
    headers:
      Date: ['Tue, 19 Jun 2018 22:30:20 GMT']
      ETag: ['"0x8D5D6343E2EB931"']
      Last-Modified: ['Tue, 19 Jun 2018 22:30:21 GMT']
      Server: [Windows-Azure-File/1.0 Microsoft-HTTPAPI/2.0]
      Transfer-Encoding: [chunked]
      x-ms-request-id: [ff7c37d9-901a-0049-7c1d-08d0d0000000]
      x-ms-version: ['2018-03-28']
    status: {code: 201, message: Created}
- request:
    body: null
    headers:
      Connection: [keep-alive]
      User-Agent: [Azure-Storage/1.3.0-1.3.0 (Python CPython 3.6.3; Darwin 17.6.0)]
      x-ms-client-request-id: [5a0216cc-7410-11e8-bd0b-8cae4cee5322]
      x-ms-date: ['Tue, 19 Jun 2018 22:30:21 GMT']
      x-ms-version: ['2018-03-28']
    method: GET
    uri: https://storagename.file.core.windows.net/?comp=list&prefix=listshare&maxresults=2
  response:
    body: {string: "\uFEFF<?xml version=\"1.0\" encoding=\"utf-8\"?><EnumerationResults
        ServiceEndpoint=\"https://storagename.file.core.windows.net/\"><Prefix>listshare</Prefix><MaxResults>2</MaxResults><Shares><Share><Name>listshare07d2b16cf</Name><Properties><Last-Modified>Tue,
        19 Jun 2018 22:30:20 GMT</Last-Modified><Etag>\"0x8D5D6343DFF6BAD\"</Etag><Quota>5120</Quota></Properties></Share><Share><Name>listshare17d2b16cf</Name><Properties><Last-Modified>Tue,
        19 Jun 2018 22:30:21 GMT</Last-Modified><Etag>\"0x8D5D6343E0FBF75\"</Etag><Quota>5120</Quota></Properties></Share></Shares><NextMarker>/storagename/listshare27d2b16cf</NextMarker></EnumerationResults>"}
    headers:
      Content-Type: [application/xml]
      Date: ['Tue, 19 Jun 2018 22:30:20 GMT']
      Server: [Windows-Azure-File/1.0 Microsoft-HTTPAPI/2.0]
      Transfer-Encoding: [chunked]
      x-ms-request-id: [ff7c37db-901a-0049-7d1d-08d0d0000000]
      x-ms-version: ['2018-03-28']
    status: {code: 200, message: OK}
- request:
    body: null
    headers:
      Connection: [keep-alive]
      User-Agent: [Azure-Storage/1.3.0-1.3.0 (Python CPython 3.6.3; Darwin 17.6.0)]
      x-ms-client-request-id: [5a104870-7410-11e8-a5e3-8cae4cee5322]
      x-ms-date: ['Tue, 19 Jun 2018 22:30:21 GMT']
      x-ms-version: ['2018-03-28']
    method: GET
    uri: https://storagename.file.core.windows.net/?comp=list&prefix=listshare&marker=%2Fstoragename%2Flistshare27d2b16cf&maxresults=2
  response:
    body: {string: "\uFEFF<?xml version=\"1.0\" encoding=\"utf-8\"?><EnumerationResults
        ServiceEndpoint=\"https://storagename.file.core.windows.net/\"><Prefix>listshare</Prefix><Marker>/storagename/listshare27d2b16cf</Marker><MaxResults>2</MaxResults><Shares><Share><Name>listshare27d2b16cf</Name><Properties><Last-Modified>Tue,
        19 Jun 2018 22:30:21 GMT</Last-Modified><Etag>\"0x8D5D6343E1F76F6\"</Etag><Quota>5120</Quota></Properties></Share><Share><Name>listshare37d2b16cf</Name><Properties><Last-Modified>Tue,
        19 Jun 2018 22:30:21 GMT</Last-Modified><Etag>\"0x8D5D6343E2EB931\"</Etag><Quota>5120</Quota></Properties></Share></Shares><NextMarker
        /></EnumerationResults>"}
    headers:
      Content-Type: [application/xml]
      Date: ['Tue, 19 Jun 2018 22:30:20 GMT']
      Server: [Windows-Azure-File/1.0 Microsoft-HTTPAPI/2.0]
      Transfer-Encoding: [chunked]
      x-ms-request-id: [ff7c37dc-901a-0049-7e1d-08d0d0000000]
      x-ms-version: ['2018-03-28']
    status: {code: 200, message: OK}
- request:
    body: null
    headers:
      Connection: [keep-alive]
      Content-Length: ['0']
      User-Agent: [Azure-Storage/1.3.0-1.3.1 (Python CPython 3.6.4; Darwin 17.7.0)]
      x-ms-client-request-id: [57e92978-894a-11e8-ad09-720000665300]
      x-ms-date: ['Mon, 16 Jul 2018 22:48:23 GMT']
      x-ms-version: ['2018-03-28']
    method: PUT
    uri: https://storagename.file.core.windows.net/listshare07d2b16cf?restype=share
  response:
    body: {string: ''}
    headers:
      Date: ['Mon, 16 Jul 2018 22:48:22 GMT']
      ETag: ['"0x8D5EB6E3C511F18"']
      Last-Modified: ['Mon, 16 Jul 2018 22:48:23 GMT']
      Server: [Windows-Azure-File/1.0 Microsoft-HTTPAPI/2.0]
      Transfer-Encoding: [chunked]
      x-ms-request-id: [a493a2d2-901a-003b-5657-1dd79f000000]
      x-ms-version: ['2018-03-28']
    status: {code: 201, message: Created}
- request:
    body: null
    headers:
      Connection: [keep-alive]
      Content-Length: ['0']
      User-Agent: [Azure-Storage/1.3.0-1.3.1 (Python CPython 3.6.4; Darwin 17.7.0)]
      x-ms-client-request-id: [582512c6-894a-11e8-9751-720000665300]
      x-ms-date: ['Mon, 16 Jul 2018 22:48:23 GMT']
      x-ms-version: ['2018-03-28']
    method: PUT
    uri: https://storagename.file.core.windows.net/listshare17d2b16cf?restype=share
  response:
    body: {string: ''}
    headers:
      Date: ['Mon, 16 Jul 2018 22:48:22 GMT']
      ETag: ['"0x8D5EB6E3C614B9F"']
      Last-Modified: ['Mon, 16 Jul 2018 22:48:23 GMT']
      Server: [Windows-Azure-File/1.0 Microsoft-HTTPAPI/2.0]
      Transfer-Encoding: [chunked]
      x-ms-request-id: [a493a2d4-901a-003b-5757-1dd79f000000]
      x-ms-version: ['2018-03-28']
    status: {code: 201, message: Created}
- request:
    body: null
    headers:
      Connection: [keep-alive]
      Content-Length: ['0']
      User-Agent: [Azure-Storage/1.3.0-1.3.1 (Python CPython 3.6.4; Darwin 17.7.0)]
      x-ms-client-request-id: [5834b906-894a-11e8-800f-720000665300]
      x-ms-date: ['Mon, 16 Jul 2018 22:48:23 GMT']
      x-ms-version: ['2018-03-28']
    method: PUT
    uri: https://storagename.file.core.windows.net/listshare27d2b16cf?restype=share
  response:
    body: {string: ''}
    headers:
      Date: ['Mon, 16 Jul 2018 22:48:22 GMT']
      ETag: ['"0x8D5EB6E3C70DC2C"']
      Last-Modified: ['Mon, 16 Jul 2018 22:48:23 GMT']
      Server: [Windows-Azure-File/1.0 Microsoft-HTTPAPI/2.0]
      Transfer-Encoding: [chunked]
      x-ms-request-id: [a493a2d6-901a-003b-5857-1dd79f000000]
      x-ms-version: ['2018-03-28']
    status: {code: 201, message: Created}
- request:
    body: null
    headers:
      Connection: [keep-alive]
      Content-Length: ['0']
      User-Agent: [Azure-Storage/1.3.0-1.3.1 (Python CPython 3.6.4; Darwin 17.7.0)]
      x-ms-client-request-id: [5848acc2-894a-11e8-9d9c-720000665300]
      x-ms-date: ['Mon, 16 Jul 2018 22:48:23 GMT']
      x-ms-version: ['2018-03-28']
    method: PUT
    uri: https://storagename.file.core.windows.net/listshare37d2b16cf?restype=share
  response:
    body: {string: ''}
    headers:
      Date: ['Mon, 16 Jul 2018 22:48:22 GMT']
      ETag: ['"0x8D5EB6E3C850053"']
      Last-Modified: ['Mon, 16 Jul 2018 22:48:23 GMT']
      Server: [Windows-Azure-File/1.0 Microsoft-HTTPAPI/2.0]
      Transfer-Encoding: [chunked]
      x-ms-request-id: [a493a2d9-901a-003b-5957-1dd79f000000]
      x-ms-version: ['2018-03-28']
    status: {code: 201, message: Created}
- request:
    body: null
    headers:
      Connection: [keep-alive]
      User-Agent: [Azure-Storage/1.3.0-1.3.1 (Python CPython 3.6.4; Darwin 17.7.0)]
      x-ms-client-request-id: [58582512-894a-11e8-a29c-720000665300]
      x-ms-date: ['Mon, 16 Jul 2018 22:48:23 GMT']
      x-ms-version: ['2018-03-28']
    method: GET
    uri: https://storagename.file.core.windows.net/?comp=list&prefix=listshare&maxresults=2
  response:
    body: {string: "\uFEFF<?xml version=\"1.0\" encoding=\"utf-8\"?><EnumerationResults
        ServiceEndpoint=\"https://storagename.file.core.windows.net/\"><Prefix>listshare</Prefix><MaxResults>2</MaxResults><Shares><Share><Name>listshare07d2b16cf</Name><Properties><Last-Modified>Mon,
        16 Jul 2018 22:48:23 GMT</Last-Modified><Etag>\"0x8D5EB6E3C511F18\"</Etag><Quota>5120</Quota></Properties></Share><Share><Name>listshare17d2b16cf</Name><Properties><Last-Modified>Mon,
        16 Jul 2018 22:48:23 GMT</Last-Modified><Etag>\"0x8D5EB6E3C614B9F\"</Etag><Quota>5120</Quota></Properties></Share></Shares><NextMarker>/storagename/listshare27d2b16cf</NextMarker></EnumerationResults>"}
    headers:
      Content-Type: [application/xml]
      Date: ['Mon, 16 Jul 2018 22:48:23 GMT']
      Server: [Windows-Azure-File/1.0 Microsoft-HTTPAPI/2.0]
      Transfer-Encoding: [chunked]
      x-ms-request-id: [a493a2db-901a-003b-5a57-1dd79f000000]
      x-ms-version: ['2018-03-28']
    status: {code: 200, message: OK}
- request:
    body: null
    headers:
      Connection: [keep-alive]
      User-Agent: [Azure-Storage/1.3.0-1.3.1 (Python CPython 3.6.4; Darwin 17.7.0)]
      x-ms-client-request-id: [586683be-894a-11e8-8a59-720000665300]
      x-ms-date: ['Mon, 16 Jul 2018 22:48:23 GMT']
      x-ms-version: ['2018-03-28']
    method: GET
    uri: https://storagename.file.core.windows.net/?comp=list&prefix=listshare&marker=%2Fstoragename%2Flistshare27d2b16cf&maxresults=2
  response:
    body: {string: "\uFEFF<?xml version=\"1.0\" encoding=\"utf-8\"?><EnumerationResults
        ServiceEndpoint=\"https://storagename.file.core.windows.net/\"><Prefix>listshare</Prefix><Marker>/storagename/listshare27d2b16cf</Marker><MaxResults>2</MaxResults><Shares><Share><Name>listshare27d2b16cf</Name><Properties><Last-Modified>Mon,
        16 Jul 2018 22:48:23 GMT</Last-Modified><Etag>\"0x8D5EB6E3C70DC2C\"</Etag><Quota>5120</Quota></Properties></Share><Share><Name>listshare37d2b16cf</Name><Properties><Last-Modified>Mon,
        16 Jul 2018 22:48:23 GMT</Last-Modified><Etag>\"0x8D5EB6E3C850053\"</Etag><Quota>5120</Quota></Properties></Share></Shares><NextMarker
        /></EnumerationResults>"}
    headers:
      Content-Type: [application/xml]
      Date: ['Mon, 16 Jul 2018 22:48:23 GMT']
      Server: [Windows-Azure-File/1.0 Microsoft-HTTPAPI/2.0]
      Transfer-Encoding: [chunked]
      x-ms-request-id: [a493a2dc-901a-003b-5b57-1dd79f000000]
      x-ms-version: ['2018-03-28']
    status: {code: 200, message: OK}
version: 1
