interactions:
- request:
    body: null
    headers:
      Connection: [keep-alive]
      Content-Length: ['0']
      User-Agent: [Azure-Storage/1.2.0rc1-1.2.0rc1 (Python CPython 3.6.4; Darwin 17.5.0)]
      x-ms-client-request-id: [9be26926-5e18-11e8-91b7-b8e8564491f6]
      x-ms-date: ['Tue, 22 May 2018 23:34:02 GMT']
      x-ms-version: ['2017-11-09']
    method: PUT
    uri: https://storagename.file.core.windows.net/sharee07813bc?restype=share
  response:
    body: {string: ''}
    headers:
      Date: ['Tue, 22 May 2018 23:34:02 GMT']
      ETag: ['"0x8D5C03C8027471E"']
      Last-Modified: ['Tue, 22 May 2018 23:34:02 GMT']
      Server: [Windows-Azure-File/1.0 Microsoft-HTTPAPI/2.0]
      Transfer-Encoding: [chunked]
      x-ms-request-id: [e1a8d442-501a-0042-3a25-f27fc0000000]
      x-ms-version: ['2017-11-09']
    status: {code: 201, message: Created}
- request:
    body: null
    headers:
      Connection: [keep-alive]
      Content-Length: ['0']
      User-Agent: [Azure-Storage/1.2.0rc1-1.2.0rc1 (Python CPython 3.6.4; Darwin 17.5.0)]
      x-ms-client-request-id: [9bf65788-5e18-11e8-bace-b8e8564491f6]
      x-ms-date: ['Tue, 22 May 2018 23:34:02 GMT']
      x-ms-meta-hello: [world]
      x-ms-meta-number: ['42']
      x-ms-version: ['2017-11-09']
    method: PUT
    uri: https://storagename.file.core.windows.net/sharee07813bc?restype=share&comp=metadata
  response:
    body: {string: ''}
    headers:
      Date: ['Tue, 22 May 2018 23:34:04 GMT']
      ETag: ['"0x8D5C03C81056B13"']
      Last-Modified: ['Tue, 22 May 2018 23:34:03 GMT']
      Server: [Windows-Azure-File/1.0 Microsoft-HTTPAPI/2.0]
      Transfer-Encoding: [chunked]
      x-ms-request-id: [e1a8d445-501a-0042-3b25-f27fc0000000]
      x-ms-version: ['2017-11-09']
    status: {code: 200, message: OK}
- request:
    body: null
    headers:
      Connection: [keep-alive]
      Content-Length: ['0']
      User-Agent: [Azure-Storage/1.2.0rc1-1.2.0rc1 (Python CPython 3.6.4; Darwin 17.5.0)]
      x-ms-client-request-id: [9d0d9302-5e18-11e8-a711-b8e8564491f6]
      x-ms-date: ['Tue, 22 May 2018 23:34:04 GMT']
      x-ms-version: ['2017-11-09']
    method: PUT
    uri: https://storagename.file.core.windows.net/sharee07813bc?restype=share&comp=snapshot
  response:
    body: {string: ''}
    headers:
      Date: ['Tue, 22 May 2018 23:34:04 GMT']
      ETag: ['"0x8D5C03C81056B13"']
      Last-Modified: ['Tue, 22 May 2018 23:34:03 GMT']
      Server: [Windows-Azure-File/1.0 Microsoft-HTTPAPI/2.0]
      Transfer-Encoding: [chunked]
      x-ms-request-id: [e1a8d447-501a-0042-3c25-f27fc0000000]
      x-ms-snapshot: ['2018-05-22T23:34:04.0000000Z']
      x-ms-version: ['2017-11-09']
    status: {code: 201, message: Created}
- request:
    body: null
    headers:
      Connection: [keep-alive]
      User-Agent: [Azure-Storage/1.2.0rc1-1.2.0rc1 (Python CPython 3.6.4; Darwin 17.5.0)]
      x-ms-client-request-id: [9d159f86-5e18-11e8-b8fa-b8e8564491f6]
      x-ms-date: ['Tue, 22 May 2018 23:34:04 GMT']
      x-ms-version: ['2017-11-09']
    method: GET
    uri: https://storagename.file.core.windows.net/sharee07813bc?restype=share&comp=metadata&sharesnapshot=2018-05-22T23%3A34%3A04.0000000Z
  response:
    body: {string: ''}
    headers:
      Date: ['Tue, 22 May 2018 23:34:04 GMT']
      ETag: ['"0x8D5C03C81056B13"']
      Last-Modified: ['Tue, 22 May 2018 23:34:03 GMT']
      Server: [Windows-Azure-File/1.0 Microsoft-HTTPAPI/2.0]
      Transfer-Encoding: [chunked]
      x-ms-meta-hello: [world]
      x-ms-meta-number: ['42']
      x-ms-request-id: [e1a8d448-501a-0042-3d25-f27fc0000000]
      x-ms-version: ['2017-11-09']
    status: {code: 200, message: OK}
version: 1
