interactions:
- request:
    body: AAA
    headers:
      Connection: [keep-alive]
      Content-Length: ['3']
      User-Agent: [Azure-Storage/1.3.0-1.3.0 (Python CPython 3.6.3; Darwin 17.6.0)]
      x-ms-client-request-id: [58692340-740e-11e8-a79a-8cae4cee5322]
      x-ms-date: ['Tue, 19 Jun 2018 22:15:59 GMT']
      x-ms-version: ['2018-03-28']
    method: PUT
    uri: https://storagename.blob.core.windows.net/utcontainer3074153d/blob3074153d?comp=block&blockid=MQ%3D%3D
  response:
    body: {string: ''}
    headers:
      Date: ['Tue, 19 Jun 2018 22:15:58 GMT']
      Server: [Windows-Azure-Blob/1.0 Microsoft-HTTPAPI/2.0]
      Transfer-Encoding: [chunked]
      x-ms-request-id: [03de3399-301e-0032-171b-08924c000000]
      x-ms-request-server-encrypted: ['true']
      x-ms-version: ['2018-03-28']
    status: {code: 201, message: Created}
- request:
    body: BBB
    headers:
      Connection: [keep-alive]
      Content-Length: ['3']
      User-Agent: [Azure-Storage/1.3.0-1.3.0 (Python CPython 3.6.3; Darwin 17.6.0)]
      x-ms-client-request-id: [589f4d46-740e-11e8-81dd-8cae4cee5322]
      x-ms-date: ['Tue, 19 Jun 2018 22:15:59 GMT']
      x-ms-version: ['2018-03-28']
    method: PUT
    uri: https://storagename.blob.core.windows.net/utcontainer3074153d/blob3074153d?comp=block&blockid=Mg%3D%3D
  response:
    body: {string: ''}
    headers:
      Date: ['Tue, 19 Jun 2018 22:15:59 GMT']
      Server: [Windows-Azure-Blob/1.0 Microsoft-HTTPAPI/2.0]
      Transfer-Encoding: [chunked]
      x-ms-request-id: [03de339d-301e-0032-191b-08924c000000]
      x-ms-request-server-encrypted: ['true']
      x-ms-version: ['2018-03-28']
    status: {code: 201, message: Created}
- request:
    body: CCC
    headers:
      Connection: [keep-alive]
      Content-Length: ['3']
      User-Agent: [Azure-Storage/1.3.0-1.3.0 (Python CPython 3.6.3; Darwin 17.6.0)]
      x-ms-client-request-id: [58ae3908-740e-11e8-823f-8cae4cee5322]
      x-ms-date: ['Tue, 19 Jun 2018 22:16:00 GMT']
      x-ms-version: ['2018-03-28']
    method: PUT
    uri: https://storagename.blob.core.windows.net/utcontainer3074153d/blob3074153d?comp=block&blockid=Mw%3D%3D
  response:
    body: {string: ''}
    headers:
      Date: ['Tue, 19 Jun 2018 22:15:59 GMT']
      Server: [Windows-Azure-Blob/1.0 Microsoft-HTTPAPI/2.0]
      Transfer-Encoding: [chunked]
      x-ms-request-id: [03de339e-301e-0032-1a1b-08924c000000]
      x-ms-request-server-encrypted: ['true']
      x-ms-version: ['2018-03-28']
    status: {code: 201, message: Created}
- request:
    body: '<?xml version=''1.0'' encoding=''utf-8''?>

      <BlockList><Latest>MQ==</Latest><Latest>Mg==</Latest><Latest>Mw==</Latest></BlockList>'
    headers:
      Connection: [keep-alive]
      Content-Length: ['125']
      User-Agent: [Azure-Storage/1.3.0-1.3.0 (Python CPython 3.6.3; Darwin 17.6.0)]
      x-ms-client-request-id: [58bd09b0-740e-11e8-9deb-8cae4cee5322]
      x-ms-date: ['Tue, 19 Jun 2018 22:16:00 GMT']
      x-ms-version: ['2018-03-28']
    method: PUT
    uri: https://storagename.blob.core.windows.net/utcontainer3074153d/blob3074153d?comp=blocklist
  response:
    body: {string: ''}
    headers:
      Content-MD5: [GD5pABqdSyI51XhMKrkBRA==]
      Date: ['Tue, 19 Jun 2018 22:15:59 GMT']
      ETag: ['"0x8D5D6323CF7E7D7"']
      Last-Modified: ['Tue, 19 Jun 2018 22:16:00 GMT']
      Server: [Windows-Azure-Blob/1.0 Microsoft-HTTPAPI/2.0]
      Transfer-Encoding: [chunked]
      x-ms-request-id: [03de33a0-301e-0032-1c1b-08924c000000]
      x-ms-request-server-encrypted: ['true']
      x-ms-version: ['2018-03-28']
    status: {code: 201, message: Created}
- request:
    body: null
    headers:
      Connection: [keep-alive]
      User-Agent: [Azure-Storage/1.3.0-1.3.0 (Python CPython 3.6.3; Darwin 17.6.0)]
      x-ms-client-request-id: [58cc6f06-740e-11e8-952f-8cae4cee5322]
      x-ms-date: ['Tue, 19 Jun 2018 22:16:00 GMT']
      x-ms-version: ['2018-03-28']
    method: GET
    uri: https://storagename.blob.core.windows.net/utcontainer3074153d/blob3074153d?comp=blocklist&blocklisttype=committed
  response:
    body: {string: "\uFEFF<?xml version=\"1.0\" encoding=\"utf-8\"?><BlockList><CommittedBlocks><Block><Name>MQ==</Name><Size>3</Size></Block><Block><Name>Mg==</Name><Size>3</Size></Block><Block><Name>Mw==</Name><Size>3</Size></Block></CommittedBlocks></BlockList>"}
    headers:
      Content-Type: [application/xml]
      Date: ['Tue, 19 Jun 2018 22:15:59 GMT']
      ETag: ['"0x8D5D6323CF7E7D7"']
      Last-Modified: ['Tue, 19 Jun 2018 22:16:00 GMT']
      Server: [Windows-Azure-Blob/1.0 Microsoft-HTTPAPI/2.0]
      Transfer-Encoding: [chunked]
      x-ms-blob-content-length: ['9']
      x-ms-request-id: [03de33a1-301e-0032-1d1b-08924c000000]
      x-ms-version: ['2018-03-28']
    status: {code: 200, message: OK}
- request:
    body: AAA
    headers:
      Connection: [keep-alive]
      Content-Length: ['3']
      User-Agent: [Azure-Storage/1.3.0-1.3.1 (Python CPython 3.6.4; Darwin 17.7.0)]
      x-ms-client-request-id: [73862bec-8948-11e8-917e-720000665300]
      x-ms-date: ['Mon, 16 Jul 2018 22:34:50 GMT']
      x-ms-version: ['2018-03-28']
    method: PUT
    uri: https://storagename.blob.core.windows.net/utcontainer3074153d/blob3074153d?comp=block&blockid=MQ%3D%3D
  response:
    body: {string: ''}
    headers:
      Content-MD5: [4fr/s+YU5sL7p0KWliOGtw==]
      Date: ['Mon, 16 Jul 2018 22:34:50 GMT']
      Server: [Windows-Azure-Blob/1.0 Microsoft-HTTPAPI/2.0]
      Transfer-Encoding: [chunked]
      x-ms-request-id: [4a0cf8ab-201e-003e-7755-1d0544000000]
      x-ms-request-server-encrypted: ['true']
      x-ms-version: ['2018-03-28']
    status: {code: 201, message: Created}
- request:
    body: BBB
    headers:
      Connection: [keep-alive]
      Content-Length: ['3']
      User-Agent: [Azure-Storage/1.3.0-1.3.1 (Python CPython 3.6.4; Darwin 17.7.0)]
      x-ms-client-request-id: [73bcee48-8948-11e8-9e8a-720000665300]
      x-ms-date: ['Mon, 16 Jul 2018 22:34:50 GMT']
      x-ms-version: ['2018-03-28']
    method: PUT
    uri: https://storagename.blob.core.windows.net/utcontainer3074153d/blob3074153d?comp=block&blockid=Mg%3D%3D
  response:
    body: {string: ''}
    headers:
      Content-MD5: [K7Il8LqaWJMHV6ho7VfZow==]
      Date: ['Mon, 16 Jul 2018 22:34:50 GMT']
      Server: [Windows-Azure-Blob/1.0 Microsoft-HTTPAPI/2.0]
      Transfer-Encoding: [chunked]
      x-ms-request-id: [4a0cf8af-201e-003e-7855-1d0544000000]
      x-ms-request-server-encrypted: ['true']
      x-ms-version: ['2018-03-28']
    status: {code: 201, message: Created}
- request:
    body: CCC
    headers:
      Connection: [keep-alive]
      Content-Length: ['3']
      User-Agent: [Azure-Storage/1.3.0-1.3.1 (Python CPython 3.6.4; Darwin 17.7.0)]
      x-ms-client-request-id: [73cbcd5a-8948-11e8-8bda-720000665300]
      x-ms-date: ['Mon, 16 Jul 2018 22:34:50 GMT']
      x-ms-version: ['2018-03-28']
    method: PUT
    uri: https://storagename.blob.core.windows.net/utcontainer3074153d/blob3074153d?comp=block&blockid=Mw%3D%3D
  response:
    body: {string: ''}
    headers:
      Content-MD5: [3vuZ5pqfH24G8VAGsfFmrg==]
      Date: ['Mon, 16 Jul 2018 22:34:50 GMT']
      Server: [Windows-Azure-Blob/1.0 Microsoft-HTTPAPI/2.0]
      Transfer-Encoding: [chunked]
      x-ms-request-id: [4a0cf8b2-201e-003e-7a55-1d0544000000]
      x-ms-request-server-encrypted: ['true']
      x-ms-version: ['2018-03-28']
    status: {code: 201, message: Created}
- request:
    body: '<?xml version=''1.0'' encoding=''utf-8''?>

      <BlockList><Latest>MQ==</Latest><Latest>Mg==</Latest><Latest>Mw==</Latest></BlockList>'
    headers:
      Connection: [keep-alive]
      Content-Length: ['125']
      User-Agent: [Azure-Storage/1.3.0-1.3.1 (Python CPython 3.6.4; Darwin 17.7.0)]
      x-ms-client-request-id: [73dab28c-8948-11e8-9ce5-720000665300]
      x-ms-date: ['Mon, 16 Jul 2018 22:34:50 GMT']
      x-ms-version: ['2018-03-28']
    method: PUT
    uri: https://storagename.blob.core.windows.net/utcontainer3074153d/blob3074153d?comp=blocklist
  response:
    body: {string: ''}
    headers:
      Content-MD5: [GD5pABqdSyI51XhMKrkBRA==]
      Date: ['Mon, 16 Jul 2018 22:34:50 GMT']
      ETag: ['"0x8D5EB6C581760D2"']
      Last-Modified: ['Mon, 16 Jul 2018 22:34:50 GMT']
      Server: [Windows-Azure-Blob/1.0 Microsoft-HTTPAPI/2.0]
      Transfer-Encoding: [chunked]
      x-ms-request-id: [4a0cf8b5-201e-003e-7d55-1d0544000000]
      x-ms-request-server-encrypted: ['true']
      x-ms-version: ['2018-03-28']
    status: {code: 201, message: Created}
- request:
    body: null
    headers:
      Connection: [keep-alive]
      User-Agent: [Azure-Storage/1.3.0-1.3.1 (Python CPython 3.6.4; Darwin 17.7.0)]
      x-ms-client-request-id: [73ea992e-8948-11e8-9fef-720000665300]
      x-ms-date: ['Mon, 16 Jul 2018 22:34:51 GMT']
      x-ms-version: ['2018-03-28']
    method: GET
    uri: https://storagename.blob.core.windows.net/utcontainer3074153d/blob3074153d?comp=blocklist&blocklisttype=committed
  response:
    body: {string: "\uFEFF<?xml version=\"1.0\" encoding=\"utf-8\"?><BlockList><CommittedBlocks><Block><Name>MQ==</Name><Size>3</Size></Block><Block><Name>Mg==</Name><Size>3</Size></Block><Block><Name>Mw==</Name><Size>3</Size></Block></CommittedBlocks></BlockList>"}
    headers:
      Content-Type: [application/xml]
      Date: ['Mon, 16 Jul 2018 22:34:50 GMT']
      ETag: ['"0x8D5EB6C581760D2"']
      Last-Modified: ['Mon, 16 Jul 2018 22:34:50 GMT']
      Server: [Windows-Azure-Blob/1.0 Microsoft-HTTPAPI/2.0]
      Transfer-Encoding: [chunked]
      Vary: [Origin]
      x-ms-blob-content-length: ['9']
      x-ms-request-id: [4a0cf8bd-201e-003e-0455-1d0544000000]
      x-ms-version: ['2018-03-28']
    status: {code: 200, message: OK}
version: 1
