interactions:
- request:
    body: null
    headers:
      Connection: [keep-alive]
      Content-Length: ['0']
      User-Agent: [Azure-Storage/0.35.0 (Python CPython 3.6.1; Darwin 16.6.0)]
      x-ms-client-request-id: [5fb0afb6-67fc-11e7-a1a2-b8e8564491f6]
      x-ms-date: ['Thu, 13 Jul 2017 18:52:09 GMT']
      x-ms-version: ['2017-04-17']
    method: PUT
    uri: https://storagename.blob.core.windows.net/270d0f94?restype=container
  response:
    body: {string: ''}
    headers:
      Date: ['Thu, 13 Jul 2017 18:52:08 GMT']
      ETag: ['"0x8D4CA2043C9ED6B"']
      Last-Modified: ['Thu, 13 Jul 2017 18:52:09 GMT']
      Server: [Windows-Azure-Blob/1.0 Microsoft-HTTPAPI/2.0]
      Transfer-Encoding: [chunked]
      x-ms-request-id: [b25b9305-0001-005f-4809-fca62a000000]
      x-ms-version: ['2017-04-17']
    status: {code: 201, message: Created}
- request:
    body: null
    headers:
      Connection: [keep-alive]
      Content-Length: ['0']
      User-Agent: [Azure-Storage/0.35.0 (Python CPython 3.6.1; Darwin 16.6.0)]
      x-ms-client-request-id: [5fb0afb6-67fc-11e7-a1a2-b8e8564491f6]
      x-ms-date: ['Thu, 13 Jul 2017 18:52:27 GMT']
      x-ms-version: ['2017-04-17']
    method: PUT
    uri: https://storagename.blob.core.windows.net/270d0f94?restype=container
  response:
    body: {string: "\uFEFF<?xml version=\"1.0\" encoding=\"utf-8\"?><Error><Code>ContainerAlreadyExists</Code><Message>The\
        \ specified container already exists.\nRequestId:b25baeeb-0001-005f-3009-fca62a000000\n\
        Time:2017-07-13T18:52:27.1641038Z</Message></Error>"}
    headers:
      Content-Length: ['230']
      Content-Type: [application/xml]
      Date: ['Thu, 13 Jul 2017 18:52:26 GMT']
      Server: [Windows-Azure-Blob/1.0 Microsoft-HTTPAPI/2.0]
      x-ms-request-id: [b25baeeb-0001-005f-3009-fca62a000000]
      x-ms-version: ['2017-04-17']
    status: {code: 409, message: The specified container already exists.}
- request:
    body: null
    headers:
      Connection: [keep-alive]
      Content-Length: ['0']
      User-Agent: [Azure-Storage/0.35.0 (Python CPython 3.6.1; Darwin 16.6.0)]
      x-ms-client-request-id: [6a875b10-67fc-11e7-8512-b8e8564491f6]
      x-ms-date: ['Thu, 13 Jul 2017 18:52:27 GMT']
      x-ms-version: ['2017-04-17']
    method: DELETE
    uri: https://storagename.blob.core.windows.net/270d0f94?restype=container
  response:
    body: {string: ''}
    headers:
      Date: ['Thu, 13 Jul 2017 18:52:26 GMT']
      Server: [Windows-Azure-Blob/1.0 Microsoft-HTTPAPI/2.0]
      Transfer-Encoding: [chunked]
      x-ms-request-id: [b25baefe-0001-005f-4109-fca62a000000]
      x-ms-version: ['2017-04-17']
    status: {code: 202, message: Accepted}
version: 1
