interactions:
- request:
    body: null
    headers:
      Connection: [keep-alive]
      Content-Length: ['0']
      User-Agent: [Azure-Storage/1.1.0-1.1.0 (Python CPython 3.6.3; Darwin 17.3.0)]
      x-ms-blob-content-length: ['512']
      x-ms-blob-type: [PageBlob]
      x-ms-client-request-id: [b8a5a01e-0acb-11e8-a4ac-b8e8564491f6]
      x-ms-date: ['Mon, 05 Feb 2018 23:24:32 GMT']
      x-ms-version: ['2017-07-29']
    method: PUT
    uri: https://storagename.blob.core.windows.net/utcontainerbbff0c0b/blobbbff0c0b
  response:
    body: {string: ''}
    headers:
      Date: ['Mon, 05 Feb 2018 23:24:32 GMT']
      ETag: ['"0x8D56CEF9CD1C4DC"']
      Last-Modified: ['Mon, 05 Feb 2018 23:24:32 GMT']
      Server: [Windows-Azure-Blob/1.0 Microsoft-HTTPAPI/2.0]
      Transfer-Encoding: [chunked]
      x-ms-request-id: [324ec0db-001e-010c-61d8-9efc70000000]
      x-ms-request-server-encrypted: ['true']
      x-ms-version: ['2017-07-29']
    status: {code: 201, message: Created}
- request:
    body: null
    headers:
      Connection: [keep-alive]
      Content-Length: ['0']
      User-Agent: [Azure-Storage/1.1.0-1.1.0 (Python CPython 3.6.3; Darwin 17.3.0)]
      x-ms-client-request-id: [b8bbc04c-0acb-11e8-86a1-b8e8564491f6]
      x-ms-date: ['Mon, 05 Feb 2018 23:24:32 GMT']
      x-ms-page-write: [clear]
      x-ms-range: [bytes=0-511]
      x-ms-version: ['2017-07-29']
    method: PUT
    uri: https://storagename.blob.core.windows.net/utcontainerbbff0c0b/blobbbff0c0b?comp=page
  response:
    body: {string: ''}
    headers:
      Date: ['Mon, 05 Feb 2018 23:24:32 GMT']
      ETag: ['"0x8D56CEF9CD9B595"']
      Last-Modified: ['Mon, 05 Feb 2018 23:24:32 GMT']
      Server: [Windows-Azure-Blob/1.0 Microsoft-HTTPAPI/2.0]
      Transfer-Encoding: [chunked]
      x-ms-blob-sequence-number: ['0']
      x-ms-request-id: [324ec103-001e-010c-02d8-9efc70000000]
      x-ms-version: ['2017-07-29']
    status: {code: 201, message: Created}
- request:
    body: null
    headers:
      Connection: [keep-alive]
      User-Agent: [Azure-Storage/1.1.0-1.1.0 (Python CPython 3.6.3; Darwin 17.3.0)]
      x-ms-client-request-id: [b8c20df8-0acb-11e8-aa08-b8e8564491f6]
      x-ms-date: ['Mon, 05 Feb 2018 23:24:32 GMT']
      x-ms-range: [bytes=0-33554431]
      x-ms-version: ['2017-07-29']
    method: GET
    uri: https://storagename.blob.core.windows.net/utcontainerbbff0c0b/blobbbff0c0b
  response:
    body: {string: "\0\0\0\0\0\0\0\0\0\0\0\0\0\0\0\0\0\0\0\0\0\0\0\0\0\0\0\0\0\0\0\
        \0\0\0\0\0\0\0\0\0\0\0\0\0\0\0\0\0\0\0\0\0\0\0\0\0\0\0\0\0\0\0\0\0\0\0\0\0\
        \0\0\0\0\0\0\0\0\0\0\0\0\0\0\0\0\0\0\0\0\0\0\0\0\0\0\0\0\0\0\0\0\0\0\0\0\0\
        \0\0\0\0\0\0\0\0\0\0\0\0\0\0\0\0\0\0\0\0\0\0\0\0\0\0\0\0\0\0\0\0\0\0\0\0\0\
        \0\0\0\0\0\0\0\0\0\0\0\0\0\0\0\0\0\0\0\0\0\0\0\0\0\0\0\0\0\0\0\0\0\0\0\0\0\
        \0\0\0\0\0\0\0\0\0\0\0\0\0\0\0\0\0\0\0\0\0\0\0\0\0\0\0\0\0\0\0\0\0\0\0\0\0\
        \0\0\0\0\0\0\0\0\0\0\0\0\0\0\0\0\0\0\0\0\0\0\0\0\0\0\0\0\0\0\0\0\0\0\0\0\0\
        \0\0\0\0\0\0\0\0\0\0\0\0\0\0\0\0\0\0\0\0\0\0\0\0\0\0\0\0\0\0\0\0\0\0\0\0\0\
        \0\0\0\0\0\0\0\0\0\0\0\0\0\0\0\0\0\0\0\0\0\0\0\0\0\0\0\0\0\0\0\0\0\0\0\0\0\
        \0\0\0\0\0\0\0\0\0\0\0\0\0\0\0\0\0\0\0\0\0\0\0\0\0\0\0\0\0\0\0\0\0\0\0\0\0\
        \0\0\0\0\0\0\0\0\0\0\0\0\0\0\0\0\0\0\0\0\0\0\0\0\0\0\0\0\0\0\0\0\0\0\0\0\0\
        \0\0\0\0\0\0\0\0\0\0\0\0\0\0\0\0\0\0\0\0\0\0\0\0\0\0\0\0\0\0\0\0\0\0\0\0\0\
        \0\0\0\0\0\0\0\0\0\0\0\0\0\0\0\0\0\0\0\0\0\0\0\0\0\0\0\0\0\0\0\0\0\0\0\0\0\
        \0\0\0\0\0\0\0\0\0\0\0\0\0\0\0\0\0\0\0\0\0\0\0\0\0\0\0\0\0\0\0\0\0\0\0\0\0"}
    headers:
      Accept-Ranges: [bytes]
      Content-Length: ['512']
      Content-Range: [bytes 0-511/512]
      Content-Type: [application/octet-stream]
      Date: ['Mon, 05 Feb 2018 23:24:32 GMT']
      ETag: ['"0x8D56CEF9CD9B595"']
      Last-Modified: ['Mon, 05 Feb 2018 23:24:32 GMT']
      Server: [Windows-Azure-Blob/1.0 Microsoft-HTTPAPI/2.0]
      Vary: [Origin]
      x-ms-blob-sequence-number: ['0']
      x-ms-blob-type: [PageBlob]
      x-ms-lease-state: [available]
      x-ms-lease-status: [unlocked]
      x-ms-request-id: [324ec11c-001e-010c-18d8-9efc70000000]
      x-ms-server-encrypted: ['true']
      x-ms-version: ['2017-07-29']
    status: {code: 206, message: Partial Content}
version: 1
