interactions:
- request:
    body: null
    headers:
      Connection: [keep-alive]
      Content-Length: ['0']
      User-Agent: [Azure-Storage/0.35.1 (Python CPython 3.6.1; Darwin 16.6.0)]
      x-ms-client-request-id: [ad598418-68f6-11e7-a460-b8e8564491f6]
      x-ms-date: ['Sat, 15 Jul 2017 00:43:53 GMT']
      x-ms-version: ['2017-04-17']
    method: PUT
    uri: https://storagename.file.core.windows.net/share11320ede?restype=share
  response:
    body: {string: ''}
    headers:
      Date: ['Sat, 15 Jul 2017 00:43:54 GMT']
      ETag: ['"0x8D4CB1A926557EB"']
      Last-Modified: ['Sat, 15 Jul 2017 00:43:55 GMT']
      Server: [Windows-Azure-File/1.0 Microsoft-HTTPAPI/2.0]
      Transfer-Encoding: [chunked]
      x-ms-request-id: [ba6c7f24-001a-00ea-5e03-fdabd5000000]
      x-ms-version: ['2017-04-17']
    status: {code: 201, message: Created}
- request:
    body: null
    headers:
      Connection: [keep-alive]
      Content-Length: ['0']
      User-Agent: [Azure-Storage/0.35.1 (Python CPython 3.6.1; Darwin 16.6.0)]
      x-ms-client-request-id: [ad6dd012-68f6-11e7-a533-b8e8564491f6]
      x-ms-date: ['Sat, 15 Jul 2017 00:43:53 GMT']
      x-ms-meta-hello: [world]
      x-ms-meta-number: ['42']
      x-ms-version: ['2017-04-17']
    method: PUT
    uri: https://storagename.file.core.windows.net/share11320ede?restype=share&comp=metadata
  response:
    body: {string: ''}
    headers:
      Date: ['Sat, 15 Jul 2017 00:43:54 GMT']
      ETag: ['"0x8D4CB1A926557EC"']
      Last-Modified: ['Sat, 15 Jul 2017 00:43:55 GMT']
      Server: [Windows-Azure-File/1.0 Microsoft-HTTPAPI/2.0]
      Transfer-Encoding: [chunked]
      x-ms-request-id: [ba6c7f27-001a-00ea-5f03-fdabd5000000]
      x-ms-version: ['2017-04-17']
    status: {code: 200, message: OK}
- request:
    body: null
    headers:
      Connection: [keep-alive]
      User-Agent: [Azure-Storage/0.35.1 (Python CPython 3.6.1; Darwin 16.6.0)]
      x-ms-client-request-id: [ad80e99a-68f6-11e7-93f8-b8e8564491f6]
      x-ms-date: ['Sat, 15 Jul 2017 00:43:54 GMT']
      x-ms-version: ['2017-04-17']
    method: GET
    uri: https://storagename.file.core.windows.net/share11320ede?restype=share
  response:
    body: {string: ''}
    headers:
      Date: ['Sat, 15 Jul 2017 00:43:54 GMT']
      ETag: ['"0x8D4CB1A926557EC"']
      Last-Modified: ['Sat, 15 Jul 2017 00:43:55 GMT']
      Server: [Windows-Azure-File/1.0 Microsoft-HTTPAPI/2.0]
      Transfer-Encoding: [chunked]
      x-ms-meta-hello: [world]
      x-ms-meta-number: ['42']
      x-ms-request-id: [ba6c7f28-001a-00ea-6003-fdabd5000000]
      x-ms-share-quota: ['5120']
      x-ms-version: ['2017-04-17']
    status: {code: 200, message: OK}
version: 1
