interactions:
- request:
    body: null
    headers:
      Connection: [keep-alive]
      Content-Length: ['0']
      User-Agent: [Azure-Storage/0.35.1 (Python CPython 3.6.1; Darwin 16.6.0)]
      x-ms-client-request-id: [d5a290f6-68f4-11e7-ae88-b8e8564491f6]
      x-ms-date: ['Sat, 15 Jul 2017 00:30:42 GMT']
      x-ms-version: ['2017-04-17']
    method: PUT
    uri: https://storagename.blob.core.windows.net/utcontainera2b21733?restype=container
  response:
    body: {string: ''}
    headers:
      Date: ['Sat, 15 Jul 2017 00:30:43 GMT']
      ETag: ['"0x8D4CB18BACC296A"']
      Last-Modified: ['Sat, 15 Jul 2017 00:30:43 GMT']
      Server: [Windows-Azure-Blob/1.0 Microsoft-HTTPAPI/2.0]
      Transfer-Encoding: [chunked]
      x-ms-request-id: [11ab420b-0001-0125-3a01-fd8a32000000]
      x-ms-version: ['2017-04-17']
    status: {code: 201, message: Created}
- request:
    body: hello world
    headers:
      Connection: [keep-alive]
      Content-Length: ['11']
      User-Agent: [Azure-Storage/0.35.1 (Python CPython 3.6.1; Darwin 16.6.0)]
      x-ms-blob-type: [BlockBlob]
      x-ms-client-request-id: [d5b6e574-68f4-11e7-aa10-b8e8564491f6]
      x-ms-date: ['Sat, 15 Jul 2017 00:30:42 GMT']
      x-ms-version: ['2017-04-17']
    method: PUT
    uri: https://storagename.blob.core.windows.net/utcontainera2b21733/blob1
  response:
    body: {string: ''}
    headers:
      Content-MD5: [XrY7u+Ae7tCTyyK7j1rNww==]
      Date: ['Sat, 15 Jul 2017 00:30:44 GMT']
      ETag: ['"0x8D4CB18BA7A9C0E"']
      Last-Modified: ['Sat, 15 Jul 2017 00:30:43 GMT']
      Server: [Windows-Azure-Blob/1.0 Microsoft-HTTPAPI/2.0]
      Transfer-Encoding: [chunked]
      x-ms-request-id: [11ab422e-0001-0125-5801-fd8a32000000]
      x-ms-request-server-encrypted: ['true']
      x-ms-version: ['2017-04-17']
    status: {code: 201, message: Created}
- request:
    body: null
    headers:
      Connection: [keep-alive]
      User-Agent: [Azure-Storage/0.35.1 (Python CPython 3.6.1; Darwin 16.6.0)]
      x-ms-client-request-id: [d5c548e4-68f4-11e7-87bc-b8e8564491f6]
      x-ms-date: ['Sat, 15 Jul 2017 00:30:42 GMT']
      x-ms-version: ['2017-04-17']
    method: HEAD
    uri: https://storagename.blob.core.windows.net/utcontainera2b21733/blob1
  response:
    body: {string: ''}
    headers:
      Accept-Ranges: [bytes]
      Content-Length: ['11']
      Content-MD5: [XrY7u+Ae7tCTyyK7j1rNww==]
      Content-Type: [application/octet-stream]
      Date: ['Sat, 15 Jul 2017 00:30:44 GMT']
      ETag: ['"0x8D4CB18BA7A9C0E"']
      Last-Modified: ['Sat, 15 Jul 2017 00:30:43 GMT']
      Server: [Windows-Azure-Blob/1.0 Microsoft-HTTPAPI/2.0]
      Vary: [Origin]
      x-ms-blob-type: [BlockBlob]
      x-ms-lease-state: [available]
      x-ms-lease-status: [unlocked]
      x-ms-request-id: [11ab4242-0001-0125-6a01-fd8a32000000]
      x-ms-server-encrypted: ['true']
      x-ms-version: ['2017-04-17']
    status: {code: 200, message: OK}
- request:
    body: null
    headers:
      Connection: [keep-alive]
      Content-Length: ['0']
      If-Match: ['"0x8D4CB18BA7A9C0E"']
      User-Agent: [Azure-Storage/0.35.1 (Python CPython 3.6.1; Darwin 16.6.0)]
      x-ms-client-request-id: [d5cab158-68f4-11e7-bb9c-b8e8564491f6]
      x-ms-date: ['Sat, 15 Jul 2017 00:30:42 GMT']
      x-ms-lease-action: [acquire]
      x-ms-lease-duration: ['-1']
      x-ms-proposed-lease-id: [00000000-1111-2222-3333-444444444444]
      x-ms-version: ['2017-04-17']
    method: PUT
    uri: https://storagename.blob.core.windows.net/utcontainera2b21733/blob1?comp=lease
  response:
    body: {string: ''}
    headers:
      Date: ['Sat, 15 Jul 2017 00:30:44 GMT']
      ETag: ['"0x8D4CB18BA7A9C0E"']
      Last-Modified: ['Sat, 15 Jul 2017 00:30:43 GMT']
      Server: [Windows-Azure-Blob/1.0 Microsoft-HTTPAPI/2.0]
      Transfer-Encoding: [chunked]
      x-ms-lease-id: [00000000-1111-2222-3333-444444444444]
      x-ms-request-id: [11ab424b-0001-0125-7101-fd8a32000000]
      x-ms-version: ['2017-04-17']
    status: {code: 201, message: Created}
- request:
    body: null
    headers:
      Connection: [keep-alive]
      Content-Length: ['0']
      User-Agent: [Azure-Storage/0.35.1 (Python CPython 3.6.1; Darwin 16.6.0)]
      x-ms-client-request-id: [d5d0e280-68f4-11e7-99ba-b8e8564491f6]
      x-ms-date: ['Sat, 15 Jul 2017 00:30:42 GMT']
      x-ms-lease-action: [break]
      x-ms-version: ['2017-04-17']
    method: PUT
    uri: https://storagename.blob.core.windows.net/utcontainera2b21733/blob1?comp=lease
  response:
    body: {string: ''}
    headers:
      Date: ['Sat, 15 Jul 2017 00:30:44 GMT']
      ETag: ['"0x8D4CB18BA7A9C0E"']
      Last-Modified: ['Sat, 15 Jul 2017 00:30:43 GMT']
      Server: [Windows-Azure-Blob/1.0 Microsoft-HTTPAPI/2.0]
      Transfer-Encoding: [chunked]
      x-ms-lease-time: ['0']
      x-ms-request-id: [11ab425a-0001-0125-7f01-fd8a32000000]
      x-ms-version: ['2017-04-17']
    status: {code: 202, message: Accepted}
version: 1
