interactions:
- request:
    body: !!python/unicode '{"test3": "3", "test2": "value", "test5": "2017-10-02T20:21:32Z",
      "test4": "1234567890", "PartitionKey": "001", "test5@odata.type": "Edm.DateTime",
      "test3@odata.type": "Edm.Int64", "RowKey": "batch_update", "test": "true", "test4@odata.type":
      "Edm.Int64"}'
    headers:
      Accept: [application/json;odata=minimalmetadata]
      Connection: [keep-alive]
      Content-Length: ['255']
      Content-Type: [application/json]
      DataServiceVersion: [3.0;NetFx]
      MaxDataServiceVersion: ['3.0']
      Prefer: [return-no-content]
      User-Agent: [Azure-Storage/0.37.0-0.36.0 (Python CPython 2.7.10; Darwin 16.7.0)]
      x-ms-client-request-id: [47c9d6ab-a7af-11e7-93b2-b8e8564491f6]
      x-ms-date: ['Mon, 02 Oct 2017 20:21:32 GMT']
      x-ms-version: ['2017-04-17']
    method: POST
    uri: https://storagename.table.core.windows.net/tablef0c10dba
  response:
    body: {string: !!python/unicode ''}
    headers:
      cache-control: [no-cache]
      content-length: ['0']
      dataserviceid: ['https://storagename.table.core.windows.net/tablef0c10dba(PartitionKey=''001'',RowKey=''batch_update'')']
      date: ['Mon, 02 Oct 2017 20:21:32 GMT']
      etag: [W/"datetime'2017-10-02T20%3A21%3A33.5057793Z'"]
      location: ['https://storagename.table.core.windows.net/tablef0c10dba(PartitionKey=''001'',RowKey=''batch_update'')']
      preference-applied: [return-no-content]
      server: [Windows-Azure-Table/1.0 Microsoft-HTTPAPI/2.0]
      x-content-type-options: [nosniff]
      x-ms-request-id: [ac52a474-0002-0002-7bbc-3b562e000000]
      x-ms-version: ['2017-04-17']
    status: {code: 204, message: No Content}
- request:
    body: null
    headers:
      Accept: [application/json;odata=minimalmetadata]
      Connection: [keep-alive]
      DataServiceVersion: [3.0;NetFx]
      MaxDataServiceVersion: ['3.0']
      User-Agent: [Azure-Storage/0.37.0-0.36.0 (Python CPython 2.7.10; Darwin 16.7.0)]
      x-ms-client-request-id: [47e04ab5-a7af-11e7-8f18-b8e8564491f6]
      x-ms-date: ['Mon, 02 Oct 2017 20:21:32 GMT']
      x-ms-version: ['2017-04-17']
    method: GET
    uri: https://storagename.table.core.windows.net/tablef0c10dba(PartitionKey='001',RowKey='batch_update')
  response:
    body: {string: !!python/unicode '{"odata.metadata":"https://storagename.table.core.windows.net/$metadata#tablef0c10dba/@Element","odata.etag":"W/\"datetime''2017-10-02T20%3A21%3A33.5057793Z''\"","PartitionKey":"001","RowKey":"batch_update","Timestamp":"2017-10-02T20:21:33.5057793Z","test3@odata.type":"Edm.Int64","test3":"3","test2":"value","test5@odata.type":"Edm.DateTime","test5":"2017-10-02T20:21:32Z","test4@odata.type":"Edm.Int64","test4":"1234567890","test":"true"}'}
    headers:
      cache-control: [no-cache]
      content-type: [application/json;odata=minimalmetadata;streaming=true;charset=utf-8]
      date: ['Mon, 02 Oct 2017 20:21:32 GMT']
      etag: [W/"datetime'2017-10-02T20%3A21%3A33.5057793Z'"]
      server: [Windows-Azure-Table/1.0 Microsoft-HTTPAPI/2.0]
      transfer-encoding: [chunked]
      x-content-type-options: [nosniff]
      x-ms-request-id: [ac52a47e-0002-0002-01bc-3b562e000000]
      x-ms-version: ['2017-04-17']
    status: {code: 200, message: OK}
- request:
    body: !!python/unicode '--batch_47e5a59c-a7af-11e7-ba7a-b8e8564491f6

      Content-Type: multipart/mixed; boundary=changeset_47e5a663-a7af-11e7-9673-b8e8564491f6


      --changeset_47e5a663-a7af-11e7-9673-b8e8564491f6

      Content-Type: application/http

      Content-Transfer-Encoding: binary


      PUT /tablef0c10dba(PartitionKey=''001'',RowKey=''batch_update'') HTTP/1.1

      Content-ID: 1

      Accept: application/json;odata=minimalmetadata

      If-Match: *

      Content-Type: application/json

      Content-Length: 393


      {"test3": "3", "test2": "value1", "test5": "2017-10-02T20:21:32Z", "test4":
      "1234567890", "Timestamp": "2017-10-02T20:21:33Z", "PartitionKey": "001", "test5@odata.type":
      "Edm.DateTime", "etag": "W/\"datetime''2017-10-02T20%3A21%3A33.5057793Z''\"",
      "test3@odata.type": "Edm.Int64", "RowKey": "batch_update", "test": "true", "test4@odata.type":
      "Edm.Int64", "Timestamp@odata.type": "Edm.DateTime"}


      --changeset_47e5a663-a7af-11e7-9673-b8e8564491f6--

      --batch_47e5a59c-a7af-11e7-ba7a-b8e8564491f6--'
    headers:
      Connection: [keep-alive]
      Content-Length: ['935']
      Content-Type: [!!python/unicode 'multipart/mixed; boundary=batch_47e5a59c-a7af-11e7-ba7a-b8e8564491f6']
      DataServiceVersion: [3.0;NetFx]
      MaxDataServiceVersion: ['3.0']
      User-Agent: [Azure-Storage/0.37.0-0.36.0 (Python CPython 2.7.10; Darwin 16.7.0)]
      x-ms-client-request-id: [47e5a935-a7af-11e7-843b-b8e8564491f6]
      x-ms-date: ['Mon, 02 Oct 2017 20:21:32 GMT']
      x-ms-version: ['2017-04-17']
    method: POST
    uri: https://storagename.table.core.windows.net/$batch
  response:
    body: {string: !!python/unicode "--batchresponse_89d2ae6b-1c85-437b-b1a2-737e68f20e37\r\
        \nContent-Type: multipart/mixed; boundary=changesetresponse_9e347f53-4e72-47ae-95bd-8b22927dcede\r\
        \n\r\n--changesetresponse_9e347f53-4e72-47ae-95bd-8b22927dcede\r\nContent-Type:\
        \ application/http\r\nContent-Transfer-Encoding: binary\r\n\r\nHTTP/1.1 204\
        \ No Content\r\nContent-ID: 1\r\nX-Content-Type-Options: nosniff\r\nCache-Control:\
        \ no-cache\r\nDataServiceVersion: 1.0;\r\nETag: W/\"datetime'2017-10-02T20%3A21%3A33.573512Z'\"\
        \r\n\r\n\r\n--changesetresponse_9e347f53-4e72-47ae-95bd-8b22927dcede--\r\n\
        --batchresponse_89d2ae6b-1c85-437b-b1a2-737e68f20e37--\r\n"}
    headers:
      cache-control: [no-cache]
      content-type: [multipart/mixed; boundary=batchresponse_89d2ae6b-1c85-437b-b1a2-737e68f20e37]
      date: ['Mon, 02 Oct 2017 20:21:32 GMT']
      server: [Windows-Azure-Table/1.0 Microsoft-HTTPAPI/2.0]
      transfer-encoding: [chunked]
      x-content-type-options: [nosniff]
      x-ms-request-id: [ac52a485-0002-0002-08bc-3b562e000000]
      x-ms-version: ['2017-04-17']
    status: {code: 202, message: Accepted}
- request:
    body: null
    headers:
      Accept: [application/json;odata=minimalmetadata]
      Connection: [keep-alive]
      DataServiceVersion: [3.0;NetFx]
      MaxDataServiceVersion: ['3.0']
      User-Agent: [Azure-Storage/0.37.0-0.36.0 (Python CPython 2.7.10; Darwin 16.7.0)]
      x-ms-client-request-id: [47edef5e-a7af-11e7-9b8a-b8e8564491f6]
      x-ms-date: ['Mon, 02 Oct 2017 20:21:32 GMT']
      x-ms-version: ['2017-04-17']
    method: GET
    uri: https://storagename.table.core.windows.net/tablef0c10dba(PartitionKey='001',RowKey='batch_update')
  response:
    body: {string: !!python/unicode '{"odata.metadata":"https://storagename.table.core.windows.net/$metadata#tablef0c10dba/@Element","odata.etag":"W/\"datetime''2017-10-02T20%3A21%3A33.573512Z''\"","PartitionKey":"001","RowKey":"batch_update","Timestamp":"2017-10-02T20:21:33.573512Z","etag":"W/\"datetime''2017-10-02T20%3A21%3A33.5057793Z''\"","test":"true","test2":"value1","test3@odata.type":"Edm.Int64","test3":"3","test4@odata.type":"Edm.Int64","test4":"1234567890","test5@odata.type":"Edm.DateTime","test5":"2017-10-02T20:21:32Z"}'}
    headers:
      cache-control: [no-cache]
      content-type: [application/json;odata=minimalmetadata;streaming=true;charset=utf-8]
      date: ['Mon, 02 Oct 2017 20:21:32 GMT']
      etag: [W/"datetime'2017-10-02T20%3A21%3A33.573512Z'"]
      server: [Windows-Azure-Table/1.0 Microsoft-HTTPAPI/2.0]
      transfer-encoding: [chunked]
      x-content-type-options: [nosniff]
      x-ms-request-id: [ac52a48f-0002-0002-12bc-3b562e000000]
      x-ms-version: ['2017-04-17']
    status: {code: 200, message: OK}
version: 1
