interactions:
- request:
    body: null
    headers:
      Connection: [keep-alive]
      Content-Length: ['0']
      User-Agent: [Azure-Storage/0.35.1 (Python CPython 3.6.1; Darwin 16.6.0)]
      x-ms-client-request-id: [c824a358-68f4-11e7-9417-b8e8564491f6]
      x-ms-date: ['Sat, 15 Jul 2017 00:30:19 GMT']
      x-ms-version: ['2017-04-17']
    method: PUT
    uri: https://storagename.blob.core.windows.net/utcontainera1ea1b3c?restype=container
  response:
    body: {string: ''}
    headers:
      Date: ['Sat, 15 Jul 2017 00:30:20 GMT']
      ETag: ['"0x8D4CB18ACDE2DF0"']
      Last-Modified: ['Sat, 15 Jul 2017 00:30:20 GMT']
      Server: [Windows-Azure-Blob/1.0 Microsoft-HTTPAPI/2.0]
      Transfer-Encoding: [chunked]
      x-ms-request-id: [0be12d0e-0001-007c-5501-fdc9e1000000]
      x-ms-version: ['2017-04-17']
    status: {code: 201, message: Created}
- request:
    body: null
    headers:
      Connection: [keep-alive]
      Content-Length: ['0']
      User-Agent: [Azure-Storage/0.35.1 (Python CPython 3.6.1; Darwin 16.6.0)]
      x-ms-blob-type: [AppendBlob]
      x-ms-client-request-id: [c83b5182-68f4-11e7-b763-b8e8564491f6]
      x-ms-date: ['Sat, 15 Jul 2017 00:30:19 GMT']
      x-ms-version: ['2017-04-17']
    method: PUT
    uri: https://storagename.blob.core.windows.net/utcontainera1ea1b3c/blob1
  response:
    body: {string: ''}
    headers:
      Date: ['Sat, 15 Jul 2017 00:30:19 GMT']
      ETag: ['"0x8D4CB18AD076A01"']
      Last-Modified: ['Sat, 15 Jul 2017 00:30:20 GMT']
      Server: [Windows-Azure-Blob/1.0 Microsoft-HTTPAPI/2.0]
      Transfer-Encoding: [chunked]
      x-ms-request-id: [e50a2b61-0001-0045-1501-fd8945000000]
      x-ms-request-server-encrypted: ['true']
      x-ms-version: ['2017-04-17']
    status: {code: 201, message: Created}
- request:
    body: block 0
    headers:
      Connection: [keep-alive]
      Content-Length: ['7']
      If-Modified-Since: ['Sat, 15 Jul 2017 00:45:20 GMT']
      User-Agent: [Azure-Storage/0.35.1 (Python CPython 3.6.1; Darwin 16.6.0)]
      x-ms-client-request-id: [c851ea50-68f4-11e7-b110-b8e8564491f6]
      x-ms-date: ['Sat, 15 Jul 2017 00:30:20 GMT']
      x-ms-version: ['2017-04-17']
    method: PUT
    uri: https://storagename.blob.core.windows.net/utcontainera1ea1b3c/blob1?comp=appendblock
  response:
    body: {string: "\uFEFF<?xml version=\"1.0\" encoding=\"utf-8\"?><Error><Code>ConditionNotMet</Code><Message>The\
        \ condition specified using HTTP conditional header(s) is not met.\nRequestId:e50a2b75-0001-0045-2701-fd8945000000\n\
        Time:2017-07-15T00:30:20.9276182Z</Message></Error>"}
    headers:
      Content-Length: ['252']
      Content-Type: [application/xml]
      Date: ['Sat, 15 Jul 2017 00:30:19 GMT']
      Server: [Windows-Azure-Blob/1.0 Microsoft-HTTPAPI/2.0]
      x-ms-request-id: [e50a2b75-0001-0045-2701-fd8945000000]
      x-ms-version: ['2017-04-17']
    status: {code: 412, message: The condition specified using HTTP conditional header(s)
        is not met.}
version: 1
