interactions:
- request:
    body: '{"PartitionKey": "pk61d51ac3", "RowKey": "rk61d51ac3", "age": "39", "age@odata.type":
      "Edm.Int64", "sex": "male", "married": true, "deceased": false, "optional":
      null, "evenratio": 3.0, "ratio": 3.1, "large": "933311100", "large@odata.type":
      "Edm.Int64", "Birthday": "1973-10-04T00:00:00Z", "Birthday@odata.type": "Edm.DateTime",
      "birthday": "1970-10-04T00:00:00Z", "birthday@odata.type": "Edm.DateTime", "binary":
      "YmluYXJ5", "binary@odata.type": "Edm.Binary", "other": 20, "clsid": "c9da6455-213d-42c9-9a79-3e9149a57833",
      "clsid@odata.type": "Edm.Guid"}'
    headers:
      Accept: [application/json;odata=minimalmetadata]
      Connection: [keep-alive]
      Content-Length: ['555']
      Content-Type: [application/json]
      DataServiceVersion: [3.0;NetFx]
      MaxDataServiceVersion: ['3.0']
      Prefer: [return-no-content]
      User-Agent: [Azure-Storage/0.35.1 (Python CPython 3.6.1; Darwin 16.6.0)]
      x-ms-client-request-id: [cfe1ba1e-68f6-11e7-ba3c-b8e8564491f6]
      x-ms-date: ['Sat, 15 Jul 2017 00:44:51 GMT']
      x-ms-version: ['2017-04-17']
    method: POST
    uri: https://storagename.table.core.windows.net/uttable61d51ac3
  response:
    body: {string: ''}
    headers:
      Cache-Control: [no-cache]
      Content-Length: ['0']
      DataServiceId: ['https://storagename.table.core.windows.net/uttable61d51ac3(PartitionKey=''pk61d51ac3'',RowKey=''rk61d51ac3'')']
      Date: ['Sat, 15 Jul 2017 00:44:52 GMT']
      ETag: [W/"datetime'2017-07-15T00%3A44%3A53.0049384Z'"]
      Location: ['https://storagename.table.core.windows.net/uttable61d51ac3(PartitionKey=''pk61d51ac3'',RowKey=''rk61d51ac3'')']
      Preference-Applied: [return-no-content]
      Server: [Windows-Azure-Table/1.0 Microsoft-HTTPAPI/2.0]
      X-Content-Type-Options: [nosniff]
      x-ms-request-id: [03fd7732-0002-0082-4403-fdf584000000]
      x-ms-version: ['2017-04-17']
    status: {code: 204, message: No Content}
- request:
    body: null
    headers:
      Accept: [application/json;odata=minimalmetadata]
      Connection: [keep-alive]
      DataServiceVersion: [3.0;NetFx]
      MaxDataServiceVersion: ['3.0']
      User-Agent: [Azure-Storage/0.35.1 (Python CPython 3.6.1; Darwin 16.6.0)]
      x-ms-client-request-id: [cff4e63e-68f6-11e7-a1d5-b8e8564491f6]
      x-ms-date: ['Sat, 15 Jul 2017 00:44:51 GMT']
      x-ms-version: ['2017-04-17']
    method: GET
    uri: https://storagename.table.core.windows.net/uttable61d51ac3(PartitionKey='pk61d51ac3',RowKey='rk61d51ac3')
  response:
    body: {string: '{"odata.metadata":"https://storagename.table.core.windows.net/$metadata#uttable61d51ac3/@Element","odata.etag":"W/\"datetime''2017-07-15T00%3A44%3A53.0049384Z''\"","PartitionKey":"pk61d51ac3","RowKey":"rk61d51ac3","Timestamp":"2017-07-15T00:44:53.0049384Z","age@odata.type":"Edm.Int64","age":"39","sex":"male","married":true,"deceased":false,"evenratio":3.0,"ratio":3.1,"large@odata.type":"Edm.Int64","large":"933311100","Birthday@odata.type":"Edm.DateTime","Birthday":"1973-10-04T00:00:00Z","birthday@odata.type":"Edm.DateTime","birthday":"1970-10-04T00:00:00Z","binary@odata.type":"Edm.Binary","binary":"YmluYXJ5","other":20,"clsid@odata.type":"Edm.Guid","clsid":"c9da6455-213d-42c9-9a79-3e9149a57833"}'}
    headers:
      Cache-Control: [no-cache]
      Content-Type: [application/json;odata=minimalmetadata;streaming=true;charset=utf-8]
      Date: ['Sat, 15 Jul 2017 00:44:52 GMT']
      ETag: [W/"datetime'2017-07-15T00%3A44%3A53.0049384Z'"]
      Server: [Windows-Azure-Table/1.0 Microsoft-HTTPAPI/2.0]
      Transfer-Encoding: [chunked]
      X-Content-Type-Options: [nosniff]
      x-ms-request-id: [03fd7741-0002-0082-5003-fdf584000000]
      x-ms-version: ['2017-04-17']
    status: {code: 200, message: OK}
- request:
    body: null
    headers:
      Accept: [application/json;odata=minimalmetadata]
      Connection: [keep-alive]
      DataServiceVersion: [3.0;NetFx]
      MaxDataServiceVersion: ['3.0']
      User-Agent: [Azure-Storage/0.35.1 (Python CPython 3.6.1; Darwin 16.6.0)]
      x-ms-client-request-id: [cff4e63e-68f6-11e7-a1d5-b8e8564491f6]
      x-ms-date: ['Sat, 15 Jul 2017 00:45:09 GMT']
      x-ms-version: ['2017-04-17']
    method: GET
    uri: https://storagename.table.core.windows.net/uttable61d51ac3(PartitionKey='pk61d51ac3',RowKey='rk61d51ac3')
  response:
    body: {string: '{"odata.metadata":"https://storagename.table.core.windows.net/$metadata#uttable61d51ac3/@Element","odata.etag":"W/\"datetime''2017-07-15T00%3A44%3A53.0049384Z''\"","PartitionKey":"pk61d51ac3","RowKey":"rk61d51ac3","Timestamp":"2017-07-15T00:44:53.0049384Z","age@odata.type":"Edm.Int64","age":"39","sex":"male","married":true,"deceased":false,"evenratio":3.0,"ratio":3.1,"large@odata.type":"Edm.Int64","large":"933311100","Birthday@odata.type":"Edm.DateTime","Birthday":"1973-10-04T00:00:00Z","birthday@odata.type":"Edm.DateTime","birthday":"1970-10-04T00:00:00Z","binary@odata.type":"Edm.Binary","binary":"YmluYXJ5","other":20,"clsid@odata.type":"Edm.Guid","clsid":"c9da6455-213d-42c9-9a79-3e9149a57833"}'}
    headers:
      Cache-Control: [no-cache]
      Content-Type: [application/json;odata=minimalmetadata;streaming=true;charset=utf-8]
      Date: ['Sat, 15 Jul 2017 00:45:10 GMT']
      ETag: [W/"datetime'2017-07-15T00%3A44%3A53.0049384Z'"]
      Server: [Windows-Azure-Table/1.0 Microsoft-HTTPAPI/2.0]
      Transfer-Encoding: [chunked]
      X-Content-Type-Options: [nosniff]
      x-ms-request-id: [03fd94e6-0002-0082-6803-fdf584000000]
      x-ms-version: ['2017-04-17']
    status: {code: 200, message: OK}
- request:
    body: null
    headers:
      Accept: [application/json;odata=minimalmetadata]
      Connection: [keep-alive]
      DataServiceVersion: [3.0;NetFx]
      MaxDataServiceVersion: ['3.0']
      User-Agent: [Azure-Storage/0.35.1 (Python CPython 3.6.1; Darwin 16.6.0)]
      x-ms-client-request-id: [cff4e63e-68f6-11e7-a1d5-b8e8564491f6]
      x-ms-date: ['Sat, 15 Jul 2017 00:45:33 GMT']
      x-ms-version: ['2017-04-17']
    method: GET
    uri: https://storagename.table.core.windows.net/uttable61d51ac3(PartitionKey='pk61d51ac3',RowKey='rk61d51ac3')
  response:
    body: {string: '{"odata.metadata":"https://storagename.table.core.windows.net/$metadata#uttable61d51ac3/@Element","odata.etag":"W/\"datetime''2017-07-15T00%3A44%3A53.0049384Z''\"","PartitionKey":"pk61d51ac3","RowKey":"rk61d51ac3","Timestamp":"2017-07-15T00:44:53.0049384Z","age@odata.type":"Edm.Int64","age":"39","sex":"male","married":true,"deceased":false,"evenratio":3.0,"ratio":3.1,"large@odata.type":"Edm.Int64","large":"933311100","Birthday@odata.type":"Edm.DateTime","Birthday":"1973-10-04T00:00:00Z","birthday@odata.type":"Edm.DateTime","birthday":"1970-10-04T00:00:00Z","binary@odata.type":"Edm.Binary","binary":"YmluYXJ5","other":20,"clsid@odata.type":"Edm.Guid","clsid":"c9da6455-213d-42c9-9a79-3e9149a57833"}'}
    headers:
      Cache-Control: [no-cache]
      Content-Type: [application/json;odata=minimalmetadata;streaming=true;charset=utf-8]
      Date: ['Sat, 15 Jul 2017 00:45:34 GMT']
      ETag: [W/"datetime'2017-07-15T00%3A44%3A53.0049384Z'"]
      Server: [Windows-Azure-Table/1.0 Microsoft-HTTPAPI/2.0]
      Transfer-Encoding: [chunked]
      X-Content-Type-Options: [nosniff]
      x-ms-request-id: [03fdbb5a-0002-0082-7a03-fdf584000000]
      x-ms-version: ['2017-04-17']
    status: {code: 200, message: OK}
- request:
    body: null
    headers:
      Accept: [application/json;odata=minimalmetadata]
      Connection: [keep-alive]
      DataServiceVersion: [3.0;NetFx]
      MaxDataServiceVersion: ['3.0']
      User-Agent: [Azure-Storage/0.35.1 (Python CPython 3.6.1; Darwin 16.6.0)]
      x-ms-client-request-id: [cff4e63e-68f6-11e7-a1d5-b8e8564491f6]
      x-ms-date: ['Sat, 15 Jul 2017 00:46:15 GMT']
      x-ms-version: ['2017-04-17']
    method: GET
    uri: https://storagename.table.core.windows.net/uttable61d51ac3(PartitionKey='pk61d51ac3',RowKey='rk61d51ac3')
  response:
    body: {string: '{"odata.metadata":"https://storagename.table.core.windows.net/$metadata#uttable61d51ac3/@Element","odata.etag":"W/\"datetime''2017-07-15T00%3A44%3A53.0049384Z''\"","PartitionKey":"pk61d51ac3","RowKey":"rk61d51ac3","Timestamp":"2017-07-15T00:44:53.0049384Z","age@odata.type":"Edm.Int64","age":"39","sex":"male","married":true,"deceased":false,"evenratio":3.0,"ratio":3.1,"large@odata.type":"Edm.Int64","large":"933311100","Birthday@odata.type":"Edm.DateTime","Birthday":"1973-10-04T00:00:00Z","birthday@odata.type":"Edm.DateTime","birthday":"1970-10-04T00:00:00Z","binary@odata.type":"Edm.Binary","binary":"YmluYXJ5","other":20,"clsid@odata.type":"Edm.Guid","clsid":"c9da6455-213d-42c9-9a79-3e9149a57833"}'}
    headers:
      Cache-Control: [no-cache]
      Content-Type: [application/json;odata=minimalmetadata;streaming=true;charset=utf-8]
      Date: ['Sat, 15 Jul 2017 00:46:16 GMT']
      ETag: [W/"datetime'2017-07-15T00%3A44%3A53.0049384Z'"]
      Server: [Windows-Azure-Table/1.0 Microsoft-HTTPAPI/2.0]
      Transfer-Encoding: [chunked]
      X-Content-Type-Options: [nosniff]
      x-ms-request-id: [03fdfed1-0002-0082-3803-fdf584000000]
      x-ms-version: ['2017-04-17']
    status: {code: 200, message: OK}
version: 1
