interactions:
- request:
    body: null
    headers:
      Connection: [keep-alive]
      Content-Length: ['0']
      User-Agent: [Azure-Storage/0.37.0-0.36.0 (Python CPython 2.7.10; Darwin 16.7.0)]
      x-ms-client-request-id: [914914ca-a896-11e7-b6de-b8e8564491f6]
      x-ms-date: ['Tue, 03 Oct 2017 23:57:09 GMT']
      x-ms-version: ['2017-04-17']
    method: PUT
    uri: https://storagename.blob.core.windows.net/utcontainer6d2e1e1f?restype=container
  response:
    body: {string: !!python/unicode ''}
    headers:
      date: ['Tue, 03 Oct 2017 23:57:08 GMT']
      etag: ['"0x8D50ABA75815F7E"']
      last-modified: ['Tue, 03 Oct 2017 23:57:09 GMT']
      server: [Windows-Azure-Blob/1.0 Microsoft-HTTPAPI/2.0]
      transfer-encoding: [chunked]
      x-ms-request-id: [eac62b44-001e-0009-24a3-3c4e5a000000]
      x-ms-version: ['2017-04-17']
    status: {code: 201, message: Created}
- request:
    body: !!python/unicode 'hello world'
    headers:
      Connection: [keep-alive]
      Content-Length: ['11']
      User-Agent: [Azure-Storage/0.37.0-0.36.0 (Python CPython 2.7.10; Darwin 16.7.0)]
      x-ms-blob-type: [BlockBlob]
      x-ms-client-request-id: [915dc399-a896-11e7-8e95-b8e8564491f6]
      x-ms-date: ['Tue, 03 Oct 2017 23:57:09 GMT']
      x-ms-version: ['2017-04-17']
    method: PUT
    uri: https://storagename.blob.core.windows.net/utcontainer6d2e1e1f/blob1
  response:
    body: {string: !!python/unicode ''}
    headers:
      content-md5: [XrY7u+Ae7tCTyyK7j1rNww==]
      date: ['Tue, 03 Oct 2017 23:57:08 GMT']
      etag: ['"0x8D50ABA758F4135"']
      last-modified: ['Tue, 03 Oct 2017 23:57:09 GMT']
      server: [Windows-Azure-Blob/1.0 Microsoft-HTTPAPI/2.0]
      transfer-encoding: [chunked]
      x-ms-request-id: [eac62b54-001e-0009-31a3-3c4e5a000000]
      x-ms-request-server-encrypted: ['true']
      x-ms-version: ['2017-04-17']
    status: {code: 201, message: Created}
- request:
    body: null
    headers:
      Connection: [keep-alive]
      User-Agent: [Azure-Storage/0.37.0-0.36.0 (Python CPython 2.7.10; Darwin 16.7.0)]
      x-ms-client-request-id: [9163e1cc-a896-11e7-9abc-b8e8564491f6]
      x-ms-date: ['Tue, 03 Oct 2017 23:57:09 GMT']
      x-ms-version: ['2017-04-17']
    method: HEAD
    uri: https://storagename.blob.core.windows.net/utcontainer6d2e1e1f/blob1
  response:
    body: {string: !!python/unicode ''}
    headers:
      accept-ranges: [bytes]
      content-length: ['11']
      content-md5: [XrY7u+Ae7tCTyyK7j1rNww==]
      content-type: [application/octet-stream]
      date: ['Tue, 03 Oct 2017 23:57:08 GMT']
      etag: ['"0x8D50ABA758F4135"']
      last-modified: ['Tue, 03 Oct 2017 23:57:09 GMT']
      server: [Windows-Azure-Blob/1.0 Microsoft-HTTPAPI/2.0]
      vary: [Origin]
      x-ms-blob-type: [BlockBlob]
      x-ms-lease-state: [available]
      x-ms-lease-status: [unlocked]
      x-ms-request-id: [eac62b5d-001e-0009-3aa3-3c4e5a000000]
      x-ms-server-encrypted: ['true']
      x-ms-version: ['2017-04-17']
    status: {code: 200, message: OK}
- request:
    body: null
    headers:
      Connection: [keep-alive]
      Content-Length: ['0']
      If-None-Match: ['"0x8D50ABA758F4135"']
      User-Agent: [Azure-Storage/0.37.0-0.36.0 (Python CPython 2.7.10; Darwin 16.7.0)]
      x-ms-client-request-id: [91694697-a896-11e7-800c-b8e8564491f6]
      x-ms-date: ['Tue, 03 Oct 2017 23:57:09 GMT']
      x-ms-meta-hello: [world]
      x-ms-meta-number: ['42']
      x-ms-version: ['2017-04-17']
    method: PUT
    uri: https://storagename.blob.core.windows.net/utcontainer6d2e1e1f/blob1?comp=metadata
  response:
    body: {string: "\uFEFF<?xml version=\"1.0\" encoding=\"utf-8\"?><Error><Code>ConditionNotMet</Code><Message>The\
        \ condition specified using HTTP conditional header(s) is not met.\nRequestId:eac62b62-001e-0009-3ea3-3c4e5a000000\n\
        Time:2017-10-03T23:57:09.5591742Z</Message></Error>"}
    headers:
      content-length: ['252']
      content-type: [application/xml]
      date: ['Tue, 03 Oct 2017 23:57:08 GMT']
      server: [Windows-Azure-Blob/1.0 Microsoft-HTTPAPI/2.0]
      x-ms-request-id: [eac62b62-001e-0009-3ea3-3c4e5a000000]
      x-ms-version: ['2017-04-17']
    status: {code: 412, message: The condition specified using HTTP conditional header(s)
        is not met.}
version: 1
