interactions:
- request:
    body: null
    headers:
      Connection: [keep-alive]
      Content-Length: ['0']
      User-Agent: [Azure-Storage/0.34.0 (Python CPython 3.5.2; Windows 10)]
      x-ms-client-request-id: [b5a340ec-f4a8-11e6-a81f-64510640cc62]
      x-ms-date: ['Fri, 17 Feb 2017 00:33:32 GMT']
      x-ms-version: ['2016-05-31']
    method: PUT
    uri: https://storagename.blob.core.windows.net/utcontainer374419b3?restype=container
  response:
    body: {string: ''}
    headers:
      Date: ['Fri, 17 Feb 2017 00:33:32 GMT']
      ETag: ['"0x8D456CC99E57246"']
      Last-Modified: ['Fri, 17 Feb 2017 00:33:32 GMT']
      Server: [Windows-Azure-Blob/1.0 Microsoft-HTTPAPI/2.0]
      Transfer-Encoding: [chunked]
      x-ms-request-id: [a695b5e3-0001-0041-51b5-88cadf000000]
      x-ms-version: ['2016-05-31']
    status: {code: 201, message: Created}
- request:
    body: hello world
    headers:
      Connection: [keep-alive]
      Content-Length: ['11']
      User-Agent: [Azure-Storage/0.34.0 (Python CPython 3.5.2; Windows 10)]
      x-ms-blob-type: [BlockBlob]
      x-ms-client-request-id: [b5da1278-f4a8-11e6-b812-64510640cc62]
      x-ms-date: ['Fri, 17 Feb 2017 00:33:32 GMT']
      x-ms-version: ['2016-05-31']
    method: PUT
    uri: https://storagename.blob.core.windows.net/utcontainer374419b3/blob1
  response:
    body: {string: ''}
    headers:
      Content-MD5: [XrY7u+Ae7tCTyyK7j1rNww==]
      Date: ['Fri, 17 Feb 2017 00:33:32 GMT']
      ETag: ['"0x8D456CC99F56C9D"']
      Last-Modified: ['Fri, 17 Feb 2017 00:33:32 GMT']
      Server: [Windows-Azure-Blob/1.0 Microsoft-HTTPAPI/2.0]
      Transfer-Encoding: [chunked]
      x-ms-request-id: [a695b5f9-0001-0041-65b5-88cadf000000]
      x-ms-request-server-encrypted: ['true']
      x-ms-version: ['2016-05-31']
    status: {code: 201, message: Created}
- request:
    body: null
    headers:
      Connection: [keep-alive]
      Content-Length: ['0']
      If-Unmodified-Since: ['Fri, 17 Feb 2017 00:48:32 GMT']
      User-Agent: [Azure-Storage/0.34.0 (Python CPython 3.5.2; Windows 10)]
      x-ms-client-request-id: [b5e88066-f4a8-11e6-8cd7-64510640cc62]
      x-ms-date: ['Fri, 17 Feb 2017 00:33:32 GMT']
      x-ms-version: ['2016-05-31']
    method: DELETE
    uri: https://storagename.blob.core.windows.net/utcontainer374419b3/blob1
  response:
    body: {string: ''}
    headers:
      Date: ['Fri, 17 Feb 2017 00:33:32 GMT']
      Server: [Windows-Azure-Blob/1.0 Microsoft-HTTPAPI/2.0]
      Transfer-Encoding: [chunked]
      x-ms-request-id: [a695b60b-0001-0041-77b5-88cadf000000]
      x-ms-version: ['2016-05-31']
    status: {code: 202, message: Accepted}
version: 1
