interactions:
- request:
    body: null
    headers:
      Connection: [keep-alive]
      Content-Length: ['0']
      User-Agent: [Azure-Storage/0.36.0 (Python CPython 2.7.10; Darwin 16.7.0)]
      x-ms-client-request-id: [9942c4fa-9f68-11e7-af16-b8e8564491f6]
      x-ms-date: ['Fri, 22 Sep 2017 07:35:25 GMT']
      x-ms-meta-test1: [foo]
      x-ms-meta-test2: [bar]
      x-ms-version: ['2017-04-17']
    method: PUT
    uri: https://storagename.file.core.windows.net/utsharec869184c/dir1?restype=directory
  response:
    body: {string: !!python/unicode ''}
    headers:
      date: ['Fri, 22 Sep 2017 07:35:24 GMT']
      etag: ['"0x8D5018C7DB4B017"']
      last-modified: ['Fri, 22 Sep 2017 07:35:25 GMT']
      server: [Windows-Azure-File/1.0 Microsoft-HTTPAPI/2.0]
      transfer-encoding: [chunked]
      x-ms-request-id: [3d96463f-001a-0019-3675-331280000000]
      x-ms-request-server-encrypted: ['false']
      x-ms-version: ['2017-04-17']
    status: {code: 201, message: Created}
- request:
    body: null
    headers:
      Connection: [keep-alive]
      Content-Length: ['0']
      User-Agent: [Azure-Storage/0.36.0 (Python CPython 2.7.10; Darwin 16.7.0)]
      x-ms-client-request-id: [997f5078-9f68-11e7-bcc1-b8e8564491f6]
      x-ms-date: ['Fri, 22 Sep 2017 07:35:25 GMT']
      x-ms-version: ['2017-04-17']
    method: PUT
    uri: https://storagename.file.core.windows.net/utsharec869184c?comp=snapshot&restype=share
  response:
    body: {string: !!python/unicode ''}
    headers:
      date: ['Fri, 22 Sep 2017 07:35:25 GMT']
      etag: ['"0x8D5018C7D650E40"']
      last-modified: ['Fri, 22 Sep 2017 07:35:25 GMT']
      server: [Windows-Azure-File/1.0 Microsoft-HTTPAPI/2.0]
      transfer-encoding: [chunked]
      x-ms-request-id: [3d964642-001a-0019-3875-331280000000]
      x-ms-snapshot: ['2017-09-22T07:35:25.0000000Z']
      x-ms-version: ['2017-04-17']
    status: {code: 201, message: Created}
- request:
    body: null
    headers:
      Connection: [keep-alive]
      Content-Length: ['0']
      User-Agent: [Azure-Storage/0.36.0 (Python CPython 2.7.10; Darwin 16.7.0)]
      x-ms-client-request-id: [99a5e34f-9f68-11e7-8c1c-b8e8564491f6]
      x-ms-date: ['Fri, 22 Sep 2017 07:35:26 GMT']
      x-ms-meta-test100: [foo100]
      x-ms-meta-test200: [bar200]
      x-ms-version: ['2017-04-17']
    method: PUT
    uri: https://storagename.file.core.windows.net/utsharec869184c/dir1?comp=metadata&restype=directory
  response:
    body: {string: !!python/unicode ''}
    headers:
      date: ['Fri, 22 Sep 2017 07:35:25 GMT']
      etag: ['"0x8D5018C7DEB0327"']
      last-modified: ['Fri, 22 Sep 2017 07:35:26 GMT']
      server: [Windows-Azure-File/1.0 Microsoft-HTTPAPI/2.0]
      transfer-encoding: [chunked]
      x-ms-request-id: [3d964647-001a-0019-3c75-331280000000]
      x-ms-request-server-encrypted: ['false']
      x-ms-version: ['2017-04-17']
    status: {code: 200, message: OK}
- request:
    body: null
    headers:
      Connection: [keep-alive]
      User-Agent: [Azure-Storage/0.36.0 (Python CPython 2.7.10; Darwin 16.7.0)]
      x-ms-client-request-id: [99b58f38-9f68-11e7-8a22-b8e8564491f6]
      x-ms-date: ['Fri, 22 Sep 2017 07:35:26 GMT']
      x-ms-version: ['2017-04-17']
    method: GET
    uri: https://storagename.file.core.windows.net/utsharec869184c/dir1?sharesnapshot=2017-09-22T07%3A35%3A25.0000000Z&restype=directory
  response:
    body: {string: !!python/unicode ''}
    headers:
      date: ['Fri, 22 Sep 2017 07:35:25 GMT']
      etag: ['"0x8D5018C7DB4B017"']
      last-modified: ['Fri, 22 Sep 2017 07:35:25 GMT']
      server: [Windows-Azure-File/1.0 Microsoft-HTTPAPI/2.0]
      transfer-encoding: [chunked]
      x-ms-meta-test1: [foo]
      x-ms-meta-test2: [bar]
      x-ms-request-id: [3d96464a-001a-0019-3f75-331280000000]
      x-ms-server-encrypted: ['false']
      x-ms-version: ['2017-04-17']
    status: {code: 200, message: OK}
version: 1
