interactions:
- request:
    body: null
    headers:
      Connection: [keep-alive]
      Content-Length: ['0']
      User-Agent: [Azure-Storage/1.3.0-1.3.0 (Python CPython 3.6.3; Darwin 17.6.0)]
      x-ms-client-request-id: [1e305798-740e-11e8-873b-8cae4cee5322]
      x-ms-date: ['Tue, 19 Jun 2018 22:14:21 GMT']
      x-ms-version: ['2018-03-28']
    method: PUT
    uri: https://storagename.blob.core.windows.net/utcontainerda971c24?restype=container
  response:
    body: {string: ''}
    headers:
      Date: ['Tue, 19 Jun 2018 22:14:21 GMT']
      ETag: ['"0x8D5D6320292AF75"']
      Last-Modified: ['Tue, 19 Jun 2018 22:14:22 GMT']
      Server: [Windows-Azure-Blob/1.0 Microsoft-HTTPAPI/2.0]
      Transfer-Encoding: [chunked]
      x-ms-request-id: [15658393-901e-0004-271a-081f3c000000]
      x-ms-version: ['2018-03-28']
    status: {code: 201, message: Created}
- request:
    body: hello world
    headers:
      Connection: [keep-alive]
      Content-Length: ['11']
      User-Agent: [Azure-Storage/1.3.0-1.3.0 (Python CPython 3.6.3; Darwin 17.6.0)]
      x-ms-blob-type: [BlockBlob]
      x-ms-client-request-id: [1e66aed8-740e-11e8-829a-8cae4cee5322]
      x-ms-date: ['Tue, 19 Jun 2018 22:14:22 GMT']
      x-ms-version: ['2018-03-28']
    method: PUT
    uri: https://storagename.blob.core.windows.net/utcontainerda971c24/blob1
  response:
    body: {string: ''}
    headers:
      Content-MD5: [XrY7u+Ae7tCTyyK7j1rNww==]
      Date: ['Tue, 19 Jun 2018 22:14:21 GMT']
      ETag: ['"0x8D5D63202A18BA4"']
      Last-Modified: ['Tue, 19 Jun 2018 22:14:22 GMT']
      Server: [Windows-Azure-Blob/1.0 Microsoft-HTTPAPI/2.0]
      Transfer-Encoding: [chunked]
      x-ms-content-crc64: [vo7q9sPVKY0=]
      x-ms-request-id: [15658398-901e-0004-291a-081f3c000000]
      x-ms-request-server-encrypted: ['true']
      x-ms-version: ['2018-03-28']
    status: {code: 201, message: Created}
- request:
    body: null
    headers:
      Connection: [keep-alive]
      Content-Length: ['0']
      If-None-Match: ['0x111111111111111']
      User-Agent: [Azure-Storage/1.3.0-1.3.0 (Python CPython 3.6.3; Darwin 17.6.0)]
      x-ms-client-request-id: [1e75f78a-740e-11e8-9adc-8cae4cee5322]
      x-ms-date: ['Tue, 19 Jun 2018 22:14:22 GMT']
      x-ms-meta-hello: [world]
      x-ms-meta-number: ['42']
      x-ms-version: ['2018-03-28']
    method: PUT
    uri: https://storagename.blob.core.windows.net/utcontainerda971c24/blob1?comp=metadata
  response:
    body: {string: ''}
    headers:
      Date: ['Tue, 19 Jun 2018 22:14:21 GMT']
      ETag: ['"0x8D5D63202B0CD07"']
      Last-Modified: ['Tue, 19 Jun 2018 22:14:22 GMT']
      Server: [Windows-Azure-Blob/1.0 Microsoft-HTTPAPI/2.0]
      Transfer-Encoding: [chunked]
      x-ms-request-id: [15658399-901e-0004-2a1a-081f3c000000]
      x-ms-request-server-encrypted: ['true']
      x-ms-version: ['2018-03-28']
    status: {code: 200, message: OK}
- request:
    body: null
    headers:
      Connection: [keep-alive]
      User-Agent: [Azure-Storage/1.3.0-1.3.0 (Python CPython 3.6.3; Darwin 17.6.0)]
      x-ms-client-request-id: [1e84d0c0-740e-11e8-ae29-8cae4cee5322]
      x-ms-date: ['Tue, 19 Jun 2018 22:14:22 GMT']
      x-ms-version: ['2018-03-28']
    method: GET
    uri: https://storagename.blob.core.windows.net/utcontainerda971c24/blob1?comp=metadata
  response:
    body: {string: ''}
    headers:
      Date: ['Tue, 19 Jun 2018 22:14:21 GMT']
      ETag: ['"0x8D5D63202B0CD07"']
      Last-Modified: ['Tue, 19 Jun 2018 22:14:22 GMT']
      Server: [Windows-Azure-Blob/1.0 Microsoft-HTTPAPI/2.0]
      Transfer-Encoding: [chunked]
      x-ms-meta-hello: [world]
      x-ms-meta-number: ['42']
      x-ms-request-id: [1565839a-901e-0004-2b1a-081f3c000000]
      x-ms-version: ['2018-03-28']
    status: {code: 200, message: OK}
- request:
    body: null
    headers:
      Connection: [keep-alive]
      Content-Length: ['0']
      User-Agent: [Azure-Storage/1.3.0-1.3.1 (Python CPython 3.6.4; Darwin 17.7.0)]
      x-ms-client-request-id: [38079cc2-8948-11e8-98fd-720000665300]
      x-ms-date: ['Mon, 16 Jul 2018 22:33:10 GMT']
      x-ms-version: ['2018-03-28']
    method: PUT
    uri: https://storagename.blob.core.windows.net/utcontainerda971c24?restype=container
  response:
    body: {string: ''}
    headers:
      Date: ['Mon, 16 Jul 2018 22:33:10 GMT']
      ETag: ['"0x8D5EB6C1C6C361B"']
      Last-Modified: ['Mon, 16 Jul 2018 22:33:10 GMT']
      Server: [Windows-Azure-Blob/1.0 Microsoft-HTTPAPI/2.0]
      Transfer-Encoding: [chunked]
      x-ms-request-id: [ce34fb5a-301e-000d-2f54-1d5aef000000]
      x-ms-version: ['2018-03-28']
    status: {code: 201, message: Created}
- request:
    body: hello world
    headers:
      Connection: [keep-alive]
      Content-Length: ['11']
      User-Agent: [Azure-Storage/1.3.0-1.3.1 (Python CPython 3.6.4; Darwin 17.7.0)]
      x-ms-blob-type: [BlockBlob]
      x-ms-client-request-id: [383f7946-8948-11e8-8eea-720000665300]
      x-ms-date: ['Mon, 16 Jul 2018 22:33:10 GMT']
      x-ms-version: ['2018-03-28']
    method: PUT
    uri: https://storagename.blob.core.windows.net/utcontainerda971c24/blob1
  response:
    body: {string: ''}
    headers:
      Content-MD5: [XrY7u+Ae7tCTyyK7j1rNww==]
      Date: ['Mon, 16 Jul 2018 22:33:10 GMT']
      ETag: ['"0x8D5EB6C1C7C2648"']
      Last-Modified: ['Mon, 16 Jul 2018 22:33:10 GMT']
      Server: [Windows-Azure-Blob/1.0 Microsoft-HTTPAPI/2.0]
      Transfer-Encoding: [chunked]
      x-ms-request-id: [ce34fb5d-301e-000d-3054-1d5aef000000]
      x-ms-request-server-encrypted: ['true']
      x-ms-version: ['2018-03-28']
    status: {code: 201, message: Created}
- request:
    body: null
    headers:
      Connection: [keep-alive]
      Content-Length: ['0']
      If-None-Match: ['0x111111111111111']
      User-Agent: [Azure-Storage/1.3.0-1.3.1 (Python CPython 3.6.4; Darwin 17.7.0)]
      x-ms-client-request-id: [384ebd5a-8948-11e8-8c55-720000665300]
      x-ms-date: ['Mon, 16 Jul 2018 22:33:11 GMT']
      x-ms-meta-hello: [world]
      x-ms-meta-number: ['42']
      x-ms-version: ['2018-03-28']
    method: PUT
    uri: https://storagename.blob.core.windows.net/utcontainerda971c24/blob1?comp=metadata
  response:
    body: {string: ''}
    headers:
      Date: ['Mon, 16 Jul 2018 22:33:10 GMT']
      ETag: ['"0x8D5EB6C1C8B8F0A"']
      Last-Modified: ['Mon, 16 Jul 2018 22:33:11 GMT']
      Server: [Windows-Azure-Blob/1.0 Microsoft-HTTPAPI/2.0]
      Transfer-Encoding: [chunked]
      x-ms-request-id: [ce34fb5e-301e-000d-3154-1d5aef000000]
      x-ms-request-server-encrypted: ['true']
      x-ms-version: ['2018-03-28']
    status: {code: 200, message: OK}
- request:
    body: null
    headers:
      Connection: [keep-alive]
      User-Agent: [Azure-Storage/1.3.0-1.3.1 (Python CPython 3.6.4; Darwin 17.7.0)]
      x-ms-client-request-id: [385e8cb4-8948-11e8-a92b-720000665300]
      x-ms-date: ['Mon, 16 Jul 2018 22:33:11 GMT']
      x-ms-version: ['2018-03-28']
    method: GET
    uri: https://storagename.blob.core.windows.net/utcontainerda971c24/blob1?comp=metadata
  response:
    body: {string: ''}
    headers:
      Date: ['Mon, 16 Jul 2018 22:33:11 GMT']
      ETag: ['"0x8D5EB6C1C8B8F0A"']
      Last-Modified: ['Mon, 16 Jul 2018 22:33:11 GMT']
      Server: [Windows-Azure-Blob/1.0 Microsoft-HTTPAPI/2.0]
      Transfer-Encoding: [chunked]
      Vary: [Origin]
      x-ms-meta-hello: [world]
      x-ms-meta-number: ['42']
      x-ms-request-id: [ce34fb5f-301e-000d-3254-1d5aef000000]
      x-ms-version: ['2018-03-28']
    status: {code: 200, message: OK}
version: 1
