interactions:
- request:
    body: null
    headers:
      Connection: [keep-alive]
      Content-Length: ['0']
      User-Agent: [Azure-Storage/0.37.0-0.36.0 (Python CPython 2.7.10; Darwin 16.7.0)]
      x-ms-client-request-id: [794e793a-a896-11e7-a80d-b8e8564491f6]
      x-ms-date: ['Tue, 03 Oct 2017 23:56:29 GMT']
      x-ms-version: ['2017-04-17']
    method: PUT
    uri: https://storagename.blob.core.windows.net/utcontainerda291c17?restype=container
  response:
    body: {string: !!python/unicode ''}
    headers:
      date: ['Tue, 03 Oct 2017 23:56:29 GMT']
      etag: ['"0x8D50ABA5DAB72FC"']
      last-modified: ['Tue, 03 Oct 2017 23:56:29 GMT']
      server: [Windows-Azure-Blob/1.0 Microsoft-HTTPAPI/2.0]
      transfer-encoding: [chunked]
      x-ms-request-id: [eee009af-001e-0091-6ca3-3cc065000000]
      x-ms-version: ['2017-04-17']
    status: {code: 201, message: Created}
- request:
    body: null
    headers:
      Connection: [keep-alive]
      Content-Length: ['0']
      User-Agent: [Azure-Storage/0.37.0-0.36.0 (Python CPython 2.7.10; Darwin 16.7.0)]
      x-ms-blob-type: [AppendBlob]
      x-ms-client-request-id: [79696a45-a896-11e7-ba71-b8e8564491f6]
      x-ms-date: ['Tue, 03 Oct 2017 23:56:29 GMT']
      x-ms-version: ['2017-04-17']
    method: PUT
    uri: https://storagename.blob.core.windows.net/utcontainerda291c17/blob1
  response:
    body: {string: !!python/unicode ''}
    headers:
      date: ['Tue, 03 Oct 2017 23:56:28 GMT']
      etag: ['"0x8D50ABA5DA97EB6"']
      last-modified: ['Tue, 03 Oct 2017 23:56:29 GMT']
      server: [Windows-Azure-Blob/1.0 Microsoft-HTTPAPI/2.0]
      transfer-encoding: [chunked]
      x-ms-request-id: [98f88f89-001e-0089-5ea3-3cedf0000000]
      x-ms-request-server-encrypted: ['true']
      x-ms-version: ['2017-04-17']
    status: {code: 201, message: Created}
- request:
    body: null
    headers:
      Connection: [keep-alive]
      User-Agent: [Azure-Storage/0.37.0-0.36.0 (Python CPython 2.7.10; Darwin 16.7.0)]
      x-ms-client-request-id: [797e4e47-a896-11e7-9536-b8e8564491f6]
      x-ms-date: ['Tue, 03 Oct 2017 23:56:29 GMT']
      x-ms-version: ['2017-04-17']
    method: HEAD
    uri: https://storagename.blob.core.windows.net/utcontainerda291c17/blob1
  response:
    body: {string: !!python/unicode ''}
    headers:
      accept-ranges: [bytes]
      content-length: ['0']
      content-type: [application/octet-stream]
      date: ['Tue, 03 Oct 2017 23:56:28 GMT']
      etag: ['"0x8D50ABA5DA97EB6"']
      last-modified: ['Tue, 03 Oct 2017 23:56:29 GMT']
      server: [Windows-Azure-Blob/1.0 Microsoft-HTTPAPI/2.0]
      vary: [Origin]
      x-ms-blob-committed-block-count: ['0']
      x-ms-blob-type: [AppendBlob]
      x-ms-lease-state: [available]
      x-ms-lease-status: [unlocked]
      x-ms-request-id: [98f88f99-001e-0089-6aa3-3cedf0000000]
      x-ms-server-encrypted: ['true']
      x-ms-version: ['2017-04-17']
    status: {code: 200, message: OK}
- request:
    body: !!python/unicode 'block 0'
    headers:
      Connection: [keep-alive]
      Content-Length: ['7']
      If-None-Match: ['"0x8D50ABA5DA97EB6"']
      User-Agent: [Azure-Storage/0.37.0-0.36.0 (Python CPython 2.7.10; Darwin 16.7.0)]
      x-ms-client-request-id: [7984654a-a896-11e7-b212-b8e8564491f6]
      x-ms-date: ['Tue, 03 Oct 2017 23:56:29 GMT']
      x-ms-version: ['2017-04-17']
    method: PUT
    uri: https://storagename.blob.core.windows.net/utcontainerda291c17/blob1?comp=appendblock
  response:
    body: {string: "\uFEFF<?xml version=\"1.0\" encoding=\"utf-8\"?><Error><Code>ConditionNotMet</Code><Message>The\
        \ condition specified using HTTP conditional header(s) is not met.\nRequestId:98f88fab-001e-0089-77a3-3cedf0000000\n\
        Time:2017-10-03T23:56:29.5445475Z</Message></Error>"}
    headers:
      content-length: ['252']
      content-type: [application/xml]
      date: ['Tue, 03 Oct 2017 23:56:28 GMT']
      server: [Windows-Azure-Blob/1.0 Microsoft-HTTPAPI/2.0]
      x-ms-request-id: [98f88fab-001e-0089-77a3-3cedf0000000]
      x-ms-version: ['2017-04-17']
    status: {code: 412, message: The condition specified using HTTP conditional header(s)
        is not met.}
version: 1
