interactions:
- request:
    body: null
    headers:
      Connection: [keep-alive]
      Content-Length: ['0']
      User-Agent: [Azure-Storage/1.3.0-1.3.0 (Python CPython 3.6.3; Darwin 17.6.0)]
      x-ms-client-request-id: [1f693e5e-740e-11e8-bc4b-8cae4cee5322]
      x-ms-date: ['Tue, 19 Jun 2018 22:14:24 GMT']
      x-ms-version: ['2018-03-28']
    method: PUT
    uri: https://storagename.blob.core.windows.net/utcontainerdb0f1c2c?restype=container
  response:
    body: {string: ''}
    headers:
      Date: ['Tue, 19 Jun 2018 22:14:24 GMT']
      ETag: ['"0x8D5D63203CACBBE"']
      Last-Modified: ['Tue, 19 Jun 2018 22:14:24 GMT']
      Server: [Windows-Azure-Blob/1.0 Microsoft-HTTPAPI/2.0]
      Transfer-Encoding: [chunked]
      x-ms-request-id: [96f2a38e-401e-0038-211a-0836fb000000]
      x-ms-version: ['2018-03-28']
    status: {code: 201, message: Created}
- request:
    body: hello world
    headers:
      Connection: [keep-alive]
      Content-Length: ['11']
      User-Agent: [Azure-Storage/1.3.0-1.3.0 (Python CPython 3.6.3; Darwin 17.6.0)]
      x-ms-blob-type: [BlockBlob]
      x-ms-client-request-id: [1f9f77b4-740e-11e8-a9d6-8cae4cee5322]
      x-ms-date: ['Tue, 19 Jun 2018 22:14:24 GMT']
      x-ms-version: ['2018-03-28']
    method: PUT
    uri: https://storagename.blob.core.windows.net/utcontainerdb0f1c2c/blob1
  response:
    body: {string: ''}
    headers:
      Content-MD5: [XrY7u+Ae7tCTyyK7j1rNww==]
      Date: ['Tue, 19 Jun 2018 22:14:24 GMT']
      ETag: ['"0x8D5D63203DA3190"']
      Last-Modified: ['Tue, 19 Jun 2018 22:14:24 GMT']
      Server: [Windows-Azure-Blob/1.0 Microsoft-HTTPAPI/2.0]
      Transfer-Encoding: [chunked]
      x-ms-content-crc64: [vo7q9sPVKY0=]
      x-ms-request-id: [96f2a391-401e-0038-221a-0836fb000000]
      x-ms-request-server-encrypted: ['true']
      x-ms-version: ['2018-03-28']
    status: {code: 201, message: Created}
- request:
    body: null
    headers:
      Connection: [keep-alive]
      Content-Length: ['0']
      If-Unmodified-Since: ['Tue, 19 Jun 2018 22:29:24 GMT']
      User-Agent: [Azure-Storage/1.3.0-1.3.0 (Python CPython 3.6.3; Darwin 17.6.0)]
      x-ms-client-request-id: [1fae79d8-740e-11e8-b791-8cae4cee5322]
      x-ms-date: ['Tue, 19 Jun 2018 22:14:24 GMT']
      x-ms-meta-hello: [world]
      x-ms-meta-number: ['42']
      x-ms-version: ['2018-03-28']
    method: PUT
    uri: https://storagename.blob.core.windows.net/utcontainerdb0f1c2c/blob1?comp=metadata
  response:
    body: {string: ''}
    headers:
      Date: ['Tue, 19 Jun 2018 22:14:24 GMT']
      ETag: ['"0x8D5D63203E8FE86"']
      Last-Modified: ['Tue, 19 Jun 2018 22:14:24 GMT']
      Server: [Windows-Azure-Blob/1.0 Microsoft-HTTPAPI/2.0]
      Transfer-Encoding: [chunked]
      x-ms-request-id: [96f2a393-401e-0038-231a-0836fb000000]
      x-ms-request-server-encrypted: ['true']
      x-ms-version: ['2018-03-28']
    status: {code: 200, message: OK}
- request:
    body: null
    headers:
      Connection: [keep-alive]
      User-Agent: [Azure-Storage/1.3.0-1.3.0 (Python CPython 3.6.3; Darwin 17.6.0)]
      x-ms-client-request-id: [1fbcf63e-740e-11e8-ae94-8cae4cee5322]
      x-ms-date: ['Tue, 19 Jun 2018 22:14:24 GMT']
      x-ms-version: ['2018-03-28']
    method: GET
    uri: https://storagename.blob.core.windows.net/utcontainerdb0f1c2c/blob1?comp=metadata
  response:
    body: {string: ''}
    headers:
      Date: ['Tue, 19 Jun 2018 22:14:24 GMT']
      ETag: ['"0x8D5D63203E8FE86"']
      Last-Modified: ['Tue, 19 Jun 2018 22:14:24 GMT']
      Server: [Windows-Azure-Blob/1.0 Microsoft-HTTPAPI/2.0]
      Transfer-Encoding: [chunked]
      x-ms-meta-hello: [world]
      x-ms-meta-number: ['42']
      x-ms-request-id: [96f2a394-401e-0038-241a-0836fb000000]
      x-ms-version: ['2018-03-28']
    status: {code: 200, message: OK}
version: 1
