interactions:
- request:
    body: null
    headers:
      Connection: [keep-alive]
      Content-Length: ['0']
      User-Agent: [Azure-Storage/0.35.1 (Python CPython 3.6.1; Darwin 16.6.0)]
      x-ms-blob-type: [BlockBlob]
      x-ms-client-request-id: [fa00b20c-68f4-11e7-9dba-b8e8564491f6]
      x-ms-date: ['Sat, 15 Jul 2017 00:31:43 GMT']
      x-ms-version: ['2017-04-17']
    method: PUT
    uri: https://storagename.blob.core.windows.net/utcontainerbdb10c39/blobbdb10c39
  response:
    body: {string: ''}
    headers:
      Content-MD5: [1B2M2Y8AsgTpgAmY7PhCfg==]
      Date: ['Sat, 15 Jul 2017 00:31:41 GMT']
      ETag: ['"0x8D4CB18DECA4685"']
      Last-Modified: ['Sat, 15 Jul 2017 00:31:44 GMT']
      Server: [Windows-Azure-Blob/1.0 Microsoft-HTTPAPI/2.0]
      Transfer-Encoding: [chunked]
      x-ms-request-id: [4806a5f7-0001-0089-3401-fdedf0000000]
      x-ms-request-server-encrypted: ['true']
      x-ms-version: ['2017-04-17']
    status: {code: 201, message: Created}
- request:
    body: block 0
    headers:
      Connection: [keep-alive]
      Content-Length: ['7']
      User-Agent: [Azure-Storage/0.35.1 (Python CPython 3.6.1; Darwin 16.6.0)]
      x-ms-client-request-id: [fa15d808-68f4-11e7-859c-b8e8564491f6]
      x-ms-date: ['Sat, 15 Jul 2017 00:31:43 GMT']
      x-ms-version: ['2017-04-17']
    method: PUT
    uri: https://storagename.blob.core.windows.net/utcontainerbdb10c39/blobbdb10c39?comp=block&blockid=MA%3D%3D
  response:
    body: {string: ''}
    headers:
      Content-MD5: [TjjhPkKeLS6Els52i6m9Bg==]
      Date: ['Sat, 15 Jul 2017 00:31:41 GMT']
      Server: [Windows-Azure-Blob/1.0 Microsoft-HTTPAPI/2.0]
      Transfer-Encoding: [chunked]
      x-ms-request-id: [4806a609-0001-0089-4501-fdedf0000000]
      x-ms-request-server-encrypted: ['true']
      x-ms-version: ['2017-04-17']
    status: {code: 201, message: Created}
- request:
    body: block 1
    headers:
      Connection: [keep-alive]
      Content-Length: ['7']
      User-Agent: [Azure-Storage/0.35.1 (Python CPython 3.6.1; Darwin 16.6.0)]
      x-ms-client-request-id: [fa1d4ab6-68f4-11e7-b563-b8e8564491f6]
      x-ms-date: ['Sat, 15 Jul 2017 00:31:43 GMT']
      x-ms-version: ['2017-04-17']
    method: PUT
    uri: https://storagename.blob.core.windows.net/utcontainerbdb10c39/blobbdb10c39?comp=block&blockid=MQ%3D%3D
  response:
    body: {string: ''}
    headers:
      Content-MD5: [ZOnmAD+J5F2p66g8NFSefA==]
      Date: ['Sat, 15 Jul 2017 00:31:41 GMT']
      Server: [Windows-Azure-Blob/1.0 Microsoft-HTTPAPI/2.0]
      Transfer-Encoding: [chunked]
      x-ms-request-id: [4806a618-0001-0089-5001-fdedf0000000]
      x-ms-request-server-encrypted: ['true']
      x-ms-version: ['2017-04-17']
    status: {code: 201, message: Created}
- request:
    body: block 2
    headers:
      Connection: [keep-alive]
      Content-Length: ['7']
      User-Agent: [Azure-Storage/0.35.1 (Python CPython 3.6.1; Darwin 16.6.0)]
      x-ms-client-request-id: [fa22e3a4-68f4-11e7-8f16-b8e8564491f6]
      x-ms-date: ['Sat, 15 Jul 2017 00:31:43 GMT']
      x-ms-version: ['2017-04-17']
    method: PUT
    uri: https://storagename.blob.core.windows.net/utcontainerbdb10c39/blobbdb10c39?comp=block&blockid=Mg%3D%3D
  response:
    body: {string: ''}
    headers:
      Content-MD5: [giBgEwOK96+T6eqweyrlNg==]
      Date: ['Sat, 15 Jul 2017 00:31:41 GMT']
      Server: [Windows-Azure-Blob/1.0 Microsoft-HTTPAPI/2.0]
      Transfer-Encoding: [chunked]
      x-ms-request-id: [4806a620-0001-0089-5601-fdedf0000000]
      x-ms-request-server-encrypted: ['true']
      x-ms-version: ['2017-04-17']
    status: {code: 201, message: Created}
- request:
    body: block 3
    headers:
      Connection: [keep-alive]
      Content-Length: ['7']
      User-Agent: [Azure-Storage/0.35.1 (Python CPython 3.6.1; Darwin 16.6.0)]
      x-ms-client-request-id: [fa288534-68f4-11e7-b1fd-b8e8564491f6]
      x-ms-date: ['Sat, 15 Jul 2017 00:31:43 GMT']
      x-ms-version: ['2017-04-17']
    method: PUT
    uri: https://storagename.blob.core.windows.net/utcontainerbdb10c39/blobbdb10c39?comp=block&blockid=Mw%3D%3D
  response:
    body: {string: ''}
    headers:
      Content-MD5: [FDhv5/Vy34Z9KKvEnjH2lQ==]
      Date: ['Sat, 15 Jul 2017 00:31:42 GMT']
      Server: [Windows-Azure-Blob/1.0 Microsoft-HTTPAPI/2.0]
      Transfer-Encoding: [chunked]
      x-ms-request-id: [4806a632-0001-0089-6701-fdedf0000000]
      x-ms-request-server-encrypted: ['true']
      x-ms-version: ['2017-04-17']
    status: {code: 201, message: Created}
- request:
    body: block 4
    headers:
      Connection: [keep-alive]
      Content-Length: ['7']
      User-Agent: [Azure-Storage/0.35.1 (Python CPython 3.6.1; Darwin 16.6.0)]
      x-ms-client-request-id: [fa32401a-68f4-11e7-bc8d-b8e8564491f6]
      x-ms-date: ['Sat, 15 Jul 2017 00:31:43 GMT']
      x-ms-version: ['2017-04-17']
    method: PUT
    uri: https://storagename.blob.core.windows.net/utcontainerbdb10c39/blobbdb10c39?comp=block&blockid=NA%3D%3D
  response:
    body: {string: ''}
    headers:
      Content-MD5: [jkC3Z8KTocewrRQF+tkxeA==]
      Date: ['Sat, 15 Jul 2017 00:31:42 GMT']
      Server: [Windows-Azure-Blob/1.0 Microsoft-HTTPAPI/2.0]
      Transfer-Encoding: [chunked]
      x-ms-request-id: [4806a652-0001-0089-0101-fdedf0000000]
      x-ms-request-server-encrypted: ['true']
      x-ms-version: ['2017-04-17']
    status: {code: 201, message: Created}
version: 1
