interactions:
- request:
    body: null
    headers:
      Accept: ['*/*']
      Accept-Encoding: ['gzip, deflate']
      Connection: [keep-alive]
      Content-Length: ['0']
      Content-Type: [application/octet-stream Charset=UTF-8]
      User-Agent: [pyazure/0.20.0]
      x-ms-date: ['Tue, 23 Jun 2015 00:50:24 GMT']
      x-ms-version: ['2014-02-14']
    method: PUT
    uri: https://storagename.blob.core.windows.net/utcontainerf5ce0e010?restype=container
  response:
    body: {string: ''}
    headers:
      Date: ['Tue, 23 Jun 2015 00:50:24 GMT']
      ETag: ['"0x8D27B65B9DB3662"']
      Last-Modified: ['Tue, 23 Jun 2015 00:50:25 GMT']
      Server: [Windows-Azure-Blob/1.0 Microsoft-HTTPAPI/2.0]
      Transfer-Encoding: [chunked]
      x-ms-request-id: [d79797c0-0001-000b-2e4e-adb2cf000000]
      x-ms-version: ['2014-02-14']
    status: {code: 201, message: Created}
- request:
    body: null
    headers:
      Accept: ['*/*']
      Accept-Encoding: ['gzip, deflate']
      Connection: [keep-alive]
      Content-Length: ['0']
      Content-Type: [application/octet-stream Charset=UTF-8]
      User-Agent: [pyazure/0.20.0]
      x-ms-date: ['Tue, 23 Jun 2015 00:50:25 GMT']
      x-ms-version: ['2014-02-14']
    method: DELETE
    uri: https://storagename.blob.core.windows.net/utcontainerf5ce0e010?restype=container
  response:
    body: {string: ''}
    headers:
      Date: ['Tue, 23 Jun 2015 00:50:24 GMT']
      Server: [Windows-Azure-Blob/1.0 Microsoft-HTTPAPI/2.0]
      Transfer-Encoding: [chunked]
      x-ms-request-id: [d79797cc-0001-000b-384e-adb2cf000000]
      x-ms-version: ['2014-02-14']
    status: {code: 202, message: Accepted}
- request:
    body: null
    headers:
      Accept: ['*/*']
      Accept-Encoding: ['gzip, deflate']
      Connection: [keep-alive]
      Content-Length: ['0']
      Content-Type: [application/octet-stream Charset=UTF-8]
      User-Agent: [pyazure/0.20.0]
      x-ms-date: ['Tue, 23 Jun 2015 00:50:25 GMT']
      x-ms-version: ['2014-02-14']
    method: PUT
    uri: https://storagename.blob.core.windows.net/utcontainerf5ce0e011?restype=container
  response:
    body: {string: ''}
    headers:
      Date: ['Tue, 23 Jun 2015 00:50:24 GMT']
      ETag: ['"0x8D27B65B9E87D5B"']
      Last-Modified: ['Tue, 23 Jun 2015 00:50:25 GMT']
      Server: [Windows-Azure-Blob/1.0 Microsoft-HTTPAPI/2.0]
      Transfer-Encoding: [chunked]
      x-ms-request-id: [d79797d4-0001-000b-3e4e-adb2cf000000]
      x-ms-version: ['2014-02-14']
    status: {code: 201, message: Created}
- request:
    body: null
    headers:
      Accept: ['*/*']
      Accept-Encoding: ['gzip, deflate']
      Connection: [keep-alive]
      Content-Length: ['0']
      Content-Type: [application/octet-stream Charset=UTF-8]
      User-Agent: [pyazure/0.20.0]
      x-ms-date: ['Tue, 23 Jun 2015 00:50:25 GMT']
      x-ms-version: ['2014-02-14']
    method: DELETE
    uri: https://storagename.blob.core.windows.net/utcontainerf5ce0e011?restype=container
  response:
    body: {string: ''}
    headers:
      Date: ['Tue, 23 Jun 2015 00:50:24 GMT']
      Server: [Windows-Azure-Blob/1.0 Microsoft-HTTPAPI/2.0]
      Transfer-Encoding: [chunked]
      x-ms-request-id: [d79797db-0001-000b-454e-adb2cf000000]
      x-ms-version: ['2014-02-14']
    status: {code: 202, message: Accepted}
version: 1
