interactions:
- request:
    body: null
    headers:
      Connection: [keep-alive]
      Content-Length: ['0']
      User-Agent: [Azure-Storage/1.3.0-1.3.0 (Python CPython 3.6.3; Darwin 17.6.0)]
      x-ms-blob-type: [AppendBlob]
      x-ms-client-request-id: [e4f3c208-740d-11e8-8154-8cae4cee5322]
      x-ms-date: ['Tue, 19 Jun 2018 22:12:45 GMT']
      x-ms-meta-hello: [world]
      x-ms-meta-number: ['42']
      x-ms-version: ['2018-03-28']
    method: PUT
    uri: https://storagename.blob.core.windows.net/utcontainerca521310/blobca521310
  response:
    body: {string: ''}
    headers:
      Date: ['Tue, 19 Jun 2018 22:12:45 GMT']
      ETag: ['"0x8D5D631C9566C3B"']
      Last-Modified: ['Tue, 19 Jun 2018 22:12:46 GMT']
      Server: [Windows-Azure-Blob/1.0 Microsoft-HTTPAPI/2.0]
      Transfer-Encoding: [chunked]
      x-ms-request-id: [0c536b0c-701e-001c-641a-08c05b000000]
      x-ms-request-server-encrypted: ['true']
      x-ms-version: ['2018-03-28']
    status: {code: 201, message: Created}
- request:
    body: null
    headers:
      Connection: [keep-alive]
      User-Agent: [Azure-Storage/1.3.0-1.3.0 (Python CPython 3.6.3; Darwin 17.6.0)]
      x-ms-client-request-id: [e52ace9c-740d-11e8-aec6-8cae4cee5322]
      x-ms-date: ['Tue, 19 Jun 2018 22:12:46 GMT']
      x-ms-version: ['2018-03-28']
    method: GET
    uri: https://storagename.blob.core.windows.net/utcontainerca521310/blobca521310?comp=metadata
  response:
    body: {string: ''}
    headers:
      Date: ['Tue, 19 Jun 2018 22:12:46 GMT']
      ETag: ['"0x8D5D631C9566C3B"']
      Last-Modified: ['Tue, 19 Jun 2018 22:12:46 GMT']
      Server: [Windows-Azure-Blob/1.0 Microsoft-HTTPAPI/2.0]
      Transfer-Encoding: [chunked]
      x-ms-meta-hello: [world]
      x-ms-meta-number: ['42']
      x-ms-request-id: [0c536b0e-701e-001c-651a-08c05b000000]
      x-ms-version: ['2018-03-28']
    status: {code: 200, message: OK}
- request:
    body: null
    headers:
      Connection: [keep-alive]
      Content-Length: ['0']
      User-Agent: [Azure-Storage/1.3.0-1.3.1 (Python CPython 3.6.4; Darwin 17.7.0)]
      x-ms-blob-type: [AppendBlob]
      x-ms-client-request-id: [f4a04206-8947-11e8-bfb7-720000665300]
      x-ms-date: ['Mon, 16 Jul 2018 22:31:17 GMT']
      x-ms-meta-hello: [world]
      x-ms-meta-number: ['42']
      x-ms-version: ['2018-03-28']
    method: PUT
    uri: https://storagename.blob.core.windows.net/utcontainerca521310/blobca521310
  response:
    body: {string: ''}
    headers:
      Date: ['Mon, 16 Jul 2018 22:31:17 GMT']
      ETag: ['"0x8D5EB6BD90468CF"']
      Last-Modified: ['Mon, 16 Jul 2018 22:31:17 GMT']
      Server: [Windows-Azure-Blob/1.0 Microsoft-HTTPAPI/2.0]
      Transfer-Encoding: [chunked]
      x-ms-request-id: [7ce72ffc-701e-0023-2854-1d08f8000000]
      x-ms-request-server-encrypted: ['true']
      x-ms-version: ['2018-03-28']
    status: {code: 201, message: Created}
- request:
    body: null
    headers:
      Connection: [keep-alive]
      User-Agent: [Azure-Storage/1.3.0-1.3.1 (Python CPython 3.6.4; Darwin 17.7.0)]
      x-ms-client-request-id: [f4d75c12-8947-11e8-9e5b-720000665300]
      x-ms-date: ['Mon, 16 Jul 2018 22:31:17 GMT']
      x-ms-version: ['2018-03-28']
    method: GET
    uri: https://storagename.blob.core.windows.net/utcontainerca521310/blobca521310?comp=metadata
  response:
    body: {string: ''}
    headers:
      Date: ['Mon, 16 Jul 2018 22:31:17 GMT']
      ETag: ['"0x8D5EB6BD90468CF"']
      Last-Modified: ['Mon, 16 Jul 2018 22:31:17 GMT']
      Server: [Windows-Azure-Blob/1.0 Microsoft-HTTPAPI/2.0]
      Transfer-Encoding: [chunked]
      Vary: [Origin]
      x-ms-meta-hello: [world]
      x-ms-meta-number: ['42']
      x-ms-request-id: [7ce72ffe-701e-0023-2954-1d08f8000000]
      x-ms-version: ['2018-03-28']
    status: {code: 200, message: OK}
version: 1
