interactions:
- request:
    body: null
    headers:
      Connection: [keep-alive]
      Content-Length: ['0']
      User-Agent: [Azure-Storage/0.37.0-0.36.0 (Python CPython 2.7.10; Darwin 16.7.0)]
      x-ms-client-request-id: [da395157-a897-11e7-93a8-b8e8564491f6]
      x-ms-content-length: ['27']
      x-ms-date: ['Wed, 04 Oct 2017 00:06:21 GMT']
      x-ms-type: [file]
      x-ms-version: ['2017-04-17']
    method: PUT
    uri: https://storagename.file.core.windows.net/utsharee270eb7/filee270eb7
  response:
    body: {string: !!python/unicode ''}
    headers:
      date: ['Wed, 04 Oct 2017 00:06:21 GMT']
      etag: ['"0x8D50ABBBE819F8E"']
      last-modified: ['Wed, 04 Oct 2017 00:06:21 GMT']
      server: [Windows-Azure-File/1.0 Microsoft-HTTPAPI/2.0]
      transfer-encoding: [chunked]
      x-ms-request-id: [fcfc03dc-001a-0042-21a4-3c7fc0000000]
      x-ms-request-server-encrypted: ['false']
      x-ms-version: ['2017-04-17']
    status: {code: 201, message: Created}
- request:
    body: "hello \u554A\u9F44\u4E02\u72DB\u72DC world"
    headers:
      Connection: [keep-alive]
      Content-Length: ['27']
      User-Agent: [Azure-Storage/0.37.0-0.36.0 (Python CPython 2.7.10; Darwin 16.7.0)]
      x-ms-client-request-id: [da553057-a897-11e7-87c4-b8e8564491f6]
      x-ms-date: ['Wed, 04 Oct 2017 00:06:21 GMT']
      x-ms-range: [bytes=0-26]
      x-ms-version: ['2017-04-17']
      x-ms-write: [update]
    method: PUT
    uri: https://storagename.file.core.windows.net/utsharee270eb7/filee270eb7?comp=range
  response:
    body: {string: !!python/unicode ''}
    headers:
      content-md5: [1dmqejQJFCXZC/Jqkmc1Lw==]
      date: ['Wed, 04 Oct 2017 00:06:21 GMT']
      etag: ['"0x8D50ABBBE887EA7"']
      last-modified: ['Wed, 04 Oct 2017 00:06:21 GMT']
      server: [Windows-Azure-File/1.0 Microsoft-HTTPAPI/2.0]
      transfer-encoding: [chunked]
      x-ms-request-id: [fcfc03de-001a-0042-22a4-3c7fc0000000]
      x-ms-request-server-encrypted: ['false']
      x-ms-version: ['2017-04-17']
    status: {code: 201, message: Created}
- request:
    body: null
    headers:
      Connection: [keep-alive]
      User-Agent: [Azure-Storage/0.37.0-0.36.0 (Python CPython 2.7.10; Darwin 16.7.0)]
      x-ms-client-request-id: [da5b2814-a897-11e7-9895-b8e8564491f6]
      x-ms-date: ['Wed, 04 Oct 2017 00:06:21 GMT']
      x-ms-range: [bytes=0-33554431]
      x-ms-version: ['2017-04-17']
    method: GET
    uri: https://storagename.file.core.windows.net/utsharee270eb7/filee270eb7
  response:
    body: {string: "hello \u554A\u9F44\u4E02\u72DB\u72DC world"}
    headers:
      accept-ranges: [bytes]
      content-length: ['27']
      content-range: [bytes 0-26/27]
      content-type: [application/octet-stream]
      date: ['Wed, 04 Oct 2017 00:06:21 GMT']
      etag: ['"0x8D50ABBBE887EA7"']
      last-modified: ['Wed, 04 Oct 2017 00:06:21 GMT']
      server: [Windows-Azure-File/1.0 Microsoft-HTTPAPI/2.0]
      x-ms-request-id: [fcfc03df-001a-0042-23a4-3c7fc0000000]
      x-ms-server-encrypted: ['false']
      x-ms-type: [File]
      x-ms-version: ['2017-04-17']
    status: {code: 206, message: Partial Content}
version: 1
