interactions:
- request:
    body: null
    headers:
      Connection: [keep-alive]
      Content-Length: ['0']
      User-Agent: [Azure-Storage/1.1.0-1.1.0 (Python CPython 3.6.3; Darwin 17.4.0)]
      x-ms-client-request-id: [77c88f5a-4c59-11e8-a50b-b8e8564491f6]
      x-ms-date: ['Mon, 30 Apr 2018 09:32:58 GMT']
      x-ms-version: ['2018-03-28']
    method: PUT
    uri: https://storagename.blob.core.windows.net/$web?restype=container
  response:
    body: {string: ''}
    headers:
      Date: ['Mon, 30 Apr 2018 09:32:58 GMT']
      ETag: ['"0x8D5AE7D5C3979FE"']
      Last-Modified: ['Mon, 30 Apr 2018 09:32:58 GMT']
      Server: [Windows-Azure-Blob/1.0 Microsoft-HTTPAPI/2.0]
      Transfer-Encoding: [chunked]
      x-ms-request-id: [ac98e0bf-701e-0023-7666-e008f8000000]
      x-ms-version: ['2018-03-28']
    status: {code: 201, message: Created}
- request:
    body: null
    headers:
      Connection: [keep-alive]
      User-Agent: [Azure-Storage/1.1.0-1.1.0 (Python CPython 3.6.3; Darwin 17.4.0)]
      x-ms-client-request-id: [780ea634-4c59-11e8-adf1-b8e8564491f6]
      x-ms-date: ['Mon, 30 Apr 2018 09:32:58 GMT']
      x-ms-version: ['2018-03-28']
    method: GET
    uri: https://storagename.blob.core.windows.net/$web?restype=container
  response:
    body: {string: ''}
    headers:
      Date: ['Mon, 30 Apr 2018 09:32:58 GMT']
      ETag: ['"0x8D5AE7D5C3979FE"']
      Last-Modified: ['Mon, 30 Apr 2018 09:32:58 GMT']
      Server: [Windows-Azure-Blob/1.0 Microsoft-HTTPAPI/2.0]
      Transfer-Encoding: [chunked]
      x-ms-has-immutability-policy: ['false']
      x-ms-has-legal-hold: ['false']
      x-ms-lease-state: [available]
      x-ms-lease-status: [unlocked]
      x-ms-request-id: [ac98e0c2-701e-0023-7766-e008f8000000]
      x-ms-version: ['2018-03-28']
    status: {code: 200, message: OK}
- request:
    body: ' python world hello python world hello world hello world world world python
      hello hello python hello python world world hello hello hello world hello hello
      world hello hello hello world world python world world world python world python
      hello hello hello python world python python python python python hello hello
      hello hello python hello hello world hello python hello hello world hello python
      hello world python hello hello world python hello python world world hello world
      hello world hello hello world world hello world python world python python world
      world hello world python hello python hello hello hello world world world python
      python hello hello python world hello python hello python hello world hello
      python python hello hello python hello world python world python python python
      world hello python world hello world python hello python world world world hello
      world hello world hello hello python hello python world hello world python world
      hello hello hello python python world world world python python python'
    headers:
      Connection: [keep-alive]
      Content-Length: ['1026']
      User-Agent: [Azure-Storage/1.1.0-1.1.0 (Python CPython 3.6.3; Darwin 17.4.0)]
      x-ms-blob-type: [BlockBlob]
      x-ms-client-request-id: [781ecae6-4c59-11e8-adde-b8e8564491f6]
      x-ms-date: ['Mon, 30 Apr 2018 09:32:58 GMT']
      x-ms-version: ['2018-03-28']
    method: PUT
    uri: https://storagename.blob.core.windows.net/$web/blobda5b187b
  response:
    body: {string: ''}
    headers:
      Content-MD5: [u51qUHHZb9kam89lL7KgMA==]
      Date: ['Mon, 30 Apr 2018 09:32:58 GMT']
      ETag: ['"0x8D5AE7D5C5B53A3"']
      Last-Modified: ['Mon, 30 Apr 2018 09:32:58 GMT']
      Server: [Windows-Azure-Blob/1.0 Microsoft-HTTPAPI/2.0]
      Transfer-Encoding: [chunked]
      x-ms-content-crc64: [Wwr+lJ6TSEU=]
      x-ms-request-id: [ac98e0c5-701e-0023-7966-e008f8000000]
      x-ms-request-server-encrypted: ['true']
      x-ms-version: ['2018-03-28']
    status: {code: 201, message: Created}
- request:
    body: null
    headers:
      Connection: [keep-alive]
      User-Agent: [Azure-Storage/1.1.0-1.1.0 (Python CPython 3.6.3; Darwin 17.4.0)]
      x-ms-client-request-id: [7830c62e-4c59-11e8-bf15-b8e8564491f6]
      x-ms-date: ['Mon, 30 Apr 2018 09:32:58 GMT']
      x-ms-range: [bytes=0-33554431]
      x-ms-version: ['2018-03-28']
    method: GET
    uri: https://storagename.blob.core.windows.net/$web/blobda5b187b
  response:
    body: {string: ' python world hello python world hello world hello world world
        world python hello hello python hello python world world hello hello hello
        world hello hello world hello hello hello world world python world world world
        python world python hello hello hello python world python python python python
        python hello hello hello hello python hello hello world hello python hello
        hello world hello python hello world python hello hello world python hello
        python world world hello world hello world hello hello world world hello world
        python world python python world world hello world python hello python hello
        hello hello world world world python python hello hello python world hello
        python hello python hello world hello python python hello hello python hello
        world python world python python python world hello python world hello world
        python hello python world world world hello world hello world hello hello
        python hello python world hello world python world hello hello hello python
        python world world world python python python'}
    headers:
      Accept-Ranges: [bytes]
      Content-Length: ['1026']
      Content-Range: [bytes 0-1025/1026]
      Content-Type: [application/octet-stream]
      Date: ['Mon, 30 Apr 2018 09:32:58 GMT']
      ETag: ['"0x8D5AE7D5C5B53A3"']
      Last-Modified: ['Mon, 30 Apr 2018 09:32:58 GMT']
      Server: [Windows-Azure-Blob/1.0 Microsoft-HTTPAPI/2.0]
      x-ms-blob-content-md5: [u51qUHHZb9kam89lL7KgMA==]
      x-ms-blob-type: [BlockBlob]
      x-ms-content-crc64: [Wwr+lJ6TSEU=]
      x-ms-creation-time: ['Mon, 30 Apr 2018 09:32:58 GMT']
      x-ms-lease-state: [available]
      x-ms-lease-status: [unlocked]
      x-ms-request-id: [ac98e0c7-701e-0023-7b66-e008f8000000]
      x-ms-server-encrypted: ['true']
      x-ms-version: ['2018-03-28']
    status: {code: 206, message: Partial Content}
- request:
    body: null
    headers:
      Connection: [keep-alive]
      Content-Length: ['0']
      User-Agent: [Azure-Storage/1.1.0-1.1.0 (Python CPython 3.6.3; Darwin 17.4.0)]
      x-ms-client-request-id: [7841ae8a-4c59-11e8-ad24-b8e8564491f6]
      x-ms-date: ['Mon, 30 Apr 2018 09:32:58 GMT']
      x-ms-version: ['2018-03-28']
    method: DELETE
    uri: https://storagename.blob.core.windows.net/$web?restype=container
  response:
    body: {string: ''}
    headers:
      Date: ['Mon, 30 Apr 2018 09:32:58 GMT']
      Server: [Windows-Azure-Blob/1.0 Microsoft-HTTPAPI/2.0]
      Transfer-Encoding: [chunked]
      x-ms-request-id: [ac98e0c9-701e-0023-7d66-e008f8000000]
      x-ms-version: ['2018-03-28']
    status: {code: 202, message: Accepted}
version: 1
