interactions:
- request:
    body: null
    headers:
      Connection: [keep-alive]
      Content-Length: ['0']
      User-Agent: [Azure-Storage/1.0.0-1.0.0 (Python CPython 3.6.3; Darwin 17.3.0)]
      x-ms-client-request-id: [c3390712-fc9a-11e7-962e-b8e8564491f6]
      x-ms-date: ['Thu, 18 Jan 2018 21:58:48 GMT']
      x-ms-version: ['2017-04-17']
    method: PUT
    uri: https://storagename.blob.core.windows.net/utcontainer8bbb1b21?restype=container
  response:
    body: {string: ''}
    headers:
      Date: ['Thu, 18 Jan 2018 21:58:48 GMT']
      ETag: ['"0x8D55EBEA7ADD5A9"']
      Last-Modified: ['Thu, 18 Jan 2018 21:58:49 GMT']
      Server: [Windows-Azure-Blob/1.0 Microsoft-HTTPAPI/2.0]
      Transfer-Encoding: [chunked]
      x-ms-request-id: [28975a52-001e-00d3-78a7-90eb71000000]
      x-ms-version: ['2017-04-17']
    status: {code: 201, message: Created}
- request:
    body: hello world
    headers:
      Connection: [keep-alive]
      Content-Length: ['11']
      User-Agent: [Azure-Storage/1.0.0-1.0.0 (Python CPython 3.6.3; Darwin 17.3.0)]
      x-ms-blob-type: [BlockBlob]
      x-ms-client-request-id: [c34dda5c-fc9a-11e7-9fc2-b8e8564491f6]
      x-ms-date: ['Thu, 18 Jan 2018 21:58:48 GMT']
      x-ms-version: ['2017-04-17']
    method: PUT
    uri: https://storagename.blob.core.windows.net/utcontainer8bbb1b21/blob1
  response:
    body: {string: ''}
    headers:
      Content-MD5: [XrY7u+Ae7tCTyyK7j1rNww==]
      Date: ['Thu, 18 Jan 2018 21:58:48 GMT']
      ETag: ['"0x8D55EBEA71879BF"']
      Last-Modified: ['Thu, 18 Jan 2018 21:58:48 GMT']
      Server: [Windows-Azure-Blob/1.0 Microsoft-HTTPAPI/2.0]
      Transfer-Encoding: [chunked]
      x-ms-request-id: [28975a64-001e-00d3-08a7-90eb71000000]
      x-ms-request-server-encrypted: ['true']
      x-ms-version: ['2017-04-17']
    status: {code: 201, message: Created}
- request:
    body: null
    headers:
      Connection: [keep-alive]
      User-Agent: [Azure-Storage/1.0.0-1.0.0 (Python CPython 3.6.3; Darwin 17.3.0)]
      x-ms-client-request-id: [c353d568-fc9a-11e7-95ad-b8e8564491f6]
      x-ms-date: ['Thu, 18 Jan 2018 21:58:49 GMT']
      x-ms-version: ['2017-04-17']
    method: HEAD
    uri: https://storagename.blob.core.windows.net/utcontainer8bbb1b21/blob1
  response:
    body: {string: ''}
    headers:
      Accept-Ranges: [bytes]
      Content-Length: ['11']
      Content-MD5: [XrY7u+Ae7tCTyyK7j1rNww==]
      Content-Type: [application/octet-stream]
      Date: ['Thu, 18 Jan 2018 21:58:48 GMT']
      ETag: ['"0x8D55EBEA71879BF"']
      Last-Modified: ['Thu, 18 Jan 2018 21:58:48 GMT']
      Server: [Windows-Azure-Blob/1.0 Microsoft-HTTPAPI/2.0]
      Vary: [Origin]
      x-ms-blob-type: [BlockBlob]
      x-ms-lease-state: [available]
      x-ms-lease-status: [unlocked]
      x-ms-request-id: [28975a75-001e-00d3-18a7-90eb71000000]
      x-ms-server-encrypted: ['true']
      x-ms-version: ['2017-04-17']
    status: {code: 200, message: OK}
- request:
    body: null
    headers:
      Connection: [keep-alive]
      Content-Length: ['0']
      If-Match: ['"0x8D55EBEA71879BF"']
      User-Agent: [Azure-Storage/1.0.0-1.0.0 (Python CPython 3.6.3; Darwin 17.3.0)]
      x-ms-blob-content-disposition: [inline]
      x-ms-blob-content-language: [spanish]
      x-ms-client-request-id: [c3593ff0-fc9a-11e7-bb6f-b8e8564491f6]
      x-ms-date: ['Thu, 18 Jan 2018 21:58:49 GMT']
      x-ms-version: ['2017-04-17']
    method: PUT
    uri: https://storagename.blob.core.windows.net/utcontainer8bbb1b21/blob1?comp=properties
  response:
    body: {string: ''}
    headers:
      Date: ['Thu, 18 Jan 2018 21:58:48 GMT']
      ETag: ['"0x8D55EBEA7239F4C"']
      Last-Modified: ['Thu, 18 Jan 2018 21:58:48 GMT']
      Server: [Windows-Azure-Blob/1.0 Microsoft-HTTPAPI/2.0]
      Transfer-Encoding: [chunked]
      x-ms-request-id: [28975a84-001e-00d3-26a7-90eb71000000]
      x-ms-version: ['2017-04-17']
    status: {code: 200, message: OK}
- request:
    body: null
    headers:
      Connection: [keep-alive]
      User-Agent: [Azure-Storage/1.0.0-1.0.0 (Python CPython 3.6.3; Darwin 17.3.0)]
      x-ms-client-request-id: [c365a9ac-fc9a-11e7-aa65-b8e8564491f6]
      x-ms-date: ['Thu, 18 Jan 2018 21:58:49 GMT']
      x-ms-version: ['2017-04-17']
    method: HEAD
    uri: https://storagename.blob.core.windows.net/utcontainer8bbb1b21/blob1
  response:
    body: {string: ''}
    headers:
      Accept-Ranges: [bytes]
      Content-Disposition: [inline]
      Content-Language: [spanish]
      Content-Length: ['11']
      Date: ['Thu, 18 Jan 2018 21:58:48 GMT']
      ETag: ['"0x8D55EBEA7239F4C"']
      Last-Modified: ['Thu, 18 Jan 2018 21:58:48 GMT']
      Server: [Windows-Azure-Blob/1.0 Microsoft-HTTPAPI/2.0]
      Vary: [Origin]
      x-ms-blob-type: [BlockBlob]
      x-ms-lease-state: [available]
      x-ms-lease-status: [unlocked]
      x-ms-request-id: [28975aa1-001e-00d3-3da7-90eb71000000]
      x-ms-server-encrypted: ['true']
      x-ms-version: ['2017-04-17']
    status: {code: 200, message: OK}
version: 1
