interactions:
- request:
    body: null
    headers:
      Connection: [keep-alive]
      Content-Length: ['0']
      User-Agent: [Azure-Storage/1.1.0-1.1.0 (Python CPython 3.6.3; Darwin 17.3.0)]
      x-ms-client-request-id: [fc41e5b4-0acb-11e8-8aab-b8e8564491f6]
      x-ms-date: ['Mon, 05 Feb 2018 23:26:26 GMT']
      x-ms-meta-test1: [foo]
      x-ms-meta-test2: [bar]
      x-ms-version: ['2017-07-29']
    method: PUT
    uri: https://storagename.file.core.windows.net/utshare94911740/dir1?restype=directory
  response:
    body: {string: ''}
    headers:
      Date: ['Mon, 05 Feb 2018 23:26:25 GMT']
      ETag: ['"0x8D56CEFE06BB352"']
      Last-Modified: ['Mon, 05 Feb 2018 23:26:26 GMT']
      Server: [Windows-Azure-File/1.0 Microsoft-HTTPAPI/2.0]
      Transfer-Encoding: [chunked]
      x-ms-request-id: [7f84127a-001a-00f1-3ad8-9e8547000000]
      x-ms-request-server-encrypted: ['true']
      x-ms-version: ['2017-07-29']
    status: {code: 201, message: Created}
- request:
    body: null
    headers:
      Connection: [keep-alive]
      Content-Length: ['0']
      User-Agent: [Azure-Storage/1.1.0-1.1.0 (Python CPython 3.6.3; Darwin 17.3.0)]
      x-ms-client-request-id: [fc55cd86-0acb-11e8-a3a8-b8e8564491f6]
      x-ms-date: ['Mon, 05 Feb 2018 23:26:26 GMT']
      x-ms-version: ['2017-07-29']
    method: PUT
    uri: https://storagename.file.core.windows.net/utshare94911740?restype=share&comp=snapshot
  response:
    body: {string: ''}
    headers:
      Date: ['Mon, 05 Feb 2018 23:26:25 GMT']
      ETag: ['"0x8D56CEFE0589054"']
      Last-Modified: ['Mon, 05 Feb 2018 23:26:25 GMT']
      Server: [Windows-Azure-File/1.0 Microsoft-HTTPAPI/2.0]
      Transfer-Encoding: [chunked]
      x-ms-request-id: [7f84127c-001a-00f1-3bd8-9e8547000000]
      x-ms-snapshot: ['2018-02-05T23:26:26.0000000Z']
      x-ms-version: ['2017-07-29']
    status: {code: 201, message: Created}
- request:
    body: null
    headers:
      Connection: [keep-alive]
      Content-Length: ['0']
      User-Agent: [Azure-Storage/1.1.0-1.1.0 (Python CPython 3.6.3; Darwin 17.3.0)]
      x-ms-client-request-id: [fc5c20da-0acb-11e8-975c-b8e8564491f6]
      x-ms-date: ['Mon, 05 Feb 2018 23:26:26 GMT']
      x-ms-meta-test100: [foo100]
      x-ms-meta-test200: [bar200]
      x-ms-version: ['2017-07-29']
    method: PUT
    uri: https://storagename.file.core.windows.net/utshare94911740/dir1?restype=directory&comp=metadata
  response:
    body: {string: ''}
    headers:
      Date: ['Mon, 05 Feb 2018 23:26:25 GMT']
      ETag: ['"0x8D56CEFE077C36F"']
      Last-Modified: ['Mon, 05 Feb 2018 23:26:26 GMT']
      Server: [Windows-Azure-File/1.0 Microsoft-HTTPAPI/2.0]
      Transfer-Encoding: [chunked]
      x-ms-request-id: [7f84127d-001a-00f1-3cd8-9e8547000000]
      x-ms-request-server-encrypted: ['true']
      x-ms-version: ['2017-07-29']
    status: {code: 200, message: OK}
- request:
    body: null
    headers:
      Connection: [keep-alive]
      User-Agent: [Azure-Storage/1.1.0-1.1.0 (Python CPython 3.6.3; Darwin 17.3.0)]
      x-ms-client-request-id: [fc61a83e-0acb-11e8-9dc0-b8e8564491f6]
      x-ms-date: ['Mon, 05 Feb 2018 23:26:26 GMT']
      x-ms-version: ['2017-07-29']
    method: GET
    uri: https://storagename.file.core.windows.net/utshare94911740/dir1?restype=directory&comp=metadata&sharesnapshot=2018-02-05T23%3A26%3A26.0000000Z
  response:
    body: {string: ''}
    headers:
      Date: ['Mon, 05 Feb 2018 23:26:25 GMT']
      ETag: ['"0x8D56CEFE06BB352"']
      Last-Modified: ['Mon, 05 Feb 2018 23:26:26 GMT']
      Server: [Windows-Azure-File/1.0 Microsoft-HTTPAPI/2.0]
      Transfer-Encoding: [chunked]
      x-ms-meta-test1: [foo]
      x-ms-meta-test2: [bar]
      x-ms-request-id: [7f84127e-001a-00f1-3dd8-9e8547000000]
      x-ms-version: ['2017-07-29']
    status: {code: 200, message: OK}
version: 1
