interactions:
- request:
    body: null
    headers:
      Connection: [keep-alive]
      Content-Length: ['0']
      User-Agent: [Azure-Storage/1.3.0-1.3.0 (Python CPython 3.6.3; Darwin 17.6.0)]
      x-ms-client-request-id: [f69fc81c-740d-11e8-aeb2-8cae4cee5322]
      x-ms-date: ['Tue, 19 Jun 2018 22:13:15 GMT']
      x-ms-version: ['2018-03-28']
    method: PUT
    uri: https://storagename.blob.core.windows.net/utcontainerd8e71c18?restype=container
  response:
    body: {string: ''}
    headers:
      Date: ['Tue, 19 Jun 2018 22:13:15 GMT']
      ETag: ['"0x8D5D631DB025778"']
      Last-Modified: ['Tue, 19 Jun 2018 22:13:15 GMT']
      Server: [Windows-Azure-Blob/1.0 Microsoft-HTTPAPI/2.0]
      Transfer-Encoding: [chunked]
      x-ms-request-id: [b4b02008-001e-0029-541a-08ac4f000000]
      x-ms-version: ['2018-03-28']
    status: {code: 201, message: Created}
- request:
    body: hello world
    headers:
      Connection: [keep-alive]
      Content-Length: ['11']
      User-Agent: [Azure-Storage/1.3.0-1.3.0 (Python CPython 3.6.3; Darwin 17.6.0)]
      x-ms-blob-type: [BlockBlob]
      x-ms-client-request-id: [f6d7e8dc-740d-11e8-8591-8cae4cee5322]
      x-ms-date: ['Tue, 19 Jun 2018 22:13:15 GMT']
      x-ms-version: ['2018-03-28']
    method: PUT
    uri: https://storagename.blob.core.windows.net/utcontainerd8e71c18/blob1
  response:
    body: {string: ''}
    headers:
      Content-MD5: [XrY7u+Ae7tCTyyK7j1rNww==]
      Date: ['Tue, 19 Jun 2018 22:13:15 GMT']
      ETag: ['"0x8D5D631DB12FFD3"']
      Last-Modified: ['Tue, 19 Jun 2018 22:13:15 GMT']
      Server: [Windows-Azure-Blob/1.0 Microsoft-HTTPAPI/2.0]
      Transfer-Encoding: [chunked]
      x-ms-content-crc64: [vo7q9sPVKY0=]
      x-ms-request-id: [b4b0200a-001e-0029-551a-08ac4f000000]
      x-ms-request-server-encrypted: ['true']
      x-ms-version: ['2018-03-28']
    status: {code: 201, message: Created}
- request:
    body: null
    headers:
      Connection: [keep-alive]
      If-None-Match: ['0x111111111111111']
      User-Agent: [Azure-Storage/1.3.0-1.3.0 (Python CPython 3.6.3; Darwin 17.6.0)]
      x-ms-client-request-id: [f6e753da-740d-11e8-bd32-8cae4cee5322]
      x-ms-date: ['Tue, 19 Jun 2018 22:13:16 GMT']
      x-ms-version: ['2018-03-28']
    method: GET
    uri: https://storagename.blob.core.windows.net/utcontainerd8e71c18/blob1?comp=metadata
  response:
    body: {string: ''}
    headers:
      Date: ['Tue, 19 Jun 2018 22:13:16 GMT']
      ETag: ['"0x8D5D631DB12FFD3"']
      Last-Modified: ['Tue, 19 Jun 2018 22:13:15 GMT']
      Server: [Windows-Azure-Blob/1.0 Microsoft-HTTPAPI/2.0]
      Transfer-Encoding: [chunked]
      x-ms-request-id: [b4b0200b-001e-0029-561a-08ac4f000000]
      x-ms-version: ['2018-03-28']
    status: {code: 200, message: OK}
version: 1
