interactions:
- request:
    body: null
    headers:
      Connection: [keep-alive]
      Content-Length: ['0']
      User-Agent: [Azure-Storage/0.37.0-0.36.0 (Python CPython 2.7.10; Darwin 16.7.0)]
      x-ms-client-request-id: [fef12347-a7ae-11e7-80f9-b8e8564491f6]
      x-ms-date: ['Mon, 02 Oct 2017 20:19:30 GMT']
      x-ms-version: ['2017-04-17']
    method: PUT
    uri: https://storagename.file.core.windows.net/share90471726?restype=share
  response:
    body: {string: !!python/unicode ''}
    headers:
      date: ['Mon, 02 Oct 2017 20:19:31 GMT']
      etag: ['"0x8D509D2E3D0FE34"']
      last-modified: ['Mon, 02 Oct 2017 20:19:31 GMT']
      server: [Windows-Azure-File/1.0 Microsoft-HTTPAPI/2.0]
      transfer-encoding: [chunked]
      x-ms-request-id: [f0b9c748-001a-0089-57bb-3bedf0000000]
      x-ms-version: ['2017-04-17']
    status: {code: 201, message: Created}
- request:
    body: null
    headers:
      Connection: [keep-alive]
      Content-Length: ['0']
      User-Agent: [Azure-Storage/0.37.0-0.36.0 (Python CPython 2.7.10; Darwin 16.7.0)]
      x-ms-client-request-id: [ff04991c-a7ae-11e7-b98b-b8e8564491f6]
      x-ms-date: ['Mon, 02 Oct 2017 20:19:30 GMT']
      x-ms-version: ['2017-04-17']
    method: PUT
    uri: https://storagename.file.core.windows.net/share90471726/dir1?restype=directory
  response:
    body: {string: !!python/unicode ''}
    headers:
      date: ['Mon, 02 Oct 2017 20:19:31 GMT']
      etag: ['"0x8D509D2E40127E6"']
      last-modified: ['Mon, 02 Oct 2017 20:19:31 GMT']
      server: [Windows-Azure-File/1.0 Microsoft-HTTPAPI/2.0]
      transfer-encoding: [chunked]
      x-ms-request-id: [f0b9c74b-001a-0089-58bb-3bedf0000000]
      x-ms-request-server-encrypted: ['false']
      x-ms-version: ['2017-04-17']
    status: {code: 201, message: Created}
- request:
    body: null
    headers:
      Connection: [keep-alive]
      Content-Length: ['0']
      User-Agent: [Azure-Storage/0.37.0-0.36.0 (Python CPython 2.7.10; Darwin 16.7.0)]
      x-ms-client-request-id: [ff0b09fa-a7ae-11e7-aab6-b8e8564491f6]
      x-ms-date: ['Mon, 02 Oct 2017 20:19:30 GMT']
      x-ms-version: ['2017-04-17']
    method: PUT
    uri: https://storagename.file.core.windows.net/share90471726/dir2?restype=directory
  response:
    body: {string: !!python/unicode ''}
    headers:
      date: ['Mon, 02 Oct 2017 20:19:31 GMT']
      etag: ['"0x8D509D2E4076A9E"']
      last-modified: ['Mon, 02 Oct 2017 20:19:31 GMT']
      server: [Windows-Azure-File/1.0 Microsoft-HTTPAPI/2.0]
      transfer-encoding: [chunked]
      x-ms-request-id: [f0b9c74c-001a-0089-59bb-3bedf0000000]
      x-ms-request-server-encrypted: ['false']
      x-ms-version: ['2017-04-17']
    status: {code: 201, message: Created}
- request:
    body: null
    headers:
      Connection: [keep-alive]
      Content-Length: ['0']
      User-Agent: [Azure-Storage/0.37.0-0.36.0 (Python CPython 2.7.10; Darwin 16.7.0)]
      x-ms-client-request-id: [ff11995c-a7ae-11e7-90b6-b8e8564491f6]
      x-ms-date: ['Mon, 02 Oct 2017 20:19:30 GMT']
      x-ms-version: ['2017-04-17']
    method: PUT
    uri: https://storagename.file.core.windows.net/share90471726?comp=snapshot&restype=share
  response:
    body: {string: !!python/unicode ''}
    headers:
      date: ['Mon, 02 Oct 2017 20:19:31 GMT']
      etag: ['"0x8D509D2E3D0FE34"']
      last-modified: ['Mon, 02 Oct 2017 20:19:31 GMT']
      server: [Windows-Azure-File/1.0 Microsoft-HTTPAPI/2.0]
      transfer-encoding: [chunked]
      x-ms-request-id: [f0b9c74d-001a-0089-5abb-3bedf0000000]
      x-ms-snapshot: ['2017-10-02T20:19:31.0000000Z']
      x-ms-version: ['2017-04-17']
    status: {code: 201, message: Created}
- request:
    body: null
    headers:
      Connection: [keep-alive]
      Content-Length: ['0']
      User-Agent: [Azure-Storage/0.37.0-0.36.0 (Python CPython 2.7.10; Darwin 16.7.0)]
      x-ms-client-request-id: [ff2ef0e1-a7ae-11e7-87e8-b8e8564491f6]
      x-ms-date: ['Mon, 02 Oct 2017 20:19:30 GMT']
      x-ms-version: ['2017-04-17']
    method: PUT
    uri: https://storagename.file.core.windows.net/share90471726/dir3?restype=directory
  response:
    body: {string: !!python/unicode ''}
    headers:
      date: ['Mon, 02 Oct 2017 20:19:31 GMT']
      etag: ['"0x8D509D2E42AD7BD"']
      last-modified: ['Mon, 02 Oct 2017 20:19:31 GMT']
      server: [Windows-Azure-File/1.0 Microsoft-HTTPAPI/2.0]
      transfer-encoding: [chunked]
      x-ms-request-id: [f0b9c74e-001a-0089-5bbb-3bedf0000000]
      x-ms-request-server-encrypted: ['false']
      x-ms-version: ['2017-04-17']
    status: {code: 201, message: Created}
- request:
    body: null
    headers:
      Connection: [keep-alive]
      Content-Length: ['0']
      User-Agent: [Azure-Storage/0.37.0-0.36.0 (Python CPython 2.7.10; Darwin 16.7.0)]
      x-ms-client-request-id: [ff34b035-a7ae-11e7-8f05-b8e8564491f6]
      x-ms-content-length: ['1024']
      x-ms-date: ['Mon, 02 Oct 2017 20:19:30 GMT']
      x-ms-type: [file]
      x-ms-version: ['2017-04-17']
    method: PUT
    uri: https://storagename.file.core.windows.net/share90471726/file1
  response:
    body: {string: !!python/unicode ''}
    headers:
      date: ['Mon, 02 Oct 2017 20:19:31 GMT']
      etag: ['"0x8D509D2E430A537"']
      last-modified: ['Mon, 02 Oct 2017 20:19:31 GMT']
      server: [Windows-Azure-File/1.0 Microsoft-HTTPAPI/2.0]
      transfer-encoding: [chunked]
      x-ms-request-id: [f0b9c74f-001a-0089-5cbb-3bedf0000000]
      x-ms-request-server-encrypted: ['false']
      x-ms-version: ['2017-04-17']
    status: {code: 201, message: Created}
- request:
    body: null
    headers:
      Connection: [keep-alive]
      User-Agent: [Azure-Storage/0.37.0-0.36.0 (Python CPython 2.7.10; Darwin 16.7.0)]
      x-ms-client-request-id: [ff3ae545-a7ae-11e7-961a-b8e8564491f6]
      x-ms-date: ['Mon, 02 Oct 2017 20:19:30 GMT']
      x-ms-version: ['2017-04-17']
    method: GET
    uri: https://storagename.file.core.windows.net/share90471726?comp=list&restype=directory&sharesnapshot=2017-10-02T20%3A19%3A31.0000000Z
  response:
    body: {string: "\uFEFF<?xml version=\"1.0\" encoding=\"utf-8\"?><EnumerationResults\
        \ ServiceEndpoint=\"https://storagename.file.core.windows.net/\" ShareName=\"\
        share90471726\" ShareSnapshot=\"2017-10-02T20:19:31.0000000Z\" DirectoryPath=\"\
        \"><Entries><Directory><Name>dir1</Name><Properties /></Directory><Directory><Name>dir2</Name><Properties\
        \ /></Directory></Entries><NextMarker /></EnumerationResults>"}
    headers:
      content-type: [application/xml]
      date: ['Mon, 02 Oct 2017 20:19:31 GMT']
      server: [Windows-Azure-File/1.0 Microsoft-HTTPAPI/2.0]
      transfer-encoding: [chunked]
      x-ms-request-id: [f0b9c750-001a-0089-5dbb-3bedf0000000]
      x-ms-version: ['2017-04-17']
    status: {code: 200, message: OK}
version: 1
