interactions:
- request:
    body: null
    headers:
      Connection: [keep-alive]
      Content-Length: ['0']
      User-Agent: [Azure-Storage/0.34.3 (Python CPython 3.6.1; Windows 10)]
      x-ms-client-request-id: [47ca0c66-50c8-11e7-9b61-705a0f3d3f8d]
      x-ms-date: ['Wed, 14 Jun 2017 06:11:18 GMT']
      x-ms-version: ['2016-05-31']
    method: PUT
    uri: https://storagename.blob.core.windows.net/utcontainer6d2e1e1f?restype=container
  response:
    body: {string: ''}
    headers:
      Date: ['Wed, 14 Jun 2017 06:11:17 GMT']
      ETag: ['"0x8D4B2EC2BFD379A"']
      Last-Modified: ['Wed, 14 Jun 2017 06:11:18 GMT']
      Server: [Windows-Azure-Blob/1.0 Microsoft-HTTPAPI/2.0]
      Transfer-Encoding: [chunked]
      x-ms-request-id: [39c7c63e-0001-0105-76d5-e4e6fe000000]
      x-ms-version: ['2016-05-31']
    status: {code: 201, message: Created}
- request:
    body: hello world
    headers:
      Connection: [keep-alive]
      Content-Length: ['11']
      User-Agent: [Azure-Storage/0.34.3 (Python CPython 3.6.1; Windows 10)]
      x-ms-blob-type: [BlockBlob]
      x-ms-client-request-id: [47ddaa68-50c8-11e7-a2dc-705a0f3d3f8d]
      x-ms-date: ['Wed, 14 Jun 2017 06:11:18 GMT']
      x-ms-version: ['2016-05-31']
    method: PUT
    uri: https://storagename.blob.core.windows.net/utcontainer6d2e1e1f/blob1
  response:
    body: {string: ''}
    headers:
      Content-MD5: [XrY7u+Ae7tCTyyK7j1rNww==]
      Date: ['Wed, 14 Jun 2017 06:11:17 GMT']
      ETag: ['"0x8D4B2EC2BC1E8F2"']
      Last-Modified: ['Wed, 14 Jun 2017 06:11:18 GMT']
      Server: [Windows-Azure-Blob/1.0 Microsoft-HTTPAPI/2.0]
      Transfer-Encoding: [chunked]
      x-ms-request-id: [39c7c649-0001-0105-7dd5-e4e6fe000000]
      x-ms-request-server-encrypted: ['true']
      x-ms-version: ['2016-05-31']
    status: {code: 201, message: Created}
- request:
    body: null
    headers:
      Connection: [keep-alive]
      User-Agent: [Azure-Storage/0.34.3 (Python CPython 3.6.1; Windows 10)]
      x-ms-client-request-id: [47e2e46e-50c8-11e7-a1d5-705a0f3d3f8d]
      x-ms-date: ['Wed, 14 Jun 2017 06:11:18 GMT']
      x-ms-version: ['2016-05-31']
    method: HEAD
    uri: https://storagename.blob.core.windows.net/utcontainer6d2e1e1f/blob1
  response:
    body: {string: ''}
    headers:
      Accept-Ranges: [bytes]
      Content-Length: ['11']
      Content-MD5: [XrY7u+Ae7tCTyyK7j1rNww==]
      Content-Type: [application/octet-stream]
      Date: ['Wed, 14 Jun 2017 06:11:17 GMT']
      ETag: ['"0x8D4B2EC2BC1E8F2"']
      Last-Modified: ['Wed, 14 Jun 2017 06:11:18 GMT']
      Server: [Windows-Azure-Blob/1.0 Microsoft-HTTPAPI/2.0]
      Vary: [Origin]
      x-ms-blob-type: [BlockBlob]
      x-ms-lease-state: [available]
      x-ms-lease-status: [unlocked]
      x-ms-request-id: [39c7c650-0001-0105-03d5-e4e6fe000000]
      x-ms-server-encrypted: ['true']
      x-ms-version: ['2016-05-31']
    status: {code: 200, message: OK}
- request:
    body: null
    headers:
      Connection: [keep-alive]
      Content-Length: ['0']
      If-None-Match: ['"0x8D4B2EC2BC1E8F2"']
      User-Agent: [Azure-Storage/0.34.3 (Python CPython 3.6.1; Windows 10)]
      x-ms-client-request-id: [47e7a246-50c8-11e7-87d3-705a0f3d3f8d]
      x-ms-date: ['Wed, 14 Jun 2017 06:11:18 GMT']
      x-ms-meta-hello: [world]
      x-ms-meta-number: ['42']
      x-ms-version: ['2016-05-31']
    method: PUT
    uri: https://storagename.blob.core.windows.net/utcontainer6d2e1e1f/blob1?comp=metadata
  response:
    body: {string: "\uFEFF<?xml version=\"1.0\" encoding=\"utf-8\"?><Error><Code>ConditionNotMet</Code><Message>The\
        \ condition specified using HTTP conditional header(s) is not met.\nRequestId:39c7c65b-0001-0105-0ad5-e4e6fe000000\n\
        Time:2017-06-14T06:11:18.7114390Z</Message></Error>"}
    headers:
      Content-Length: ['252']
      Content-Type: [application/xml]
      Date: ['Wed, 14 Jun 2017 06:11:17 GMT']
      Server: [Windows-Azure-Blob/1.0 Microsoft-HTTPAPI/2.0]
      x-ms-request-id: [39c7c65b-0001-0105-0ad5-e4e6fe000000]
      x-ms-version: ['2016-05-31']
    status: {code: 412, message: The condition specified using HTTP conditional header(s)
        is not met.}
version: 1
