interactions:
- request:
    body: null
    headers:
      Connection: [keep-alive]
      Content-Length: ['0']
      User-Agent: [Azure-Storage/0.36.0 (Python CPython 2.7.10; Darwin 16.7.0)]
      x-ms-client-request-id: [960eceb3-9f68-11e7-821a-b8e8564491f6]
      x-ms-date: ['Fri, 22 Sep 2017 07:35:20 GMT']
      x-ms-meta-test1: [foo]
      x-ms-meta-test2: [bar]
      x-ms-version: ['2017-04-17']
    method: PUT
    uri: https://storagename.file.core.windows.net/utshare94911740/dir1?restype=directory
  response:
    body: {string: !!python/unicode ''}
    headers:
      date: ['Fri, 22 Sep 2017 07:35:20 GMT']
      etag: ['"0x8D5018C7A824E4D"']
      last-modified: ['Fri, 22 Sep 2017 07:35:20 GMT']
      server: [Windows-Azure-File/1.0 Microsoft-HTTPAPI/2.0]
      transfer-encoding: [chunked]
      x-ms-request-id: [187005f4-001a-001f-5d75-33213f000000]
      x-ms-request-server-encrypted: ['false']
      x-ms-version: ['2017-04-17']
    status: {code: 201, message: Created}
- request:
    body: null
    headers:
      Connection: [keep-alive]
      Content-Length: ['0']
      User-Agent: [Azure-Storage/0.36.0 (Python CPython 2.7.10; Darwin 16.7.0)]
      x-ms-client-request-id: [964d1f63-9f68-11e7-978d-b8e8564491f6]
      x-ms-date: ['Fri, 22 Sep 2017 07:35:20 GMT']
      x-ms-version: ['2017-04-17']
    method: PUT
    uri: https://storagename.file.core.windows.net/utshare94911740?comp=snapshot&restype=share
  response:
    body: {string: !!python/unicode ''}
    headers:
      date: ['Fri, 22 Sep 2017 07:35:20 GMT']
      etag: ['"0x8D5018C7A3FB26C"']
      last-modified: ['Fri, 22 Sep 2017 07:35:20 GMT']
      server: [Windows-Azure-File/1.0 Microsoft-HTTPAPI/2.0]
      transfer-encoding: [chunked]
      x-ms-request-id: [187005f6-001a-001f-5e75-33213f000000]
      x-ms-snapshot: ['2017-09-22T07:35:20.0000000Z']
      x-ms-version: ['2017-04-17']
    status: {code: 201, message: Created}
- request:
    body: null
    headers:
      Connection: [keep-alive]
      Content-Length: ['0']
      User-Agent: [Azure-Storage/0.36.0 (Python CPython 2.7.10; Darwin 16.7.0)]
      x-ms-client-request-id: [965e66ca-9f68-11e7-b789-b8e8564491f6]
      x-ms-date: ['Fri, 22 Sep 2017 07:35:20 GMT']
      x-ms-meta-test100: [foo100]
      x-ms-meta-test200: [bar200]
      x-ms-version: ['2017-04-17']
    method: PUT
    uri: https://storagename.file.core.windows.net/utshare94911740/dir1?comp=metadata&restype=directory
  response:
    body: {string: !!python/unicode ''}
    headers:
      date: ['Fri, 22 Sep 2017 07:35:20 GMT']
      etag: ['"0x8D5018C7AA407AC"']
      last-modified: ['Fri, 22 Sep 2017 07:35:20 GMT']
      server: [Windows-Azure-File/1.0 Microsoft-HTTPAPI/2.0]
      transfer-encoding: [chunked]
      x-ms-request-id: [187005f7-001a-001f-5f75-33213f000000]
      x-ms-request-server-encrypted: ['false']
      x-ms-version: ['2017-04-17']
    status: {code: 200, message: OK}
- request:
    body: null
    headers:
      Connection: [keep-alive]
      User-Agent: [Azure-Storage/0.36.0 (Python CPython 2.7.10; Darwin 16.7.0)]
      x-ms-client-request-id: [966e73d1-9f68-11e7-9752-b8e8564491f6]
      x-ms-date: ['Fri, 22 Sep 2017 07:35:20 GMT']
      x-ms-version: ['2017-04-17']
    method: GET
    uri: https://storagename.file.core.windows.net/utshare94911740/dir1?comp=metadata&sharesnapshot=2017-09-22T07%3A35%3A20.0000000Z&restype=directory
  response:
    body: {string: !!python/unicode ''}
    headers:
      date: ['Fri, 22 Sep 2017 07:35:20 GMT']
      etag: ['"0x8D5018C7A824E4D"']
      last-modified: ['Fri, 22 Sep 2017 07:35:20 GMT']
      server: [Windows-Azure-File/1.0 Microsoft-HTTPAPI/2.0]
      transfer-encoding: [chunked]
      x-ms-meta-test1: [foo]
      x-ms-meta-test2: [bar]
      x-ms-request-id: [187005f8-001a-001f-6075-33213f000000]
      x-ms-version: ['2017-04-17']
    status: {code: 200, message: OK}
version: 1
