interactions:
- request:
    body: null
    headers:
      Connection: [keep-alive]
      Content-Length: ['0']
      User-Agent: [Azure-Storage/0.37.0-0.37.0 (Python CPython 2.7.10; Darwin 16.7.0)]
      x-ms-client-request-id: [8d4fc9c5-bae6-11e7-95b1-b8e8564491f6]
      x-ms-date: ['Fri, 27 Oct 2017 07:15:03 GMT']
      x-ms-version: ['2017-04-17']
    method: PUT
    uri: https://storagename.blob.core.windows.net/e75e13f0?restype=container
  response:
    body: {string: !!python/unicode ''}
    headers:
      date: ['Fri, 27 Oct 2017 07:15:03 GMT']
      etag: ['"0x8D51D0A71AB108C"']
      last-modified: ['Fri, 27 Oct 2017 07:15:03 GMT']
      server: [Windows-Azure-Blob/1.0 Microsoft-HTTPAPI/2.0]
      transfer-encoding: [chunked]
      x-ms-request-id: [b756a1e1-001e-0015-32f3-4e3d93000000]
      x-ms-version: ['2017-04-17']
    status: {code: 201, message: Created}
- request:
    body: null
    headers:
      Connection: [keep-alive]
      Content-Length: ['0']
      User-Agent: [Azure-Storage/0.37.0-0.37.0 (Python CPython 2.7.10; Darwin 16.7.0)]
      x-ms-client-request-id: [8d4fc9c5-bae6-11e7-95b1-b8e8564491f6]
      x-ms-date: ['Fri, 27 Oct 2017 07:15:04 GMT']
      x-ms-version: ['2017-04-17']
    method: PUT
    uri: https://storagename.blob.core.windows.net/e75e13f0?restype=container
  response:
    body: {string: "\uFEFF<?xml version=\"1.0\" encoding=\"utf-8\"?><Error><Code>ContainerAlreadyExists</Code><Message>The\
        \ specified container already exists.\nRequestId:b756a271-001e-0015-24f3-4e3d93000000\n\
        Time:2017-10-27T07:15:04.8138601Z</Message></Error>"}
    headers:
      content-length: ['230']
      content-type: [application/xml]
      date: ['Fri, 27 Oct 2017 07:15:04 GMT']
      server: [Windows-Azure-Blob/1.0 Microsoft-HTTPAPI/2.0]
      x-ms-request-id: [b756a271-001e-0015-24f3-4e3d93000000]
      x-ms-version: ['2017-04-17']
    status: {code: 409, message: The specified container already exists.}
- request:
    body: null
    headers:
      Connection: [keep-alive]
      Content-Length: ['0']
      User-Agent: [Azure-Storage/0.37.0-0.37.0 (Python CPython 2.7.10; Darwin 16.7.0)]
      x-ms-client-request-id: [8e1d72d4-bae6-11e7-bd1f-b8e8564491f6]
      x-ms-date: ['Fri, 27 Oct 2017 07:15:04 GMT']
      x-ms-version: ['2017-04-17']
    method: DELETE
    uri: https://storagename.blob.core.windows.net/e75e13f0?restype=container
  response:
    body: {string: !!python/unicode ''}
    headers:
      date: ['Fri, 27 Oct 2017 07:15:04 GMT']
      server: [Windows-Azure-Blob/1.0 Microsoft-HTTPAPI/2.0]
      transfer-encoding: [chunked]
      x-ms-request-id: [b756a277-001e-0015-2af3-4e3d93000000]
      x-ms-version: ['2017-04-17']
    status: {code: 202, message: Accepted}
version: 1
