interactions:
- request:
    body: null
    headers:
      Connection: [keep-alive]
      Content-Length: ['0']
      User-Agent: [Azure-Storage/0.37.0-0.36.0 (Python CPython 2.7.10; Darwin 16.7.0)]
      x-ms-client-request-id: [2f543335-a897-11e7-89b0-b8e8564491f6]
      x-ms-date: ['Wed, 04 Oct 2017 00:01:34 GMT']
      x-ms-version: ['2017-04-17']
    method: PUT
    uri: https://storagename.blob.core.windows.net/listcontainer044a81a2f?restype=container
  response:
    body: {string: !!python/unicode ''}
    headers:
      date: ['Wed, 04 Oct 2017 00:01:34 GMT']
      etag: ['"0x8D50ABB13D243F5"']
      last-modified: ['Wed, 04 Oct 2017 00:01:35 GMT']
      server: [Windows-Azure-Blob/1.0 Microsoft-HTTPAPI/2.0]
      transfer-encoding: [chunked]
      x-ms-request-id: [cb1672ac-001e-00a6-6aa3-3c6cca000000]
      x-ms-version: ['2017-04-17']
    status: {code: 201, message: Created}
- request:
    body: null
    headers:
      Connection: [keep-alive]
      Content-Length: ['0']
      User-Agent: [Azure-Storage/0.37.0-0.36.0 (Python CPython 2.7.10; Darwin 16.7.0)]
      x-ms-client-request-id: [2f85a540-a897-11e7-a846-b8e8564491f6]
      x-ms-date: ['Wed, 04 Oct 2017 00:01:34 GMT']
      x-ms-version: ['2017-04-17']
    method: PUT
    uri: https://storagename.blob.core.windows.net/listcontainer144a81a2f?restype=container
  response:
    body: {string: !!python/unicode ''}
    headers:
      date: ['Wed, 04 Oct 2017 00:01:35 GMT']
      etag: ['"0x8D50ABB13D886AB"']
      last-modified: ['Wed, 04 Oct 2017 00:01:35 GMT']
      server: [Windows-Azure-Blob/1.0 Microsoft-HTTPAPI/2.0]
      transfer-encoding: [chunked]
      x-ms-request-id: [cb167314-001e-00a6-41a3-3c6cca000000]
      x-ms-version: ['2017-04-17']
    status: {code: 201, message: Created}
- request:
    body: null
    headers:
      Connection: [keep-alive]
      Content-Length: ['0']
      User-Agent: [Azure-Storage/0.37.0-0.36.0 (Python CPython 2.7.10; Darwin 16.7.0)]
      x-ms-client-request-id: [2f8c2f33-a897-11e7-9d02-b8e8564491f6]
      x-ms-date: ['Wed, 04 Oct 2017 00:01:34 GMT']
      x-ms-version: ['2017-04-17']
    method: PUT
    uri: https://storagename.blob.core.windows.net/listcontainer244a81a2f?restype=container
  response:
    body: {string: !!python/unicode ''}
    headers:
      date: ['Wed, 04 Oct 2017 00:01:35 GMT']
      etag: ['"0x8D50ABB13DEA249"']
      last-modified: ['Wed, 04 Oct 2017 00:01:35 GMT']
      server: [Windows-Azure-Blob/1.0 Microsoft-HTTPAPI/2.0]
      transfer-encoding: [chunked]
      x-ms-request-id: [cb167339-001e-00a6-64a3-3c6cca000000]
      x-ms-version: ['2017-04-17']
    status: {code: 201, message: Created}
- request:
    body: null
    headers:
      Connection: [keep-alive]
      Content-Length: ['0']
      User-Agent: [Azure-Storage/0.37.0-0.36.0 (Python CPython 2.7.10; Darwin 16.7.0)]
      x-ms-client-request-id: [2f926d85-a897-11e7-b9fb-b8e8564491f6]
      x-ms-date: ['Wed, 04 Oct 2017 00:01:34 GMT']
      x-ms-version: ['2017-04-17']
    method: PUT
    uri: https://storagename.blob.core.windows.net/listcontainer344a81a2f?restype=container
  response:
    body: {string: !!python/unicode ''}
    headers:
      date: ['Wed, 04 Oct 2017 00:01:35 GMT']
      etag: ['"0x8D50ABB140EBBCB"']
      last-modified: ['Wed, 04 Oct 2017 00:01:35 GMT']
      server: [Windows-Azure-Blob/1.0 Microsoft-HTTPAPI/2.0]
      transfer-encoding: [chunked]
      x-ms-request-id: [cb16735d-001e-00a6-05a3-3c6cca000000]
      x-ms-version: ['2017-04-17']
    status: {code: 201, message: Created}
- request:
    body: null
    headers:
      Connection: [keep-alive]
      User-Agent: [Azure-Storage/0.37.0-0.36.0 (Python CPython 2.7.10; Darwin 16.7.0)]
      x-ms-client-request-id: [2fc2775e-a897-11e7-a3d1-b8e8564491f6]
      x-ms-date: ['Wed, 04 Oct 2017 00:01:35 GMT']
      x-ms-version: ['2017-04-17']
    method: GET
    uri: https://storagename.blob.core.windows.net/?comp=list&maxresults=2&prefix=listcontainer
  response:
    body: {string: "\uFEFF<?xml version=\"1.0\" encoding=\"utf-8\"?><EnumerationResults\
        \ ServiceEndpoint=\"https://storagename.blob.core.windows.net/\"><Prefix>listcontainer</Prefix><MaxResults>2</MaxResults><Containers><Container><Name>listcontainer044a81a2f</Name><Properties><Last-Modified>Wed,\
        \ 04 Oct 2017 00:01:35 GMT</Last-Modified><Etag>\"0x8D50ABB13D243F5\"</Etag><LeaseStatus>unlocked</LeaseStatus><LeaseState>available</LeaseState></Properties></Container><Container><Name>listcontainer144a81a2f</Name><Properties><Last-Modified>Wed,\
        \ 04 Oct 2017 00:01:35 GMT</Last-Modified><Etag>\"0x8D50ABB13D886AB\"</Etag><LeaseStatus>unlocked</LeaseStatus><LeaseState>available</LeaseState></Properties></Container></Containers><NextMarker>/storagename/listcontainer244a81a2f</NextMarker></EnumerationResults>"}
    headers:
      content-type: [application/xml]
      date: ['Wed, 04 Oct 2017 00:01:35 GMT']
      server: [Windows-Azure-Blob/1.0 Microsoft-HTTPAPI/2.0]
      transfer-encoding: [chunked]
      vary: [Origin]
      x-ms-request-id: [cb1673dc-001e-00a6-75a3-3c6cca000000]
      x-ms-version: ['2017-04-17']
    status: {code: 200, message: OK}
- request:
    body: null
    headers:
      Connection: [keep-alive]
      User-Agent: [Azure-Storage/0.37.0-0.36.0 (Python CPython 2.7.10; Darwin 16.7.0)]
      x-ms-client-request-id: [2fc7b91c-a897-11e7-b228-b8e8564491f6]
      x-ms-date: ['Wed, 04 Oct 2017 00:01:35 GMT']
      x-ms-version: ['2017-04-17']
    method: GET
    uri: https://storagename.blob.core.windows.net/?comp=list&maxresults=2&prefix=listcontainer&marker=%2Fstoragename%2Flistcontainer244a81a2f
  response:
    body: {string: "\uFEFF<?xml version=\"1.0\" encoding=\"utf-8\"?><EnumerationResults\
        \ ServiceEndpoint=\"https://storagename.blob.core.windows.net/\"><Prefix>listcontainer</Prefix><Marker>/storagename/listcontainer244a81a2f</Marker><MaxResults>2</MaxResults><Containers><Container><Name>listcontainer244a81a2f</Name><Properties><Last-Modified>Wed,\
        \ 04 Oct 2017 00:01:35 GMT</Last-Modified><Etag>\"0x8D50ABB13DEA249\"</Etag><LeaseStatus>unlocked</LeaseStatus><LeaseState>available</LeaseState></Properties></Container><Container><Name>listcontainer344a81a2f</Name><Properties><Last-Modified>Wed,\
        \ 04 Oct 2017 00:01:35 GMT</Last-Modified><Etag>\"0x8D50ABB140EBBCB\"</Etag><LeaseStatus>unlocked</LeaseStatus><LeaseState>available</LeaseState></Properties></Container></Containers><NextMarker\
        \ /></EnumerationResults>"}
    headers:
      content-type: [application/xml]
      date: ['Wed, 04 Oct 2017 00:01:35 GMT']
      server: [Windows-Azure-Blob/1.0 Microsoft-HTTPAPI/2.0]
      transfer-encoding: [chunked]
      vary: [Origin]
      x-ms-request-id: [cb1673e8-001e-00a6-01a3-3c6cca000000]
      x-ms-version: ['2017-04-17']
    status: {code: 200, message: OK}
version: 1
