interactions:
- request:
    body: null
    headers:
      Connection: [keep-alive]
      Content-Length: ['0']
      User-Agent: [Azure-Storage/0.36.0 (Python CPython 3.6.1; Darwin 16.7.0)]
      x-ms-client-request-id: [ac8c5d24-8784-11e7-8155-b8e8564491f6]
      x-ms-date: ['Tue, 22 Aug 2017 21:55:55 GMT']
      x-ms-version: ['2017-04-17']
    method: PUT
    uri: https://storagename.blob.core.windows.net/utcontainer51c91a1c?restype=container
  response:
    body: {string: ''}
    headers:
      Date: ['Tue, 22 Aug 2017 21:55:54 GMT']
      ETag: ['"0x8D4E9A890C22829"']
      Last-Modified: ['Tue, 22 Aug 2017 21:55:55 GMT']
      Server: [Windows-Azure-Blob/1.0 Microsoft-HTTPAPI/2.0]
      Transfer-Encoding: [chunked]
      x-ms-request-id: [d88e956d-0001-00a5-5e91-1b6fcd000000]
      x-ms-version: ['2017-04-17']
    status: {code: 201, message: Created}
- request:
    body: null
    headers:
      Connection: [keep-alive]
      Content-Length: ['0']
      User-Agent: [Azure-Storage/0.36.0 (Python CPython 3.6.1; Darwin 16.7.0)]
      x-ms-blob-type: [AppendBlob]
      x-ms-client-request-id: [aca55324-8784-11e7-a2a5-b8e8564491f6]
      x-ms-date: ['Tue, 22 Aug 2017 21:55:56 GMT']
      x-ms-version: ['2017-04-17']
    method: PUT
    uri: https://storagename.blob.core.windows.net/utcontainer51c91a1c/blob1
  response:
    body: {string: ''}
    headers:
      Date: ['Tue, 22 Aug 2017 21:55:55 GMT']
      ETag: ['"0x8D4E9A890BFFA75"']
      Last-Modified: ['Tue, 22 Aug 2017 21:55:55 GMT']
      Server: [Windows-Azure-Blob/1.0 Microsoft-HTTPAPI/2.0]
      Transfer-Encoding: [chunked]
      x-ms-request-id: [1fa074e9-0001-013e-2b91-1ba4a0000000]
      x-ms-request-server-encrypted: ['true']
      x-ms-version: ['2017-04-17']
    status: {code: 201, message: Created}
- request:
    body: block 0
    headers:
      Connection: [keep-alive]
      Content-Length: ['7']
      If-None-Match: ['0x8D2C9167D53FC2C']
      User-Agent: [Azure-Storage/0.36.0 (Python CPython 3.6.1; Darwin 16.7.0)]
      x-ms-client-request-id: [acba3ad2-8784-11e7-8751-b8e8564491f6]
      x-ms-date: ['Tue, 22 Aug 2017 21:55:56 GMT']
      x-ms-version: ['2017-04-17']
    method: PUT
    uri: https://storagename.blob.core.windows.net/utcontainer51c91a1c/blob1?comp=appendblock
  response:
    body: {string: ''}
    headers:
      Content-MD5: [TjjhPkKeLS6Els52i6m9Bg==]
      Date: ['Tue, 22 Aug 2017 21:55:55 GMT']
      ETag: ['"0x8D4E9A890C6B254"']
      Last-Modified: ['Tue, 22 Aug 2017 21:55:55 GMT']
      Server: [Windows-Azure-Blob/1.0 Microsoft-HTTPAPI/2.0]
      Transfer-Encoding: [chunked]
      x-ms-blob-append-offset: ['0']
      x-ms-blob-committed-block-count: ['1']
      x-ms-request-id: [1fa074f4-0001-013e-3491-1ba4a0000000]
      x-ms-request-server-encrypted: ['true']
      x-ms-version: ['2017-04-17']
    status: {code: 201, message: Created}
- request:
    body: block 1
    headers:
      Connection: [keep-alive]
      Content-Length: ['7']
      If-None-Match: ['0x8D2C9167D53FC2C']
      User-Agent: [Azure-Storage/0.36.0 (Python CPython 3.6.1; Darwin 16.7.0)]
      x-ms-client-request-id: [acc0f00c-8784-11e7-9378-b8e8564491f6]
      x-ms-date: ['Tue, 22 Aug 2017 21:55:56 GMT']
      x-ms-version: ['2017-04-17']
    method: PUT
    uri: https://storagename.blob.core.windows.net/utcontainer51c91a1c/blob1?comp=appendblock
  response:
    body: {string: ''}
    headers:
      Content-MD5: [ZOnmAD+J5F2p66g8NFSefA==]
      Date: ['Tue, 22 Aug 2017 21:55:55 GMT']
      ETag: ['"0x8D4E9A890CCA6DC"']
      Last-Modified: ['Tue, 22 Aug 2017 21:55:55 GMT']
      Server: [Windows-Azure-Blob/1.0 Microsoft-HTTPAPI/2.0]
      Transfer-Encoding: [chunked]
      x-ms-blob-append-offset: ['7']
      x-ms-blob-committed-block-count: ['2']
      x-ms-request-id: [1fa07508-0001-013e-4291-1ba4a0000000]
      x-ms-request-server-encrypted: ['true']
      x-ms-version: ['2017-04-17']
    status: {code: 201, message: Created}
- request:
    body: block 2
    headers:
      Connection: [keep-alive]
      Content-Length: ['7']
      If-None-Match: ['0x8D2C9167D53FC2C']
      User-Agent: [Azure-Storage/0.36.0 (Python CPython 3.6.1; Darwin 16.7.0)]
      x-ms-client-request-id: [acc6a2e8-8784-11e7-a65f-b8e8564491f6]
      x-ms-date: ['Tue, 22 Aug 2017 21:55:56 GMT']
      x-ms-version: ['2017-04-17']
    method: PUT
    uri: https://storagename.blob.core.windows.net/utcontainer51c91a1c/blob1?comp=appendblock
  response:
    body: {string: ''}
    headers:
      Content-MD5: [giBgEwOK96+T6eqweyrlNg==]
      Date: ['Tue, 22 Aug 2017 21:55:55 GMT']
      ETag: ['"0x8D4E9A890D1FF29"']
      Last-Modified: ['Tue, 22 Aug 2017 21:55:55 GMT']
      Server: [Windows-Azure-Blob/1.0 Microsoft-HTTPAPI/2.0]
      Transfer-Encoding: [chunked]
      x-ms-blob-append-offset: ['14']
      x-ms-blob-committed-block-count: ['3']
      x-ms-request-id: [1fa07511-0001-013e-4a91-1ba4a0000000]
      x-ms-request-server-encrypted: ['true']
      x-ms-version: ['2017-04-17']
    status: {code: 201, message: Created}
- request:
    body: block 3
    headers:
      Connection: [keep-alive]
      Content-Length: ['7']
      If-None-Match: ['0x8D2C9167D53FC2C']
      User-Agent: [Azure-Storage/0.36.0 (Python CPython 3.6.1; Darwin 16.7.0)]
      x-ms-client-request-id: [accc40d8-8784-11e7-9911-b8e8564491f6]
      x-ms-date: ['Tue, 22 Aug 2017 21:55:56 GMT']
      x-ms-version: ['2017-04-17']
    method: PUT
    uri: https://storagename.blob.core.windows.net/utcontainer51c91a1c/blob1?comp=appendblock
  response:
    body: {string: ''}
    headers:
      Content-MD5: [FDhv5/Vy34Z9KKvEnjH2lQ==]
      Date: ['Tue, 22 Aug 2017 21:55:55 GMT']
      ETag: ['"0x8D4E9A890D7CC78"']
      Last-Modified: ['Tue, 22 Aug 2017 21:55:55 GMT']
      Server: [Windows-Azure-Blob/1.0 Microsoft-HTTPAPI/2.0]
      Transfer-Encoding: [chunked]
      x-ms-blob-append-offset: ['21']
      x-ms-blob-committed-block-count: ['4']
      x-ms-request-id: [1fa07519-0001-013e-5291-1ba4a0000000]
      x-ms-request-server-encrypted: ['true']
      x-ms-version: ['2017-04-17']
    status: {code: 201, message: Created}
- request:
    body: block 4
    headers:
      Connection: [keep-alive]
      Content-Length: ['7']
      If-None-Match: ['0x8D2C9167D53FC2C']
      User-Agent: [Azure-Storage/0.36.0 (Python CPython 3.6.1; Darwin 16.7.0)]
      x-ms-client-request-id: [acd42208-8784-11e7-bfed-b8e8564491f6]
      x-ms-date: ['Tue, 22 Aug 2017 21:55:56 GMT']
      x-ms-version: ['2017-04-17']
    method: PUT
    uri: https://storagename.blob.core.windows.net/utcontainer51c91a1c/blob1?comp=appendblock
  response:
    body: {string: ''}
    headers:
      Content-MD5: [jkC3Z8KTocewrRQF+tkxeA==]
      Date: ['Tue, 22 Aug 2017 21:55:55 GMT']
      ETag: ['"0x8D4E9A890DFBD2D"']
      Last-Modified: ['Tue, 22 Aug 2017 21:55:56 GMT']
      Server: [Windows-Azure-Blob/1.0 Microsoft-HTTPAPI/2.0]
      Transfer-Encoding: [chunked]
      x-ms-blob-append-offset: ['28']
      x-ms-blob-committed-block-count: ['5']
      x-ms-request-id: [1fa0752a-0001-013e-6191-1ba4a0000000]
      x-ms-request-server-encrypted: ['true']
      x-ms-version: ['2017-04-17']
    status: {code: 201, message: Created}
- request:
    body: null
    headers:
      Connection: [keep-alive]
      User-Agent: [Azure-Storage/0.36.0 (Python CPython 3.6.1; Darwin 16.7.0)]
      x-ms-client-request-id: [acd9d180-8784-11e7-bb02-b8e8564491f6]
      x-ms-date: ['Tue, 22 Aug 2017 21:55:56 GMT']
      x-ms-range: [bytes=0-33554431]
      x-ms-version: ['2017-04-17']
    method: GET
    uri: https://storagename.blob.core.windows.net/utcontainer51c91a1c/blob1
  response:
    body: {string: block 0block 1block 2block 3block 4}
    headers:
      Accept-Ranges: [bytes]
      Content-Length: ['35']
      Content-Range: [bytes 0-34/35]
      Content-Type: [application/octet-stream]
      Date: ['Tue, 22 Aug 2017 21:55:55 GMT']
      ETag: ['"0x8D4E9A890DFBD2D"']
      Last-Modified: ['Tue, 22 Aug 2017 21:55:56 GMT']
      Server: [Windows-Azure-Blob/1.0 Microsoft-HTTPAPI/2.0]
      Vary: [Origin]
      x-ms-blob-committed-block-count: ['5']
      x-ms-blob-type: [AppendBlob]
      x-ms-lease-state: [available]
      x-ms-lease-status: [unlocked]
      x-ms-request-id: [d88e95f0-0001-00a5-5191-1b6fcd000000]
      x-ms-server-encrypted: ['true']
      x-ms-version: ['2017-04-17']
    status: {code: 206, message: Partial Content}
version: 1
