interactions:
- request:
    body: null
    headers:
      Connection: [keep-alive]
      Content-Length: ['0']
      User-Agent: [Azure-Storage/1.3.0-1.3.0 (Python CPython 3.6.3; Darwin 17.6.0)]
      x-ms-client-request-id: [71910b42-7410-11e8-86d9-8cae4cee5322]
      x-ms-date: ['Tue, 19 Jun 2018 22:31:00 GMT']
      x-ms-version: ['2018-03-28']
    method: PUT
    uri: https://storagename.queue.core.windows.net/queue9d3c0b2f
  response:
    body: {string: ''}
    headers:
      Date: ['Tue, 19 Jun 2018 22:31:01 GMT']
      Server: [Windows-Azure-Queue/1.0 Microsoft-HTTPAPI/2.0]
      Transfer-Encoding: [chunked]
      x-ms-request-id: [e3354780-e003-001e-391d-087ee3000000]
      x-ms-version: ['2018-03-28']
    status: {code: 201, message: Created}
- request:
    body: '<?xml version=''1.0'' encoding=''utf-8''?>

      <QueueMessage><MessageText>message1</MessageText></QueueMessage>'
    headers:
      Connection: [keep-alive]
      Content-Length: ['103']
      User-Agent: [Azure-Storage/1.3.0-1.3.0 (Python CPython 3.6.3; Darwin 17.6.0)]
      x-ms-client-request-id: [71c9b852-7410-11e8-b4d5-8cae4cee5322]
      x-ms-date: ['Tue, 19 Jun 2018 22:31:01 GMT']
      x-ms-version: ['2018-03-28']
    method: POST
    uri: https://storagename.queue.core.windows.net/queue9d3c0b2f/messages
  response:
    body: {string: "\uFEFF<?xml version=\"1.0\" encoding=\"utf-8\"?><QueueMessagesList><QueueMessage><MessageId>8923ede0-4315-4344-82e0-fbe5b98cdd10</MessageId><InsertionTime>Tue,
        19 Jun 2018 22:31:01 GMT</InsertionTime><ExpirationTime>Tue, 26 Jun 2018 22:31:01
        GMT</ExpirationTime><PopReceipt>AgAAAAMAAAAAAAAA/8yNMx0I1AE=</PopReceipt><TimeNextVisible>Tue,
        19 Jun 2018 22:31:01 GMT</TimeNextVisible></QueueMessage></QueueMessagesList>"}
    headers:
      Content-Type: [application/xml]
      Date: ['Tue, 19 Jun 2018 22:31:01 GMT']
      Server: [Windows-Azure-Queue/1.0 Microsoft-HTTPAPI/2.0]
      Transfer-Encoding: [chunked]
      x-ms-request-id: [e3354784-e003-001e-3b1d-087ee3000000]
      x-ms-version: ['2018-03-28']
    status: {code: 201, message: Created}
- request:
    body: '<?xml version=''1.0'' encoding=''utf-8''?>

      <QueueMessage><MessageText>message2</MessageText></QueueMessage>'
    headers:
      Connection: [keep-alive]
      Content-Length: ['103']
      User-Agent: [Azure-Storage/1.3.0-1.3.0 (Python CPython 3.6.3; Darwin 17.6.0)]
      x-ms-client-request-id: [71d8acfe-7410-11e8-8f1c-8cae4cee5322]
      x-ms-date: ['Tue, 19 Jun 2018 22:31:01 GMT']
      x-ms-version: ['2018-03-28']
    method: POST
    uri: https://storagename.queue.core.windows.net/queue9d3c0b2f/messages
  response:
    body: {string: "\uFEFF<?xml version=\"1.0\" encoding=\"utf-8\"?><QueueMessagesList><QueueMessage><MessageId>b3bf9a8c-e99f-404d-af05-261fe51d53a1</MessageId><InsertionTime>Tue,
        19 Jun 2018 22:31:01 GMT</InsertionTime><ExpirationTime>Tue, 26 Jun 2018 22:31:01
        GMT</ExpirationTime><PopReceipt>AgAAAAMAAAAAAAAAHHicMx0I1AE=</PopReceipt><TimeNextVisible>Tue,
        19 Jun 2018 22:31:01 GMT</TimeNextVisible></QueueMessage></QueueMessagesList>"}
    headers:
      Content-Type: [application/xml]
      Date: ['Tue, 19 Jun 2018 22:31:01 GMT']
      Server: [Windows-Azure-Queue/1.0 Microsoft-HTTPAPI/2.0]
      Transfer-Encoding: [chunked]
      x-ms-request-id: [e3354785-e003-001e-3c1d-087ee3000000]
      x-ms-version: ['2018-03-28']
    status: {code: 201, message: Created}
- request:
    body: '<?xml version=''1.0'' encoding=''utf-8''?>

      <QueueMessage><MessageText>message3</MessageText></QueueMessage>'
    headers:
      Connection: [keep-alive]
      Content-Length: ['103']
      User-Agent: [Azure-Storage/1.3.0-1.3.0 (Python CPython 3.6.3; Darwin 17.6.0)]
      x-ms-client-request-id: [71e74458-7410-11e8-b09d-8cae4cee5322]
      x-ms-date: ['Tue, 19 Jun 2018 22:31:01 GMT']
      x-ms-version: ['2018-03-28']
    method: POST
    uri: https://storagename.queue.core.windows.net/queue9d3c0b2f/messages
  response:
    body: {string: "\uFEFF<?xml version=\"1.0\" encoding=\"utf-8\"?><QueueMessagesList><QueueMessage><MessageId>ec72a13e-0824-4d8f-89d2-ae2b0daaf08e</MessageId><InsertionTime>Tue,
        19 Jun 2018 22:31:01 GMT</InsertionTime><ExpirationTime>Tue, 26 Jun 2018 22:31:01
        GMT</ExpirationTime><PopReceipt>AgAAAAMAAAAAAAAA1b2rMx0I1AE=</PopReceipt><TimeNextVisible>Tue,
        19 Jun 2018 22:31:01 GMT</TimeNextVisible></QueueMessage></QueueMessagesList>"}
    headers:
      Content-Type: [application/xml]
      Date: ['Tue, 19 Jun 2018 22:31:01 GMT']
      Server: [Windows-Azure-Queue/1.0 Microsoft-HTTPAPI/2.0]
      Transfer-Encoding: [chunked]
      x-ms-request-id: [e3354786-e003-001e-3d1d-087ee3000000]
      x-ms-version: ['2018-03-28']
    status: {code: 201, message: Created}
- request:
    body: '<?xml version=''1.0'' encoding=''utf-8''?>

      <QueueMessage><MessageText>message4</MessageText></QueueMessage>'
    headers:
      Connection: [keep-alive]
      Content-Length: ['103']
      User-Agent: [Azure-Storage/1.3.0-1.3.0 (Python CPython 3.6.3; Darwin 17.6.0)]
      x-ms-client-request-id: [71f65a7e-7410-11e8-bdab-8cae4cee5322]
      x-ms-date: ['Tue, 19 Jun 2018 22:31:01 GMT']
      x-ms-version: ['2018-03-28']
    method: POST
    uri: https://storagename.queue.core.windows.net/queue9d3c0b2f/messages
  response:
    body: {string: "\uFEFF<?xml version=\"1.0\" encoding=\"utf-8\"?><QueueMessagesList><QueueMessage><MessageId>28137a60-c911-4764-b7f3-4af6a80f9c81</MessageId><InsertionTime>Tue,
        19 Jun 2018 22:31:01 GMT</InsertionTime><ExpirationTime>Tue, 26 Jun 2018 22:31:01
        GMT</ExpirationTime><PopReceipt>AgAAAAMAAAAAAAAARcq5Mx0I1AE=</PopReceipt><TimeNextVisible>Tue,
        19 Jun 2018 22:31:01 GMT</TimeNextVisible></QueueMessage></QueueMessagesList>"}
    headers:
      Content-Type: [application/xml]
      Date: ['Tue, 19 Jun 2018 22:31:01 GMT']
      Server: [Windows-Azure-Queue/1.0 Microsoft-HTTPAPI/2.0]
      Transfer-Encoding: [chunked]
      x-ms-request-id: [e3354787-e003-001e-3e1d-087ee3000000]
      x-ms-version: ['2018-03-28']
    status: {code: 201, message: Created}
version: 1
