interactions:
- request:
    body: null
    headers:
      Connection: [keep-alive]
      Content-Length: ['0']
      User-Agent: [Azure-Storage/1.3.0-1.3.0 (Python CPython 3.6.3; Darwin 17.6.0)]
      x-ms-client-request-id: [4baca4dc-740f-11e8-961e-8cae4cee5322]
      x-ms-date: ['Tue, 19 Jun 2018 22:22:47 GMT']
      x-ms-version: ['2018-03-28']
    method: PUT
    uri: https://storagename.blob.core.windows.net/container664b164b?restype=container
  response:
    body: {string: ''}
    headers:
      Date: ['Tue, 19 Jun 2018 22:22:47 GMT']
      ETag: ['"0x8D5D633300E1984"']
      Last-Modified: ['Tue, 19 Jun 2018 22:22:48 GMT']
      Server: [Windows-Azure-Blob/1.0 Microsoft-HTTPAPI/2.0]
      Transfer-Encoding: [chunked]
      x-ms-request-id: [2d55d9de-a01e-0030-111c-082cf4000000]
      x-ms-version: ['2018-03-28']
    status: {code: 201, message: Created}
- request:
    body: null
    headers:
      Connection: [keep-alive]
      Content-Length: ['0']
      User-Agent: [Azure-Storage/1.3.0-1.3.0 (Python CPython 3.6.3; Darwin 17.6.0)]
      x-ms-blob-public-access: [blob]
      x-ms-client-request-id: [4be393b6-740f-11e8-b662-8cae4cee5322]
      x-ms-date: ['Tue, 19 Jun 2018 22:22:48 GMT']
      x-ms-version: ['2018-03-28']
    method: PUT
    uri: https://storagename.blob.core.windows.net/container664b164b?restype=container&comp=acl
  response:
    body: {string: ''}
    headers:
      Date: ['Tue, 19 Jun 2018 22:22:48 GMT']
      ETag: ['"0x8D5D633301F071A"']
      Last-Modified: ['Tue, 19 Jun 2018 22:22:48 GMT']
      Server: [Windows-Azure-Blob/1.0 Microsoft-HTTPAPI/2.0]
      Transfer-Encoding: [chunked]
      x-ms-request-id: [2d55d9e1-a01e-0030-131c-082cf4000000]
      x-ms-version: ['2018-03-28']
    status: {code: 200, message: OK}
- request:
    body: null
    headers:
      Connection: [keep-alive]
      User-Agent: [Azure-Storage/1.3.0-1.3.0 (Python CPython 3.6.3; Darwin 17.6.0)]
      x-ms-client-request-id: [4bf2adba-740f-11e8-892a-8cae4cee5322]
      x-ms-date: ['Tue, 19 Jun 2018 22:22:48 GMT']
      x-ms-version: ['2018-03-28']
    method: GET
    uri: https://storagename.blob.core.windows.net/?comp=list&prefix=container664b164b
  response:
    body: {string: "\uFEFF<?xml version=\"1.0\" encoding=\"utf-8\"?><EnumerationResults
        ServiceEndpoint=\"https://storagename.blob.core.windows.net/\"><Prefix>container664b164b</Prefix><Containers><Container><Name>container664b164b</Name><Properties><Last-Modified>Tue,
        19 Jun 2018 22:22:48 GMT</Last-Modified><Etag>\"0x8D5D633301F071A\"</Etag><LeaseStatus>unlocked</LeaseStatus><LeaseState>available</LeaseState><PublicAccess>blob</PublicAccess><HasImmutabilityPolicy>false</HasImmutabilityPolicy><HasLegalHold>false</HasLegalHold></Properties></Container></Containers><NextMarker
        /></EnumerationResults>"}
    headers:
      Content-Type: [application/xml]
      Date: ['Tue, 19 Jun 2018 22:22:48 GMT']
      Server: [Windows-Azure-Blob/1.0 Microsoft-HTTPAPI/2.0]
      Transfer-Encoding: [chunked]
      x-ms-request-id: [2d55d9e3-a01e-0030-151c-082cf4000000]
      x-ms-version: ['2018-03-28']
    status: {code: 200, message: OK}
version: 1
