interactions:
- request:
    body: null
    headers:
      Connection: [keep-alive]
      Content-Length: ['0']
      User-Agent: [Azure-Storage/0.34.3 (Python CPython 3.6.1; Windows 10)]
      x-ms-client-request-id: [369eb99c-50c8-11e7-8806-705a0f3d3f8d]
      x-ms-date: ['Wed, 14 Jun 2017 06:10:49 GMT']
      x-ms-version: ['2016-05-31']
    method: PUT
    uri: https://storagename.blob.core.windows.net/utcontainer859a1acb?restype=container
  response:
    body: {string: ''}
    headers:
      Date: ['Wed, 14 Jun 2017 06:10:49 GMT']
      ETag: ['"0x8D4B2EC1AC7D02F"']
      Last-Modified: ['Wed, 14 Jun 2017 06:10:49 GMT']
      Server: [Windows-Azure-Blob/1.0 Microsoft-HTTPAPI/2.0]
      Transfer-Encoding: [chunked]
      x-ms-request-id: [153f6450-0001-0131-02d4-e44956000000]
      x-ms-version: ['2016-05-31']
    status: {code: 201, message: Created}
- request:
    body: hello world
    headers:
      Connection: [keep-alive]
      Content-Length: ['11']
      User-Agent: [Azure-Storage/0.34.3 (Python CPython 3.6.1; Windows 10)]
      x-ms-blob-type: [BlockBlob]
      x-ms-client-request-id: [36b0b92e-50c8-11e7-a6a5-705a0f3d3f8d]
      x-ms-date: ['Wed, 14 Jun 2017 06:10:49 GMT']
      x-ms-version: ['2016-05-31']
    method: PUT
    uri: https://storagename.blob.core.windows.net/utcontainer859a1acb/blob1
  response:
    body: {string: ''}
    headers:
      Content-MD5: [XrY7u+Ae7tCTyyK7j1rNww==]
      Date: ['Wed, 14 Jun 2017 06:10:49 GMT']
      ETag: ['"0x8D4B2EC1A95427D"']
      Last-Modified: ['Wed, 14 Jun 2017 06:10:49 GMT']
      Server: [Windows-Azure-Blob/1.0 Microsoft-HTTPAPI/2.0]
      Transfer-Encoding: [chunked]
      x-ms-request-id: [153f6462-0001-0131-0cd4-e44956000000]
      x-ms-request-server-encrypted: ['true']
      x-ms-version: ['2016-05-31']
    status: {code: 201, message: Created}
- request:
    body: null
    headers:
      Connection: [keep-alive]
      Content-Length: ['0']
      If-Modified-Since: ['Wed, 14 Jun 2017 06:25:49 GMT']
      User-Agent: [Azure-Storage/0.34.3 (Python CPython 3.6.1; Windows 10)]
      x-ms-client-request-id: [36b6c08c-50c8-11e7-88b4-705a0f3d3f8d]
      x-ms-date: ['Wed, 14 Jun 2017 06:10:49 GMT']
      x-ms-version: ['2016-05-31']
    method: DELETE
    uri: https://storagename.blob.core.windows.net/utcontainer859a1acb/blob1
  response:
    body: {string: "\uFEFF<?xml version=\"1.0\" encoding=\"utf-8\"?><Error><Code>ConditionNotMet</Code><Message>The\
        \ condition specified using HTTP conditional header(s) is not met.\nRequestId:153f6473-0001-0131-19d4-e44956000000\n\
        Time:2017-06-14T06:10:49.8181663Z</Message></Error>"}
    headers:
      Content-Length: ['252']
      Content-Type: [application/xml]
      Date: ['Wed, 14 Jun 2017 06:10:49 GMT']
      Server: [Windows-Azure-Blob/1.0 Microsoft-HTTPAPI/2.0]
      x-ms-request-id: [153f6473-0001-0131-19d4-e44956000000]
      x-ms-version: ['2016-05-31']
    status: {code: 412, message: The condition specified using HTTP conditional header(s)
        is not met.}
version: 1
