interactions:
- request:
    body: null
    headers:
      Connection: [keep-alive]
      Content-Length: ['0']
      User-Agent: [Azure-Storage/1.2.0rc1-1.2.0rc1 (Python CPython 3.6.4; Darwin 17.5.0)]
      x-ms-client-request-id: [7c16ba66-5e18-11e8-b582-b8e8564491f6]
      x-ms-content-length: ['27']
      x-ms-date: ['Tue, 22 May 2018 23:33:08 GMT']
      x-ms-type: [file]
      x-ms-version: ['2017-11-09']
    method: PUT
    uri: https://storagename.file.core.windows.net/utsharee270eb7/filee270eb7
  response:
    body: {string: ''}
    headers:
      Date: ['Tue, 22 May 2018 23:33:08 GMT']
      ETag: ['"0x8D5C03C605B5A53"']
      Last-Modified: ['Tue, 22 May 2018 23:33:08 GMT']
      Server: [Windows-Azure-File/1.0 Microsoft-HTTPAPI/2.0]
      Transfer-Encoding: [chunked]
      x-ms-request-id: [9edfe030-e01a-00be-6325-f2415f000000]
      x-ms-request-server-encrypted: ['true']
      x-ms-version: ['2017-11-09']
    status: {code: 201, message: Created}
- request:
    body: "hello \u554A\u9F44\u4E02\u72DB\u72DC world"
    headers:
      Connection: [keep-alive]
      Content-Length: ['27']
      User-Agent: [Azure-Storage/1.2.0rc1-1.2.0rc1 (Python CPython 3.6.4; Darwin 17.5.0)]
      x-ms-client-request-id: [7c2af850-5e18-11e8-8d61-b8e8564491f6]
      x-ms-date: ['Tue, 22 May 2018 23:33:09 GMT']
      x-ms-range: [bytes=0-26]
      x-ms-version: ['2017-11-09']
      x-ms-write: [update]
    method: PUT
    uri: https://storagename.file.core.windows.net/utsharee270eb7/filee270eb7?comp=range
  response:
    body: {string: ''}
    headers:
      Content-MD5: [1dmqejQJFCXZC/Jqkmc1Lw==]
      Date: ['Tue, 22 May 2018 23:33:08 GMT']
      ETag: ['"0x8D5C03C6062395F"']
      Last-Modified: ['Tue, 22 May 2018 23:33:09 GMT']
      Server: [Windows-Azure-File/1.0 Microsoft-HTTPAPI/2.0]
      Transfer-Encoding: [chunked]
      x-ms-request-id: [9edfe031-e01a-00be-6425-f2415f000000]
      x-ms-request-server-encrypted: ['true']
      x-ms-version: ['2017-11-09']
    status: {code: 201, message: Created}
- request:
    body: null
    headers:
      Connection: [keep-alive]
      User-Agent: [Azure-Storage/1.2.0rc1-1.2.0rc1 (Python CPython 3.6.4; Darwin 17.5.0)]
      x-ms-client-request-id: [7c319806-5e18-11e8-b514-b8e8564491f6]
      x-ms-date: ['Tue, 22 May 2018 23:33:09 GMT']
      x-ms-range: [bytes=0-33554431]
      x-ms-version: ['2017-11-09']
    method: GET
    uri: https://storagename.file.core.windows.net/utsharee270eb7/filee270eb7
  response:
    body: {string: "hello \u554A\u9F44\u4E02\u72DB\u72DC world"}
    headers:
      Accept-Ranges: [bytes]
      Content-Length: ['27']
      Content-Range: [bytes 0-26/27]
      Content-Type: [application/octet-stream]
      Date: ['Tue, 22 May 2018 23:33:08 GMT']
      ETag: ['"0x8D5C03C6062395F"']
      Last-Modified: ['Tue, 22 May 2018 23:33:09 GMT']
      Server: [Windows-Azure-File/1.0 Microsoft-HTTPAPI/2.0]
      x-ms-request-id: [9edfe032-e01a-00be-6525-f2415f000000]
      x-ms-server-encrypted: ['true']
      x-ms-type: [File]
      x-ms-version: ['2017-11-09']
    status: {code: 206, message: Partial Content}
version: 1
