interactions:
- request:
    body: null
    headers:
      Connection: [keep-alive]
      Content-Length: ['0']
      User-Agent: [Azure-Storage/1.0.0-1.0.0 (Python CPython 3.6.3; Darwin 17.3.0)]
      x-ms-client-request-id: [b9a1d0d0-fc9a-11e7-ad76-b8e8564491f6]
      x-ms-date: ['Thu, 18 Jan 2018 21:58:32 GMT']
      x-ms-version: ['2017-04-17']
    method: PUT
    uri: https://storagename.blob.core.windows.net/utcontainer1d1f1942?restype=container
  response:
    body: {string: ''}
    headers:
      Date: ['Thu, 18 Jan 2018 21:58:32 GMT']
      ETag: ['"0x8D55EBE9E0A5203"']
      Last-Modified: ['Thu, 18 Jan 2018 21:58:33 GMT']
      Server: [Windows-Azure-Blob/1.0 Microsoft-HTTPAPI/2.0]
      Transfer-Encoding: [chunked]
      x-ms-request-id: [aeb26c95-001e-003e-5fa7-90e2f5000000]
      x-ms-version: ['2017-04-17']
    status: {code: 201, message: Created}
- request:
    body: hello world
    headers:
      Connection: [keep-alive]
      Content-Length: ['11']
      User-Agent: [Azure-Storage/1.0.0-1.0.0 (Python CPython 3.6.3; Darwin 17.3.0)]
      x-ms-blob-type: [BlockBlob]
      x-ms-client-request-id: [b9e866f8-fc9a-11e7-a635-b8e8564491f6]
      x-ms-date: ['Thu, 18 Jan 2018 21:58:33 GMT']
      x-ms-version: ['2017-04-17']
    method: PUT
    uri: https://storagename.blob.core.windows.net/utcontainer1d1f1942/blob1
  response:
    body: {string: ''}
    headers:
      Content-MD5: [XrY7u+Ae7tCTyyK7j1rNww==]
      Date: ['Thu, 18 Jan 2018 21:58:32 GMT']
      ETag: ['"0x8D55EBE9DB318F3"']
      Last-Modified: ['Thu, 18 Jan 2018 21:58:32 GMT']
      Server: [Windows-Azure-Blob/1.0 Microsoft-HTTPAPI/2.0]
      Transfer-Encoding: [chunked]
      x-ms-request-id: [aeb26ce4-001e-003e-29a7-90e2f5000000]
      x-ms-request-server-encrypted: ['true']
      x-ms-version: ['2017-04-17']
    status: {code: 201, message: Created}
- request:
    body: null
    headers:
      Connection: [keep-alive]
      Content-Length: ['0']
      If-None-Match: ['0x111111111111111']
      User-Agent: [Azure-Storage/1.0.0-1.0.0 (Python CPython 3.6.3; Darwin 17.3.0)]
      x-ms-client-request-id: [b9ee3aba-fc9a-11e7-8d54-b8e8564491f6]
      x-ms-date: ['Thu, 18 Jan 2018 21:58:33 GMT']
      x-ms-lease-action: [acquire]
      x-ms-lease-duration: ['-1']
      x-ms-proposed-lease-id: [00000000-1111-2222-3333-444444444444]
      x-ms-version: ['2017-04-17']
    method: PUT
    uri: https://storagename.blob.core.windows.net/utcontainer1d1f1942/blob1?comp=lease
  response:
    body: {string: ''}
    headers:
      Date: ['Thu, 18 Jan 2018 21:58:32 GMT']
      ETag: ['"0x8D55EBE9DB318F3"']
      Last-Modified: ['Thu, 18 Jan 2018 21:58:32 GMT']
      Server: [Windows-Azure-Blob/1.0 Microsoft-HTTPAPI/2.0]
      Transfer-Encoding: [chunked]
      x-ms-lease-id: [00000000-1111-2222-3333-444444444444]
      x-ms-request-id: [aeb26d07-001e-003e-49a7-90e2f5000000]
      x-ms-version: ['2017-04-17']
    status: {code: 201, message: Created}
- request:
    body: null
    headers:
      Connection: [keep-alive]
      Content-Length: ['0']
      User-Agent: [Azure-Storage/1.0.0-1.0.0 (Python CPython 3.6.3; Darwin 17.3.0)]
      x-ms-client-request-id: [ba07d074-fc9a-11e7-9e5e-b8e8564491f6]
      x-ms-date: ['Thu, 18 Jan 2018 21:58:33 GMT']
      x-ms-lease-action: [break]
      x-ms-version: ['2017-04-17']
    method: PUT
    uri: https://storagename.blob.core.windows.net/utcontainer1d1f1942/blob1?comp=lease
  response:
    body: {string: ''}
    headers:
      Date: ['Thu, 18 Jan 2018 21:58:32 GMT']
      ETag: ['"0x8D55EBE9DB318F3"']
      Last-Modified: ['Thu, 18 Jan 2018 21:58:32 GMT']
      Server: [Windows-Azure-Blob/1.0 Microsoft-HTTPAPI/2.0]
      Transfer-Encoding: [chunked]
      x-ms-lease-time: ['0']
      x-ms-request-id: [aeb26d3e-001e-003e-7ba7-90e2f5000000]
      x-ms-version: ['2017-04-17']
    status: {code: 202, message: Accepted}
version: 1
