interactions:
- request:
    body: null
    headers:
      Connection: [keep-alive]
      Content-Length: ['0']
      User-Agent: [Azure-Storage/0.34.0 (Python CPython 3.5.2; Windows 10)]
      x-ms-client-request-id: [d4152bf4-f4a8-11e6-8818-64510640cc62]
      x-ms-date: ['Fri, 17 Feb 2017 00:34:23 GMT']
      x-ms-version: ['2016-05-31']
    method: PUT
    uri: https://storagename.blob.core.windows.net/utcontainer77331682?restype=container
  response:
    body: {string: ''}
    headers:
      Date: ['Fri, 17 Feb 2017 00:34:23 GMT']
      ETag: ['"0x8D456CCB85BBAEF"']
      Last-Modified: ['Fri, 17 Feb 2017 00:34:23 GMT']
      Server: [Windows-Azure-Blob/1.0 Microsoft-HTTPAPI/2.0]
      Transfer-Encoding: [chunked]
      x-ms-request-id: [6e67cb31-0001-0000-23b5-88923b000000]
      x-ms-version: ['2016-05-31']
    status: {code: 201, message: Created}
- request:
    body: hello world
    headers:
      Connection: [keep-alive]
      Content-Length: ['11']
      User-Agent: [Azure-Storage/0.34.0 (Python CPython 3.5.2; Windows 10)]
      x-ms-blob-type: [BlockBlob]
      x-ms-client-request-id: [d44bb926-f4a8-11e6-9fa2-64510640cc62]
      x-ms-date: ['Fri, 17 Feb 2017 00:34:23 GMT']
      x-ms-version: ['2016-05-31']
    method: PUT
    uri: https://storagename.blob.core.windows.net/utcontainer77331682/blob1
  response:
    body: {string: ''}
    headers:
      Content-MD5: [XrY7u+Ae7tCTyyK7j1rNww==]
      Date: ['Fri, 17 Feb 2017 00:34:23 GMT']
      ETag: ['"0x8D456CCB86718EF"']
      Last-Modified: ['Fri, 17 Feb 2017 00:34:23 GMT']
      Server: [Windows-Azure-Blob/1.0 Microsoft-HTTPAPI/2.0]
      Transfer-Encoding: [chunked]
      x-ms-request-id: [6e67cb3f-0001-0000-2fb5-88923b000000]
      x-ms-request-server-encrypted: ['true']
      x-ms-version: ['2016-05-31']
    status: {code: 201, message: Created}
- request:
    body: null
    headers:
      Connection: [keep-alive]
      User-Agent: [Azure-Storage/0.34.0 (Python CPython 3.5.2; Windows 10)]
      x-ms-client-request-id: [d45a0e1e-f4a8-11e6-a658-64510640cc62]
      x-ms-date: ['Fri, 17 Feb 2017 00:34:23 GMT']
      x-ms-version: ['2016-05-31']
    method: HEAD
    uri: https://storagename.blob.core.windows.net/utcontainer77331682/blob1
  response:
    body: {string: ''}
    headers:
      Accept-Ranges: [bytes]
      Content-Length: ['11']
      Content-MD5: [XrY7u+Ae7tCTyyK7j1rNww==]
      Content-Type: [application/octet-stream]
      Date: ['Fri, 17 Feb 2017 00:34:23 GMT']
      ETag: ['"0x8D456CCB86718EF"']
      Last-Modified: ['Fri, 17 Feb 2017 00:34:23 GMT']
      Server: [Windows-Azure-Blob/1.0 Microsoft-HTTPAPI/2.0]
      Vary: [Origin]
      x-ms-blob-type: [BlockBlob]
      x-ms-lease-state: [available]
      x-ms-lease-status: [unlocked]
      x-ms-request-id: [6e67cb5f-0001-0000-48b5-88923b000000]
      x-ms-server-encrypted: ['true']
      x-ms-version: ['2016-05-31']
    status: {code: 200, message: OK}
- request:
    body: hello world
    headers:
      Connection: [keep-alive]
      Content-Length: ['11']
      If-Match: ['"0x8D456CCB86718EF"']
      User-Agent: [Azure-Storage/0.34.0 (Python CPython 3.5.2; Windows 10)]
      x-ms-blob-type: [BlockBlob]
      x-ms-client-request-id: [d467eb06-f4a8-11e6-acda-64510640cc62]
      x-ms-date: ['Fri, 17 Feb 2017 00:34:23 GMT']
      x-ms-version: ['2016-05-31']
    method: PUT
    uri: https://storagename.blob.core.windows.net/utcontainer77331682/blob1
  response:
    body: {string: ''}
    headers:
      Content-MD5: [XrY7u+Ae7tCTyyK7j1rNww==]
      Date: ['Fri, 17 Feb 2017 00:34:23 GMT']
      ETag: ['"0x8D456CCB8837B25"']
      Last-Modified: ['Fri, 17 Feb 2017 00:34:23 GMT']
      Server: [Windows-Azure-Blob/1.0 Microsoft-HTTPAPI/2.0]
      Transfer-Encoding: [chunked]
      x-ms-request-id: [6e67cb6d-0001-0000-54b5-88923b000000]
      x-ms-request-server-encrypted: ['true']
      x-ms-version: ['2016-05-31']
    status: {code: 201, message: Created}
version: 1
