interactions:
- request:
    body: null
    headers:
      Connection: [keep-alive]
      Content-Length: ['0']
      User-Agent: [Azure-Storage/1.3.0-1.3.0 (Python CPython 3.6.3; Darwin 17.6.0)]
      x-ms-client-request-id: [4419a864-740f-11e8-b86d-8cae4cee5322]
      x-ms-date: ['Tue, 19 Jun 2018 22:22:35 GMT']
      x-ms-version: ['2018-03-28']
    method: PUT
    uri: https://storagename.blob.core.windows.net/containerd2991398?restype=container
  response:
    body: {string: ''}
    headers:
      Date: ['Tue, 19 Jun 2018 22:22:35 GMT']
      ETag: ['"0x8D5D633287B8CD7"']
      Last-Modified: ['Tue, 19 Jun 2018 22:22:35 GMT']
      Server: [Windows-Azure-Blob/1.0 Microsoft-HTTPAPI/2.0]
      Transfer-Encoding: [chunked]
      x-ms-request-id: [10674a7f-101e-0047-4b1c-08f960000000]
      x-ms-version: ['2018-03-28']
    status: {code: 201, message: Created}
- request:
    body: hello world
    headers:
      Connection: [keep-alive]
      Content-Length: ['11']
      User-Agent: [Azure-Storage/1.3.0-1.3.0 (Python CPython 3.6.3; Darwin 17.6.0)]
      x-ms-blob-type: [BlockBlob]
      x-ms-client-request-id: [4451625e-740f-11e8-a343-8cae4cee5322]
      x-ms-date: ['Tue, 19 Jun 2018 22:22:35 GMT']
      x-ms-version: ['2018-03-28']
    method: PUT
    uri: https://storagename.blob.core.windows.net/containerd2991398/bloba1
  response:
    body: {string: ''}
    headers:
      Content-MD5: [XrY7u+Ae7tCTyyK7j1rNww==]
      Date: ['Tue, 19 Jun 2018 22:22:35 GMT']
      ETag: ['"0x8D5D633288CC6DA"']
      Last-Modified: ['Tue, 19 Jun 2018 22:22:35 GMT']
      Server: [Windows-Azure-Blob/1.0 Microsoft-HTTPAPI/2.0]
      Transfer-Encoding: [chunked]
      x-ms-content-crc64: [vo7q9sPVKY0=]
      x-ms-request-id: [10674a82-101e-0047-4c1c-08f960000000]
      x-ms-request-server-encrypted: ['true']
      x-ms-version: ['2018-03-28']
    status: {code: 201, message: Created}
- request:
    body: hello world
    headers:
      Connection: [keep-alive]
      Content-Length: ['11']
      User-Agent: [Azure-Storage/1.3.0-1.3.0 (Python CPython 3.6.3; Darwin 17.6.0)]
      x-ms-blob-type: [BlockBlob]
      x-ms-client-request-id: [4460dc48-740f-11e8-905f-8cae4cee5322]
      x-ms-date: ['Tue, 19 Jun 2018 22:22:35 GMT']
      x-ms-version: ['2018-03-28']
    method: PUT
    uri: https://storagename.blob.core.windows.net/containerd2991398/bloba2
  response:
    body: {string: ''}
    headers:
      Content-MD5: [XrY7u+Ae7tCTyyK7j1rNww==]
      Date: ['Tue, 19 Jun 2018 22:22:35 GMT']
      ETag: ['"0x8D5D633289C0937"']
      Last-Modified: ['Tue, 19 Jun 2018 22:22:35 GMT']
      Server: [Windows-Azure-Blob/1.0 Microsoft-HTTPAPI/2.0]
      Transfer-Encoding: [chunked]
      x-ms-content-crc64: [vo7q9sPVKY0=]
      x-ms-request-id: [10674a83-101e-0047-4d1c-08f960000000]
      x-ms-request-server-encrypted: ['true']
      x-ms-version: ['2018-03-28']
    status: {code: 201, message: Created}
- request:
    body: hello world
    headers:
      Connection: [keep-alive]
      Content-Length: ['11']
      User-Agent: [Azure-Storage/1.3.0-1.3.0 (Python CPython 3.6.3; Darwin 17.6.0)]
      x-ms-blob-type: [BlockBlob]
      x-ms-client-request-id: [44701334-740f-11e8-9266-8cae4cee5322]
      x-ms-date: ['Tue, 19 Jun 2018 22:22:35 GMT']
      x-ms-version: ['2018-03-28']
    method: PUT
    uri: https://storagename.blob.core.windows.net/containerd2991398/bloba3
  response:
    body: {string: ''}
    headers:
      Content-MD5: [XrY7u+Ae7tCTyyK7j1rNww==]
      Date: ['Tue, 19 Jun 2018 22:22:35 GMT']
      ETag: ['"0x8D5D63328AB727E"']
      Last-Modified: ['Tue, 19 Jun 2018 22:22:35 GMT']
      Server: [Windows-Azure-Blob/1.0 Microsoft-HTTPAPI/2.0]
      Transfer-Encoding: [chunked]
      x-ms-content-crc64: [vo7q9sPVKY0=]
      x-ms-request-id: [10674a84-101e-0047-4e1c-08f960000000]
      x-ms-request-server-encrypted: ['true']
      x-ms-version: ['2018-03-28']
    status: {code: 201, message: Created}
- request:
    body: hello world
    headers:
      Connection: [keep-alive]
      Content-Length: ['11']
      User-Agent: [Azure-Storage/1.3.0-1.3.0 (Python CPython 3.6.3; Darwin 17.6.0)]
      x-ms-blob-type: [BlockBlob]
      x-ms-client-request-id: [447f9552-740f-11e8-991c-8cae4cee5322]
      x-ms-date: ['Tue, 19 Jun 2018 22:22:35 GMT']
      x-ms-version: ['2018-03-28']
    method: PUT
    uri: https://storagename.blob.core.windows.net/containerd2991398/blobb1
  response:
    body: {string: ''}
    headers:
      Content-MD5: [XrY7u+Ae7tCTyyK7j1rNww==]
      Date: ['Tue, 19 Jun 2018 22:22:35 GMT']
      ETag: ['"0x8D5D63328BB29D6"']
      Last-Modified: ['Tue, 19 Jun 2018 22:22:35 GMT']
      Server: [Windows-Azure-Blob/1.0 Microsoft-HTTPAPI/2.0]
      Transfer-Encoding: [chunked]
      x-ms-content-crc64: [vo7q9sPVKY0=]
      x-ms-request-id: [10674a85-101e-0047-4f1c-08f960000000]
      x-ms-request-server-encrypted: ['true']
      x-ms-version: ['2018-03-28']
    status: {code: 201, message: Created}
- request:
    body: null
    headers:
      Connection: [keep-alive]
      User-Agent: [Azure-Storage/1.3.0-1.3.0 (Python CPython 3.6.3; Darwin 17.6.0)]
      x-ms-client-request-id: [448f0ad2-740f-11e8-868c-8cae4cee5322]
      x-ms-date: ['Tue, 19 Jun 2018 22:22:35 GMT']
      x-ms-version: ['2018-03-28']
    method: GET
    uri: https://storagename.blob.core.windows.net/containerd2991398?restype=container&comp=list&maxresults=2
  response:
    body: {string: "\uFEFF<?xml version=\"1.0\" encoding=\"utf-8\"?><EnumerationResults
        ServiceEndpoint=\"https://storagename.blob.core.windows.net/\" ContainerName=\"containerd2991398\"><MaxResults>2</MaxResults><Blobs><Blob><Name>bloba1</Name><Properties><Creation-Time>Tue,
        19 Jun 2018 22:22:35 GMT</Creation-Time><Last-Modified>Tue, 19 Jun 2018 22:22:35
        GMT</Last-Modified><Etag>0x8D5D633288CC6DA</Etag><Content-Length>11</Content-Length><Content-Type>application/octet-stream</Content-Type><Content-Encoding
        /><Content-Language /><Content-CRC64>vo7q9sPVKY0=</Content-CRC64><Content-MD5>XrY7u+Ae7tCTyyK7j1rNww==</Content-MD5><Cache-Control
        /><Content-Disposition /><BlobType>BlockBlob</BlobType><AccessTier>Hot</AccessTier><AccessTierInferred>true</AccessTierInferred><LeaseStatus>unlocked</LeaseStatus><LeaseState>available</LeaseState><ServerEncrypted>true</ServerEncrypted></Properties></Blob><Blob><Name>bloba2</Name><Properties><Creation-Time>Tue,
        19 Jun 2018 22:22:35 GMT</Creation-Time><Last-Modified>Tue, 19 Jun 2018 22:22:35
        GMT</Last-Modified><Etag>0x8D5D633289C0937</Etag><Content-Length>11</Content-Length><Content-Type>application/octet-stream</Content-Type><Content-Encoding
        /><Content-Language /><Content-CRC64>vo7q9sPVKY0=</Content-CRC64><Content-MD5>XrY7u+Ae7tCTyyK7j1rNww==</Content-MD5><Cache-Control
        /><Content-Disposition /><BlobType>BlockBlob</BlobType><AccessTier>Hot</AccessTier><AccessTierInferred>true</AccessTierInferred><LeaseStatus>unlocked</LeaseStatus><LeaseState>available</LeaseState><ServerEncrypted>true</ServerEncrypted></Properties></Blob></Blobs><NextMarker>2!68!MDAwMDA2IWJsb2JhMyEwMDAwMjghOTk5OS0xMi0zMVQyMzo1OTo1OS45OTk5OTk5WiE-</NextMarker></EnumerationResults>"}
    headers:
      Content-Type: [application/xml]
      Date: ['Tue, 19 Jun 2018 22:22:35 GMT']
      Server: [Windows-Azure-Blob/1.0 Microsoft-HTTPAPI/2.0]
      Transfer-Encoding: [chunked]
      x-ms-request-id: [10674a87-101e-0047-511c-08f960000000]
      x-ms-version: ['2018-03-28']
    status: {code: 200, message: OK}
- request:
    body: null
    headers:
      Connection: [keep-alive]
      Content-Length: ['0']
      User-Agent: [Azure-Storage/1.3.0-1.3.1 (Python CPython 3.6.4; Darwin 17.7.0)]
      x-ms-client-request-id: [5ee8fcf4-8949-11e8-b8a4-720000665300]
      x-ms-date: ['Mon, 16 Jul 2018 22:41:25 GMT']
      x-ms-version: ['2018-03-28']
    method: PUT
    uri: https://storagename.blob.core.windows.net/containerd2991398?restype=container
  response:
    body: {string: ''}
    headers:
      Date: ['Mon, 16 Jul 2018 22:41:25 GMT']
      ETag: ['"0x8D5EB6D434D2D68"']
      Last-Modified: ['Mon, 16 Jul 2018 22:41:25 GMT']
      Server: [Windows-Azure-Blob/1.0 Microsoft-HTTPAPI/2.0]
      Transfer-Encoding: [chunked]
      x-ms-request-id: [51e23c81-d01e-002a-1c56-1d4d2b000000]
      x-ms-version: ['2018-03-28']
    status: {code: 201, message: Created}
- request:
    body: hello world
    headers:
      Connection: [keep-alive]
      Content-Length: ['11']
      User-Agent: [Azure-Storage/1.3.0-1.3.1 (Python CPython 3.6.4; Darwin 17.7.0)]
      x-ms-blob-type: [BlockBlob]
      x-ms-client-request-id: [5f20a348-8949-11e8-bfe3-720000665300]
      x-ms-date: ['Mon, 16 Jul 2018 22:41:25 GMT']
      x-ms-version: ['2018-03-28']
    method: PUT
    uri: https://storagename.blob.core.windows.net/containerd2991398/bloba1
  response:
    body: {string: ''}
    headers:
      Content-MD5: [XrY7u+Ae7tCTyyK7j1rNww==]
      Date: ['Mon, 16 Jul 2018 22:41:25 GMT']
      ETag: ['"0x8D5EB6D435D2E44"']
      Last-Modified: ['Mon, 16 Jul 2018 22:41:25 GMT']
      Server: [Windows-Azure-Blob/1.0 Microsoft-HTTPAPI/2.0]
      Transfer-Encoding: [chunked]
      x-ms-request-id: [51e23c8a-d01e-002a-2156-1d4d2b000000]
      x-ms-request-server-encrypted: ['true']
      x-ms-version: ['2018-03-28']
    status: {code: 201, message: Created}
- request:
    body: hello world
    headers:
      Connection: [keep-alive]
      Content-Length: ['11']
      User-Agent: [Azure-Storage/1.3.0-1.3.1 (Python CPython 3.6.4; Darwin 17.7.0)]
      x-ms-blob-type: [BlockBlob]
      x-ms-client-request-id: [5f30167a-8949-11e8-9199-720000665300]
      x-ms-date: ['Mon, 16 Jul 2018 22:41:25 GMT']
      x-ms-version: ['2018-03-28']
    method: PUT
    uri: https://storagename.blob.core.windows.net/containerd2991398/bloba2
  response:
    body: {string: ''}
    headers:
      Content-MD5: [XrY7u+Ae7tCTyyK7j1rNww==]
      Date: ['Mon, 16 Jul 2018 22:41:25 GMT']
      ETag: ['"0x8D5EB6D436C97E4"']
      Last-Modified: ['Mon, 16 Jul 2018 22:41:25 GMT']
      Server: [Windows-Azure-Blob/1.0 Microsoft-HTTPAPI/2.0]
      Transfer-Encoding: [chunked]
      x-ms-request-id: [51e23c8f-d01e-002a-2556-1d4d2b000000]
      x-ms-request-server-encrypted: ['true']
      x-ms-version: ['2018-03-28']
    status: {code: 201, message: Created}
- request:
    body: hello world
    headers:
      Connection: [keep-alive]
      Content-Length: ['11']
      User-Agent: [Azure-Storage/1.3.0-1.3.1 (Python CPython 3.6.4; Darwin 17.7.0)]
      x-ms-blob-type: [BlockBlob]
      x-ms-client-request-id: [5f3ff130-8949-11e8-ba6b-720000665300]
      x-ms-date: ['Mon, 16 Jul 2018 22:41:25 GMT']
      x-ms-version: ['2018-03-28']
    method: PUT
    uri: https://storagename.blob.core.windows.net/containerd2991398/bloba3
  response:
    body: {string: ''}
    headers:
      Content-MD5: [XrY7u+Ae7tCTyyK7j1rNww==]
      Date: ['Mon, 16 Jul 2018 22:41:25 GMT']
      ETag: ['"0x8D5EB6D437C7710"']
      Last-Modified: ['Mon, 16 Jul 2018 22:41:25 GMT']
      Server: [Windows-Azure-Blob/1.0 Microsoft-HTTPAPI/2.0]
      Transfer-Encoding: [chunked]
      x-ms-request-id: [51e23c95-d01e-002a-2a56-1d4d2b000000]
      x-ms-request-server-encrypted: ['true']
      x-ms-version: ['2018-03-28']
    status: {code: 201, message: Created}
- request:
    body: hello world
    headers:
      Connection: [keep-alive]
      Content-Length: ['11']
      User-Agent: [Azure-Storage/1.3.0-1.3.1 (Python CPython 3.6.4; Darwin 17.7.0)]
      x-ms-blob-type: [BlockBlob]
      x-ms-client-request-id: [5f4f5c38-8949-11e8-91bb-720000665300]
      x-ms-date: ['Mon, 16 Jul 2018 22:41:25 GMT']
      x-ms-version: ['2018-03-28']
    method: PUT
    uri: https://storagename.blob.core.windows.net/containerd2991398/blobb1
  response:
    body: {string: ''}
    headers:
      Content-MD5: [XrY7u+Ae7tCTyyK7j1rNww==]
      Date: ['Mon, 16 Jul 2018 22:41:25 GMT']
      ETag: ['"0x8D5EB6D438C05EE"']
      Last-Modified: ['Mon, 16 Jul 2018 22:41:26 GMT']
      Server: [Windows-Azure-Blob/1.0 Microsoft-HTTPAPI/2.0]
      Transfer-Encoding: [chunked]
      x-ms-request-id: [51e23c9b-d01e-002a-2d56-1d4d2b000000]
      x-ms-request-server-encrypted: ['true']
      x-ms-version: ['2018-03-28']
    status: {code: 201, message: Created}
- request:
    body: null
    headers:
      Connection: [keep-alive]
      User-Agent: [Azure-Storage/1.3.0-1.3.1 (Python CPython 3.6.4; Darwin 17.7.0)]
      x-ms-client-request-id: [5f5fc780-8949-11e8-8f1e-720000665300]
      x-ms-date: ['Mon, 16 Jul 2018 22:41:26 GMT']
      x-ms-version: ['2018-03-28']
    method: GET
    uri: https://storagename.blob.core.windows.net/containerd2991398?restype=container&comp=list&maxresults=2
  response:
    body: {string: "\uFEFF<?xml version=\"1.0\" encoding=\"utf-8\"?><EnumerationResults
        ServiceEndpoint=\"https://storagename.blob.core.windows.net/\" ContainerName=\"containerd2991398\"><MaxResults>2</MaxResults><Blobs><Blob><Name>bloba1</Name><Properties><Creation-Time>Mon,
        16 Jul 2018 22:41:25 GMT</Creation-Time><Last-Modified>Mon, 16 Jul 2018 22:41:25
        GMT</Last-Modified><Etag>0x8D5EB6D435D2E44</Etag><Content-Length>11</Content-Length><Content-Type>application/octet-stream</Content-Type><Content-Encoding
        /><Content-Language /><Content-MD5>XrY7u+Ae7tCTyyK7j1rNww==</Content-MD5><Cache-Control
        /><Content-Disposition /><BlobType>BlockBlob</BlobType><AccessTier>Hot</AccessTier><AccessTierInferred>true</AccessTierInferred><LeaseStatus>unlocked</LeaseStatus><LeaseState>available</LeaseState><ServerEncrypted>true</ServerEncrypted></Properties></Blob><Blob><Name>bloba2</Name><Properties><Creation-Time>Mon,
        16 Jul 2018 22:41:25 GMT</Creation-Time><Last-Modified>Mon, 16 Jul 2018 22:41:25
        GMT</Last-Modified><Etag>0x8D5EB6D436C97E4</Etag><Content-Length>11</Content-Length><Content-Type>application/octet-stream</Content-Type><Content-Encoding
        /><Content-Language /><Content-MD5>XrY7u+Ae7tCTyyK7j1rNww==</Content-MD5><Cache-Control
        /><Content-Disposition /><BlobType>BlockBlob</BlobType><AccessTier>Hot</AccessTier><AccessTierInferred>true</AccessTierInferred><LeaseStatus>unlocked</LeaseStatus><LeaseState>available</LeaseState><ServerEncrypted>true</ServerEncrypted></Properties></Blob></Blobs><NextMarker>2!68!MDAwMDA2IWJsb2JhMyEwMDAwMjghOTk5OS0xMi0zMVQyMzo1OTo1OS45OTk5OTk5WiE-</NextMarker></EnumerationResults>"}
    headers:
      Content-Type: [application/xml]
      Date: ['Mon, 16 Jul 2018 22:41:25 GMT']
      Server: [Windows-Azure-Blob/1.0 Microsoft-HTTPAPI/2.0]
      Transfer-Encoding: [chunked]
      Vary: [Origin]
      x-ms-request-id: [51e23ca3-d01e-002a-3356-1d4d2b000000]
      x-ms-version: ['2018-03-28']
    status: {code: 200, message: OK}
version: 1
