interactions:
- request:
    body: null
    headers:
      Accept-Encoding: ['gzip, deflate']
      Connection: [keep-alive]
      Content-Length: ['0']
      Content-Type: [application/octet-stream Charset=UTF-8]
      User-Agent: [pyazure/0.20.0]
      x-ms-date: ['Tue, 21 Jul 2015 20:12:10 GMT']
      x-ms-version: ['2014-02-14']
    method: PUT
    uri: https://storagename.file.core.windows.net/utshare619810d1?restype=share
  response:
    body: {string: ''}
    headers:
      Date: ['Tue, 21 Jul 2015 20:12:10 GMT']
      ETag: ['"0x8D29208A969EC36"']
      Last-Modified: ['Tue, 21 Jul 2015 20:12:11 GMT']
      Server: [Windows-Azure-File/1.0 Microsoft-HTTPAPI/2.0]
      Transfer-Encoding: [chunked]
      x-ms-request-id: [75e00aaa-001a-002c-1ff1-c37d37000000]
      x-ms-version: ['2014-02-14']
    status: {code: 201, message: Created}
- request:
    body: null
    headers:
      Accept-Encoding: ['gzip, deflate']
      Connection: [keep-alive]
      Content-Length: ['0']
      Content-Type: [application/octet-stream Charset=UTF-8]
      User-Agent: [pyazure/0.20.0]
      x-ms-date: ['Tue, 21 Jul 2015 20:12:11 GMT']
      x-ms-version: ['2014-02-14']
    method: PUT
    uri: https://storagename.file.core.windows.net/utshare619810d1/dir1?restype=directory
  response:
    body: {string: ''}
    headers:
      Date: ['Tue, 21 Jul 2015 20:12:10 GMT']
      ETag: ['"0x8D29208A985AD51"']
      Last-Modified: ['Tue, 21 Jul 2015 20:12:11 GMT']
      Server: [Windows-Azure-File/1.0 Microsoft-HTTPAPI/2.0]
      Transfer-Encoding: [chunked]
      x-ms-request-id: [75e00aac-001a-002c-20f1-c37d37000000]
      x-ms-version: ['2014-02-14']
    status: {code: 201, message: Created}
- request:
    body: null
    headers:
      Accept-Encoding: ['gzip, deflate']
      Connection: [keep-alive]
      Content-Length: ['0']
      Content-Type: [application/octet-stream Charset=UTF-8]
      User-Agent: [pyazure/0.20.3]
      x-ms-date: ['Mon, 16 Nov 2015 19:34:23 GMT']
      x-ms-version: ['2014-02-14']
    method: PUT
    uri: https://storagename.file.core.windows.net/utshare619810d1?restype=share
  response:
    body: {string: ''}
    headers:
      Date: ['Mon, 16 Nov 2015 19:34:23 GMT']
      ETag: ['"0x8D2EEBCEE801332"']
      Last-Modified: ['Mon, 16 Nov 2015 19:34:23 GMT']
      Server: [Windows-Azure-File/1.0 Microsoft-HTTPAPI/2.0]
      Transfer-Encoding: [chunked]
      x-ms-request-id: [354d4579-001a-0004-42a5-200a88000000]
      x-ms-version: ['2014-02-14']
    status: {code: 201, message: Created}
- request:
    body: null
    headers:
      Accept-Encoding: ['gzip, deflate']
      Connection: [keep-alive]
      Content-Length: ['0']
      Content-Type: [application/octet-stream Charset=UTF-8]
      User-Agent: [pyazure/0.20.3]
      x-ms-date: ['Mon, 16 Nov 2015 19:34:23 GMT']
      x-ms-version: ['2014-02-14']
    method: PUT
    uri: https://storagename.file.core.windows.net/utshare619810d1/dir1?restype=directory
  response:
    body: {string: ''}
    headers:
      Date: ['Mon, 16 Nov 2015 19:34:23 GMT']
      ETag: ['"0x8D2EEBCEEEF60A4"']
      Last-Modified: ['Mon, 16 Nov 2015 19:34:24 GMT']
      Server: [Windows-Azure-File/1.0 Microsoft-HTTPAPI/2.0]
      Transfer-Encoding: [chunked]
      x-ms-request-id: [354d457c-001a-0004-43a5-200a88000000]
      x-ms-version: ['2014-02-14']
    status: {code: 201, message: Created}
version: 1
