interactions:
- request:
    body: null
    headers:
      Connection: [keep-alive]
      Content-Length: ['0']
      User-Agent: [Azure-Storage/1.2.0rc1-1.2.0rc1 (Python CPython 3.6.4; Darwin 17.5.0)]
      x-ms-client-request-id: [4dc4ba8c-5e18-11e8-93c3-b8e8564491f6]
      x-ms-date: ['Tue, 22 May 2018 23:31:51 GMT']
      x-ms-version: ['2017-11-09']
    method: PUT
    uri: https://storagename.file.core.windows.net/utshare9e261f39/dir1?restype=directory
  response:
    body: {string: ''}
    headers:
      Date: ['Tue, 22 May 2018 23:31:50 GMT']
      ETag: ['"0x8D5C03C320E70FD"']
      Last-Modified: ['Tue, 22 May 2018 23:31:51 GMT']
      Server: [Windows-Azure-File/1.0 Microsoft-HTTPAPI/2.0]
      Transfer-Encoding: [chunked]
      x-ms-request-id: [6b9cf25f-c01a-0008-0125-f24fa7000000]
      x-ms-request-server-encrypted: ['true']
      x-ms-version: ['2017-11-09']
    status: {code: 201, message: Created}
- request:
    body: null
    headers:
      Connection: [keep-alive]
      Content-Length: ['0']
      User-Agent: [Azure-Storage/1.2.0rc1-1.2.0rc1 (Python CPython 3.6.4; Darwin 17.5.0)]
      x-ms-client-request-id: [4ddbb566-5e18-11e8-a6d1-b8e8564491f6]
      x-ms-date: ['Tue, 22 May 2018 23:31:51 GMT']
      x-ms-version: ['2017-11-09']
    method: DELETE
    uri: https://storagename.file.core.windows.net/utshare9e261f39/dir1?restype=directory
  response:
    body: {string: ''}
    headers:
      Date: ['Tue, 22 May 2018 23:31:51 GMT']
      Server: [Windows-Azure-File/1.0 Microsoft-HTTPAPI/2.0]
      Transfer-Encoding: [chunked]
      x-ms-request-id: [6b9cf261-c01a-0008-0225-f24fa7000000]
      x-ms-version: ['2017-11-09']
    status: {code: 202, message: Accepted}
- request:
    body: null
    headers:
      Connection: [keep-alive]
      User-Agent: [Azure-Storage/1.2.0rc1-1.2.0rc1 (Python CPython 3.6.4; Darwin 17.5.0)]
      x-ms-client-request-id: [4e449036-5e18-11e8-a218-b8e8564491f6]
      x-ms-date: ['Tue, 22 May 2018 23:31:52 GMT']
      x-ms-version: ['2017-11-09']
    method: GET
    uri: https://storagename.file.core.windows.net/utshare9e261f39/dir1?restype=directory
  response:
    body: {string: "\uFEFF<?xml version=\"1.0\" encoding=\"utf-8\"?><Error><Code>ResourceNotFound</Code><Message>The
        specified resource does not exist.\nRequestId:6b9cf264-c01a-0008-0325-f24fa7000000\nTime:2018-05-22T23:31:52.0474694Z</Message></Error>"}
    headers:
      Content-Length: ['223']
      Content-Type: [application/xml]
      Date: ['Tue, 22 May 2018 23:31:51 GMT']
      Server: [Windows-Azure-File/1.0 Microsoft-HTTPAPI/2.0]
      x-ms-error-code: [ResourceNotFound]
      x-ms-request-id: [6b9cf264-c01a-0008-0325-f24fa7000000]
      x-ms-version: ['2017-11-09']
    status: {code: 404, message: The specified resource does not exist.}
version: 1
