interactions:
- request:
    body: null
    headers:
      Accept-Encoding: [identity]
      Connection: [keep-alive]
      Content-Length: ['0']
      User-Agent: [Azure-Storage/0.30.0 (Python CPython 3.4.3; Windows 8)]
      x-ms-date: ['Wed, 17 Feb 2016 20:01:41 GMT']
      x-ms-version: ['2015-04-05']
    method: PUT
    uri: https://storagename.file.core.windows.net/share3a5319f3?restype=share
  response:
    body: {string: ''}
    headers:
      Date: ['Wed, 17 Feb 2016 20:01:41 GMT']
      ETag: ['"0x8D337D5272140FA"']
      Last-Modified: ['Wed, 17 Feb 2016 20:01:41 GMT']
      Server: [Windows-Azure-File/1.0 Microsoft-HTTPAPI/2.0]
      Transfer-Encoding: [chunked]
      x-ms-request-id: [0df4315f-001a-005a-7bbe-69f98b000000]
      x-ms-version: ['2015-04-05']
    status: {code: 201, message: Created}
- request:
    body: null
    headers:
      Accept-Encoding: [identity]
      Connection: [keep-alive]
      Content-Length: ['0']
      User-Agent: [Azure-Storage/0.30.0 (Python CPython 3.4.3; Windows 8)]
      x-ms-date: ['Wed, 17 Feb 2016 20:01:41 GMT']
      x-ms-version: ['2015-04-05']
    method: DELETE
    uri: https://storagename.file.core.windows.net/share3a5319f3?restype=share
  response:
    body: {string: ''}
    headers:
      Date: ['Wed, 17 Feb 2016 20:01:41 GMT']
      Server: [Windows-Azure-File/1.0 Microsoft-HTTPAPI/2.0]
      Transfer-Encoding: [chunked]
      x-ms-request-id: [0df43160-001a-005a-7cbe-69f98b000000]
      x-ms-version: ['2015-04-05']
    status: {code: 202, message: Accepted}
- request:
    body: null
    headers:
      Accept-Encoding: [identity]
      Connection: [keep-alive]
      User-Agent: [Azure-Storage/0.30.0 (Python CPython 3.4.3; Windows 8)]
      x-ms-date: ['Wed, 17 Feb 2016 20:01:41 GMT']
      x-ms-version: ['2015-04-05']
    method: GET
    uri: https://storagename.file.core.windows.net/share3a5319f3?restype=share
  response:
    body: {string: "\uFEFF<?xml version=\"1.0\" encoding=\"utf-8\"?><Error><Code>ShareNotFound</Code><Message>The\
        \ specified share does not exist.\nRequestId:0df43161-001a-005a-7dbe-69f98b000000\n\
        Time:2016-02-17T20:01:41.4544540Z</Message></Error>"}
    headers:
      Content-Length: ['217']
      Content-Type: [application/xml]
      Date: ['Wed, 17 Feb 2016 20:01:41 GMT']
      Server: [Windows-Azure-File/1.0 Microsoft-HTTPAPI/2.0]
      x-ms-request-id: [0df43161-001a-005a-7dbe-69f98b000000]
      x-ms-version: ['2015-04-05']
    status: {code: 404, message: The specified share does not exist.}
version: 1
