interactions:
- request:
    body: null
    headers:
      Connection: [keep-alive]
      Content-Length: ['0']
      User-Agent: [Azure-Storage/1.2.0rc1-1.2.0rc1 (Python CPython 3.6.4; Darwin 17.5.0)]
      x-ms-client-request-id: [f26dfa34-5e16-11e8-a25a-b8e8564491f6]
      x-ms-date: ['Tue, 22 May 2018 23:22:08 GMT']
      x-ms-version: ['2017-11-09']
    method: PUT
    uri: https://storagename.blob.core.windows.net/utcontainerdf9f1c55?restype=container
  response:
    body: {string: ''}
    headers:
      Date: ['Tue, 22 May 2018 23:22:07 GMT']
      ETag: ['"0x8D5C03AD6B62D8B"']
      Last-Modified: ['Tue, 22 May 2018 23:22:08 GMT']
      Server: [Windows-Azure-Blob/1.0 Microsoft-HTTPAPI/2.0]
      Transfer-Encoding: [chunked]
      x-ms-request-id: [a0d328b1-501e-00e8-1323-f2a92f000000]
      x-ms-version: ['2017-11-09']
    status: {code: 201, message: Created}
- request:
    body: hello world
    headers:
      Connection: [keep-alive]
      Content-Length: ['11']
      User-Agent: [Azure-Storage/1.2.0rc1-1.2.0rc1 (Python CPython 3.6.4; Darwin 17.5.0)]
      x-ms-blob-type: [BlockBlob]
      x-ms-client-request-id: [f281dd22-5e16-11e8-9782-b8e8564491f6]
      x-ms-date: ['Tue, 22 May 2018 23:22:08 GMT']
      x-ms-version: ['2017-11-09']
    method: PUT
    uri: https://storagename.blob.core.windows.net/utcontainerdf9f1c55/blob1
  response:
    body: {string: ''}
    headers:
      Content-MD5: [XrY7u+Ae7tCTyyK7j1rNww==]
      Date: ['Tue, 22 May 2018 23:22:07 GMT']
      ETag: ['"0x8D5C03AD6BCCA6E"']
      Last-Modified: ['Tue, 22 May 2018 23:22:08 GMT']
      Server: [Windows-Azure-Blob/1.0 Microsoft-HTTPAPI/2.0]
      Transfer-Encoding: [chunked]
      x-ms-request-id: [a0d328ca-501e-00e8-2523-f2a92f000000]
      x-ms-request-server-encrypted: ['true']
      x-ms-version: ['2017-11-09']
    status: {code: 201, message: Created}
- request:
    body: null
    headers:
      Connection: [keep-alive]
      Content-Length: ['0']
      If-Modified-Since: ['Tue, 22 May 2018 23:07:08 GMT']
      User-Agent: [Azure-Storage/1.2.0rc1-1.2.0rc1 (Python CPython 3.6.4; Darwin 17.5.0)]
      x-ms-blob-content-disposition: [inline]
      x-ms-blob-content-language: [spanish]
      x-ms-client-request-id: [f2882274-5e16-11e8-bc3e-b8e8564491f6]
      x-ms-date: ['Tue, 22 May 2018 23:22:08 GMT']
      x-ms-version: ['2017-11-09']
    method: PUT
    uri: https://storagename.blob.core.windows.net/utcontainerdf9f1c55/blob1?comp=properties
  response:
    body: {string: ''}
    headers:
      Date: ['Tue, 22 May 2018 23:22:07 GMT']
      ETag: ['"0x8D5C03AD6C2BEFF"']
      Last-Modified: ['Tue, 22 May 2018 23:22:08 GMT']
      Server: [Windows-Azure-Blob/1.0 Microsoft-HTTPAPI/2.0]
      Transfer-Encoding: [chunked]
      x-ms-request-id: [a0d328dd-501e-00e8-3523-f2a92f000000]
      x-ms-version: ['2017-11-09']
    status: {code: 200, message: OK}
- request:
    body: null
    headers:
      Connection: [keep-alive]
      User-Agent: [Azure-Storage/1.2.0rc1-1.2.0rc1 (Python CPython 3.6.4; Darwin 17.5.0)]
      x-ms-client-request-id: [f28e0f1e-5e16-11e8-8ebf-b8e8564491f6]
      x-ms-date: ['Tue, 22 May 2018 23:22:08 GMT']
      x-ms-version: ['2017-11-09']
    method: HEAD
    uri: https://storagename.blob.core.windows.net/utcontainerdf9f1c55/blob1
  response:
    body: {string: ''}
    headers:
      Accept-Ranges: [bytes]
      Content-Disposition: [inline]
      Content-Language: [spanish]
      Content-Length: ['11']
      Date: ['Tue, 22 May 2018 23:22:07 GMT']
      ETag: ['"0x8D5C03AD6C2BEFF"']
      Last-Modified: ['Tue, 22 May 2018 23:22:08 GMT']
      Server: [Windows-Azure-Blob/1.0 Microsoft-HTTPAPI/2.0]
      Vary: [Origin]
      x-ms-access-tier: [Hot]
      x-ms-access-tier-inferred: ['true']
      x-ms-blob-type: [BlockBlob]
      x-ms-creation-time: ['Tue, 22 May 2018 23:22:08 GMT']
      x-ms-lease-state: [available]
      x-ms-lease-status: [unlocked]
      x-ms-request-id: [a0d328ee-501e-00e8-4423-f2a92f000000]
      x-ms-server-encrypted: ['true']
      x-ms-version: ['2017-11-09']
    status: {code: 200, message: OK}
version: 1
