interactions:
- request:
    body: null
    headers:
      Connection: [keep-alive]
      Content-Length: ['0']
      User-Agent: [Azure-Storage/0.37.0-0.36.0 (Python CPython 2.7.10; Darwin 16.7.0)]
      x-ms-client-request-id: [8771f8c0-a7ad-11e7-9afc-b8e8564491f6]
      x-ms-date: ['Mon, 02 Oct 2017 20:09:00 GMT']
      x-ms-version: ['2017-04-17']
    method: PUT
    uri: https://storagename.blob.core.windows.net/utcontainerda971c24?restype=container
  response:
    body: {string: !!python/unicode ''}
    headers:
      date: ['Mon, 02 Oct 2017 20:09:01 GMT']
      etag: ['"0x8D509D16C661DB1"']
      last-modified: ['Mon, 02 Oct 2017 20:09:01 GMT']
      server: [Windows-Azure-Blob/1.0 Microsoft-HTTPAPI/2.0]
      transfer-encoding: [chunked]
      x-ms-request-id: [40d4ce90-001e-00ff-42ba-3b694c000000]
      x-ms-version: ['2017-04-17']
    status: {code: 201, message: Created}
- request:
    body: !!python/unicode 'hello world'
    headers:
      Connection: [keep-alive]
      Content-Length: ['11']
      User-Agent: [Azure-Storage/0.37.0-0.36.0 (Python CPython 2.7.10; Darwin 16.7.0)]
      x-ms-blob-type: [BlockBlob]
      x-ms-client-request-id: [87863aa6-a7ad-11e7-9dad-b8e8564491f6]
      x-ms-date: ['Mon, 02 Oct 2017 20:09:00 GMT']
      x-ms-version: ['2017-04-17']
    method: PUT
    uri: https://storagename.blob.core.windows.net/utcontainerda971c24/blob1
  response:
    body: {string: !!python/unicode ''}
    headers:
      content-md5: [XrY7u+Ae7tCTyyK7j1rNww==]
      date: ['Mon, 02 Oct 2017 20:09:01 GMT']
      etag: ['"0x8D509D16C77D9A3"']
      last-modified: ['Mon, 02 Oct 2017 20:09:01 GMT']
      server: [Windows-Azure-Blob/1.0 Microsoft-HTTPAPI/2.0]
      transfer-encoding: [chunked]
      x-ms-request-id: [40d4cea6-001e-00ff-55ba-3b694c000000]
      x-ms-request-server-encrypted: ['true']
      x-ms-version: ['2017-04-17']
    status: {code: 201, message: Created}
- request:
    body: null
    headers:
      Connection: [keep-alive]
      Content-Length: ['0']
      If-None-Match: ['0x111111111111111']
      User-Agent: [Azure-Storage/0.37.0-0.36.0 (Python CPython 2.7.10; Darwin 16.7.0)]
      x-ms-client-request-id: [878c57ba-a7ad-11e7-8e82-b8e8564491f6]
      x-ms-date: ['Mon, 02 Oct 2017 20:09:00 GMT']
      x-ms-meta-hello: [world]
      x-ms-meta-number: ['42']
      x-ms-version: ['2017-04-17']
    method: PUT
    uri: https://storagename.blob.core.windows.net/utcontainerda971c24/blob1?comp=metadata
  response:
    body: {string: !!python/unicode ''}
    headers:
      date: ['Mon, 02 Oct 2017 20:09:01 GMT']
      etag: ['"0x8D509D16C7E1C64"']
      last-modified: ['Mon, 02 Oct 2017 20:09:01 GMT']
      server: [Windows-Azure-Blob/1.0 Microsoft-HTTPAPI/2.0]
      transfer-encoding: [chunked]
      x-ms-request-id: [40d4ceb3-001e-00ff-60ba-3b694c000000]
      x-ms-request-server-encrypted: ['true']
      x-ms-version: ['2017-04-17']
    status: {code: 200, message: OK}
- request:
    body: null
    headers:
      Connection: [keep-alive]
      User-Agent: [Azure-Storage/0.37.0-0.36.0 (Python CPython 2.7.10; Darwin 16.7.0)]
      x-ms-client-request-id: [879559bd-a7ad-11e7-b51c-b8e8564491f6]
      x-ms-date: ['Mon, 02 Oct 2017 20:09:00 GMT']
      x-ms-version: ['2017-04-17']
    method: GET
    uri: https://storagename.blob.core.windows.net/utcontainerda971c24/blob1?comp=metadata
  response:
    body: {string: !!python/unicode ''}
    headers:
      date: ['Mon, 02 Oct 2017 20:09:01 GMT']
      etag: ['"0x8D509D16C7E1C64"']
      last-modified: ['Mon, 02 Oct 2017 20:09:01 GMT']
      server: [Windows-Azure-Blob/1.0 Microsoft-HTTPAPI/2.0]
      transfer-encoding: [chunked]
      vary: [Origin]
      x-ms-meta-hello: [world]
      x-ms-meta-number: ['42']
      x-ms-request-id: [40d4cec6-001e-00ff-72ba-3b694c000000]
      x-ms-version: ['2017-04-17']
    status: {code: 200, message: OK}
version: 1
