interactions:
- request:
    body: null
    headers:
      Connection: [keep-alive]
      Content-Length: ['0']
      User-Agent: [Azure-Storage/0.36.0 (Python CPython 3.6.1; Darwin 16.7.0)]
      x-ms-client-request-id: [0527b2c0-8786-11e7-8927-b8e8564491f6]
      x-ms-date: ['Tue, 22 Aug 2017 22:05:33 GMT']
      x-ms-version: ['2017-04-17']
    method: PUT
    uri: https://storagename.queue.core.windows.net/queuef69d0e02
  response:
    body: {string: ''}
    headers:
      Date: ['Tue, 22 Aug 2017 22:05:33 GMT']
      Server: [Windows-Azure-Queue/1.0 Microsoft-HTTPAPI/2.0]
      Transfer-Encoding: [chunked]
      x-ms-request-id: [8ec9b800-0003-008a-7c92-1beef7000000]
      x-ms-version: ['2017-04-17']
    status: {code: 201, message: Created}
- request:
    body: null
    headers:
      Connection: [keep-alive]
      Content-Length: ['0']
      User-Agent: [Azure-Storage/0.36.0 (Python CPython 3.6.1; Darwin 16.7.0)]
      x-ms-client-request-id: [053ddf9e-8786-11e7-823a-b8e8564491f6]
      x-ms-date: ['Tue, 22 Aug 2017 22:05:34 GMT']
      x-ms-meta-val1: [test]
      x-ms-meta-val2: [blah]
      x-ms-version: ['2017-04-17']
    method: PUT
    uri: https://storagename.queue.core.windows.net/queuef69d0e02?comp=metadata
  response:
    body: {string: ''}
    headers:
      Content-Length: ['0']
      Date: ['Tue, 22 Aug 2017 22:05:33 GMT']
      Server: [Windows-Azure-Queue/1.0 Microsoft-HTTPAPI/2.0]
      x-ms-request-id: [8ec9b829-0003-008a-2192-1beef7000000]
      x-ms-version: ['2017-04-17']
    status: {code: 204, message: No Content}
- request:
    body: null
    headers:
      Connection: [keep-alive]
      User-Agent: [Azure-Storage/0.36.0 (Python CPython 3.6.1; Darwin 16.7.0)]
      x-ms-client-request-id: [054f89da-8786-11e7-b10c-b8e8564491f6]
      x-ms-date: ['Tue, 22 Aug 2017 22:05:34 GMT']
      x-ms-version: ['2017-04-17']
    method: GET
    uri: https://storagename.queue.core.windows.net/queuef69d0e02?comp=metadata
  response:
    body: {string: ''}
    headers:
      Cache-Control: [no-cache]
      Date: ['Tue, 22 Aug 2017 22:05:33 GMT']
      Server: [Windows-Azure-Queue/1.0 Microsoft-HTTPAPI/2.0]
      Transfer-Encoding: [chunked]
      x-ms-approximate-messages-count: ['0']
      x-ms-meta-val1: [test]
      x-ms-meta-val2: [blah]
      x-ms-request-id: [8ec9b83c-0003-008a-3492-1beef7000000]
      x-ms-version: ['2017-04-17']
    status: {code: 200, message: OK}
version: 1
