interactions:
- request:
    body: null
    headers:
      Connection: [keep-alive]
      Content-Length: ['0']
      User-Agent: [Azure-Storage/1.1.0-1.1.0 (Python CPython 3.6.3; Darwin 17.3.0)]
      x-ms-client-request-id: [728bf69a-0acc-11e8-932f-b8e8564491f6]
      x-ms-date: ['Mon, 05 Feb 2018 23:29:44 GMT']
      x-ms-version: ['2017-07-29']
    method: PUT
    uri: https://storagename.queue.core.windows.net/queuebf740c50
  response:
    body: {string: ''}
    headers:
      Date: ['Mon, 05 Feb 2018 23:29:44 GMT']
      Server: [Windows-Azure-Queue/1.0 Microsoft-HTTPAPI/2.0]
      Transfer-Encoding: [chunked]
      x-ms-request-id: [c231206c-0003-0020-58d9-9e3818000000]
      x-ms-version: ['2017-07-29']
    status: {code: 201, message: Created}
- request:
    body: '<?xml version=''1.0'' encoding=''utf-8''?>

      <QueueMessage><MessageText>message1</MessageText></QueueMessage>'
    headers:
      Connection: [keep-alive]
      Content-Length: ['103']
      User-Agent: [Azure-Storage/1.1.0-1.1.0 (Python CPython 3.6.3; Darwin 17.3.0)]
      x-ms-client-request-id: [72bd14f0-0acc-11e8-8ffc-b8e8564491f6]
      x-ms-date: ['Mon, 05 Feb 2018 23:29:44 GMT']
      x-ms-version: ['2017-07-29']
    method: POST
    uri: https://storagename.queue.core.windows.net/queuebf740c50/messages
  response:
    body: {string: "\uFEFF<?xml version=\"1.0\" encoding=\"utf-8\"?><QueueMessagesList><QueueMessage><MessageId>abbba321-7b89-4489-9184-f8225d0e8e6d</MessageId><InsertionTime>Mon,\
        \ 05 Feb 2018 23:29:44 GMT</InsertionTime><ExpirationTime>Mon, 12 Feb 2018\
        \ 23:29:44 GMT</ExpirationTime><PopReceipt>AgAAAAMAAAAAAAAAccZiNNme0wE=</PopReceipt><TimeNextVisible>Mon,\
        \ 05 Feb 2018 23:29:44 GMT</TimeNextVisible></QueueMessage></QueueMessagesList>"}
    headers:
      Content-Type: [application/xml]
      Date: ['Mon, 05 Feb 2018 23:29:44 GMT']
      Server: [Windows-Azure-Queue/1.0 Microsoft-HTTPAPI/2.0]
      Transfer-Encoding: [chunked]
      x-ms-request-id: [c2312085-0003-0020-6ed9-9e3818000000]
      x-ms-version: ['2017-07-29']
    status: {code: 201, message: Created}
- request:
    body: '<?xml version=''1.0'' encoding=''utf-8''?>

      <QueueMessage><MessageText>message2</MessageText></QueueMessage>'
    headers:
      Connection: [keep-alive]
      Content-Length: ['103']
      User-Agent: [Azure-Storage/1.1.0-1.1.0 (Python CPython 3.6.3; Darwin 17.3.0)]
      x-ms-client-request-id: [72cc48da-0acc-11e8-bb54-b8e8564491f6]
      x-ms-date: ['Mon, 05 Feb 2018 23:29:45 GMT']
      x-ms-version: ['2017-07-29']
    method: POST
    uri: https://storagename.queue.core.windows.net/queuebf740c50/messages
  response:
    body: {string: "\uFEFF<?xml version=\"1.0\" encoding=\"utf-8\"?><QueueMessagesList><QueueMessage><MessageId>e8a8d439-094e-4552-9281-20fca53437bb</MessageId><InsertionTime>Mon,\
        \ 05 Feb 2018 23:29:44 GMT</InsertionTime><ExpirationTime>Mon, 12 Feb 2018\
        \ 23:29:44 GMT</ExpirationTime><PopReceipt>AgAAAAMAAAAAAAAANL1xNNme0wE=</PopReceipt><TimeNextVisible>Mon,\
        \ 05 Feb 2018 23:29:44 GMT</TimeNextVisible></QueueMessage></QueueMessagesList>"}
    headers:
      Content-Type: [application/xml]
      Date: ['Mon, 05 Feb 2018 23:29:44 GMT']
      Server: [Windows-Azure-Queue/1.0 Microsoft-HTTPAPI/2.0]
      Transfer-Encoding: [chunked]
      x-ms-request-id: [c231208e-0003-0020-76d9-9e3818000000]
      x-ms-version: ['2017-07-29']
    status: {code: 201, message: Created}
- request:
    body: '<?xml version=''1.0'' encoding=''utf-8''?>

      <QueueMessage><MessageText>message3</MessageText></QueueMessage>'
    headers:
      Connection: [keep-alive]
      Content-Length: ['103']
      User-Agent: [Azure-Storage/1.1.0-1.1.0 (Python CPython 3.6.3; Darwin 17.3.0)]
      x-ms-client-request-id: [72d188a4-0acc-11e8-a5ab-b8e8564491f6]
      x-ms-date: ['Mon, 05 Feb 2018 23:29:45 GMT']
      x-ms-version: ['2017-07-29']
    method: POST
    uri: https://storagename.queue.core.windows.net/queuebf740c50/messages
  response:
    body: {string: "\uFEFF<?xml version=\"1.0\" encoding=\"utf-8\"?><QueueMessagesList><QueueMessage><MessageId>f5372ece-ac7c-47b3-a5ae-b0090d8447fd</MessageId><InsertionTime>Mon,\
        \ 05 Feb 2018 23:29:44 GMT</InsertionTime><ExpirationTime>Mon, 12 Feb 2018\
        \ 23:29:44 GMT</ExpirationTime><PopReceipt>AgAAAAMAAAAAAAAAJlR/NNme0wE=</PopReceipt><TimeNextVisible>Mon,\
        \ 05 Feb 2018 23:29:44 GMT</TimeNextVisible></QueueMessage></QueueMessagesList>"}
    headers:
      Content-Type: [application/xml]
      Date: ['Mon, 05 Feb 2018 23:29:44 GMT']
      Server: [Windows-Azure-Queue/1.0 Microsoft-HTTPAPI/2.0]
      Transfer-Encoding: [chunked]
      x-ms-request-id: [c2312096-0003-0020-7dd9-9e3818000000]
      x-ms-version: ['2017-07-29']
    status: {code: 201, message: Created}
- request:
    body: '<?xml version=''1.0'' encoding=''utf-8''?>

      <QueueMessage><MessageText>message4</MessageText></QueueMessage>'
    headers:
      Connection: [keep-alive]
      Content-Length: ['103']
      User-Agent: [Azure-Storage/1.1.0-1.1.0 (Python CPython 3.6.3; Darwin 17.3.0)]
      x-ms-client-request-id: [72df7112-0acc-11e8-b244-b8e8564491f6]
      x-ms-date: ['Mon, 05 Feb 2018 23:29:45 GMT']
      x-ms-version: ['2017-07-29']
    method: POST
    uri: https://storagename.queue.core.windows.net/queuebf740c50/messages
  response:
    body: {string: "\uFEFF<?xml version=\"1.0\" encoding=\"utf-8\"?><QueueMessagesList><QueueMessage><MessageId>144f9a6b-67bc-4945-8be6-842acd963b1a</MessageId><InsertionTime>Mon,\
        \ 05 Feb 2018 23:29:45 GMT</InsertionTime><ExpirationTime>Mon, 12 Feb 2018\
        \ 23:29:45 GMT</ExpirationTime><PopReceipt>AgAAAAMAAAAAAAAAYNOENNme0wE=</PopReceipt><TimeNextVisible>Mon,\
        \ 05 Feb 2018 23:29:45 GMT</TimeNextVisible></QueueMessage></QueueMessagesList>"}
    headers:
      Content-Type: [application/xml]
      Date: ['Mon, 05 Feb 2018 23:29:44 GMT']
      Server: [Windows-Azure-Queue/1.0 Microsoft-HTTPAPI/2.0]
      Transfer-Encoding: [chunked]
      x-ms-request-id: [c231209a-0003-0020-01d9-9e3818000000]
      x-ms-version: ['2017-07-29']
    status: {code: 201, message: Created}
- request:
    body: null
    headers:
      Connection: [keep-alive]
      Content-Length: ['0']
      User-Agent: [Azure-Storage/1.1.0-1.1.0 (Python CPython 3.6.3; Darwin 17.3.0)]
      x-ms-client-request-id: [72e49cf0-0acc-11e8-be2d-b8e8564491f6]
      x-ms-date: ['Mon, 05 Feb 2018 23:29:45 GMT']
      x-ms-version: ['2017-07-29']
    method: DELETE
    uri: https://storagename.queue.core.windows.net/queuebf740c50/messages
  response:
    body: {string: ''}
    headers:
      Content-Length: ['0']
      Date: ['Mon, 05 Feb 2018 23:29:44 GMT']
      Server: [Windows-Azure-Queue/1.0 Microsoft-HTTPAPI/2.0]
      x-ms-request-id: [c23120a0-0003-0020-07d9-9e3818000000]
      x-ms-version: ['2017-07-29']
    status: {code: 204, message: No Content}
- request:
    body: null
    headers:
      Connection: [keep-alive]
      User-Agent: [Azure-Storage/1.1.0-1.1.0 (Python CPython 3.6.3; Darwin 17.3.0)]
      x-ms-client-request-id: [72e9f7cc-0acc-11e8-acb5-b8e8564491f6]
      x-ms-date: ['Mon, 05 Feb 2018 23:29:45 GMT']
      x-ms-version: ['2017-07-29']
    method: GET
    uri: https://storagename.queue.core.windows.net/queuebf740c50/messages?peekonly=true
  response:
    body: {string: "\uFEFF<?xml version=\"1.0\" encoding=\"utf-8\"?><QueueMessagesList\
        \ />"}
    headers:
      Cache-Control: [no-cache]
      Content-Type: [application/xml]
      Date: ['Mon, 05 Feb 2018 23:29:44 GMT']
      Server: [Windows-Azure-Queue/1.0 Microsoft-HTTPAPI/2.0]
      Transfer-Encoding: [chunked]
      x-ms-request-id: [c23120a9-0003-0020-0fd9-9e3818000000]
      x-ms-version: ['2017-07-29']
    status: {code: 200, message: OK}
version: 1
