interactions:
- request:
    body: null
    headers:
      Connection: [keep-alive]
      Content-Length: ['0']
      User-Agent: [Azure-Storage/1.2.0rc1-1.2.0rc1 (Python CPython 3.6.4; Darwin 17.5.0)]
      x-ms-blob-type: [AppendBlob]
      x-ms-client-request-id: [ae2efea2-5e16-11e8-b18e-b8e8564491f6]
      x-ms-date: ['Tue, 22 May 2018 23:20:13 GMT']
      x-ms-version: ['2017-11-09']
    method: PUT
    uri: https://storagename.blob.core.windows.net/utcontainerb59f1281/blobb59f1281
  response:
    body: {string: ''}
    headers:
      Date: ['Tue, 22 May 2018 23:20:13 GMT']
      ETag: ['"0x8D5C03A927C7943"']
      Last-Modified: ['Tue, 22 May 2018 23:20:14 GMT']
      Server: [Windows-Azure-Blob/1.0 Microsoft-HTTPAPI/2.0]
      Transfer-Encoding: [chunked]
      x-ms-request-id: [0dd97687-801e-0100-6023-f21281000000]
      x-ms-request-server-encrypted: ['true']
      x-ms-version: ['2017-11-09']
    status: {code: 201, message: Created}
- request:
    body: null
    headers:
      Connection: [keep-alive]
      User-Agent: [Azure-Storage/1.2.0rc1-1.2.0rc1 (Python CPython 3.6.4; Darwin 17.5.0)]
      x-ms-client-request-id: [ae574952-5e16-11e8-a600-b8e8564491f6]
      x-ms-date: ['Tue, 22 May 2018 23:20:14 GMT']
      x-ms-range: [bytes=0-33554431]
      x-ms-version: ['2017-11-09']
    method: GET
    uri: https://storagename.blob.core.windows.net/utcontainerb59f1281/blobb59f1281
  response:
    body: {string: "\uFEFF<?xml version=\"1.0\" encoding=\"utf-8\"?><Error><Code>InvalidRange</Code><Message>The
        range specified is invalid for the current size of the resource.\nRequestId:0dd97705-801e-0100-4c23-f21281000000\nTime:2018-05-22T23:20:14.2447881Z</Message></Error>"}
    headers:
      Content-Length: ['249']
      Content-Range: [bytes */0]
      Content-Type: [application/xml]
      Date: ['Tue, 22 May 2018 23:20:13 GMT']
      Server: [Windows-Azure-Blob/1.0 Microsoft-HTTPAPI/2.0]
      Vary: [Origin]
      x-ms-error-code: [InvalidRange]
      x-ms-request-id: [0dd97705-801e-0100-4c23-f21281000000]
      x-ms-version: ['2017-11-09']
    status: {code: 416, message: The range specified is invalid for the current size
        of the resource.}
- request:
    body: null
    headers:
      Connection: [keep-alive]
      User-Agent: [Azure-Storage/1.2.0rc1-1.2.0rc1 (Python CPython 3.6.4; Darwin 17.5.0)]
      x-ms-client-request-id: [ae5d4eb0-5e16-11e8-ae51-b8e8564491f6]
      x-ms-date: ['Tue, 22 May 2018 23:20:14 GMT']
      x-ms-version: ['2017-11-09']
    method: GET
    uri: https://storagename.blob.core.windows.net/utcontainerb59f1281/blobb59f1281
  response:
    body: {string: ''}
    headers:
      Accept-Ranges: [bytes]
      Content-Length: ['0']
      Content-Type: [application/octet-stream]
      Date: ['Tue, 22 May 2018 23:20:13 GMT']
      ETag: ['"0x8D5C03A927C7943"']
      Last-Modified: ['Tue, 22 May 2018 23:20:14 GMT']
      Server: [Windows-Azure-Blob/1.0 Microsoft-HTTPAPI/2.0]
      Vary: [Origin]
      x-ms-blob-committed-block-count: ['0']
      x-ms-blob-type: [AppendBlob]
      x-ms-creation-time: ['Tue, 22 May 2018 23:20:14 GMT']
      x-ms-lease-state: [available]
      x-ms-lease-status: [unlocked]
      x-ms-request-id: [0dd97725-801e-0100-6723-f21281000000]
      x-ms-server-encrypted: ['true']
      x-ms-version: ['2017-11-09']
    status: {code: 200, message: OK}
version: 1
