interactions:
- request:
    body: null
    headers:
      Connection: [keep-alive]
      Content-Length: ['0']
      User-Agent: [Azure-Storage/0.37.1-0.37.1 (Python CPython 3.6.1; Darwin 16.7.0)]
      x-ms-client-request-id: [c2836f08-c0c5-11e7-9b4e-b8e8564491f6]
      x-ms-date: ['Fri, 03 Nov 2017 18:35:26 GMT']
      x-ms-version: ['2017-04-17']
    method: PUT
    uri: https://storagename.blob.core.windows.net/container39251586?restype=container
  response:
    body: {string: ''}
    headers:
      Date: ['Fri, 03 Nov 2017 18:35:25 GMT']
      ETag: ['"0x8D522E9A6D36C98"']
      Last-Modified: ['Fri, 03 Nov 2017 18:35:26 GMT']
      Server: [Windows-Azure-Blob/1.0 Microsoft-HTTPAPI/2.0]
      Transfer-Encoding: [chunked]
      x-ms-request-id: [08f47fd8-001e-00fd-18d2-546bb6000000]
      x-ms-version: ['2017-04-17']
    status: {code: 201, message: Created}
- request:
    body: hello world
    headers:
      Connection: [keep-alive]
      Content-Length: ['11']
      User-Agent: [Azure-Storage/0.37.1-0.37.1 (Python CPython 3.6.1; Darwin 16.7.0)]
      x-ms-blob-type: [BlockBlob]
      x-ms-client-request-id: [c29b0780-c0c5-11e7-a204-b8e8564491f6]
      x-ms-date: ['Fri, 03 Nov 2017 18:35:26 GMT']
      x-ms-meta-name: [bob]
      x-ms-meta-number: ['1']
      x-ms-version: ['2017-04-17']
    method: PUT
    uri: https://storagename.blob.core.windows.net/container39251586/blob1
  response:
    body: {string: ''}
    headers:
      Content-MD5: [XrY7u+Ae7tCTyyK7j1rNww==]
      Date: ['Fri, 03 Nov 2017 18:35:25 GMT']
      ETag: ['"0x8D522E9A6E5D3CB"']
      Last-Modified: ['Fri, 03 Nov 2017 18:35:26 GMT']
      Server: [Windows-Azure-Blob/1.0 Microsoft-HTTPAPI/2.0]
      Transfer-Encoding: [chunked]
      x-ms-request-id: [08f47fed-001e-00fd-28d2-546bb6000000]
      x-ms-request-server-encrypted: ['true']
      x-ms-version: ['2017-04-17']
    status: {code: 201, message: Created}
- request:
    body: hello world
    headers:
      Connection: [keep-alive]
      Content-Length: ['11']
      User-Agent: [Azure-Storage/0.37.1-0.37.1 (Python CPython 3.6.1; Darwin 16.7.0)]
      x-ms-blob-type: [BlockBlob]
      x-ms-client-request-id: [c2a1a9c8-c0c5-11e7-9906-b8e8564491f6]
      x-ms-date: ['Fri, 03 Nov 2017 18:35:26 GMT']
      x-ms-meta-name: [car]
      x-ms-meta-number: ['2']
      x-ms-version: ['2017-04-17']
    method: PUT
    uri: https://storagename.blob.core.windows.net/container39251586/blob2
  response:
    body: {string: ''}
    headers:
      Content-MD5: [XrY7u+Ae7tCTyyK7j1rNww==]
      Date: ['Fri, 03 Nov 2017 18:35:25 GMT']
      ETag: ['"0x8D522E9A6ECB2D2"']
      Last-Modified: ['Fri, 03 Nov 2017 18:35:26 GMT']
      Server: [Windows-Azure-Blob/1.0 Microsoft-HTTPAPI/2.0]
      Transfer-Encoding: [chunked]
      x-ms-request-id: [08f47ff7-001e-00fd-32d2-546bb6000000]
      x-ms-request-server-encrypted: ['true']
      x-ms-version: ['2017-04-17']
    status: {code: 201, message: Created}
- request:
    body: null
    headers:
      Connection: [keep-alive]
      Content-Length: ['0']
      User-Agent: [Azure-Storage/0.37.1-0.37.1 (Python CPython 3.6.1; Darwin 16.7.0)]
      x-ms-client-request-id: [c2a884f0-c0c5-11e7-84d8-b8e8564491f6]
      x-ms-date: ['Fri, 03 Nov 2017 18:35:26 GMT']
      x-ms-version: ['2017-04-17']
    method: PUT
    uri: https://storagename.blob.core.windows.net/container39251586/blob1?comp=snapshot
  response:
    body: {string: ''}
    headers:
      Date: ['Fri, 03 Nov 2017 18:35:25 GMT']
      ETag: ['"0x8D522E9A6E5D3CB"']
      Last-Modified: ['Fri, 03 Nov 2017 18:35:26 GMT']
      Server: [Windows-Azure-Blob/1.0 Microsoft-HTTPAPI/2.0]
      Transfer-Encoding: [chunked]
      x-ms-request-id: [08f4800f-001e-00fd-48d2-546bb6000000]
      x-ms-snapshot: ['2017-11-03T18:35:26.6488014Z']
      x-ms-version: ['2017-04-17']
    status: {code: 201, message: Created}
- request:
    body: null
    headers:
      Connection: [keep-alive]
      User-Agent: [Azure-Storage/0.37.1-0.37.1 (Python CPython 3.6.1; Darwin 16.7.0)]
      x-ms-client-request-id: [c2b2e012-c0c5-11e7-92b2-b8e8564491f6]
      x-ms-date: ['Fri, 03 Nov 2017 18:35:26 GMT']
      x-ms-version: ['2017-04-17']
    method: GET
    uri: https://storagename.blob.core.windows.net/container39251586?restype=container&comp=list&include=snapshots%2Cmetadata
  response:
    body: {string: "\uFEFF<?xml version=\"1.0\" encoding=\"utf-8\"?><EnumerationResults\
        \ ServiceEndpoint=\"https://storagename.blob.core.windows.net/\" ContainerName=\"\
        container39251586\"><Blobs><Blob><Name>blob1</Name><Snapshot>2017-11-03T18:35:26.6488014Z</Snapshot><Properties><Last-Modified>Fri,\
        \ 03 Nov 2017 18:35:26 GMT</Last-Modified><Etag>0x8D522E9A6E5D3CB</Etag><Content-Length>11</Content-Length><Content-Type>application/octet-stream</Content-Type><Content-Encoding\
        \ /><Content-Language /><Content-MD5>XrY7u+Ae7tCTyyK7j1rNww==</Content-MD5><Cache-Control\
        \ /><Content-Disposition /><BlobType>BlockBlob</BlobType><ServerEncrypted>true</ServerEncrypted></Properties><Metadata><number>1</number><name>bob</name></Metadata></Blob><Blob><Name>blob1</Name><Properties><Last-Modified>Fri,\
        \ 03 Nov 2017 18:35:26 GMT</Last-Modified><Etag>0x8D522E9A6E5D3CB</Etag><Content-Length>11</Content-Length><Content-Type>application/octet-stream</Content-Type><Content-Encoding\
        \ /><Content-Language /><Content-MD5>XrY7u+Ae7tCTyyK7j1rNww==</Content-MD5><Cache-Control\
        \ /><Content-Disposition /><BlobType>BlockBlob</BlobType><LeaseStatus>unlocked</LeaseStatus><LeaseState>available</LeaseState><ServerEncrypted>true</ServerEncrypted></Properties><Metadata><number>1</number><name>bob</name></Metadata></Blob><Blob><Name>blob2</Name><Properties><Last-Modified>Fri,\
        \ 03 Nov 2017 18:35:26 GMT</Last-Modified><Etag>0x8D522E9A6ECB2D2</Etag><Content-Length>11</Content-Length><Content-Type>application/octet-stream</Content-Type><Content-Encoding\
        \ /><Content-Language /><Content-MD5>XrY7u+Ae7tCTyyK7j1rNww==</Content-MD5><Cache-Control\
        \ /><Content-Disposition /><BlobType>BlockBlob</BlobType><LeaseStatus>unlocked</LeaseStatus><LeaseState>available</LeaseState><ServerEncrypted>true</ServerEncrypted></Properties><Metadata><number>2</number><name>car</name></Metadata></Blob></Blobs><NextMarker\
        \ /></EnumerationResults>"}
    headers:
      Content-Type: [application/xml]
      Date: ['Fri, 03 Nov 2017 18:35:25 GMT']
      Server: [Windows-Azure-Blob/1.0 Microsoft-HTTPAPI/2.0]
      Transfer-Encoding: [chunked]
      x-ms-request-id: [08f48033-001e-00fd-62d2-546bb6000000]
      x-ms-version: ['2017-04-17']
    status: {code: 200, message: OK}
version: 1
