interactions:
- request:
    body: null
    headers:
      Connection: [keep-alive]
      Content-Length: ['0']
      User-Agent: [Azure-Storage/1.0.0-1.0.0 (Python CPython 3.6.3; Darwin 17.3.0)]
      x-ms-client-request-id: [bbc03b36-fc9a-11e7-8791-b8e8564491f6]
      x-ms-date: ['Thu, 18 Jan 2018 21:58:36 GMT']
      x-ms-version: ['2017-04-17']
    method: PUT
    uri: https://storagename.blob.core.windows.net/utcontainer50c01dd4?restype=container
  response:
    body: {string: ''}
    headers:
      Date: ['Thu, 18 Jan 2018 21:58:36 GMT']
      ETag: ['"0x8D55EBEA03B9BA3"']
      Last-Modified: ['Thu, 18 Jan 2018 21:58:36 GMT']
      Server: [Windows-Azure-Blob/1.0 Microsoft-HTTPAPI/2.0]
      Transfer-Encoding: [chunked]
      x-ms-request-id: [b7add832-001e-0007-31a7-90a251000000]
      x-ms-version: ['2017-04-17']
    status: {code: 201, message: Created}
- request:
    body: null
    headers:
      Connection: [keep-alive]
      Content-Length: ['0']
      If-Modified-Since: ['Thu, 18 Jan 2018 21:43:36 GMT']
      User-Agent: [Azure-Storage/1.0.0-1.0.0 (Python CPython 3.6.3; Darwin 17.3.0)]
      x-ms-client-request-id: [bbd50446-fc9a-11e7-b8a6-b8e8564491f6]
      x-ms-date: ['Thu, 18 Jan 2018 21:58:36 GMT']
      x-ms-lease-action: [acquire]
      x-ms-lease-duration: ['-1']
      x-ms-version: ['2017-04-17']
    method: PUT
    uri: https://storagename.blob.core.windows.net/utcontainer50c01dd4?restype=container&comp=lease
  response:
    body: {string: ''}
    headers:
      Date: ['Thu, 18 Jan 2018 21:58:36 GMT']
      ETag: ['"0x8D55EBEA03B9BA3"']
      Last-Modified: ['Thu, 18 Jan 2018 21:58:36 GMT']
      Server: [Windows-Azure-Blob/1.0 Microsoft-HTTPAPI/2.0]
      Transfer-Encoding: [chunked]
      x-ms-lease-id: [ac1612bf-0a1f-467b-bd85-071b303fbe88]
      x-ms-request-id: [b7add841-001e-0007-3ea7-90a251000000]
      x-ms-version: ['2017-04-17']
    status: {code: 201, message: Created}
- request:
    body: null
    headers:
      Connection: [keep-alive]
      Content-Length: ['0']
      User-Agent: [Azure-Storage/1.0.0-1.0.0 (Python CPython 3.6.3; Darwin 17.3.0)]
      x-ms-client-request-id: [bbda97f6-fc9a-11e7-b874-b8e8564491f6]
      x-ms-date: ['Thu, 18 Jan 2018 21:58:36 GMT']
      x-ms-lease-action: [break]
      x-ms-version: ['2017-04-17']
    method: PUT
    uri: https://storagename.blob.core.windows.net/utcontainer50c01dd4?restype=container&comp=lease
  response:
    body: {string: ''}
    headers:
      Date: ['Thu, 18 Jan 2018 21:58:36 GMT']
      ETag: ['"0x8D55EBEA03B9BA3"']
      Last-Modified: ['Thu, 18 Jan 2018 21:58:36 GMT']
      Server: [Windows-Azure-Blob/1.0 Microsoft-HTTPAPI/2.0]
      Transfer-Encoding: [chunked]
      x-ms-lease-time: ['0']
      x-ms-request-id: [b7add84d-001e-0007-4aa7-90a251000000]
      x-ms-version: ['2017-04-17']
    status: {code: 202, message: Accepted}
version: 1
