interactions:
- request:
    body: null
    headers:
      Connection: [keep-alive]
      Content-Length: ['0']
      User-Agent: [Azure-Storage/1.0.0-1.0.0 (Python CPython 3.6.3; Darwin 17.3.0)]
      x-ms-blob-type: [AppendBlob]
      x-ms-client-request-id: [a7c0c308-fc9a-11e7-83fb-b8e8564491f6]
      x-ms-date: ['Thu, 18 Jan 2018 21:58:02 GMT']
      x-ms-version: ['2017-04-17']
    method: PUT
    uri: https://storagename.blob.core.windows.net/utcontainere44d0d55/blobe44d0d55
  response:
    body: {string: ''}
    headers:
      Date: ['Thu, 18 Jan 2018 21:58:01 GMT']
      ETag: ['"0x8D55EBE8B9AAFD8"']
      Last-Modified: ['Thu, 18 Jan 2018 21:58:02 GMT']
      Server: [Windows-Azure-Blob/1.0 Microsoft-HTTPAPI/2.0]
      Transfer-Encoding: [chunked]
      x-ms-request-id: [99e4b39b-001e-00cb-12a7-90c6e4000000]
      x-ms-request-server-encrypted: ['true']
      x-ms-version: ['2017-04-17']
    status: {code: 201, message: Created}
- request:
    body: null
    headers:
      Connection: [keep-alive]
      User-Agent: [Azure-Storage/1.0.0-1.0.0 (Python CPython 3.6.3; Darwin 17.3.0)]
      x-ms-client-request-id: [a7d5beac-fc9a-11e7-bf25-b8e8564491f6]
      x-ms-date: ['Thu, 18 Jan 2018 21:58:02 GMT']
      x-ms-version: ['2017-04-17']
    method: HEAD
    uri: https://storagename.blob.core.windows.net/utcontainere44d0d55/blobe44d0d55
  response:
    body: {string: ''}
    headers:
      Accept-Ranges: [bytes]
      Content-Length: ['0']
      Content-Type: [application/octet-stream]
      Date: ['Thu, 18 Jan 2018 21:58:02 GMT']
      ETag: ['"0x8D55EBE8B9AAFD8"']
      Last-Modified: ['Thu, 18 Jan 2018 21:58:02 GMT']
      Server: [Windows-Azure-Blob/1.0 Microsoft-HTTPAPI/2.0]
      Vary: [Origin]
      x-ms-blob-committed-block-count: ['0']
      x-ms-blob-type: [AppendBlob]
      x-ms-lease-state: [available]
      x-ms-lease-status: [unlocked]
      x-ms-request-id: [99e4b3b0-001e-00cb-25a7-90c6e4000000]
      x-ms-server-encrypted: ['true']
      x-ms-version: ['2017-04-17']
    status: {code: 200, message: OK}
- request:
    body: null
    headers:
      Connection: [keep-alive]
      User-Agent: [Azure-Storage/1.0.0-1.0.0 (Python CPython 3.6.3; Darwin 17.3.0)]
      x-ms-client-request-id: [a7e2a982-fc9a-11e7-b105-b8e8564491f6]
      x-ms-date: ['Thu, 18 Jan 2018 21:58:02 GMT']
      x-ms-version: ['2017-04-17']
    method: HEAD
    uri: https://storagename.blob.core.windows.net/utcontainere44d0d55/blobe44d0d55
  response:
    body: {string: ''}
    headers:
      Accept-Ranges: [bytes]
      Content-Length: ['0']
      Content-Type: [application/octet-stream]
      Date: ['Thu, 18 Jan 2018 21:58:02 GMT']
      ETag: ['"0x8D55EBE8B9AAFD8"']
      Last-Modified: ['Thu, 18 Jan 2018 21:58:02 GMT']
      Server: [Windows-Azure-Blob/1.0 Microsoft-HTTPAPI/2.0]
      Vary: [Origin]
      x-ms-blob-committed-block-count: ['0']
      x-ms-blob-type: [AppendBlob]
      x-ms-lease-state: [available]
      x-ms-lease-status: [unlocked]
      x-ms-request-id: [99e4b3c2-001e-00cb-33a7-90c6e4000000]
      x-ms-server-encrypted: ['true']
      x-ms-version: ['2017-04-17']
    status: {code: 200, message: OK}
version: 1
