interactions:
- request:
    body: !!python/unicode '{"TableName": "querytable23930f6b"}'
    headers:
      Accept: [application/json;odata=minimalmetadata]
      Connection: [keep-alive]
      Content-Length: ['35']
      Content-Type: [application/json]
      DataServiceVersion: [3.0;NetFx]
      MaxDataServiceVersion: ['3.0']
      Prefer: [return-no-content]
      User-Agent: [Azure-Storage/0.37.0-0.36.0 (Python CPython 2.7.10; Darwin 16.7.0)]
      x-ms-client-request-id: [a32552ae-a7af-11e7-9bac-b8e8564491f6]
      x-ms-date: ['Mon, 02 Oct 2017 20:24:05 GMT']
      x-ms-version: ['2017-04-17']
    method: POST
    uri: https://storagename.table.core.windows.net/Tables
  response:
    body: {string: !!python/unicode ''}
    headers:
      cache-control: [no-cache]
      content-length: ['0']
      dataserviceid: ['https://storagename.table.core.windows.net/Tables(''querytable23930f6b'')']
      date: ['Mon, 02 Oct 2017 20:24:06 GMT']
      location: ['https://storagename.table.core.windows.net/Tables(''querytable23930f6b'')']
      preference-applied: [return-no-content]
      server: [Windows-Azure-Table/1.0 Microsoft-HTTPAPI/2.0]
      x-content-type-options: [nosniff]
      x-ms-request-id: [cda661e0-0002-0072-74bc-3b25ea000000]
      x-ms-version: ['2017-04-17']
    status: {code: 204, message: No Content}
- request:
    body: !!python/unicode '--batch_a348327d-a7af-11e7-b46a-b8e8564491f6

      Content-Type: multipart/mixed; boundary=changeset_a348333a-a7af-11e7-bf8f-b8e8564491f6


      --changeset_a348333a-a7af-11e7-bf8f-b8e8564491f6

      Content-Type: application/http

      Content-Transfer-Encoding: binary


      POST /querytable23930f6b HTTP/1.1

      Content-ID: 1

      Prefer: return-no-content

      Accept: application/json;odata=minimalmetadata

      Content-Type: application/json

      Content-Length: 556


      {"binary": "YmluYXJ5", "age@odata.type": "Edm.Int64", "PartitionKey": "pk23930f6b",
      "ratio": 3.1, "large@odata.type": "Edm.Int64", "age": "39", "married": true,
      "Birthday@odata.type": "Edm.DateTime", "sex": "male", "large": "933311100",
      "birthday@odata.type": "Edm.DateTime", "birthday": "1970-10-04T00:00:00Z", "evenratio":
      3.0, "RowKey": "rk23930f6b1", "clsid": "c9da6455-213d-42c9-9a79-3e9149a57833",
      "binary@odata.type": "Edm.Binary", "Birthday": "1973-10-04T00:00:00Z", "other":
      20, "optional": null, "clsid@odata.type": "Edm.Guid", "deceased": false}


      --changeset_a348333a-a7af-11e7-bf8f-b8e8564491f6

      Content-Type: application/http

      Content-Transfer-Encoding: binary


      POST /querytable23930f6b HTTP/1.1

      Content-ID: 2

      Prefer: return-no-content

      Accept: application/json;odata=minimalmetadata

      Content-Type: application/json

      Content-Length: 557


      {"binary": "YmluYXJ5", "age@odata.type": "Edm.Int64", "PartitionKey": "pk23930f6b",
      "ratio": 3.1, "large@odata.type": "Edm.Int64", "age": "39", "married": true,
      "Birthday@odata.type": "Edm.DateTime", "sex": "male", "large": "933311100",
      "birthday@odata.type": "Edm.DateTime", "birthday": "1970-10-04T00:00:00Z", "evenratio":
      3.0, "RowKey": "rk23930f6b12", "clsid": "c9da6455-213d-42c9-9a79-3e9149a57833",
      "binary@odata.type": "Edm.Binary", "Birthday": "1973-10-04T00:00:00Z", "other":
      20, "optional": null, "clsid@odata.type": "Edm.Guid", "deceased": false}


      --changeset_a348333a-a7af-11e7-bf8f-b8e8564491f6--

      --batch_a348327d-a7af-11e7-b46a-b8e8564491f6--'
    headers:
      Connection: [keep-alive]
      Content-Length: ['1923']
      Content-Type: [!!python/unicode 'multipart/mixed; boundary=batch_a348327d-a7af-11e7-b46a-b8e8564491f6']
      DataServiceVersion: [3.0;NetFx]
      MaxDataServiceVersion: ['3.0']
      User-Agent: [Azure-Storage/0.37.0-0.36.0 (Python CPython 2.7.10; Darwin 16.7.0)]
      x-ms-client-request-id: [a34836ca-a7af-11e7-9a17-b8e8564491f6]
      x-ms-date: ['Mon, 02 Oct 2017 20:24:05 GMT']
      x-ms-version: ['2017-04-17']
    method: POST
    uri: https://storagename.table.core.windows.net/$batch
  response:
    body: {string: !!python/unicode "--batchresponse_d64dce7a-d862-4151-8412-b71c7cb07eb5\r\
        \nContent-Type: multipart/mixed; boundary=changesetresponse_97eeb91a-6c81-4509-bb76-7bfec75c7e4f\r\
        \n\r\n--changesetresponse_97eeb91a-6c81-4509-bb76-7bfec75c7e4f\r\nContent-Type:\
        \ application/http\r\nContent-Transfer-Encoding: binary\r\n\r\nHTTP/1.1 204\
        \ No Content\r\nContent-ID: 1\r\nX-Content-Type-Options: nosniff\r\nCache-Control:\
        \ no-cache\r\nPreference-Applied: return-no-content\r\nDataServiceVersion:\
        \ 3.0;\r\nLocation: https://storagename.table.core.windows.net/querytable23930f6b(PartitionKey='pk23930f6b',RowKey='rk23930f6b1')\r\
        \nDataServiceId: https://storagename.table.core.windows.net/querytable23930f6b(PartitionKey='pk23930f6b',RowKey='rk23930f6b1')\r\
        \nETag: W/\"datetime'2017-10-02T20%3A24%3A06.9457195Z'\"\r\n\r\n\r\n--changesetresponse_97eeb91a-6c81-4509-bb76-7bfec75c7e4f\r\
        \nContent-Type: application/http\r\nContent-Transfer-Encoding: binary\r\n\r\
        \nHTTP/1.1 204 No Content\r\nContent-ID: 2\r\nX-Content-Type-Options: nosniff\r\
        \nCache-Control: no-cache\r\nPreference-Applied: return-no-content\r\nDataServiceVersion:\
        \ 3.0;\r\nLocation: https://storagename.table.core.windows.net/querytable23930f6b(PartitionKey='pk23930f6b',RowKey='rk23930f6b12')\r\
        \nDataServiceId: https://storagename.table.core.windows.net/querytable23930f6b(PartitionKey='pk23930f6b',RowKey='rk23930f6b12')\r\
        \nETag: W/\"datetime'2017-10-02T20%3A24%3A06.9457195Z'\"\r\n\r\n\r\n--changesetresponse_97eeb91a-6c81-4509-bb76-7bfec75c7e4f--\r\
        \n--batchresponse_d64dce7a-d862-4151-8412-b71c7cb07eb5--\r\n"}
    headers:
      cache-control: [no-cache]
      content-type: [multipart/mixed; boundary=batchresponse_d64dce7a-d862-4151-8412-b71c7cb07eb5]
      date: ['Mon, 02 Oct 2017 20:24:06 GMT']
      server: [Windows-Azure-Table/1.0 Microsoft-HTTPAPI/2.0]
      transfer-encoding: [chunked]
      x-content-type-options: [nosniff]
      x-ms-request-id: [cda66207-0002-0072-12bc-3b25ea000000]
      x-ms-version: ['2017-04-17']
    status: {code: 202, message: Accepted}
- request:
    body: null
    headers:
      Accept: [application/json;odata=minimalmetadata]
      Connection: [keep-alive]
      DataServiceVersion: [3.0;NetFx]
      MaxDataServiceVersion: ['3.0']
      User-Agent: [Azure-Storage/0.37.0-0.36.0 (Python CPython 2.7.10; Darwin 16.7.0)]
      x-ms-client-request-id: [a355fa6b-a7af-11e7-8978-b8e8564491f6]
      x-ms-date: ['Mon, 02 Oct 2017 20:24:05 GMT']
      x-ms-version: ['2017-04-17']
    method: GET
    uri: https://storagename.table.core.windows.net/querytable23930f6b()
  response:
    body: {string: !!python/unicode '{"odata.metadata":"https://storagename.table.core.windows.net/$metadata#querytable23930f6b","value":[{"odata.etag":"W/\"datetime''2017-10-02T20%3A24%3A06.9457195Z''\"","PartitionKey":"pk23930f6b","RowKey":"rk23930f6b1","Timestamp":"2017-10-02T20:24:06.9457195Z","binary@odata.type":"Edm.Binary","binary":"YmluYXJ5","ratio":3.1,"age@odata.type":"Edm.Int64","age":"39","married":true,"sex":"male","large@odata.type":"Edm.Int64","large":"933311100","birthday@odata.type":"Edm.DateTime","birthday":"1970-10-04T00:00:00Z","evenratio":3.0,"clsid@odata.type":"Edm.Guid","clsid":"c9da6455-213d-42c9-9a79-3e9149a57833","Birthday@odata.type":"Edm.DateTime","Birthday":"1973-10-04T00:00:00Z","other":20,"deceased":false},{"odata.etag":"W/\"datetime''2017-10-02T20%3A24%3A06.9457195Z''\"","PartitionKey":"pk23930f6b","RowKey":"rk23930f6b12","Timestamp":"2017-10-02T20:24:06.9457195Z","binary@odata.type":"Edm.Binary","binary":"YmluYXJ5","ratio":3.1,"age@odata.type":"Edm.Int64","age":"39","married":true,"sex":"male","large@odata.type":"Edm.Int64","large":"933311100","birthday@odata.type":"Edm.DateTime","birthday":"1970-10-04T00:00:00Z","evenratio":3.0,"clsid@odata.type":"Edm.Guid","clsid":"c9da6455-213d-42c9-9a79-3e9149a57833","Birthday@odata.type":"Edm.DateTime","Birthday":"1973-10-04T00:00:00Z","other":20,"deceased":false}]}'}
    headers:
      cache-control: [no-cache]
      content-type: [application/json;odata=minimalmetadata;streaming=true;charset=utf-8]
      date: ['Mon, 02 Oct 2017 20:24:06 GMT']
      server: [Windows-Azure-Table/1.0 Microsoft-HTTPAPI/2.0]
      transfer-encoding: [chunked]
      x-content-type-options: [nosniff]
      x-ms-request-id: [cda6621a-0002-0072-23bc-3b25ea000000]
      x-ms-version: ['2017-04-17']
    status: {code: 200, message: OK}
version: 1
