interactions:
- request:
    body: null
    headers:
      Connection: [keep-alive]
      Content-Length: ['0']
      User-Agent: [Azure-Storage/0.37.0-0.36.0 (Python CPython 2.7.10; Darwin 16.7.0)]
      x-ms-client-request-id: [8858a1f0-a896-11e7-b71e-b8e8564491f6]
      x-ms-date: ['Tue, 03 Oct 2017 23:56:54 GMT']
      x-ms-version: ['2017-04-17']
    method: PUT
    uri: https://storagename.blob.core.windows.net/utcontainer6ab21a62?restype=container
  response:
    body: {string: !!python/unicode ''}
    headers:
      date: ['Tue, 03 Oct 2017 23:56:53 GMT']
      etag: ['"0x8D50ABA6C9A73F1"']
      last-modified: ['Tue, 03 Oct 2017 23:56:54 GMT']
      server: [Windows-Azure-Blob/1.0 Microsoft-HTTPAPI/2.0]
      transfer-encoding: [chunked]
      x-ms-request-id: [f6e0effe-001e-0038-26a3-3c158d000000]
      x-ms-version: ['2017-04-17']
    status: {code: 201, message: Created}
- request:
    body: !!python/unicode 'hello world'
    headers:
      Connection: [keep-alive]
      Content-Length: ['11']
      User-Agent: [Azure-Storage/0.37.0-0.36.0 (Python CPython 2.7.10; Darwin 16.7.0)]
      x-ms-blob-type: [BlockBlob]
      x-ms-client-request-id: [886cc111-a896-11e7-be11-b8e8564491f6]
      x-ms-date: ['Tue, 03 Oct 2017 23:56:54 GMT']
      x-ms-version: ['2017-04-17']
    method: PUT
    uri: https://storagename.blob.core.windows.net/utcontainer6ab21a62/blob1
  response:
    body: {string: !!python/unicode ''}
    headers:
      content-md5: [XrY7u+Ae7tCTyyK7j1rNww==]
      date: ['Tue, 03 Oct 2017 23:56:54 GMT']
      etag: ['"0x8D50ABA6C9E2247"']
      last-modified: ['Tue, 03 Oct 2017 23:56:54 GMT']
      server: [Windows-Azure-Blob/1.0 Microsoft-HTTPAPI/2.0]
      transfer-encoding: [chunked]
      x-ms-request-id: [f6e0f013-001e-0038-39a3-3c158d000000]
      x-ms-request-server-encrypted: ['true']
      x-ms-version: ['2017-04-17']
    status: {code: 201, message: Created}
- request:
    body: null
    headers:
      Connection: [keep-alive]
      Content-Length: ['0']
      If-Modified-Since: ['Wed, 04 Oct 2017 00:11:54 GMT']
      User-Agent: [Azure-Storage/0.37.0-0.36.0 (Python CPython 2.7.10; Darwin 16.7.0)]
      x-ms-client-request-id: [8872d79e-a896-11e7-a838-b8e8564491f6]
      x-ms-date: ['Tue, 03 Oct 2017 23:56:54 GMT']
      x-ms-lease-action: [acquire]
      x-ms-lease-duration: ['-1']
      x-ms-version: ['2017-04-17']
    method: PUT
    uri: https://storagename.blob.core.windows.net/utcontainer6ab21a62/blob1?comp=lease
  response:
    body: {string: "\uFEFF<?xml version=\"1.0\" encoding=\"utf-8\"?><Error><Code>ConditionNotMet</Code><Message>The\
        \ condition specified using HTTP conditional header(s) is not met.\nRequestId:f6e0f020-001e-0038-44a3-3c158d000000\n\
        Time:2017-10-03T23:56:54.5860191Z</Message></Error>"}
    headers:
      content-length: ['252']
      content-type: [application/xml]
      date: ['Tue, 03 Oct 2017 23:56:54 GMT']
      server: [Windows-Azure-Blob/1.0 Microsoft-HTTPAPI/2.0]
      x-ms-request-id: [f6e0f020-001e-0038-44a3-3c158d000000]
      x-ms-version: ['2017-04-17']
    status: {code: 412, message: The condition specified using HTTP conditional header(s)
        is not met.}
version: 1
