interactions:
- request:
    body: '{"PartitionKey": "003", "RowKey": "batch_all_operations_together-1", "test":
      "true", "test2": "value", "test3": "3", "test3@odata.type": "Edm.Int64", "test4":
      "1234567890", "test4@odata.type": "Edm.Int64", "test5": "2017-07-13T18:53:22Z",
      "test5@odata.type": "Edm.DateTime"}'
    headers:
      Accept: [application/json;odata=minimalmetadata]
      Connection: [keep-alive]
      Content-Length: ['274']
      Content-Type: [application/json]
      DataServiceVersion: [3.0;NetFx]
      MaxDataServiceVersion: ['3.0']
      Prefer: [return-no-content]
      User-Agent: [Azure-Storage/0.35.0 (Python CPython 3.6.1; Darwin 16.6.0)]
      x-ms-client-request-id: [8b93c2d0-67fc-11e7-85ec-b8e8564491f6]
      x-ms-date: ['Thu, 13 Jul 2017 18:53:22 GMT']
      x-ms-version: ['2017-04-17']
    method: POST
    uri: https://storagename.table.core.windows.net/table9ed31b72
  response:
    body: {string: ''}
    headers:
      Cache-Control: [no-cache]
      Content-Length: ['0']
      DataServiceId: ['https://storagename.table.core.windows.net/table9ed31b72(PartitionKey=''003'',RowKey=''batch_all_operations_together-1'')']
      Date: ['Thu, 13 Jul 2017 18:53:22 GMT']
      ETag: [W/"datetime'2017-07-13T18%3A53%3A22.7654085Z'"]
      Location: ['https://storagename.table.core.windows.net/table9ed31b72(PartitionKey=''003'',RowKey=''batch_all_operations_together-1'')']
      Preference-Applied: [return-no-content]
      Server: [Windows-Azure-Table/1.0 Microsoft-HTTPAPI/2.0]
      X-Content-Type-Options: [nosniff]
      x-ms-request-id: [0adf0522-0002-007d-3209-fcc81c000000]
      x-ms-version: ['2017-04-17']
    status: {code: 204, message: No Content}
- request:
    body: '{"PartitionKey": "003", "RowKey": "batch_all_operations_together-2", "test":
      "true", "test2": "value", "test3": "3", "test3@odata.type": "Edm.Int64", "test4":
      "1234567890", "test4@odata.type": "Edm.Int64", "test5": "2017-07-13T18:53:22Z",
      "test5@odata.type": "Edm.DateTime"}'
    headers:
      Accept: [application/json;odata=minimalmetadata]
      Connection: [keep-alive]
      Content-Length: ['274']
      Content-Type: [application/json]
      DataServiceVersion: [3.0;NetFx]
      MaxDataServiceVersion: ['3.0']
      Prefer: [return-no-content]
      User-Agent: [Azure-Storage/0.35.0 (Python CPython 3.6.1; Darwin 16.6.0)]
      x-ms-client-request-id: [8ba70f3e-67fc-11e7-b82e-b8e8564491f6]
      x-ms-date: ['Thu, 13 Jul 2017 18:53:23 GMT']
      x-ms-version: ['2017-04-17']
    method: POST
    uri: https://storagename.table.core.windows.net/table9ed31b72
  response:
    body: {string: ''}
    headers:
      Cache-Control: [no-cache]
      Content-Length: ['0']
      DataServiceId: ['https://storagename.table.core.windows.net/table9ed31b72(PartitionKey=''003'',RowKey=''batch_all_operations_together-2'')']
      Date: ['Thu, 13 Jul 2017 18:53:22 GMT']
      ETag: [W/"datetime'2017-07-13T18%3A53%3A22.8004356Z'"]
      Location: ['https://storagename.table.core.windows.net/table9ed31b72(PartitionKey=''003'',RowKey=''batch_all_operations_together-2'')']
      Preference-Applied: [return-no-content]
      Server: [Windows-Azure-Table/1.0 Microsoft-HTTPAPI/2.0]
      X-Content-Type-Options: [nosniff]
      x-ms-request-id: [0adf052a-0002-007d-3809-fcc81c000000]
      x-ms-version: ['2017-04-17']
    status: {code: 204, message: No Content}
- request:
    body: '{"PartitionKey": "003", "RowKey": "batch_all_operations_together-3", "test":
      "true", "test2": "value", "test3": "3", "test3@odata.type": "Edm.Int64", "test4":
      "1234567890", "test4@odata.type": "Edm.Int64", "test5": "2017-07-13T18:53:22Z",
      "test5@odata.type": "Edm.DateTime"}'
    headers:
      Accept: [application/json;odata=minimalmetadata]
      Connection: [keep-alive]
      Content-Length: ['274']
      Content-Type: [application/json]
      DataServiceVersion: [3.0;NetFx]
      MaxDataServiceVersion: ['3.0']
      Prefer: [return-no-content]
      User-Agent: [Azure-Storage/0.35.0 (Python CPython 3.6.1; Darwin 16.6.0)]
      x-ms-client-request-id: [8bacab88-67fc-11e7-8088-b8e8564491f6]
      x-ms-date: ['Thu, 13 Jul 2017 18:53:23 GMT']
      x-ms-version: ['2017-04-17']
    method: POST
    uri: https://storagename.table.core.windows.net/table9ed31b72
  response:
    body: {string: ''}
    headers:
      Cache-Control: [no-cache]
      Content-Length: ['0']
      DataServiceId: ['https://storagename.table.core.windows.net/table9ed31b72(PartitionKey=''003'',RowKey=''batch_all_operations_together-3'')']
      Date: ['Thu, 13 Jul 2017 18:53:22 GMT']
      ETag: [W/"datetime'2017-07-13T18%3A53%3A22.83646Z'"]
      Location: ['https://storagename.table.core.windows.net/table9ed31b72(PartitionKey=''003'',RowKey=''batch_all_operations_together-3'')']
      Preference-Applied: [return-no-content]
      Server: [Windows-Azure-Table/1.0 Microsoft-HTTPAPI/2.0]
      X-Content-Type-Options: [nosniff]
      x-ms-request-id: [0adf052c-0002-007d-3a09-fcc81c000000]
      x-ms-version: ['2017-04-17']
    status: {code: 204, message: No Content}
- request:
    body: '{"PartitionKey": "003", "RowKey": "batch_all_operations_together-4", "test":
      "true", "test2": "value", "test3": "3", "test3@odata.type": "Edm.Int64", "test4":
      "1234567890", "test4@odata.type": "Edm.Int64", "test5": "2017-07-13T18:53:22Z",
      "test5@odata.type": "Edm.DateTime"}'
    headers:
      Accept: [application/json;odata=minimalmetadata]
      Connection: [keep-alive]
      Content-Length: ['274']
      Content-Type: [application/json]
      DataServiceVersion: [3.0;NetFx]
      MaxDataServiceVersion: ['3.0']
      Prefer: [return-no-content]
      User-Agent: [Azure-Storage/0.35.0 (Python CPython 3.6.1; Darwin 16.6.0)]
      x-ms-client-request-id: [8bb20ea2-67fc-11e7-a722-b8e8564491f6]
      x-ms-date: ['Thu, 13 Jul 2017 18:53:23 GMT']
      x-ms-version: ['2017-04-17']
    method: POST
    uri: https://storagename.table.core.windows.net/table9ed31b72
  response:
    body: {string: ''}
    headers:
      Cache-Control: [no-cache]
      Content-Length: ['0']
      DataServiceId: ['https://storagename.table.core.windows.net/table9ed31b72(PartitionKey=''003'',RowKey=''batch_all_operations_together-4'')']
      Date: ['Thu, 13 Jul 2017 18:53:22 GMT']
      ETag: [W/"datetime'2017-07-13T18%3A53%3A22.8724865Z'"]
      Location: ['https://storagename.table.core.windows.net/table9ed31b72(PartitionKey=''003'',RowKey=''batch_all_operations_together-4'')']
      Preference-Applied: [return-no-content]
      Server: [Windows-Azure-Table/1.0 Microsoft-HTTPAPI/2.0]
      X-Content-Type-Options: [nosniff]
      x-ms-request-id: [0adf052e-0002-007d-3c09-fcc81c000000]
      x-ms-version: ['2017-04-17']
    status: {code: 204, message: No Content}
- request:
    body: '--batch_8bb78152-67fc-11e7-aa81-b8e8564491f6

      Content-Type: multipart/mixed; boundary=changeset_8bb781f4-67fc-11e7-af27-b8e8564491f6


      --changeset_8bb781f4-67fc-11e7-af27-b8e8564491f6

      Content-Type: application/http

      Content-Transfer-Encoding: binary


      POST /table9ed31b72 HTTP/1.1

      Content-ID: 1

      Content-Type: application/json

      Accept: application/json;odata=minimalmetadata

      Prefer: return-no-content

      Content-Length: 272


      {"PartitionKey": "003", "RowKey": "batch_all_operations_together", "test": "true",
      "test2": "value", "test3": "3", "test3@odata.type": "Edm.Int64", "test4": "1234567890",
      "test4@odata.type": "Edm.Int64", "test5": "2017-07-13T18:53:22Z", "test5@odata.type":
      "Edm.DateTime"}


      --changeset_8bb781f4-67fc-11e7-af27-b8e8564491f6

      Content-Type: application/http

      Content-Transfer-Encoding: binary


      DELETE /table9ed31b72(PartitionKey=''003'',RowKey=''batch_all_operations_together-1'')
      HTTP/1.1

      Content-ID: 2

      Accept: application/json;odata=minimalmetadata

      If-Match: *


      --changeset_8bb781f4-67fc-11e7-af27-b8e8564491f6

      Content-Type: application/http

      Content-Transfer-Encoding: binary


      PUT /table9ed31b72(PartitionKey=''003'',RowKey=''batch_all_operations_together-2'')
      HTTP/1.1

      Content-ID: 3

      Content-Type: application/json

      Accept: application/json;odata=minimalmetadata

      If-Match: *

      Content-Length: 275


      {"PartitionKey": "003", "RowKey": "batch_all_operations_together-2", "test":
      "true", "test2": "value", "test3": "10", "test3@odata.type": "Edm.Int64", "test4":
      "1234567890", "test4@odata.type": "Edm.Int64", "test5": "2017-07-13T18:53:22Z",
      "test5@odata.type": "Edm.DateTime"}


      --changeset_8bb781f4-67fc-11e7-af27-b8e8564491f6

      Content-Type: application/http

      Content-Transfer-Encoding: binary


      MERGE /table9ed31b72(PartitionKey=''003'',RowKey=''batch_all_operations_together-3'')
      HTTP/1.1

      Content-ID: 4

      Content-Type: application/json

      Accept: application/json;odata=minimalmetadata

      If-Match: *

      Content-Length: 276


      {"PartitionKey": "003", "RowKey": "batch_all_operations_together-3", "test":
      "true", "test2": "value", "test3": "100", "test3@odata.type": "Edm.Int64", "test4":
      "1234567890", "test4@odata.type": "Edm.Int64", "test5": "2017-07-13T18:53:22Z",
      "test5@odata.type": "Edm.DateTime"}


      --changeset_8bb781f4-67fc-11e7-af27-b8e8564491f6

      Content-Type: application/http

      Content-Transfer-Encoding: binary


      PUT /table9ed31b72(PartitionKey=''003'',RowKey=''batch_all_operations_together-4'')
      HTTP/1.1

      Content-ID: 5

      Content-Type: application/json

      Accept: application/json;odata=minimalmetadata

      Content-Length: 275


      {"PartitionKey": "003", "RowKey": "batch_all_operations_together-4", "test":
      "true", "test2": "value", "test3": "10", "test3@odata.type": "Edm.Int64", "test4":
      "1234567890", "test4@odata.type": "Edm.Int64", "test5": "2017-07-13T18:53:22Z",
      "test5@odata.type": "Edm.DateTime"}


      --changeset_8bb781f4-67fc-11e7-af27-b8e8564491f6

      Content-Type: application/http

      Content-Transfer-Encoding: binary


      MERGE /table9ed31b72(PartitionKey=''003'',RowKey=''batch_all_operations_together-5'')
      HTTP/1.1

      Content-ID: 6

      Content-Type: application/json

      Accept: application/json;odata=minimalmetadata

      Content-Length: 275


      {"PartitionKey": "003", "RowKey": "batch_all_operations_together-5", "test":
      "true", "test2": "value", "test3": "10", "test3@odata.type": "Edm.Int64", "test4":
      "1234567890", "test4@odata.type": "Edm.Int64", "test5": "2017-07-13T18:53:22Z",
      "test5@odata.type": "Edm.DateTime"}


      --changeset_8bb781f4-67fc-11e7-af27-b8e8564491f6--

      --batch_8bb78152-67fc-11e7-aa81-b8e8564491f6--'
    headers:
      Connection: [keep-alive]
      Content-Length: ['3473']
      Content-Type: [multipart/mixed; boundary=batch_8bb78152-67fc-11e7-aa81-b8e8564491f6]
      DataServiceVersion: [3.0;NetFx]
      MaxDataServiceVersion: ['3.0']
      User-Agent: [Azure-Storage/0.35.0 (Python CPython 3.6.1; Darwin 16.6.0)]
      x-ms-client-request-id: [8bb7881e-67fc-11e7-8710-b8e8564491f6]
      x-ms-date: ['Thu, 13 Jul 2017 18:53:23 GMT']
      x-ms-version: ['2017-04-17']
    method: POST
    uri: https://storagename.table.core.windows.net/$batch
  response:
    body: {string: "--batchresponse_24442dd4-599f-4083-b0e1-0a177d33d73e\r\nContent-Type:\
        \ multipart/mixed; boundary=changesetresponse_8965f74d-78b0-4e1c-b75c-1b93202feaf4\r\
        \n\r\n--changesetresponse_8965f74d-78b0-4e1c-b75c-1b93202feaf4\r\nContent-Type:\
        \ application/http\r\nContent-Transfer-Encoding: binary\r\n\r\nHTTP/1.1 204\
        \ No Content\r\nContent-ID: 1\r\nX-Content-Type-Options: nosniff\r\nCache-Control:\
        \ no-cache\r\nPreference-Applied: return-no-content\r\nDataServiceVersion:\
        \ 3.0;\r\nLocation: https://storagename.table.core.windows.net/table9ed31b72(PartitionKey='003',RowKey='batch_all_operations_together')\r\
        \nDataServiceId: https://storagename.table.core.windows.net/table9ed31b72(PartitionKey='003',RowKey='batch_all_operations_together')\r\
        \nETag: W/\"datetime'2017-07-13T18%3A53%3A22.9125156Z'\"\r\n\r\n\r\n--changesetresponse_8965f74d-78b0-4e1c-b75c-1b93202feaf4\r\
        \nContent-Type: application/http\r\nContent-Transfer-Encoding: binary\r\n\r\
        \nHTTP/1.1 204 No Content\r\nContent-ID: 2\r\nX-Content-Type-Options: nosniff\r\
        \nCache-Control: no-cache\r\nDataServiceVersion: 1.0;\r\n\r\n\r\n--changesetresponse_8965f74d-78b0-4e1c-b75c-1b93202feaf4\r\
        \nContent-Type: application/http\r\nContent-Transfer-Encoding: binary\r\n\r\
        \nHTTP/1.1 204 No Content\r\nContent-ID: 3\r\nX-Content-Type-Options: nosniff\r\
        \nCache-Control: no-cache\r\nDataServiceVersion: 1.0;\r\nETag: W/\"datetime'2017-07-13T18%3A53%3A22.8222986Z'\"\
        \r\n\r\n\r\n--changesetresponse_8965f74d-78b0-4e1c-b75c-1b93202feaf4\r\nContent-Type:\
        \ application/http\r\nContent-Transfer-Encoding: binary\r\n\r\nHTTP/1.1 204\
        \ No Content\r\nContent-ID: 4\r\nX-Content-Type-Options: nosniff\r\nCache-Control:\
        \ no-cache\r\nDataServiceVersion: 1.0;\r\nETag: W/\"datetime'2017-07-13T18%3A53%3A22.83746Z'\"\
        \r\n\r\n\r\n--changesetresponse_8965f74d-78b0-4e1c-b75c-1b93202feaf4\r\nContent-Type:\
        \ application/http\r\nContent-Transfer-Encoding: binary\r\n\r\nHTTP/1.1 204\
        \ No Content\r\nContent-ID: 5\r\nX-Content-Type-Options: nosniff\r\nCache-Control:\
        \ no-cache\r\nDataServiceVersion: 1.0;\r\nETag: W/\"datetime'2017-07-13T18%3A53%3A22.8734865Z'\"\
        \r\n\r\n\r\n--changesetresponse_8965f74d-78b0-4e1c-b75c-1b93202feaf4\r\nContent-Type:\
        \ application/http\r\nContent-Transfer-Encoding: binary\r\n\r\nHTTP/1.1 204\
        \ No Content\r\nContent-ID: 6\r\nX-Content-Type-Options: nosniff\r\nCache-Control:\
        \ no-cache\r\nDataServiceVersion: 1.0;\r\nETag: W/\"datetime'2017-07-13T18%3A53%3A22.8222986Z'\"\
        \r\n\r\n\r\n--changesetresponse_8965f74d-78b0-4e1c-b75c-1b93202feaf4--\r\n\
        --batchresponse_24442dd4-599f-4083-b0e1-0a177d33d73e--\r\n"}
    headers:
      Cache-Control: [no-cache]
      Content-Type: [multipart/mixed; boundary=batchresponse_24442dd4-599f-4083-b0e1-0a177d33d73e]
      Date: ['Thu, 13 Jul 2017 18:53:22 GMT']
      Server: [Windows-Azure-Table/1.0 Microsoft-HTTPAPI/2.0]
      Transfer-Encoding: [chunked]
      X-Content-Type-Options: [nosniff]
      x-ms-request-id: [0adf0536-0002-007d-4209-fcc81c000000]
      x-ms-version: ['2017-04-17']
    status: {code: 202, message: Accepted}
- request:
    body: null
    headers:
      Accept: [application/json;odata=minimalmetadata]
      Connection: [keep-alive]
      DataServiceVersion: [3.0;NetFx]
      MaxDataServiceVersion: ['3.0']
      User-Agent: [Azure-Storage/0.35.0 (Python CPython 3.6.1; Darwin 16.6.0)]
      x-ms-client-request-id: [8bc13850-67fc-11e7-98bb-b8e8564491f6]
      x-ms-date: ['Thu, 13 Jul 2017 18:53:23 GMT']
      x-ms-version: ['2017-04-17']
    method: GET
    uri: https://storagename.table.core.windows.net/table9ed31b72()?%24filter=PartitionKey+eq+%27003%27&%24select=
  response:
    body: {string: '{"odata.metadata":"https://storagename.table.core.windows.net/$metadata#table9ed31b72&$select=","value":[{"odata.etag":"W/\"datetime''2017-07-13T18%3A53%3A22.9125156Z''\"","PartitionKey":"003","RowKey":"batch_all_operations_together","Timestamp":"2017-07-13T18:53:22.9125156Z","test":"true","test2":"value","test3@odata.type":"Edm.Int64","test3":"3","test4@odata.type":"Edm.Int64","test4":"1234567890","test5@odata.type":"Edm.DateTime","test5":"2017-07-13T18:53:22Z"},{"odata.etag":"W/\"datetime''2017-07-13T18%3A53%3A22.8222986Z''\"","PartitionKey":"003","RowKey":"batch_all_operations_together-2","Timestamp":"2017-07-13T18:53:22.8222986Z","test":"true","test2":"value","test3@odata.type":"Edm.Int64","test3":"10","test4@odata.type":"Edm.Int64","test4":"1234567890","test5@odata.type":"Edm.DateTime","test5":"2017-07-13T18:53:22Z"},{"odata.etag":"W/\"datetime''2017-07-13T18%3A53%3A22.83746Z''\"","PartitionKey":"003","RowKey":"batch_all_operations_together-3","Timestamp":"2017-07-13T18:53:22.83746Z","test":"true","test2":"value","test3@odata.type":"Edm.Int64","test3":"100","test4@odata.type":"Edm.Int64","test4":"1234567890","test5@odata.type":"Edm.DateTime","test5":"2017-07-13T18:53:22Z"},{"odata.etag":"W/\"datetime''2017-07-13T18%3A53%3A22.8734865Z''\"","PartitionKey":"003","RowKey":"batch_all_operations_together-4","Timestamp":"2017-07-13T18:53:22.8734865Z","test":"true","test2":"value","test3@odata.type":"Edm.Int64","test3":"10","test4@odata.type":"Edm.Int64","test4":"1234567890","test5@odata.type":"Edm.DateTime","test5":"2017-07-13T18:53:22Z"},{"odata.etag":"W/\"datetime''2017-07-13T18%3A53%3A22.8222986Z''\"","PartitionKey":"003","RowKey":"batch_all_operations_together-5","Timestamp":"2017-07-13T18:53:22.8222986Z","test":"true","test2":"value","test3@odata.type":"Edm.Int64","test3":"10","test4@odata.type":"Edm.Int64","test4":"1234567890","test5@odata.type":"Edm.DateTime","test5":"2017-07-13T18:53:22Z"}]}'}
    headers:
      Cache-Control: [no-cache]
      Content-Type: [application/json;odata=minimalmetadata;streaming=true;charset=utf-8]
      Date: ['Thu, 13 Jul 2017 18:53:22 GMT']
      Server: [Windows-Azure-Table/1.0 Microsoft-HTTPAPI/2.0]
      Transfer-Encoding: [chunked]
      X-Content-Type-Options: [nosniff]
      x-ms-request-id: [0adf0549-0002-007d-5509-fcc81c000000]
      x-ms-version: ['2017-04-17']
    status: {code: 200, message: OK}
version: 1
