interactions:
- request:
    body: null
    headers:
      Connection: [keep-alive]
      Content-Length: ['0']
      User-Agent: [Azure-Storage/0.35.0 (Python CPython 3.6.1; Darwin 16.6.0)]
      x-ms-client-request-id: [ee6f8ec2-67fa-11e7-867d-b8e8564491f6]
      x-ms-date: ['Thu, 13 Jul 2017 18:41:49 GMT']
      x-ms-version: ['2017-04-17']
    method: PUT
    uri: https://storagename.blob.core.windows.net/utcontainer3b4919cd?restype=container
  response:
    body: {string: ''}
    headers:
      Date: ['Thu, 13 Jul 2017 18:41:49 GMT']
      ETag: ['"0x8D4CA1ED2B563EC"']
      Last-Modified: ['Thu, 13 Jul 2017 18:41:49 GMT']
      Server: [Windows-Azure-Blob/1.0 Microsoft-HTTPAPI/2.0]
      Transfer-Encoding: [chunked]
      x-ms-request-id: [410dc0d8-0001-00c5-1007-fc2aef000000]
      x-ms-version: ['2017-04-17']
    status: {code: 201, message: Created}
- request:
    body: hello world
    headers:
      Connection: [keep-alive]
      Content-Length: ['11']
      User-Agent: [Azure-Storage/0.35.0 (Python CPython 3.6.1; Darwin 16.6.0)]
      x-ms-blob-type: [BlockBlob]
      x-ms-client-request-id: [ee854f6e-67fa-11e7-9d6b-b8e8564491f6]
      x-ms-date: ['Thu, 13 Jul 2017 18:41:49 GMT']
      x-ms-version: ['2017-04-17']
    method: PUT
    uri: https://storagename.blob.core.windows.net/utcontainer3b4919cd/blob1
  response:
    body: {string: ''}
    headers:
      Content-MD5: [XrY7u+Ae7tCTyyK7j1rNww==]
      Date: ['Thu, 13 Jul 2017 18:41:49 GMT']
      ETag: ['"0x8D4CA1ED28D964A"']
      Last-Modified: ['Thu, 13 Jul 2017 18:41:49 GMT']
      Server: [Windows-Azure-Blob/1.0 Microsoft-HTTPAPI/2.0]
      Transfer-Encoding: [chunked]
      x-ms-request-id: [410dc0e8-0001-00c5-1d07-fc2aef000000]
      x-ms-request-server-encrypted: ['true']
      x-ms-version: ['2017-04-17']
    status: {code: 201, message: Created}
- request:
    body: null
    headers:
      Connection: [keep-alive]
      Content-Length: ['0']
      If-Modified-Since: ['Thu, 13 Jul 2017 18:26:49 GMT']
      User-Agent: [Azure-Storage/0.35.0 (Python CPython 3.6.1; Darwin 16.6.0)]
      x-ms-client-request-id: [ee8b9358-67fa-11e7-97ee-b8e8564491f6]
      x-ms-date: ['Thu, 13 Jul 2017 18:41:49 GMT']
      x-ms-version: ['2017-04-17']
    method: PUT
    uri: https://storagename.blob.core.windows.net/utcontainer3b4919cd/blob1?comp=snapshot
  response:
    body: {string: ''}
    headers:
      Date: ['Thu, 13 Jul 2017 18:41:49 GMT']
      ETag: ['"0x8D4CA1ED28D964A"']
      Last-Modified: ['Thu, 13 Jul 2017 18:41:49 GMT']
      Server: [Windows-Azure-Blob/1.0 Microsoft-HTTPAPI/2.0]
      Transfer-Encoding: [chunked]
      x-ms-request-id: [410dc0f4-0001-00c5-2607-fc2aef000000]
      x-ms-snapshot: ['2017-07-13T18:41:49.6816891Z']
      x-ms-version: ['2017-04-17']
    status: {code: 201, message: Created}
version: 1
