interactions:
- request:
    body: null
    headers:
      Connection: [keep-alive]
      Content-Length: ['0']
      User-Agent: [Azure-Storage/0.34.3 (Python CPython 3.6.1; Windows 10)]
      x-ms-client-request-id: [443241de-50c8-11e7-8219-705a0f3d3f8d]
      x-ms-date: ['Wed, 14 Jun 2017 06:11:12 GMT']
      x-ms-version: ['2016-05-31']
    method: PUT
    uri: https://storagename.blob.core.windows.net/utcontainer81b1909?restype=container
  response:
    body: {string: ''}
    headers:
      Date: ['Wed, 14 Jun 2017 06:11:12 GMT']
      ETag: ['"0x8D4B2EC28473C32"']
      Last-Modified: ['Wed, 14 Jun 2017 06:11:12 GMT']
      Server: [Windows-Azure-Blob/1.0 Microsoft-HTTPAPI/2.0]
      Transfer-Encoding: [chunked]
      x-ms-request-id: [99f602de-0001-00b9-47d5-e4b7da000000]
      x-ms-version: ['2016-05-31']
    status: {code: 201, message: Created}
- request:
    body: '<?xml version=''1.0'' encoding=''utf-8''?>

      <BlockList />'
    headers:
      Connection: [keep-alive]
      Content-Length: ['52']
      User-Agent: [Azure-Storage/0.34.3 (Python CPython 3.6.1; Windows 10)]
      x-ms-client-request-id: [44446f46-50c8-11e7-b4d4-705a0f3d3f8d]
      x-ms-date: ['Wed, 14 Jun 2017 06:11:12 GMT']
      x-ms-version: ['2016-05-31']
    method: PUT
    uri: https://storagename.blob.core.windows.net/utcontainer81b1909/blob1?comp=blocklist
  response:
    body: {string: ''}
    headers:
      Content-MD5: [NgbQHgw94OQ3P8fSkY5Pxg==]
      Date: ['Wed, 14 Jun 2017 06:11:12 GMT']
      ETag: ['"0x8D4B2EC2829A0A4"']
      Last-Modified: ['Wed, 14 Jun 2017 06:11:12 GMT']
      Server: [Windows-Azure-Blob/1.0 Microsoft-HTTPAPI/2.0]
      Transfer-Encoding: [chunked]
      x-ms-request-id: [99f602e8-0001-00b9-4ed5-e4b7da000000]
      x-ms-request-server-encrypted: ['true']
      x-ms-version: ['2016-05-31']
    status: {code: 201, message: Created}
- request:
    body: AAA
    headers:
      Connection: [keep-alive]
      Content-Length: ['3']
      User-Agent: [Azure-Storage/0.34.3 (Python CPython 3.6.1; Windows 10)]
      x-ms-client-request-id: [444b6b8c-50c8-11e7-a3cd-705a0f3d3f8d]
      x-ms-date: ['Wed, 14 Jun 2017 06:11:12 GMT']
      x-ms-version: ['2016-05-31']
    method: PUT
    uri: https://storagename.blob.core.windows.net/utcontainer81b1909/blob1?comp=block&blockid=MQ%3D%3D
  response:
    body: {string: ''}
    headers:
      Content-MD5: [4fr/s+YU5sL7p0KWliOGtw==]
      Date: ['Wed, 14 Jun 2017 06:11:12 GMT']
      Server: [Windows-Azure-Blob/1.0 Microsoft-HTTPAPI/2.0]
      Transfer-Encoding: [chunked]
      x-ms-request-id: [99f602f8-0001-00b9-5bd5-e4b7da000000]
      x-ms-request-server-encrypted: ['true']
      x-ms-version: ['2016-05-31']
    status: {code: 201, message: Created}
- request:
    body: BBB
    headers:
      Connection: [keep-alive]
      Content-Length: ['3']
      User-Agent: [Azure-Storage/0.34.3 (Python CPython 3.6.1; Windows 10)]
      x-ms-client-request-id: [44512364-50c8-11e7-9037-705a0f3d3f8d]
      x-ms-date: ['Wed, 14 Jun 2017 06:11:12 GMT']
      x-ms-version: ['2016-05-31']
    method: PUT
    uri: https://storagename.blob.core.windows.net/utcontainer81b1909/blob1?comp=block&blockid=Mg%3D%3D
  response:
    body: {string: ''}
    headers:
      Content-MD5: [K7Il8LqaWJMHV6ho7VfZow==]
      Date: ['Wed, 14 Jun 2017 06:11:12 GMT']
      Server: [Windows-Azure-Blob/1.0 Microsoft-HTTPAPI/2.0]
      Transfer-Encoding: [chunked]
      x-ms-request-id: [99f60300-0001-00b9-63d5-e4b7da000000]
      x-ms-request-server-encrypted: ['true']
      x-ms-version: ['2016-05-31']
    status: {code: 201, message: Created}
- request:
    body: CCC
    headers:
      Connection: [keep-alive]
      Content-Length: ['3']
      User-Agent: [Azure-Storage/0.34.3 (Python CPython 3.6.1; Windows 10)]
      x-ms-client-request-id: [445679ac-50c8-11e7-b768-705a0f3d3f8d]
      x-ms-date: ['Wed, 14 Jun 2017 06:11:12 GMT']
      x-ms-version: ['2016-05-31']
    method: PUT
    uri: https://storagename.blob.core.windows.net/utcontainer81b1909/blob1?comp=block&blockid=Mw%3D%3D
  response:
    body: {string: ''}
    headers:
      Content-MD5: [3vuZ5pqfH24G8VAGsfFmrg==]
      Date: ['Wed, 14 Jun 2017 06:11:12 GMT']
      Server: [Windows-Azure-Blob/1.0 Microsoft-HTTPAPI/2.0]
      Transfer-Encoding: [chunked]
      x-ms-request-id: [99f60305-0001-00b9-68d5-e4b7da000000]
      x-ms-request-server-encrypted: ['true']
      x-ms-version: ['2016-05-31']
    status: {code: 201, message: Created}
- request:
    body: null
    headers:
      Connection: [keep-alive]
      User-Agent: [Azure-Storage/0.34.3 (Python CPython 3.6.1; Windows 10)]
      x-ms-client-request-id: [445b499e-50c8-11e7-9af2-705a0f3d3f8d]
      x-ms-date: ['Wed, 14 Jun 2017 06:11:12 GMT']
      x-ms-version: ['2016-05-31']
    method: HEAD
    uri: https://storagename.blob.core.windows.net/utcontainer81b1909/blob1
  response:
    body: {string: ''}
    headers:
      Accept-Ranges: [bytes]
      Content-Length: ['0']
      Content-Type: [application/octet-stream]
      Date: ['Wed, 14 Jun 2017 06:11:12 GMT']
      ETag: ['"0x8D4B2EC2829A0A4"']
      Last-Modified: ['Wed, 14 Jun 2017 06:11:12 GMT']
      Server: [Windows-Azure-Blob/1.0 Microsoft-HTTPAPI/2.0]
      Vary: [Origin]
      x-ms-blob-type: [BlockBlob]
      x-ms-lease-state: [available]
      x-ms-lease-status: [unlocked]
      x-ms-request-id: [99f6030c-0001-00b9-6ed5-e4b7da000000]
      x-ms-server-encrypted: ['true']
      x-ms-version: ['2016-05-31']
    status: {code: 200, message: OK}
- request:
    body: '<?xml version=''1.0'' encoding=''utf-8''?>

      <BlockList><Latest>MQ==</Latest><Latest>Mg==</Latest><Latest>Mw==</Latest></BlockList>'
    headers:
      Connection: [keep-alive]
      Content-Length: ['125']
      If-Match: ['"0x8D4B2EC2829A0A4"']
      User-Agent: [Azure-Storage/0.34.3 (Python CPython 3.6.1; Windows 10)]
      x-ms-client-request-id: [445f7342-50c8-11e7-8414-705a0f3d3f8d]
      x-ms-date: ['Wed, 14 Jun 2017 06:11:12 GMT']
      x-ms-version: ['2016-05-31']
    method: PUT
    uri: https://storagename.blob.core.windows.net/utcontainer81b1909/blob1?comp=blocklist
  response:
    body: {string: ''}
    headers:
      Content-MD5: [GD5pABqdSyI51XhMKrkBRA==]
      Date: ['Wed, 14 Jun 2017 06:11:12 GMT']
      ETag: ['"0x8D4B2EC284347A8"']
      Last-Modified: ['Wed, 14 Jun 2017 06:11:12 GMT']
      Server: [Windows-Azure-Blob/1.0 Microsoft-HTTPAPI/2.0]
      Transfer-Encoding: [chunked]
      x-ms-request-id: [99f60318-0001-00b9-78d5-e4b7da000000]
      x-ms-request-server-encrypted: ['true']
      x-ms-version: ['2016-05-31']
    status: {code: 201, message: Created}
- request:
    body: null
    headers:
      Connection: [keep-alive]
      User-Agent: [Azure-Storage/0.34.3 (Python CPython 3.6.1; Windows 10)]
      x-ms-client-request-id: [44683850-50c8-11e7-b4db-705a0f3d3f8d]
      x-ms-date: ['Wed, 14 Jun 2017 06:11:12 GMT']
      x-ms-range: [bytes=0-33554431]
      x-ms-version: ['2016-05-31']
    method: GET
    uri: https://storagename.blob.core.windows.net/utcontainer81b1909/blob1
  response:
    body: {string: AAABBBCCC}
    headers:
      Accept-Ranges: [bytes]
      Content-Length: ['9']
      Content-Range: [bytes 0-8/9]
      Content-Type: [application/octet-stream]
      Date: ['Wed, 14 Jun 2017 06:11:12 GMT']
      ETag: ['"0x8D4B2EC284347A8"']
      Last-Modified: ['Wed, 14 Jun 2017 06:11:12 GMT']
      Server: [Windows-Azure-Blob/1.0 Microsoft-HTTPAPI/2.0]
      Vary: [Origin]
      x-ms-blob-type: [BlockBlob]
      x-ms-lease-state: [available]
      x-ms-lease-status: [unlocked]
      x-ms-request-id: [99f60330-0001-00b9-0bd5-e4b7da000000]
      x-ms-server-encrypted: ['true']
      x-ms-version: ['2016-05-31']
    status: {code: 206, message: Partial Content}
version: 1
