interactions:
- request:
    body: null
    headers:
      Connection: [keep-alive]
      Content-Length: ['0']
      User-Agent: [Azure-Storage/0.35.1 (Python CPython 3.6.1; Darwin 16.6.0)]
      x-ms-blob-public-access: [blob]
      x-ms-client-request-id: [547422e6-68f5-11e7-82ba-b8e8564491f6]
      x-ms-date: ['Sat, 15 Jul 2017 00:34:15 GMT']
      x-ms-version: ['2017-04-17']
    method: PUT
    uri: https://storagename.blob.core.windows.net/container508f1053?restype=container
  response:
    body: {string: "\uFEFF<?xml version=\"1.0\" encoding=\"utf-8\"?><Error><Code>ContainerAlreadyExists</Code><Message>The\
        \ specified container already exists.\nRequestId:0b89c5d4-0001-010c-2102-fdfc70000000\n\
        Time:2017-07-15T00:34:15.9325975Z</Message></Error>"}
    headers:
      Content-Length: ['230']
      Content-Type: [application/xml]
      Date: ['Sat, 15 Jul 2017 00:34:15 GMT']
      Server: [Windows-Azure-Blob/1.0 Microsoft-HTTPAPI/2.0]
      x-ms-request-id: [0b89c5d4-0001-010c-2102-fdfc70000000]
      x-ms-version: ['2017-04-17']
    status: {code: 409, message: The specified container already exists.}
- request:
    body: a public blob can be read without a shared access signature
    headers:
      Connection: [keep-alive]
      Content-Length: ['59']
      User-Agent: [Azure-Storage/0.35.1 (Python CPython 3.6.1; Darwin 16.6.0)]
      x-ms-blob-type: [BlockBlob]
      x-ms-client-request-id: [5490cb6c-68f5-11e7-9a71-b8e8564491f6]
      x-ms-date: ['Sat, 15 Jul 2017 00:34:15 GMT']
      x-ms-version: ['2017-04-17']
    method: PUT
    uri: https://storagename.blob.core.windows.net/container508f1053/blob1.txt
  response:
    body: {string: ''}
    headers:
      Content-MD5: [j6l0UPTGPwk/3tcnDpRzcQ==]
      Date: ['Sat, 15 Jul 2017 00:34:15 GMT']
      ETag: ['"0x8D4CB19395C2605"']
      Last-Modified: ['Sat, 15 Jul 2017 00:34:16 GMT']
      Server: [Windows-Azure-Blob/1.0 Microsoft-HTTPAPI/2.0]
      Transfer-Encoding: [chunked]
      x-ms-request-id: [0b89c609-0001-010c-4f02-fdfc70000000]
      x-ms-request-server-encrypted: ['true']
      x-ms-version: ['2017-04-17']
    status: {code: 201, message: Created}
- request:
    body: null
    headers:
      Accept: ['*/*']
      Accept-Encoding: ['gzip, deflate']
      Connection: [keep-alive]
      User-Agent: [python-requests/2.18.1]
    method: GET
    uri: https://storagename.blob.core.windows.net/container508f1053/blob1.txt
  response:
    body: {string: a public blob can be read without a shared access signature}
    headers:
      Accept-Ranges: [bytes]
      Content-Length: ['59']
      Content-MD5: [j6l0UPTGPwk/3tcnDpRzcQ==]
      Content-Type: [application/octet-stream]
      Date: ['Sat, 15 Jul 2017 00:34:16 GMT']
      ETag: ['"0x8D4CB19395C2605"']
      Last-Modified: ['Sat, 15 Jul 2017 00:34:16 GMT']
      Server: [Windows-Azure-Blob/1.0 Microsoft-HTTPAPI/2.0]
      Vary: [Origin]
      x-ms-blob-type: [BlockBlob]
      x-ms-lease-state: [available]
      x-ms-lease-status: [unlocked]
      x-ms-request-id: [d6b40d47-0001-00c0-5302-fdde90000000]
      x-ms-version: ['2014-02-14']
    status: {code: 200, message: OK}
version: 1
