interactions:
- request:
    body: '{"birthday": "1970-10-04T00:00:00Z", "Birthday": "1973-10-04T00:00:00Z",
      "sex": "male", "large@odata.type": "Edm.Int64", "PartitionKey": "pk12440ee0",
      "deceased": false, "birthday@odata.type": "Edm.DateTime", "optional": null,
      "large": "933311100", "other": 20, "age": "39", "married": true, "clsid@odata.type":
      "Edm.Guid", "Birthday@odata.type": "Edm.DateTime", "binary": "YmluYXJ5", "RowKey":
      "rk12440ee0", "evenratio": 3.0, "ratio": 3.1, "clsid": "c9da6455-213d-42c9-9a79-3e9149a57833",
      "age@odata.type": "Edm.Int64", "binary@odata.type": "Edm.Binary"}'
    headers:
      Accept: [application/json;odata=minimalmetadata]
      Connection: [keep-alive]
      Content-Length: ['555']
      Content-Type: [application/json]
      DataServiceVersion: [3.0;NetFx]
      MaxDataServiceVersion: ['3.0']
      Prefer: [return-no-content]
      User-Agent: [Azure-Storage/0.34.0 (Python CPython 3.5.2; Windows 10)]
      x-ms-client-request-id: [563b3eb4-f4ab-11e6-8ed9-64510640cc62]
      x-ms-date: ['Fri, 17 Feb 2017 00:52:20 GMT']
      x-ms-version: ['2016-05-31']
    method: POST
    uri: https://storagename.table.core.windows.net/uttable12440ee0
  response:
    body: {string: ''}
    headers:
      Cache-Control: [no-cache]
      Content-Length: ['0']
      DataServiceId: ['https://storagename.table.core.windows.net/uttable12440ee0(PartitionKey=''pk12440ee0'',RowKey=''rk12440ee0'')']
      Date: ['Fri, 17 Feb 2017 00:52:20 GMT']
      ETag: [W/"datetime'2017-02-17T00%3A52%3A20.5926525Z'"]
      Location: ['https://storagename.table.core.windows.net/uttable12440ee0(PartitionKey=''pk12440ee0'',RowKey=''rk12440ee0'')']
      Preference-Applied: [return-no-content]
      Server: [Windows-Azure-Table/1.0 Microsoft-HTTPAPI/2.0]
      X-Content-Type-Options: [nosniff]
      x-ms-request-id: [1cc82de5-0002-0009-27b8-88d7e8000000]
      x-ms-version: ['2016-05-31']
    status: {code: 204, message: No Content}
- request:
    body: null
    headers:
      Accept: [application/json;odata=minimalmetadata]
      Connection: [keep-alive]
      Content-Length: ['0']
      DataServiceVersion: [3.0;NetFx]
      If-Match: ['*']
      MaxDataServiceVersion: ['3.0']
      User-Agent: [Azure-Storage/0.34.0 (Python CPython 3.5.2; Windows 10)]
      x-ms-client-request-id: [566f30f8-f4ab-11e6-9daf-64510640cc62]
      x-ms-date: ['Fri, 17 Feb 2017 00:52:20 GMT']
      x-ms-version: ['2016-05-31']
    method: DELETE
    uri: https://storagename.table.core.windows.net/uttable12440ee0(PartitionKey='pk12440ee0',RowKey='rk12440ee0')
  response:
    body: {string: ''}
    headers:
      Cache-Control: [no-cache]
      Content-Length: ['0']
      Date: ['Fri, 17 Feb 2017 00:52:20 GMT']
      Server: [Windows-Azure-Table/1.0 Microsoft-HTTPAPI/2.0]
      X-Content-Type-Options: [nosniff]
      x-ms-request-id: [1cc82de8-0002-0009-28b8-88d7e8000000]
      x-ms-version: ['2016-05-31']
    status: {code: 204, message: No Content}
- request:
    body: null
    headers:
      Accept: [application/json;odata=minimalmetadata]
      Connection: [keep-alive]
      DataServiceVersion: [3.0;NetFx]
      MaxDataServiceVersion: ['3.0']
      User-Agent: [Azure-Storage/0.34.0 (Python CPython 3.5.2; Windows 10)]
      x-ms-client-request-id: [567cdef4-f4ab-11e6-85e4-64510640cc62]
      x-ms-date: ['Fri, 17 Feb 2017 00:52:20 GMT']
      x-ms-version: ['2016-05-31']
    method: GET
    uri: https://storagename.table.core.windows.net/uttable12440ee0(PartitionKey='pk12440ee0',RowKey='rk12440ee0')
  response:
    body: {string: '{"odata.error":{"code":"ResourceNotFound","message":{"lang":"en-US","value":"The
        specified resource does not exist.\nRequestId:1cc82dea-0002-0009-2ab8-88d7e8000000\nTime:2017-02-17T00:52:20.7726669Z"}}}'}
    headers:
      Cache-Control: [no-cache]
      Content-Type: [application/json;odata=minimalmetadata;streaming=true;charset=utf-8]
      Date: ['Fri, 17 Feb 2017 00:52:20 GMT']
      Server: [Windows-Azure-Table/1.0 Microsoft-HTTPAPI/2.0]
      Transfer-Encoding: [chunked]
      X-Content-Type-Options: [nosniff]
      x-ms-request-id: [1cc82dea-0002-0009-2ab8-88d7e8000000]
      x-ms-version: ['2016-05-31']
    status: {code: 404, message: Not Found}
version: 1
