interactions:
- request:
    body: null
    headers:
      Connection: [keep-alive]
      Content-Length: ['0']
      User-Agent: [Azure-Storage/0.34.0 (Python CPython 3.5.2; Windows 10)]
      x-ms-client-request-id: [73aa4982-f4aa-11e6-9dbf-64510640cc62]
      x-ms-date: ['Fri, 17 Feb 2017 00:46:00 GMT']
      x-ms-version: ['2016-05-31']
    method: PUT
    uri: https://storagename.queue.core.windows.net/mytestqueue075b91164
  response:
    body: {string: ''}
    headers:
      Date: ['Fri, 17 Feb 2017 00:45:59 GMT']
      Server: [Windows-Azure-Queue/1.0 Microsoft-HTTPAPI/2.0]
      Transfer-Encoding: [chunked]
      x-ms-request-id: [083d7481-0003-0022-6ab7-885724000000]
      x-ms-version: ['2016-05-31']
    status: {code: 201, message: Created}
- request:
    body: '<?xml version=''1.0'' encoding=''utf-8''?>

      <QueueMessage><MessageText>&amp;lt;message1&amp;gt;</MessageText></QueueMessage>'
    headers:
      Connection: [keep-alive]
      Content-Length: ['119']
      User-Agent: [Azure-Storage/0.34.0 (Python CPython 3.5.2; Windows 10)]
      x-ms-client-request-id: [73dee450-f4aa-11e6-9107-64510640cc62]
      x-ms-date: ['Fri, 17 Feb 2017 00:46:00 GMT']
      x-ms-version: ['2016-05-31']
    method: POST
    uri: https://storagename.queue.core.windows.net/mytestqueue075b91164/messages
  response:
    body: {string: "\uFEFF<?xml version=\"1.0\" encoding=\"utf-8\"?><QueueMessagesList><QueueMessage><MessageId>23405833-e888-426f-bcee-0c2f1513edf2</MessageId><InsertionTime>Fri,
        17 Feb 2017 00:46:00 GMT</InsertionTime><ExpirationTime>Fri, 24 Feb 2017 00:46:00
        GMT</ExpirationTime><PopReceipt>AgAAAAMAAAAAAAAAzW98NbeI0gE=</PopReceipt><TimeNextVisible>Fri,
        17 Feb 2017 00:46:00 GMT</TimeNextVisible></QueueMessage></QueueMessagesList>"}
    headers:
      Content-Type: [application/xml]
      Date: ['Fri, 17 Feb 2017 00:45:59 GMT']
      Server: [Windows-Azure-Queue/1.0 Microsoft-HTTPAPI/2.0]
      Transfer-Encoding: [chunked]
      x-ms-request-id: [083d7484-0003-0022-6bb7-885724000000]
      x-ms-version: ['2016-05-31']
    status: {code: 201, message: Created}
- request:
    body: null
    headers:
      Connection: [keep-alive]
      User-Agent: [Azure-Storage/0.34.0 (Python CPython 3.5.2; Windows 10)]
      x-ms-client-request-id: [73eca254-f4aa-11e6-a869-64510640cc62]
      x-ms-date: ['Fri, 17 Feb 2017 00:46:00 GMT']
      x-ms-version: ['2016-05-31']
    method: GET
    uri: https://storagename.queue.core.windows.net/mytestqueue075b91164/messages
  response:
    body: {string: "\uFEFF<?xml version=\"1.0\" encoding=\"utf-8\"?><QueueMessagesList><QueueMessage><MessageId>23405833-e888-426f-bcee-0c2f1513edf2</MessageId><InsertionTime>Fri,
        17 Feb 2017 00:46:00 GMT</InsertionTime><ExpirationTime>Fri, 24 Feb 2017 00:46:00
        GMT</ExpirationTime><PopReceipt>AgAAAAMAAAAAAAAAb4BrR7eI0gE=</PopReceipt><TimeNextVisible>Fri,
        17 Feb 2017 00:46:30 GMT</TimeNextVisible><DequeueCount>1</DequeueCount><MessageText>&amp;lt;message1&amp;gt;</MessageText></QueueMessage></QueueMessagesList>"}
    headers:
      Cache-Control: [no-cache]
      Content-Type: [application/xml]
      Date: ['Fri, 17 Feb 2017 00:45:59 GMT']
      Server: [Windows-Azure-Queue/1.0 Microsoft-HTTPAPI/2.0]
      Transfer-Encoding: [chunked]
      x-ms-request-id: [083d7485-0003-0022-6cb7-885724000000]
      x-ms-version: ['2016-05-31']
    status: {code: 200, message: OK}
version: 1
