interactions:
- request:
    body: null
    headers:
      Connection: [keep-alive]
      Content-Length: ['0']
      User-Agent: [Azure-Storage/0.37.1-0.37.0 (Python CPython 3.6.1; Darwin 16.7.0)]
      x-ms-client-request-id: [ef4e928c-c0c6-11e7-a1cb-b8e8564491f6]
      x-ms-date: ['Fri, 03 Nov 2017 18:43:50 GMT']
      x-ms-version: ['2017-04-17']
    method: PUT
    uri: https://storagename.queue.core.windows.net/queue9d3c0b2f
  response:
    body: {string: ''}
    headers:
      Date: ['Fri, 03 Nov 2017 18:43:54 GMT']
      Server: [Windows-Azure-Queue/1.0 Microsoft-HTTPAPI/2.0]
      Transfer-Encoding: [chunked]
      x-ms-request-id: [470ab987-0003-00d1-6ad3-54e98b000000]
      x-ms-version: ['2017-04-17']
    status: {code: 201, message: Created}
- request:
    body: '<?xml version=''1.0'' encoding=''utf-8''?>

      <QueueMessage><MessageText>message1</MessageText></QueueMessage>'
    headers:
      Connection: [keep-alive]
      Content-Length: ['103']
      User-Agent: [Azure-Storage/0.37.1-0.37.0 (Python CPython 3.6.1; Darwin 16.7.0)]
      x-ms-client-request-id: [ef638fb6-c0c6-11e7-9f32-b8e8564491f6]
      x-ms-date: ['Fri, 03 Nov 2017 18:43:51 GMT']
      x-ms-version: ['2017-04-17']
    method: POST
    uri: https://storagename.queue.core.windows.net/queue9d3c0b2f/messages
  response:
    body: {string: "\uFEFF<?xml version=\"1.0\" encoding=\"utf-8\"?><QueueMessagesList><QueueMessage><MessageId>07be7c87-4b7c-45ec-8980-af265a586a04</MessageId><InsertionTime>Fri,\
        \ 03 Nov 2017 18:43:55 GMT</InsertionTime><ExpirationTime>Fri, 10 Nov 2017\
        \ 18:43:55 GMT</ExpirationTime><PopReceipt>AgAAAAMAAAAAAAAAMrK9s9NU0wE=</PopReceipt><TimeNextVisible>Fri,\
        \ 03 Nov 2017 18:43:55 GMT</TimeNextVisible></QueueMessage></QueueMessagesList>"}
    headers:
      Content-Type: [application/xml]
      Date: ['Fri, 03 Nov 2017 18:43:54 GMT']
      Server: [Windows-Azure-Queue/1.0 Microsoft-HTTPAPI/2.0]
      Transfer-Encoding: [chunked]
      x-ms-request-id: [470ab990-0003-00d1-6fd3-54e98b000000]
      x-ms-version: ['2017-04-17']
    status: {code: 201, message: Created}
- request:
    body: '<?xml version=''1.0'' encoding=''utf-8''?>

      <QueueMessage><MessageText>message2</MessageText></QueueMessage>'
    headers:
      Connection: [keep-alive]
      Content-Length: ['103']
      User-Agent: [Azure-Storage/0.37.1-0.37.0 (Python CPython 3.6.1; Darwin 16.7.0)]
      x-ms-client-request-id: [ef69a9d2-c0c6-11e7-9647-b8e8564491f6]
      x-ms-date: ['Fri, 03 Nov 2017 18:43:51 GMT']
      x-ms-version: ['2017-04-17']
    method: POST
    uri: https://storagename.queue.core.windows.net/queue9d3c0b2f/messages
  response:
    body: {string: "\uFEFF<?xml version=\"1.0\" encoding=\"utf-8\"?><QueueMessagesList><QueueMessage><MessageId>734ace68-e781-4873-a372-908b9b49fcda</MessageId><InsertionTime>Fri,\
        \ 03 Nov 2017 18:43:55 GMT</InsertionTime><ExpirationTime>Fri, 10 Nov 2017\
        \ 18:43:55 GMT</ExpirationTime><PopReceipt>AgAAAAMAAAAAAAAAvVjDs9NU0wE=</PopReceipt><TimeNextVisible>Fri,\
        \ 03 Nov 2017 18:43:55 GMT</TimeNextVisible></QueueMessage></QueueMessagesList>"}
    headers:
      Content-Type: [application/xml]
      Date: ['Fri, 03 Nov 2017 18:43:54 GMT']
      Server: [Windows-Azure-Queue/1.0 Microsoft-HTTPAPI/2.0]
      Transfer-Encoding: [chunked]
      x-ms-request-id: [470ab995-0003-00d1-73d3-54e98b000000]
      x-ms-version: ['2017-04-17']
    status: {code: 201, message: Created}
- request:
    body: '<?xml version=''1.0'' encoding=''utf-8''?>

      <QueueMessage><MessageText>message3</MessageText></QueueMessage>'
    headers:
      Connection: [keep-alive]
      Content-Length: ['103']
      User-Agent: [Azure-Storage/0.37.1-0.37.0 (Python CPython 3.6.1; Darwin 16.7.0)]
      x-ms-client-request-id: [ef6f62c8-c0c6-11e7-9ad5-b8e8564491f6]
      x-ms-date: ['Fri, 03 Nov 2017 18:43:51 GMT']
      x-ms-version: ['2017-04-17']
    method: POST
    uri: https://storagename.queue.core.windows.net/queue9d3c0b2f/messages
  response:
    body: {string: "\uFEFF<?xml version=\"1.0\" encoding=\"utf-8\"?><QueueMessagesList><QueueMessage><MessageId>c6cc05b4-efcb-4a37-879f-b389945e2f2c</MessageId><InsertionTime>Fri,\
        \ 03 Nov 2017 18:43:55 GMT</InsertionTime><ExpirationTime>Fri, 10 Nov 2017\
        \ 18:43:55 GMT</ExpirationTime><PopReceipt>AgAAAAMAAAAAAAAASzTMs9NU0wE=</PopReceipt><TimeNextVisible>Fri,\
        \ 03 Nov 2017 18:43:55 GMT</TimeNextVisible></QueueMessage></QueueMessagesList>"}
    headers:
      Content-Type: [application/xml]
      Date: ['Fri, 03 Nov 2017 18:43:54 GMT']
      Server: [Windows-Azure-Queue/1.0 Microsoft-HTTPAPI/2.0]
      Transfer-Encoding: [chunked]
      x-ms-request-id: [470ab99a-0003-00d1-78d3-54e98b000000]
      x-ms-version: ['2017-04-17']
    status: {code: 201, message: Created}
- request:
    body: '<?xml version=''1.0'' encoding=''utf-8''?>

      <QueueMessage><MessageText>message4</MessageText></QueueMessage>'
    headers:
      Connection: [keep-alive]
      Content-Length: ['103']
      User-Agent: [Azure-Storage/0.37.1-0.37.0 (Python CPython 3.6.1; Darwin 16.7.0)]
      x-ms-client-request-id: [ef787598-c0c6-11e7-a3e3-b8e8564491f6]
      x-ms-date: ['Fri, 03 Nov 2017 18:43:51 GMT']
      x-ms-version: ['2017-04-17']
    method: POST
    uri: https://storagename.queue.core.windows.net/queue9d3c0b2f/messages
  response:
    body: {string: "\uFEFF<?xml version=\"1.0\" encoding=\"utf-8\"?><QueueMessagesList><QueueMessage><MessageId>464942a1-463f-4cca-a2d2-f0bbbbfe4eb1</MessageId><InsertionTime>Fri,\
        \ 03 Nov 2017 18:43:55 GMT</InsertionTime><ExpirationTime>Fri, 10 Nov 2017\
        \ 18:43:55 GMT</ExpirationTime><PopReceipt>AgAAAAMAAAAAAAAABCnSs9NU0wE=</PopReceipt><TimeNextVisible>Fri,\
        \ 03 Nov 2017 18:43:55 GMT</TimeNextVisible></QueueMessage></QueueMessagesList>"}
    headers:
      Content-Type: [application/xml]
      Date: ['Fri, 03 Nov 2017 18:43:54 GMT']
      Server: [Windows-Azure-Queue/1.0 Microsoft-HTTPAPI/2.0]
      Transfer-Encoding: [chunked]
      x-ms-request-id: [470ab99d-0003-00d1-7bd3-54e98b000000]
      x-ms-version: ['2017-04-17']
    status: {code: 201, message: Created}
version: 1
